Product: MDK-ARM Professional 5.10
Component: ARM Compiler 5.04 update 1 (build 49)
Tool: armlink [5040049]

==============================================================================

Section Cross References

    main.o(.text) refers to rt_memcpy_v6.o(.text) for __aeabi_memcpy
    main.o(.text) refers to fflt_clz.o(x$fpl$fflt) for __aeabi_i2f
    main.o(.text) refers to f2d.o(x$fpl$f2d) for __aeabi_f2d
    main.o(.text) refers to ddiv.o(x$fpl$ddiv) for __aeabi_ddiv
    main.o(.text) refers to d2f.o(x$fpl$d2f) for __aeabi_d2f
    main.o(.text) refers to systeminit.o(.text) for sysclockInit
    main.o(.text) refers to delay.o(.text) for cycleCounterInit
    main.o(.text) refers to spinrf.o(.text) for spi2NrfInit
    main.o(.text) refers to adc.o(.text) for adcInit
    main.o(.text) refers to i2c.o(.text) for i2cInit
    main.o(.text) refers to mpu9250.o(.text) for mpu9250Init
    main.o(.text) refers to ms5611.o(.text) for ms5611Init
    main.o(.text) refers to pwm.o(.text) for pwmInit
    main.o(.text) refers to system_loop.o(.text) for systemLoopTim1Init
    main.o(.text) refers to rt_memclr_w.o(.text) for __aeabi_memclr4
    main.o(.text) refers to filter.o(.text) for LPF2pSetCutoffFreq_1
    main.o(.text) refers to stm32f10x_gpio.o(.text) for GPIO_ResetBits
    main.o(.text) refers to main.o(.data) for rxFailCount
    main.o(.text) refers to main.o(.bss) for NRF_RXBUFFER
    main.o(.text) refers to systeminit.o(.data) for BBCom
    main.o(.text) refers to systeminit.o(.bss) for BBImu
    main.o(.text) refers to system_loop.o(.data) for radioFlag
    main.o(.text) refers to fflt_clz.o(x$fpl$ffltu) for __aeabi_ui2f
    main.o(.text) refers to faddsub_clz.o(x$fpl$fsub) for __aeabi_fsub
    main.o(.text) refers to frleqf.o(x$fpl$frleqf) for __aeabi_cfrcmple
    main.o(.text) refers to fmul.o(x$fpl$fmul) for __aeabi_fmul
    main.o(.text) refers to fdiv.o(x$fpl$fdiv) for __aeabi_fdiv
    main.o(.text) refers to imucal_px.o(.text) for IMUSO3Thread
    main.o(.text) refers to control.o(.text) for pidControl
    main.o(.text) refers to stm32f10x_exti.o(.text) for EXTI_GetITStatus
    main.o(.text) refers to dflt_clz.o(x$fpl$dflt) for __aeabi_i2d
    main.o(.text) refers to dmul.o(x$fpl$dmul) for __aeabi_dmul
    main.o(.text) refers to dfixu.o(x$fpl$dfixu) for __aeabi_d2uiz
    control.o(.text) refers to delay.o(.text) for currentTime
    control.o(.text) refers to fflt_clz.o(x$fpl$ffltu) for __aeabi_ui2f
    control.o(.text) refers to f2d.o(x$fpl$f2d) for __aeabi_f2d
    control.o(.text) refers to ddiv.o(x$fpl$ddiv) for __aeabi_ddiv
    control.o(.text) refers to d2f.o(x$fpl$d2f) for __aeabi_d2f
    control.o(.text) refers to faddsub_clz.o(x$fpl$fsub) for __aeabi_fsub
    control.o(.text) refers to fmul.o(x$fpl$fmul) for __aeabi_fmul
    control.o(.text) refers to fdiv.o(x$fpl$fdiv) for __aeabi_fdiv
    control.o(.text) refers to faddsub_clz.o(x$fpl$fadd) for __aeabi_fadd
    control.o(.text) refers to fflt_clz.o(x$fpl$fflt) for __aeabi_i2f
    control.o(.text) refers to dleqf.o(x$fpl$dleqf) for __aeabi_cdcmple
    control.o(.text) refers to drleqf.o(x$fpl$drleqf) for __aeabi_cdrcmple
    control.o(.text) refers to ffixu.o(x$fpl$ffixu) for __aeabi_f2uiz
    control.o(.text) refers to pwm.o(.text) for motorPwmFlash
    control.o(.text) refers to control.o(.data) for timeForPidCalculate
    imucal_px.o(.text) refers to fmul.o(x$fpl$fmul) for __aeabi_fmul
    imucal_px.o(.text) refers to faddsub_clz.o(x$fpl$frsb) for __aeabi_frsub
    imucal_px.o(.text) refers to f2d.o(x$fpl$f2d) for __aeabi_f2d
    imucal_px.o(.text) refers to atan2.o(i.atan2) for atan2
    imucal_px.o(.text) refers to d2f.o(x$fpl$d2f) for __aeabi_d2f
    imucal_px.o(.text) refers to cosf.o(i.cosf) for cosf
    imucal_px.o(.text) refers to sinf.o(i.sinf) for sinf
    imucal_px.o(.text) refers to faddsub_clz.o(x$fpl$fadd) for __aeabi_fadd
    imucal_px.o(.text) refers to faddsub_clz.o(x$fpl$fsub) for __aeabi_fsub
    imucal_px.o(.text) refers to atan2f.o(i.atan2f) for atan2f
    imucal_px.o(.text) refers to feqf.o(x$fpl$feqf) for __aeabi_cfcmpeq
    imucal_px.o(.text) refers to imucal_px.o(.data) for q0
    imucal_px.o(.text) refers to sqrt.o(i.sqrt) for sqrt
    imucal_px.o(.text) refers to frleqf.o(x$fpl$frleqf) for __aeabi_cfrcmple
    imucal_px.o(.text) refers to imucal_px.o(.bss) for gyro_bias
    imucal_px.o(.text) refers to rt_memcpy_w.o(.text) for __aeabi_memcpy4
    imucal_px.o(.text) refers to delay.o(.text) for currentTime
    imucal_px.o(.text) refers to fflt_clz.o(x$fpl$ffltu) for __aeabi_ui2f
    imucal_px.o(.text) refers to ddiv.o(x$fpl$ddiv) for __aeabi_ddiv
    imucal_px.o(.text) refers to fdiv.o(x$fpl$fdiv) for __aeabi_fdiv
    imucal_px.o(.text) refers to imucal_px.o(.constdata) for .constdata
    imucal_px.o(.text) refers to asinf.o(i.asinf) for asinf
    system_loop.o(.text) refers to stm32f10x_tim.o(.text) for TIM_ClearITPendingBit
    system_loop.o(.text) refers to stm32f10x_rcc.o(.text) for RCC_APB2PeriphClockCmd
[...]
    LPF2pSetCutoffFreq_4                     0x0800259d   Thumb Code   280  filter.o(.text)
    LPF2pApply_4                             0x080026b5   Thumb Code   162  filter.o(.text)
    LPF2pSetCutoffFreq_5                     0x08002757   Thumb Code   280  filter.o(.text)
    LPF2pApply_5                             0x0800286f   Thumb Code   274  filter.o(.text)
    LPF2pSetCutoffFreq_6                     0x08002981   Thumb Code   280  filter.o(.text)
    LPF2pApply_6                             0x08002a99   Thumb Code   162  filter.o(.text)
    LPF2pSetCutoffFreq_7                     0x08002b3b   Thumb Code   280  filter.o(.text)
    LPF2pApply_7                             0x08002c53   Thumb Code   162  filter.o(.text)
    LPF2pSetCutoffFreq_8                     0x08002cf5   Thumb Code   378  filter.o(.text)
    LPF2pApply_8                             0x08002e6f   Thumb Code   162  filter.o(.text)
    LPF2pSetCutoffFreq_9                     0x08002f11   Thumb Code   280  filter.o(.text)
    LPF2pApply_9                             0x08003029   Thumb Code   162  filter.o(.text)
    i2cInit                                  0x08003139   Thumb Code    38  i2c.o(.text)
    I2C_Start                                0x0800315f   Thumb Code    92  i2c.o(.text)
    I2C_Stop                                 0x080031bb   Thumb Code    60  i2c.o(.text)
    I2C_Ack                                  0x080031f7   Thumb Code    60  i2c.o(.text)
    I2C_NoAck                                0x08003233   Thumb Code    60  i2c.o(.text)
    I2C_WaitAck                              0x0800326f   Thumb Code    80  i2c.o(.text)
    I2C_SendByte                             0x080032bf   Thumb Code    90  i2c.o(.text)
    I2C_ReceiveByte                          0x08003319   Thumb Code    86  i2c.o(.text)
    Single_Write                             0x0800336f   Thumb Code    72  i2c.o(.text)
    Single_Read                              0x080033b7   Thumb Code    80  i2c.o(.text)
    Multiple_Read                            0x08003407   Thumb Code   106  i2c.o(.text)
    Multiple_Write                           0x08003471   Thumb Code    70  i2c.o(.text)
    mpu9250Init                              0x080034bd   Thumb Code   160  mpu9250.o(.text)
    Get_MPU9250_ID                           0x0800355d   Thumb Code    12  mpu9250.o(.text)
    Get_AK8963_ID_Bypass                     0x08003569   Thumb Code    28  mpu9250.o(.text)
    MPU9250_Check                            0x08003585   Thumb Code    18  mpu9250.o(.text)
    AK8963_Check_Bypass                      0x08003597   Thumb Code    18  mpu9250.o(.text)
    READ_MPU9250_ACCEL_RAW                   0x080035a9   Thumb Code    66  mpu9250.o(.text)
    READ_MPU9250_GYRO_RAW                    0x080035eb   Thumb Code    66  mpu9250.o(.text)
    READ_MPU9250_TEMP_RAW                    0x0800362d   Thumb Code    32  mpu9250.o(.text)
    READ_MPU9250_Bypass_MAG_RAW              0x0800364d   Thumb Code    82  mpu9250.o(.text)
    readMpu9250BypassMagRawStateMachineReady 0x0800369f   Thumb Code    34  mpu9250.o(.text)
    readMpu9250BypassMagRawStateMachineRead  0x080036c1   Thumb Code    66  mpu9250.o(.text)
    imuCalibration                           0x08003703   Thumb Code   220  mpu9250.o(.text)
    ms5611Reset                              0x080037e9   Thumb Code    32  ms5611.o(.text)
    ms5611Init                               0x08003809   Thumb Code    14  ms5611.o(.text)
    ms5611PromRead                           0x08003817   Thumb Code   128  ms5611.o(.text)
    ms5611StartConversion                    0x08003897   Thumb Code    34  ms5611.o(.text)
    ms5611GetConversion                      0x080038b9   Thumb Code   110  ms5611.o(.text)
    ms5611FinalCalculation                   0x08003927   Thumb Code   550  ms5611.o(.text)
    MOTO_Init                                0x08003b6d   Thumb Code   168  pwm.o(.text)
    pwmInit                                  0x08003c15   Thumb Code    30  pwm.o(.text)
    motorPwmFlash                            0x08003c33   Thumb Code    96  pwm.o(.text)
    spi2NrfInit                              0x08003cad   Thumb Code   292  spinrf.o(.text)
    SPI_RW                                   0x08003dd1   Thumb Code    50  spinrf.o(.text)
    NRF_Write_Buf                            0x08003e03   Thumb Code    62  spinrf.o(.text)
    NRF_Read_Buf                             0x08003e41   Thumb Code    74  spinrf.o(.text)
    NRF24L01_Check                           0x08003e8b   Thumb Code    68  spinrf.o(.text)
    NRF_Write_Reg                            0x08003ecf   Thumb Code    44  spinrf.o(.text)
    NRF_Read_Reg                             0x08003efb   Thumb Code    42  spinrf.o(.text)
    Set_System                               0x08003f39   Thumb Code    94  hw_config.o(.text)
    Set_USBClock                             0x08003f97   Thumb Code    18  hw_config.o(.text)
    Enter_LowPowerMode                       0x08003fa9   Thumb Code     8  hw_config.o(.text)
    Leave_LowPowerMode                       0x08003fb1   Thumb Code    22  hw_config.o(.text)
    USB_Interrupts_Config                    0x08003fc7   Thumb Code    66  hw_config.o(.text)
    USB_Cable_Config                         0x08004009   Thumb Code    30  hw_config.o(.text)
    USB_Config                               0x08004027   Thumb Code    20  hw_config.o(.text)
    USB_RxRead                               0x0800403b   Thumb Code    18  hw_config.o(.text)
    USB_RxWrite                              0x0800404d   Thumb Code    18  hw_config.o(.text)
    USB_TxRead                               0x0800405f   Thumb Code    18  hw_config.o(.text)
    USB_TxWrite                              0x08004071   Thumb Code    18  hw_config.o(.text)
    Get_SerialNum                            0x080040c1   Thumb Code    42  hw_config.o(.text)
    EP1_IN_Callback                          0x08004115   Thumb Code    66  usb_endp.o(.text)
    EP3_OUT_Callback                         0x08004157   Thumb Code    28  usb_endp.o(.text)
    SOF_Callback                             0x08004173   Thumb Code    84  usb_endp.o(.text)
    USB_Istr                                 0x080041dd   Thumb Code   426  usb_istr.o(.text)
    Virtual_Com_Port_init                    0x080043ad   Thumb Code    30  usb_prop.o(.text)
    Virtual_Com_Port_Reset                   0x080043cb   Thumb Code   216  usb_prop.o(.text)
    Virtual_Com_Port_SetConfiguration        0x080044a3   Thumb Code    14  usb_prop.o(.text)
    Virtual_Com_Port_SetDeviceAddress        0x080044b1   Thumb Code     8  usb_prop.o(.text)
    Virtual_Com_Port_Status_In               0x080044b9   Thumb Code    16  usb_prop.o(.text)
    Virtual_Com_Port_Status_Out              0x080044c9   Thumb Code     2  usb_prop.o(.text)
    Virtual_Com_Port_SetLineCoding           0x080044cb   Thumb Code    20  usb_prop.o(.text)
    Virtual_Com_Port_GetLineCoding           0x080044df   Thumb Code    20  usb_prop.o(.text)
    Virtual_Com_Port_Data_Setup              0x080044f3   Thumb Code    86  usb_prop.o(.text)
    Virtual_Com_Port_NoData_Setup            0x08004549   Thumb Code    36  usb_prop.o(.text)
    Virtual_Com_Port_GetDeviceDescriptor     0x0800456d   Thumb Code    14  usb_prop.o(.text)
    Virtual_Com_Port_GetConfigDescriptor     0x0800457b   Thumb Code    14  usb_prop.o(.text)
    Virtual_Com_Port_GetStringDescriptor     0x08004589   Thumb Code    32  usb_prop.o(.text)
    Virtual_Com_Port_Get_Interface_Setting   0x080045a9   Thumb Code    22  usb_prop.o(.text)
    PowerOn                                  0x080045e9   Thumb Code    54  usb_pwr.o(.text)
    PowerOff                                 0x0800461f   Thumb Code    28  usb_pwr.o(.text)
    Suspend                                  0x0800463b   Thumb Code   238  usb_pwr.o(.text)
    Resume_Init                              0x08004729   Thumb Code    30  usb_pwr.o(.text)
    Resume                                   0x08004747   Thumb Code   194  usb_pwr.o(.text)
    USB_LP_CAN1_RX0_IRQHandler               0x08004829   Thumb Code     8  usb_it.o(.text)
    USBWakeUp_IRQHandler                     0x08004831   Thumb Code    12  usb_it.o(.text)
    QUEUE_PacketCreate                       0x0800483d   Thumb Code    14  queue.o(.text)
    QUEUE_PacketIn                           0x0800484b   Thumb Code    60  queue.o(.text)
    QUEUE_PacketOut                          0x08004887   Thumb Code    58  queue.o(.text)
    QUEUE_PacketLengthGet                    0x080048c1   Thumb Code    44  queue.o(.text)
    QUEUE_PacketStartEndDifferentCharSplit   0x080048ed   Thumb Code   246  queue.o(.text)
    QUEUE_PacketStartEndCharSplit            0x080049e3   Thumb Code   270  queue.o(.text)
    QUEUE_PacketCharSplit                    0x08004af1   Thumb Code   164  queue.o(.text)
    QUEUE_PacketDoubleEndCharSplit           0x08004b95   Thumb Code   180  queue.o(.text)
    QUEUE_StructCreate                       0x08004c49   Thumb Code    22  queue.o(.text)
    QUEUE_StructIn                           0x08004c5f   Thumb Code    80  queue.o(.text)
    QUEUE_StructOut                          0x08004caf   Thumb Code    80  queue.o(.text)
    QUEUE_StructCountGet                     0x08004cff   Thumb Code    40  queue.o(.text)
    Standard_GetConfiguration                0x08004d29   Thumb Code    34  usb_core.o(.text)
    Standard_SetConfiguration                0x08004d4b   Thumb Code    60  usb_core.o(.text)
    Standard_GetInterface                    0x08004d87   Thumb Code    34  usb_core.o(.text)
    Standard_SetInterface                    0x08004da9   Thumb Code    96  usb_core.o(.text)
    Standard_GetStatus                       0x08004e09   Thumb Code   238  usb_core.o(.text)
    Standard_ClearFeature                    0x08004ef7   Thumb Code   342  usb_core.o(.text)
    Standard_SetEndPointFeature              0x0800504d   Thumb Code   220  usb_core.o(.text)
    Standard_SetDeviceFeature                0x08005129   Thumb Code    30  usb_core.o(.text)
    Standard_GetDescriptorData               0x08005147   Thumb Code    32  usb_core.o(.text)
    Post0_Process                            0x0800567b   Thumb Code    54  usb_core.o(.text)
    Setup0_Process                           0x080056b1   Thumb Code   170  usb_core.o(.text)
    SetDeviceAddress                         0x0800575b   Thumb Code    70  usb_core.o(.text)
    In0_Process                              0x080057a1   Thumb Code    98  usb_core.o(.text)
    Out0_Process                             0x08005803   Thumb Code    70  usb_core.o(.text)
    NOP_Process                              0x08005849   Thumb Code     2  usb_core.o(.text)
    USB_Init                                 0x08005879   Thumb Code    36  usb_init.o(.text)
    CTR_LP                                   0x080058b5   Thumb Code   616  usb_int.o(.text)
    CTR_HP                                   0x08005b1d   Thumb Code   178  usb_int.o(.text)
    UserToPMABufferCopy                      0x08005bf1   Thumb Code    52  usb_mem.o(.text)
    PMAToUserBufferCopy                      0x08005c25   Thumb Code    34  usb_mem.o(.text)
    SetCNTR                                  0x08005c4d   Thumb Code     6  usb_regs.o(.text)
    GetCNTR                                  0x08005c53   Thumb Code     8  usb_regs.o(.text)
    SetISTR                                  0x08005c5b   Thumb Code     8  usb_regs.o(.text)
    GetISTR                                  0x08005c63   Thumb Code    10  usb_regs.o(.text)
    GetFNR                                   0x08005c6d   Thumb Code    10  usb_regs.o(.text)
    SetDADDR                                 0x08005c77   Thumb Code     8  usb_regs.o(.text)
    GetDADDR                                 0x08005c7f   Thumb Code    10  usb_regs.o(.text)
    SetBTABLE                                0x08005c89   Thumb Code    14  usb_regs.o(.text)
    GetBTABLE                                0x08005c97   Thumb Code    10  usb_regs.o(.text)
    SetENDPOINT                              0x08005ca1   Thumb Code    12  usb_regs.o(.text)
    GetENDPOINT                              0x08005cad   Thumb Code    16  usb_regs.o(.text)
    SetEPType                                0x08005cbd   Thumb Code    32  usb_regs.o(.text)
    GetEPType                                0x08005cdd   Thumb Code    18  usb_regs.o(.text)
    SetEPTxStatus                            0x08005cef   Thumb Code    60  usb_regs.o(.text)
    SetEPRxStatus                            0x08005d2b   Thumb Code    60  usb_regs.o(.text)
    SetDouBleBuffEPStall                     0x08005d67   Thumb Code    54  usb_regs.o(.text)
    GetEPTxStatus                            0x08005d9d   Thumb Code    18  usb_regs.o(.text)
    GetEPRxStatus                            0x08005daf   Thumb Code    18  usb_regs.o(.text)
    SetEPTxValid                             0x08005dc1   Thumb Code    48  usb_regs.o(.text)
    SetEPRxValid                             0x08005df1   Thumb Code    48  usb_regs.o(.text)
    SetEP_KIND                               0x08005e21   Thumb Code    38  usb_regs.o(.text)
    ClearEP_KIND                             0x08005e47   Thumb Code    34  usb_regs.o(.text)
    Clear_Status_Out                         0x08005e69   Thumb Code    34  usb_regs.o(.text)
    Set_Status_Out                           0x08005e8b   Thumb Code    38  usb_regs.o(.text)
    SetEPDoubleBuff                          0x08005eb1   Thumb Code    38  usb_regs.o(.text)
    ClearEPDoubleBuff                        0x08005ed7   Thumb Code    34  usb_regs.o(.text)
    GetTxStallStatus                         0x08005ef9   Thumb Code    28  usb_regs.o(.text)
    GetRxStallStatus                         0x08005f15   Thumb Code    30  usb_regs.o(.text)
    ClearEP_CTR_RX                           0x08005f33   Thumb Code    32  usb_regs.o(.text)
    ClearEP_CTR_TX                           0x08005f53   Thumb Code    28  usb_regs.o(.text)
    ToggleDTOG_RX                            0x08005f6f   Thumb Code    34  usb_regs.o(.text)
    ToggleDTOG_TX                            0x08005f91   Thumb Code    34  usb_regs.o(.text)
    ClearDTOG_RX                             0x08005fb3   Thumb Code    48  usb_regs.o(.text)
    ClearDTOG_TX                             0x08005fe3   Thumb Code    48  usb_regs.o(.text)
    SetEPAddress                             0x08006013   Thumb Code    46  usb_regs.o(.text)
    GetEPAddress                             0x08006041   Thumb Code    18  usb_regs.o(.text)
    SetEPTxAddr                              0x08006053   Thumb Code    24  usb_regs.o(.text)
    SetEPRxAddr                              0x0800606b   Thumb Code    26  usb_regs.o(.text)
    GetEPTxAddr                              0x08006085   Thumb Code    22  usb_regs.o(.text)
    GetEPRxAddr                              0x0800609b   Thumb Code    24  usb_regs.o(.text)
    SetEPTxCount                             0x080060b3   Thumb Code    20  usb_regs.o(.text)
    SetEPCountRxReg                          0x080060c7   Thumb Code    48  usb_regs.o(.text)
    SetEPRxCount                             0x080060f7   Thumb Code    68  usb_regs.o(.text)
    GetEPTxCount                             0x0800613b   Thumb Code    26  usb_regs.o(.text)
    GetEPRxCount                             0x08006155   Thumb Code    26  usb_regs.o(.text)
    SetEPDblBuffAddr                         0x0800616f   Thumb Code    44  usb_regs.o(.text)
    SetEPDblBuf0Addr                         0x0800619b   Thumb Code    24  usb_regs.o(.text)
    SetEPDblBuf1Addr                         0x080061b3   Thumb Code    26  usb_regs.o(.text)
    GetEPDblBuf0Addr                         0x080061cd   Thumb Code    22  usb_regs.o(.text)
    GetEPDblBuf1Addr                         0x080061e3   Thumb Code    24  usb_regs.o(.text)
    SetEPDblBuffCount                        0x080061fb   Thumb Code   186  usb_regs.o(.text)
    SetEPDblBuf0Count                        0x080062b5   Thumb Code    96  usb_regs.o(.text)
    SetEPDblBuf1Count                        0x08006315   Thumb Code    96  usb_regs.o(.text)
    GetEPDblBuf0Count                        0x08006375   Thumb Code    26  usb_regs.o(.text)
    GetEPDblBuf1Count                        0x0800638f   Thumb Code    26  usb_regs.o(.text)
    GetEPDblBufDir                           0x080063a9   Thumb Code    62  usb_regs.o(.text)
    FreeUserBuffer                           0x080063e7   Thumb Code    90  usb_regs.o(.text)
    ToWord                                   0x08006441   Thumb Code     8  usb_regs.o(.text)
    ByteSwap                                 0x08006449   Thumb Code    12  usb_regs.o(.text)
    USB_SIL_Init                             0x08006455   Thumb Code    28  usb_sil.o(.text)
    USB_SIL_Write                            0x08006471   Thumb Code    46  usb_sil.o(.text)
    USB_SIL_Read                             0x0800649f   Thumb Code    46  usb_sil.o(.text)
    ADC_DeInit                               0x080064d5   Thumb Code    78  stm32f10x_adc.o(.text)
    ADC_Init                                 0x08006523   Thumb Code    70  stm32f10x_adc.o(.text)
    ADC_StructInit                           0x08006569   Thumb Code    18  stm32f10x_adc.o(.text)
    ADC_Cmd                                  0x0800657b   Thumb Code    22  stm32f10x_adc.o(.text)
    ADC_DMACmd                               0x08006591   Thumb Code    22  stm32f10x_adc.o(.text)
    ADC_ITConfig                             0x080065a7   Thumb Code    24  stm32f10x_adc.o(.text)
    ADC_ResetCalibration                     0x080065bf   Thumb Code    10  stm32f10x_adc.o(.text)
    ADC_GetResetCalibrationStatus            0x080065c9   Thumb Code    20  stm32f10x_adc.o(.text)
    ADC_StartCalibration                     0x080065dd   Thumb Code    10  stm32f10x_adc.o(.text)
    ADC_GetCalibrationStatus                 0x080065e7   Thumb Code    20  stm32f10x_adc.o(.text)
    ADC_SoftwareStartConvCmd                 0x080065fb   Thumb Code    22  stm32f10x_adc.o(.text)
    ADC_GetSoftwareStartConvStatus           0x08006611   Thumb Code    20  stm32f10x_adc.o(.text)
    ADC_DiscModeChannelCountConfig           0x08006625   Thumb Code    24  stm32f10x_adc.o(.text)
    ADC_DiscModeCmd                          0x0800663d   Thumb Code    22  stm32f10x_adc.o(.text)
    ADC_RegularChannelConfig                 0x08006653   Thumb Code   184  stm32f10x_adc.o(.text)
    ADC_ExternalTrigConvCmd                  0x0800670b   Thumb Code    22  stm32f10x_adc.o(.text)
    ADC_GetConversionValue                   0x08006721   Thumb Code     8  stm32f10x_adc.o(.text)
    ADC_GetDualModeConversionValue           0x08006729   Thumb Code     8  stm32f10x_adc.o(.text)
    ADC_AutoInjectedConvCmd                  0x08006731   Thumb Code    22  stm32f10x_adc.o(.text)
    ADC_InjectedDiscModeCmd                  0x08006747   Thumb Code    22  stm32f10x_adc.o(.text)
    ADC_ExternalTrigInjectedConvConfig       0x0800675d   Thumb Code    16  stm32f10x_adc.o(.text)
    ADC_ExternalTrigInjectedConvCmd          0x0800676d   Thumb Code    22  stm32f10x_adc.o(.text)
    ADC_SoftwareStartInjectedConvCmd         0x08006783   Thumb Code    22  stm32f10x_adc.o(.text)
    ADC_GetSoftwareStartInjectedConvCmdStatus 0x08006799   Thumb Code    20  stm32f10x_adc.o(.text)
    ADC_InjectedChannelConfig                0x080067ad   Thumb Code   130  stm32f10x_adc.o(.text)
    ADC_InjectedSequencerLengthConfig        0x0800682f   Thumb Code    24  stm32f10x_adc.o(.text)
    ADC_SetInjectedOffset                    0x08006847   Thumb Code    20  stm32f10x_adc.o(.text)
    ADC_GetInjectedConversionValue           0x0800685b   Thumb Code    28  stm32f10x_adc.o(.text)
    ADC_AnalogWatchdogCmd                    0x08006877   Thumb Code    16  stm32f10x_adc.o(.text)
    ADC_AnalogWatchdogThresholdsConfig       0x08006887   Thumb Code     6  stm32f10x_adc.o(.text)
    ADC_AnalogWatchdogSingleChannelConfig    0x0800688d   Thumb Code    16  stm32f10x_adc.o(.text)
    ADC_TempSensorVrefintCmd                 0x0800689d   Thumb Code    64  stm32f10x_adc.o(.text)
    ADC_GetFlagStatus                        0x080068dd   Thumb Code    18  stm32f10x_adc.o(.text)
    ADC_ClearFlag                            0x080068ef   Thumb Code     6  stm32f10x_adc.o(.text)
    ADC_GetITStatus                          0x080068f5   Thumb Code    36  stm32f10x_adc.o(.text)
    ADC_ClearITPendingBit                    0x08006919   Thumb Code    10  stm32f10x_adc.o(.text)
    GPIO_DeInit                              0x08006925   Thumb Code   172  stm32f10x_gpio.o(.text)
    GPIO_AFIODeInit                          0x080069d1   Thumb Code    20  stm32f10x_gpio.o(.text)
    GPIO_Init                                0x080069e5   Thumb Code   278  stm32f10x_gpio.o(.text)
    GPIO_StructInit                          0x08006afb   Thumb Code    16  stm32f10x_gpio.o(.text)
    GPIO_ReadInputDataBit                    0x08006b0b   Thumb Code    18  stm32f10x_gpio.o(.text)
    GPIO_ReadInputData                       0x08006b1d   Thumb Code     8  stm32f10x_gpio.o(.text)
    GPIO_ReadOutputDataBit                   0x08006b25   Thumb Code    18  stm32f10x_gpio.o(.text)
    GPIO_ReadOutputData                      0x08006b37   Thumb Code     8  stm32f10x_gpio.o(.text)
    GPIO_SetBits                             0x08006b3f   Thumb Code     4  stm32f10x_gpio.o(.text)
    GPIO_ResetBits                           0x08006b43   Thumb Code     4  stm32f10x_gpio.o(.text)
    GPIO_WriteBit                            0x08006b47   Thumb Code    10  stm32f10x_gpio.o(.text)
    GPIO_Write                               0x08006b51   Thumb Code     4  stm32f10x_gpio.o(.text)
    GPIO_PinLockConfig                       0x08006b55   Thumb Code    18  stm32f10x_gpio.o(.text)
    GPIO_EventOutputConfig                   0x08006b67   Thumb Code    26  stm32f10x_gpio.o(.text)
    GPIO_EventOutputCmd                      0x08006b81   Thumb Code     6  stm32f10x_gpio.o(.text)
    GPIO_PinRemapConfig                      0x08006b87   Thumb Code   138  stm32f10x_gpio.o(.text)
    GPIO_EXTILineConfig                      0x08006c11   Thumb Code    66  stm32f10x_gpio.o(.text)
    GPIO_ETH_MediaInterfaceConfig            0x08006c53   Thumb Code     8  stm32f10x_gpio.o(.text)
    RCC_DeInit                               0x08006c81   Thumb Code    64  stm32f10x_rcc.o(.text)
    RCC_HSEConfig                            0x08006cc1   Thumb Code    70  stm32f10x_rcc.o(.text)
    RCC_GetFlagStatus                        0x08006d07   Thumb Code    56  stm32f10x_rcc.o(.text)
    RCC_WaitForHSEStartUp                    0x08006d3f   Thumb Code    56  stm32f10x_rcc.o(.text)
    RCC_AdjustHSICalibrationValue            0x08006d77   Thumb Code    20  stm32f10x_rcc.o(.text)
    RCC_HSICmd                               0x08006d8b   Thumb Code     6  stm32f10x_rcc.o(.text)
    RCC_PLLConfig                            0x08006d91   Thumb Code    24  stm32f10x_rcc.o(.text)
    RCC_PLLCmd                               0x08006da9   Thumb Code     6  stm32f10x_rcc.o(.text)
    RCC_SYSCLKConfig                         0x08006daf   Thumb Code    18  stm32f10x_rcc.o(.text)
    RCC_GetSYSCLKSource                      0x08006dc1   Thumb Code    10  stm32f10x_rcc.o(.text)
    RCC_HCLKConfig                           0x08006dcb   Thumb Code    18  stm32f10x_rcc.o(.text)
    RCC_PCLK1Config                          0x08006ddd   Thumb Code    18  stm32f10x_rcc.o(.text)
    RCC_PCLK2Config                          0x08006def   Thumb Code    20  stm32f10x_rcc.o(.text)
    RCC_ITConfig                             0x08006e03   Thumb Code    26  stm32f10x_rcc.o(.text)
    RCC_USBCLKConfig                         0x08006e1d   Thumb Code     8  stm32f10x_rcc.o(.text)
    RCC_ADCCLKConfig                         0x08006e25   Thumb Code    18  stm32f10x_rcc.o(.text)
    RCC_LSEConfig                            0x08006e37   Thumb Code    50  stm32f10x_rcc.o(.text)
    RCC_LSICmd                               0x08006e69   Thumb Code     6  stm32f10x_rcc.o(.text)
    RCC_RTCCLKConfig                         0x08006e6f   Thumb Code    12  stm32f10x_rcc.o(.text)
    RCC_RTCCLKCmd                            0x08006e7b   Thumb Code     8  stm32f10x_rcc.o(.text)
    RCC_GetClocksFreq                        0x08006e83   Thumb Code   192  stm32f10x_rcc.o(.text)
    RCC_AHBPeriphClockCmd                    0x08006f43   Thumb Code    26  stm32f10x_rcc.o(.text)
    RCC_APB2PeriphClockCmd                   0x08006f5d   Thumb Code    26  stm32f10x_rcc.o(.text)
    RCC_APB1PeriphClockCmd                   0x08006f77   Thumb Code    26  stm32f10x_rcc.o(.text)
    RCC_APB2PeriphResetCmd                   0x08006f91   Thumb Code    26  stm32f10x_rcc.o(.text)
    RCC_APB1PeriphResetCmd                   0x08006fab   Thumb Code    26  stm32f10x_rcc.o(.text)
    RCC_BackupResetCmd                       0x08006fc5   Thumb Code     8  stm32f10x_rcc.o(.text)
    RCC_ClockSecuritySystemCmd               0x08006fcd   Thumb Code     6  stm32f10x_rcc.o(.text)
    RCC_MCOConfig                            0x08006fd3   Thumb Code     6  stm32f10x_rcc.o(.text)
    RCC_ClearFlag                            0x08006fd9   Thumb Code    14  stm32f10x_rcc.o(.text)
    RCC_GetITStatus                          0x08006fe7   Thumb Code    20  stm32f10x_rcc.o(.text)
    RCC_ClearITPendingBit                    0x08006ffb   Thumb Code     6  stm32f10x_rcc.o(.text)
    SPI_I2S_DeInit                           0x08007025   Thumb Code    76  stm32f10x_spi.o(.text)
    SPI_Init                                 0x08007071   Thumb Code    60  stm32f10x_spi.o(.text)
    I2S_Init                                 0x080070ad   Thumb Code   226  stm32f10x_spi.o(.text)
    SPI_StructInit                           0x0800718f   Thumb Code    24  stm32f10x_spi.o(.text)
    I2S_StructInit                           0x080071a7   Thumb Code    20  stm32f10x_spi.o(.text)
    SPI_Cmd                                  0x080071bb   Thumb Code    24  stm32f10x_spi.o(.text)
    I2S_Cmd                                  0x080071d3   Thumb Code    24  stm32f10x_spi.o(.text)
    SPI_I2S_ITConfig                         0x080071eb   Thumb Code    32  stm32f10x_spi.o(.text)
    SPI_I2S_DMACmd                           0x0800720b   Thumb Code    18  stm32f10x_spi.o(.text)
    SPI_I2S_SendData                         0x0800721d   Thumb Code     4  stm32f10x_spi.o(.text)
    SPI_I2S_ReceiveData                      0x08007221   Thumb Code     6  stm32f10x_spi.o(.text)
    SPI_NSSInternalSoftwareConfig            0x08007227   Thumb Code    30  stm32f10x_spi.o(.text)
    SPI_SSOutputCmd                          0x08007245   Thumb Code    24  stm32f10x_spi.o(.text)
    SPI_DataSizeConfig                       0x0800725d   Thumb Code    18  stm32f10x_spi.o(.text)
    SPI_TransmitCRC                          0x0800726f   Thumb Code    10  stm32f10x_spi.o(.text)
    SPI_CalculateCRC                         0x08007279   Thumb Code    24  stm32f10x_spi.o(.text)
    SPI_GetCRC                               0x08007291   Thumb Code    16  stm32f10x_spi.o(.text)
    SPI_GetCRCPolynomial                     0x080072a1   Thumb Code     6  stm32f10x_spi.o(.text)
    SPI_BiDirectionalLineConfig              0x080072a7   Thumb Code    28  stm32f10x_spi.o(.text)
    SPI_I2S_GetFlagStatus                    0x080072c3   Thumb Code    18  stm32f10x_spi.o(.text)
    SPI_I2S_ClearFlag                        0x080072d5   Thumb Code     6  stm32f10x_spi.o(.text)
    SPI_I2S_GetITStatus                      0x080072db   Thumb Code    52  stm32f10x_spi.o(.text)
    SPI_I2S_ClearITPendingBit                0x0800730f   Thumb Code    20  stm32f10x_spi.o(.text)
    TIM_DeInit                               0x08007331   Thumb Code   424  stm32f10x_tim.o(.text)
    TIM_TimeBaseInit                         0x080074d9   Thumb Code   122  stm32f10x_tim.o(.text)
    TIM_OC1Init                              0x08007553   Thumb Code   132  stm32f10x_tim.o(.text)
    TIM_OC2Init                              0x080075d7   Thumb Code   154  stm32f10x_tim.o(.text)
    TIM_OC3Init                              0x08007671   Thumb Code   150  stm32f10x_tim.o(.text)
    TIM_OC4Init                              0x08007707   Thumb Code   182  stm32f10x_tim.o(.text)
    TIM_SetIC4Prescaler                      0x080077bd   Thumb Code    26  stm32f10x_tim.o(.text)
    TIM_SetIC3Prescaler                      0x08007859   Thumb Code    18  stm32f10x_tim.o(.text)
    TIM_SetIC2Prescaler                      0x080078e5   Thumb Code    26  stm32f10x_tim.o(.text)
    TIM_SetIC1Prescaler                      0x08007981   Thumb Code    18  stm32f10x_tim.o(.text)
    TIM_ICInit                               0x080079ff   Thumb Code   150  stm32f10x_tim.o(.text)
    TIM_PWMIConfig                           0x08007a95   Thumb Code   124  stm32f10x_tim.o(.text)
    TIM_BDTRConfig                           0x08007b11   Thumb Code    32  stm32f10x_tim.o(.text)
    TIM_TimeBaseStructInit                   0x08007b31   Thumb Code    18  stm32f10x_tim.o(.text)
    TIM_OCStructInit                         0x08007b43   Thumb Code    20  stm32f10x_tim.o(.text)
    TIM_ICStructInit                         0x08007b57   Thumb Code    18  stm32f10x_tim.o(.text)
    TIM_BDTRStructInit                       0x08007b69   Thumb Code    40  stm32f10x_tim.o(.text)
    TIM_Cmd                                  0x08007b91   Thumb Code    24  stm32f10x_tim.o(.text)
    TIM_CtrlPWMOutputs                       0x08007ba9   Thumb Code    30  stm32f10x_tim.o(.text)
    TIM_ITConfig                             0x08007bc7   Thumb Code    18  stm32f10x_tim.o(.text)
    TIM_GenerateEvent                        0x08007bd9   Thumb Code     4  stm32f10x_tim.o(.text)
    TIM_DMAConfig                            0x08007bdd   Thumb Code    10  stm32f10x_tim.o(.text)
    TIM_DMACmd                               0x08007be7   Thumb Code    18  stm32f10x_tim.o(.text)
    TIM_InternalClockConfig                  0x08007bf9   Thumb Code    12  stm32f10x_tim.o(.text)
    TIM_SelectInputTrigger                   0x08007c05   Thumb Code    18  stm32f10x_tim.o(.text)
    TIM_ITRxExternalClockConfig              0x08007c17   Thumb Code    24  stm32f10x_tim.o(.text)
    TIM_TIxExternalClockConfig               0x08007c2f   Thumb Code    62  stm32f10x_tim.o(.text)
    TIM_ETRConfig                            0x08007c6d   Thumb Code    28  stm32f10x_tim.o(.text)
    TIM_ETRClockMode1Config                  0x08007c89   Thumb Code    54  stm32f10x_tim.o(.text)
    TIM_ETRClockMode2Config                  0x08007cbf   Thumb Code    32  stm32f10x_tim.o(.text)
    TIM_PrescalerConfig                      0x08007cdf   Thumb Code     6  stm32f10x_tim.o(.text)
    TIM_CounterModeConfig                    0x08007ce5   Thumb Code    18  stm32f10x_tim.o(.text)
    TIM_EncoderInterfaceConfig               0x08007cf7   Thumb Code    66  stm32f10x_tim.o(.text)
    TIM_ForcedOC1Config                      0x08007d39   Thumb Code    18  stm32f10x_tim.o(.text)
    TIM_ForcedOC2Config                      0x08007d4b   Thumb Code    26  stm32f10x_tim.o(.text)
    TIM_ForcedOC3Config                      0x08007d65   Thumb Code    18  stm32f10x_tim.o(.text)
    TIM_ForcedOC4Config                      0x08007d77   Thumb Code    26  stm32f10x_tim.o(.text)
    TIM_ARRPreloadConfig                     0x08007d91   Thumb Code    24  stm32f10x_tim.o(.text)
    TIM_SelectCOM                            0x08007da9   Thumb Code    24  stm32f10x_tim.o(.text)
    TIM_SelectCCDMA                          0x08007dc1   Thumb Code    24  stm32f10x_tim.o(.text)
    TIM_CCPreloadControl                     0x08007dd9   Thumb Code    24  stm32f10x_tim.o(.text)
    TIM_OC1PreloadConfig                     0x08007df1   Thumb Code    18  stm32f10x_tim.o(.text)
    TIM_OC2PreloadConfig                     0x08007e03   Thumb Code    26  stm32f10x_tim.o(.text)
    TIM_OC3PreloadConfig                     0x08007e1d   Thumb Code    18  stm32f10x_tim.o(.text)
    TIM_OC4PreloadConfig                     0x08007e2f   Thumb Code    26  stm32f10x_tim.o(.text)
    TIM_OC1FastConfig                        0x08007e49   Thumb Code    18  stm32f10x_tim.o(.text)
    TIM_OC2FastConfig                        0x08007e5b   Thumb Code    26  stm32f10x_tim.o(.text)
    TIM_OC3FastConfig                        0x08007e75   Thumb Code    18  stm32f10x_tim.o(.text)
    TIM_OC4FastConfig                        0x08007e87   Thumb Code    26  stm32f10x_tim.o(.text)
    TIM_ClearOC1Ref                          0x08007ea1   Thumb Code    18  stm32f10x_tim.o(.text)
    TIM_ClearOC2Ref                          0x08007eb3   Thumb Code    24  stm32f10x_tim.o(.text)
    TIM_ClearOC3Ref                          0x08007ecb   Thumb Code    18  stm32f10x_tim.o(.text)
    TIM_ClearOC4Ref                          0x08007edd   Thumb Code    24  stm32f10x_tim.o(.text)
    TIM_OC1PolarityConfig                    0x08007ef5   Thumb Code    18  stm32f10x_tim.o(.text)
    TIM_OC1NPolarityConfig                   0x08007f07   Thumb Code    18  stm32f10x_tim.o(.text)
    TIM_OC2PolarityConfig                    0x08007f19   Thumb Code    26  stm32f10x_tim.o(.text)
    TIM_OC2NPolarityConfig                   0x08007f33   Thumb Code    26  stm32f10x_tim.o(.text)
    TIM_OC3PolarityConfig                    0x08007f4d   Thumb Code    26  stm32f10x_tim.o(.text)
    TIM_OC3NPolarityConfig                   0x08007f67   Thumb Code    26  stm32f10x_tim.o(.text)
    TIM_OC4PolarityConfig                    0x08007f81   Thumb Code    26  stm32f10x_tim.o(.text)
    TIM_CCxCmd                               0x08007f9b   Thumb Code    30  stm32f10x_tim.o(.text)
    TIM_CCxNCmd                              0x08007fb9   Thumb Code    30  stm32f10x_tim.o(.text)
    TIM_SelectOCxM                           0x08007fd7   Thumb Code    82  stm32f10x_tim.o(.text)
    TIM_UpdateDisableConfig                  0x08008029   Thumb Code    24  stm32f10x_tim.o(.text)
    TIM_UpdateRequestConfig                  0x08008041   Thumb Code    24  stm32f10x_tim.o(.text)
    TIM_SelectHallSensor                     0x08008059   Thumb Code    24  stm32f10x_tim.o(.text)
    TIM_SelectOnePulseMode                   0x08008071   Thumb Code    18  stm32f10x_tim.o(.text)
    TIM_SelectOutputTrigger                  0x08008083   Thumb Code    18  stm32f10x_tim.o(.text)
    TIM_SelectSlaveMode                      0x08008095   Thumb Code    18  stm32f10x_tim.o(.text)
    TIM_SelectMasterSlaveMode                0x080080a7   Thumb Code    18  stm32f10x_tim.o(.text)
    TIM_SetCounter                           0x080080b9   Thumb Code     4  stm32f10x_tim.o(.text)
    TIM_SetAutoreload                        0x080080bd   Thumb Code     4  stm32f10x_tim.o(.text)
    TIM_SetCompare1                          0x080080c1   Thumb Code     4  stm32f10x_tim.o(.text)
    TIM_SetCompare2                          0x080080c5   Thumb Code     4  stm32f10x_tim.o(.text)
    TIM_SetCompare3                          0x080080c9   Thumb Code     4  stm32f10x_tim.o(.text)
    TIM_SetCompare4                          0x080080cd   Thumb Code     6  stm32f10x_tim.o(.text)
    TIM_SetClockDivision                     0x080080d3   Thumb Code    18  stm32f10x_tim.o(.text)
    TIM_GetCapture1                          0x080080e5   Thumb Code     6  stm32f10x_tim.o(.text)
    TIM_GetCapture2                          0x080080eb   Thumb Code     6  stm32f10x_tim.o(.text)
    TIM_GetCapture3                          0x080080f1   Thumb Code     6  stm32f10x_tim.o(.text)
    TIM_GetCapture4                          0x080080f7   Thumb Code     8  stm32f10x_tim.o(.text)
    TIM_GetCounter                           0x080080ff   Thumb Code     6  stm32f10x_tim.o(.text)
    TIM_GetPrescaler                         0x08008105   Thumb Code     6  stm32f10x_tim.o(.text)
    TIM_GetFlagStatus                        0x0800810b   Thumb Code    18  stm32f10x_tim.o(.text)
    TIM_ClearFlag                            0x0800811d   Thumb Code     6  stm32f10x_tim.o(.text)
    TIM_GetITStatus                          0x08008123   Thumb Code    34  stm32f10x_tim.o(.text)
    TIM_ClearITPendingBit                    0x08008145   Thumb Code     6  stm32f10x_tim.o(.text)
    Reset_Handler                            0x0800814d   Thumb Code     8  startup_stm32f10x_md.o(.text)
    NMI_Handler                              0x08008155   Thumb Code     2  startup_stm32f10x_md.o(.text)
    HardFault_Handler                        0x08008157   Thumb Code     2  startup_stm32f10x_md.o(.text)
    MemManage_Handler                        0x08008159   Thumb Code     2  startup_stm32f10x_md.o(.text)
    BusFault_Handler                         0x0800815b   Thumb Code     2  startup_stm32f10x_md.o(.text)
    UsageFault_Handler                       0x0800815d   Thumb Code     2  startup_stm32f10x_md.o(.text)
    SVC_Handler                              0x0800815f   Thumb Code     2  startup_stm32f10x_md.o(.text)
    DebugMon_Handler                         0x08008161   Thumb Code     2  startup_stm32f10x_md.o(.text)
    PendSV_Handler                           0x08008163   Thumb Code     2  startup_stm32f10x_md.o(.text)
    ADC1_2_IRQHandler                        0x08008167   Thumb Code     0  startup_stm32f10x_md.o(.text)
    CAN1_RX1_IRQHandler                      0x08008167   Thumb Code     0  startup_stm32f10x_md.o(.text)
    CAN1_SCE_IRQHandler                      0x08008167   Thumb Code     0  startup_stm32f10x_md.o(.text)
    DMA1_Channel1_IRQHandler                 0x08008167   Thumb Code     0  startup_stm32f10x_md.o(.text)
    DMA1_Channel2_IRQHandler                 0x08008167   Thumb Code     0  startup_stm32f10x_md.o(.text)
    DMA1_Channel3_IRQHandler                 0x08008167   Thumb Code     0  startup_stm32f10x_md.o(.text)
    DMA1_Channel4_IRQHandler                 0x08008167   Thumb Code     0  startup_stm32f10x_md.o(.text)
    DMA1_Channel5_IRQHandler                 0x08008167   Thumb Code     0  startup_stm32f10x_md.o(.text)
    DMA1_Channel6_IRQHandler                 0x08008167   Thumb Code     0  startup_stm32f10x_md.o(.text)
    DMA1_Channel7_IRQHandler                 0x08008167   Thumb Code     0  startup_stm32f10x_md.o(.text)
    EXTI0_IRQHandler                         0x08008167   Thumb Code     0  startup_stm32f10x_md.o(.text)
    EXTI15_10_IRQHandler                     0x08008167   Thumb Code     0  startup_stm32f10x_md.o(.text)
    EXTI1_IRQHandler                         0x08008167   Thumb Code     0  startup_stm32f10x_md.o(.text)
    EXTI2_IRQHandler                         0x08008167   Thumb Code     0  startup_stm32f10x_md.o(.text)
    EXTI3_IRQHandler                         0x08008167   Thumb Code     0  startup_stm32f10x_md.o(.text)
    EXTI4_IRQHandler                         0x08008167   Thumb Code     0  startup_stm32f10x_md.o(.text)
    FLASH_IRQHandler                         0x08008167   Thumb Code     0  startup_stm32f10x_md.o(.text)
    I2C1_ER_IRQHandler                       0x08008167   Thumb Code     0  startup_stm32f10x_md.o(.text)
    I2C1_EV_IRQHandler                       0x08008167   Thumb Code     0  startup_stm32f10x_md.o(.text)
    I2C2_ER_IRQHandler                       0x08008167   Thumb Code     0  startup_stm32f10x_md.o(.text)
    I2C2_EV_IRQHandler                       0x08008167   Thumb Code     0  startup_stm32f10x_md.o(.text)
    PVD_IRQHandler                           0x08008167   Thumb Code     0  startup_stm32f10x_md.o(.text)
    RCC_IRQHandler                           0x08008167   Thumb Code     0  startup_stm32f10x_md.o(.text)
    RTCAlarm_IRQHandler                      0x08008167   Thumb Code     0  startup_stm32f10x_md.o(.text)
    RTC_IRQHandler                           0x08008167   Thumb Code     0  startup_stm32f10x_md.o(.text)
    SPI1_IRQHandler                          0x08008167   Thumb Code     0  startup_stm32f10x_md.o(.text)
    SPI2_IRQHandler                          0x08008167   Thumb Code     0  startup_stm32f10x_md.o(.text)
    TAMPER_IRQHandler                        0x08008167   Thumb Code     0  startup_stm32f10x_md.o(.text)
    TIM1_BRK_IRQHandler                      0x08008167   Thumb Code     0  startup_stm32f10x_md.o(.text)
    TIM1_CC_IRQHandler                       0x08008167   Thumb Code     0  startup_stm32f10x_md.o(.text)
    TIM1_TRG_COM_IRQHandler                  0x08008167   Thumb Code     0  startup_stm32f10x_md.o(.text)
    TIM2_IRQHandler                          0x08008167   Thumb Code     0  startup_stm32f10x_md.o(.text)
    TIM3_IRQHandler                          0x08008167   Thumb Code     0  startup_stm32f10x_md.o(.text)
    TIM4_IRQHandler                          0x08008167   Thumb Code     0  startup_stm32f10x_md.o(.text)
    USART1_IRQHandler                        0x08008167   Thumb Code     0  startup_stm32f10x_md.o(.text)
    USART2_IRQHandler                        0x08008167   Thumb Code     0  startup_stm32f10x_md.o(.text)
    USART3_IRQHandler                        0x08008167   Thumb Code     0  startup_stm32f10x_md.o(.text)
    USB_HP_CAN1_TX_IRQHandler                0x08008167   Thumb Code     0  startup_stm32f10x_md.o(.text)
    WWDG_IRQHandler                          0x08008167   Thumb Code     0  startup_stm32f10x_md.o(.text)
    __user_initial_stackheap                 0x08008169   Thumb Code     0  startup_stm32f10x_md.o(.text)
    SystemInit                               0x0800826b   Thumb Code    78  system_stm32f10x.o(.text)
    SystemCoreClockUpdate                    0x080082b9   Thumb Code   142  system_stm32f10x.o(.text)
    FLASH_SetLatency                         0x0800836d   Thumb Code    18  stm32f10x_flash.o(.text)
    FLASH_HalfCycleAccessCmd                 0x0800837f   Thumb Code    22  stm32f10x_flash.o(.text)
    FLASH_PrefetchBufferCmd                  0x08008395   Thumb Code    22  stm32f10x_flash.o(.text)
    FLASH_Unlock                             0x080083ab   Thumb Code    12  stm32f10x_flash.o(.text)
    FLASH_UnlockBank1                        0x080083b7   Thumb Code    12  stm32f10x_flash.o(.text)
    FLASH_Lock                               0x080083c3   Thumb Code    14  stm32f10x_flash.o(.text)
    FLASH_LockBank1                          0x080083d1   Thumb Code    14  stm32f10x_flash.o(.text)
    FLASH_GetBank1Status                     0x080083df   Thumb Code    48  stm32f10x_flash.o(.text)
    FLASH_WaitForLastOperation               0x0800840f   Thumb Code    38  stm32f10x_flash.o(.text)
    FLASH_ErasePage                          0x08008435   Thumb Code    72  stm32f10x_flash.o(.text)
    FLASH_EraseAllPages                      0x0800847d   Thumb Code    68  stm32f10x_flash.o(.text)
    FLASH_WaitForLastBank1Operation          0x080084c1   Thumb Code    38  stm32f10x_flash.o(.text)
    FLASH_EraseAllBank1Pages                 0x080084e7   Thumb Code    68  stm32f10x_flash.o(.text)
    FLASH_GetReadOutProtectionStatus         0x0800852b   Thumb Code    20  stm32f10x_flash.o(.text)
    FLASH_EraseOptionBytes                   0x0800853f   Thumb Code   150  stm32f10x_flash.o(.text)
    FLASH_ProgramWord                        0x080085d5   Thumb Code   102  stm32f10x_flash.o(.text)
    FLASH_ProgramHalfWord                    0x0800863b   Thumb Code    60  stm32f10x_flash.o(.text)
    FLASH_ProgramOptionByteData              0x08008677   Thumb Code    72  stm32f10x_flash.o(.text)
    FLASH_EnableWriteProtection              0x080086bf   Thumb Code   200  stm32f10x_flash.o(.text)
    FLASH_ReadOutProtection                  0x08008787   Thumb Code   156  stm32f10x_flash.o(.text)
    FLASH_UserOptionByteConfig               0x08008823   Thumb Code    88  stm32f10x_flash.o(.text)
    FLASH_GetUserOptionByte                  0x0800887b   Thumb Code     8  stm32f10x_flash.o(.text)
    FLASH_GetWriteProtectionOptionByte       0x08008883   Thumb Code     6  stm32f10x_flash.o(.text)
    FLASH_GetPrefetchBufferStatus            0x08008889   Thumb Code    20  stm32f10x_flash.o(.text)
    FLASH_ITConfig                           0x0800889d   Thumb Code    26  stm32f10x_flash.o(.text)
    FLASH_GetFlagStatus                      0x080088b7   Thumb Code    42  stm32f10x_flash.o(.text)
    FLASH_ClearFlag                          0x080088e1   Thumb Code     6  stm32f10x_flash.o(.text)
    FLASH_GetStatus                          0x080088e7   Thumb Code    48  stm32f10x_flash.o(.text)
    EXTI_DeInit                              0x08008929   Thumb Code    28  stm32f10x_exti.o(.text)
    EXTI_Init                                0x08008945   Thumb Code   142  stm32f10x_exti.o(.text)
    EXTI_StructInit                          0x080089d3   Thumb Code    16  stm32f10x_exti.o(.text)
    EXTI_GenerateSWInterrupt                 0x080089e3   Thumb Code    16  stm32f10x_exti.o(.text)
    EXTI_GetFlagStatus                       0x080089f3   Thumb Code    22  stm32f10x_exti.o(.text)
    EXTI_ClearFlag                           0x08008a09   Thumb Code     8  stm32f10x_exti.o(.text)
    EXTI_GetITStatus                         0x08008a11   Thumb Code    34  stm32f10x_exti.o(.text)
    EXTI_ClearITPendingBit                   0x08008a33   Thumb Code     8  stm32f10x_exti.o(.text)
    NVIC_PriorityGroupConfig                 0x08008a45   Thumb Code    10  misc.o(.text)
    NVIC_Init                                0x08008a4f   Thumb Code   100  misc.o(.text)
    NVIC_SetVectorTable                      0x08008ab3   Thumb Code    14  misc.o(.text)
    NVIC_SystemLPConfig                      0x08008ac1   Thumb Code    34  misc.o(.text)
    SysTick_CLKSourceConfig                  0x08008ae3   Thumb Code    40  misc.o(.text)
    __aeabi_memcpy                           0x08008b21   Thumb Code     0  rt_memcpy_v6.o(.text)
    __rt_memcpy                              0x08008b21   Thumb Code   138  rt_memcpy_v6.o(.text)
    _memcpy_lastbytes                        0x08008b87   Thumb Code     0  rt_memcpy_v6.o(.text)
    __aeabi_memcpy4                          0x08008bab   Thumb Code     0  rt_memcpy_w.o(.text)
    __aeabi_memcpy8                          0x08008bab   Thumb Code     0  rt_memcpy_w.o(.text)
    __rt_memcpy_w                            0x08008bab   Thumb Code   100  rt_memcpy_w.o(.text)
    _memcpy_lastbytes_aligned                0x08008bf3   Thumb Code     0  rt_memcpy_w.o(.text)
    __aeabi_memclr4                          0x08008c0f   Thumb Code     0  rt_memclr_w.o(.text)
    __aeabi_memclr8                          0x08008c0f   Thumb Code     0  rt_memclr_w.o(.text)
    __rt_memclr_w                            0x08008c0f   Thumb Code    78  rt_memclr_w.o(.text)
    _memset_w                                0x08008c13   Thumb Code     0  rt_memclr_w.o(.text)
    __use_two_region_memory                  0x08008c5d   Thumb Code     2  heapauxi.o(.text)
    __rt_heap_escrow$2region                 0x08008c5f   Thumb Code     2  heapauxi.o(.text)
    __rt_heap_expand$2region                 0x08008c61   Thumb Code     2  heapauxi.o(.text)
    __read_errno                             0x08008c63   Thumb Code    10  _rserrno.o(.text)
    __set_errno                              0x08008c6d   Thumb Code    12  _rserrno.o(.text)
    __aeabi_errno_addr                       0x08008c79   Thumb Code     8  rt_errno_addr_intlibspace.o(.text)
    __errno$intlibspace                      0x08008c79   Thumb Code     0  rt_errno_addr_intlibspace.o(.text)
    __rt_errno_addr$intlibspace              0x08008c79   Thumb Code     0  rt_errno_addr_intlibspace.o(.text)
    __user_libspace                          0x08008c81   Thumb Code     8  libspace.o(.text)
    __user_perproc_libspace                  0x08008c81   Thumb Code     0  libspace.o(.text)
    __user_perthread_libspace                0x08008c81   Thumb Code     0  libspace.o(.text)
    __user_setup_stackheap                   0x08008c89   Thumb Code    74  sys_stackheap_outer.o(.text)
    exit                                     0x08008cd3   Thumb Code    12  exit.o(.text)
    _sys_exit                                0x08008ce1   Thumb Code     8  sys_exit.o(.text)
    __I$use$semihosting                      0x08008ced   Thumb Code     0  use_no_semi.o(.text)
    __use_no_semihosting_swi                 0x08008ced   Thumb Code     2  use_no_semi.o(.text)
    __ARM_fpclassify                         0x08008cef   Thumb Code    40  fpclassify.o(i.__ARM_fpclassify)
    __semihosting_library_function           0x08008cef   Thumb Code     0  indicate_semi.o(.text)
    __ARM_fpclassifyf                        0x08008d17   Thumb Code    38  fpclassifyf.o(i.__ARM_fpclassifyf)
    __kernel_poly                            0x08008d3d   Thumb Code   170  poly.o(i.__kernel_poly)
    __mathlib_dbl_underflow                  0x08008de9   Thumb Code    10  dunder.o(i.__mathlib_dbl_underflow)
    __mathlib_flt_underflow                  0x08008df9   Thumb Code    10  funder.o(i.__mathlib_flt_underflow)
    __mathlib_rredf2                         0x08008e05   Thumb Code   326  rredf.o(i.__mathlib_rredf2)
    asinf                                    0x08008f5d   Thumb Code   260  asinf.o(i.asinf)
    atan                                     0x08009085   Thumb Code   478  atan.o(i.atan)
    atan2                                    0x080092a9   Thumb Code   346  atan2.o(i.atan2)
    atan2f                                   0x08009429   Thumb Code   528  atan2f.o(i.atan2f)
    cosf                                     0x08009685   Thumb Code   334  cosf.o(i.cosf)
    sinf                                     0x08009809   Thumb Code   344  sinf.o(i.sinf)
    sqrt                                     0x08009995   Thumb Code    76  sqrt.o(i.sqrt)
    sqrtf                                    0x080099e1   Thumb Code    44  sqrtf.o(i.sqrtf)
    tanf                                     0x08009a0d   Thumb Code   320  tanf.o(i.tanf)
    __aeabi_d2f                              0x08009b85   Thumb Code     0  d2f.o(x$fpl$d2f)
    _d2f                                     0x08009b85   Thumb Code    98  d2f.o(x$fpl$d2f)
    __aeabi_dadd                             0x08009be9   Thumb Code     0  daddsub_clz.o(x$fpl$dadd)
    _dadd                                    0x08009be9   Thumb Code   332  daddsub_clz.o(x$fpl$dadd)
    __fpl_dcheck_NaN1                        0x08009d39   Thumb Code    10  dcheck1.o(x$fpl$dcheck1)
    __fpl_dcmp_Inf                           0x08009d49   Thumb Code    24  dcmpi.o(x$fpl$dcmpinf)
    __aeabi_ddiv                             0x08009d61   Thumb Code     0  ddiv.o(x$fpl$ddiv)
    _ddiv                                    0x08009d61   Thumb Code   552  ddiv.o(x$fpl$ddiv)
    __aeabi_d2uiz                            0x0800a011   Thumb Code     0  dfixu.o(x$fpl$dfixu)
    _dfixu                                   0x0800a011   Thumb Code    90  dfixu.o(x$fpl$dfixu)
    __aeabi_i2d                              0x0800a06b   Thumb Code     0  dflt_clz.o(x$fpl$dflt)
    _dflt                                    0x0800a06b   Thumb Code    46  dflt_clz.o(x$fpl$dflt)
    __aeabi_ui2d                             0x0800a099   Thumb Code     0  dflt_clz.o(x$fpl$dfltu)
    _dfltu                                   0x0800a099   Thumb Code    38  dflt_clz.o(x$fpl$dfltu)
    __aeabi_cdcmple                          0x0800a0c1   Thumb Code     0  dleqf.o(x$fpl$dleqf)
    _dcmple                                  0x0800a0c1   Thumb Code   120  dleqf.o(x$fpl$dleqf)
    __fpl_dcmple_InfNaN                      0x0800a123   Thumb Code     0  dleqf.o(x$fpl$dleqf)
    __aeabi_dmul                             0x0800a139   Thumb Code     0  dmul.o(x$fpl$dmul)
    _dmul                                    0x0800a139   Thumb Code   332  dmul.o(x$fpl$dmul)
    __fpl_dnaninf                            0x0800a28d   Thumb Code   156  dnaninf.o(x$fpl$dnaninf)
    __fpl_dretinf                            0x0800a329   Thumb Code    12  dretinf.o(x$fpl$dretinf)
    __aeabi_cdrcmple                         0x0800a335   Thumb Code     0  drleqf.o(x$fpl$drleqf)
    _drcmple                                 0x0800a335   Thumb Code   108  drleqf.o(x$fpl$drleqf)
    __aeabi_drsub                            0x0800a3a1   Thumb Code     0  daddsub_clz.o(x$fpl$drsb)
    _drsb                                    0x0800a3a1   Thumb Code    22  daddsub_clz.o(x$fpl$drsb)
    _dsqrt                                   0x0800a3b9   Thumb Code   456  dsqrt_noumaal.o(x$fpl$dsqrt)
    __aeabi_dsub                             0x0800a585   Thumb Code     0  daddsub_clz.o(x$fpl$dsub)
    _dsub                                    0x0800a585   Thumb Code   464  daddsub_clz.o(x$fpl$dsub)
    __aeabi_f2d                              0x0800a759   Thumb Code     0  f2d.o(x$fpl$f2d)
    _f2d                                     0x0800a759   Thumb Code    86  f2d.o(x$fpl$f2d)
    __aeabi_fadd                             0x0800a7b1   Thumb Code     0  faddsub_clz.o(x$fpl$fadd)
    _fadd                                    0x0800a7b1   Thumb Code   196  faddsub_clz.o(x$fpl$fadd)
    __fpl_fcheck_NaN1                        0x0800a875   Thumb Code     6  fcheck1.o(x$fpl$fcheck1)
    __fpl_fcmp_Inf                           0x0800a881   Thumb Code    24  fcmpi.o(x$fpl$fcmpinf)
    __aeabi_fdiv                             0x0800a899   Thumb Code     0  fdiv.o(x$fpl$fdiv)
    _fdiv                                    0x0800a899   Thumb Code   384  fdiv.o(x$fpl$fdiv)
    __aeabi_cfcmpeq                          0x0800aa1d   Thumb Code     0  feqf.o(x$fpl$feqf)
    _fcmpeq                                  0x0800aa1d   Thumb Code   104  feqf.o(x$fpl$feqf)
    __aeabi_f2iz                             0x0800aa85   Thumb Code     0  ffix.o(x$fpl$ffix)
    _ffix                                    0x0800aa85   Thumb Code    54  ffix.o(x$fpl$ffix)
    __aeabi_f2uiz                            0x0800aabd   Thumb Code     0  ffixu.o(x$fpl$ffixu)
    _ffixu                                   0x0800aabd   Thumb Code    62  ffixu.o(x$fpl$ffixu)
    __aeabi_i2f                              0x0800aafd   Thumb Code     0  fflt_clz.o(x$fpl$fflt)
    _fflt                                    0x0800aafd   Thumb Code    48  fflt_clz.o(x$fpl$fflt)
    __aeabi_ul2f                             0x0800ab2d   Thumb Code     0  ffltll_clz.o(x$fpl$ffltll)
    _ll_uto_f                                0x0800ab2d   Thumb Code     6  ffltll_clz.o(x$fpl$ffltll)
    __aeabi_l2f                              0x0800ab33   Thumb Code     0  ffltll_clz.o(x$fpl$ffltll)
    _ll_sto_f                                0x0800ab33   Thumb Code    90  ffltll_clz.o(x$fpl$ffltll)
    __aeabi_ui2f                             0x0800ab8d   Thumb Code     0  fflt_clz.o(x$fpl$ffltu)
    _ffltu                                   0x0800ab8d   Thumb Code    38  fflt_clz.o(x$fpl$ffltu)
    __aeabi_cfcmple                          0x0800abb5   Thumb Code     0  fleqf.o(x$fpl$fleqf)
    _fcmple                                  0x0800abb5   Thumb Code   104  fleqf.o(x$fpl$fleqf)
    __fpl_fcmple_InfNaN                      0x0800ac07   Thumb Code     0  fleqf.o(x$fpl$fleqf)
    __aeabi_fmul                             0x0800ac1d   Thumb Code     0  fmul.o(x$fpl$fmul)
    _fmul                                    0x0800ac1d   Thumb Code   258  fmul.o(x$fpl$fmul)
    __fpl_fnaninf                            0x0800ad1f   Thumb Code   140  fnaninf.o(x$fpl$fnaninf)
    __fpl_fretinf                            0x0800adab   Thumb Code    10  fretinf.o(x$fpl$fretinf)
    __aeabi_cfrcmple                         0x0800adb5   Thumb Code     0  frleqf.o(x$fpl$frleqf)
    _frcmple                                 0x0800adb5   Thumb Code    98  frleqf.o(x$fpl$frleqf)
    _frnd                                    0x0800ae19   Thumb Code    96  frnd.o(x$fpl$frnd)
    __aeabi_frsub                            0x0800ae79   Thumb Code     0  faddsub_clz.o(x$fpl$frsb)
    _frsb                                    0x0800ae79   Thumb Code    20  faddsub_clz.o(x$fpl$frsb)
    _fsqrt                                   0x0800ae8d   Thumb Code   272  fsqrt.o(x$fpl$fsqrt)
    __aeabi_fsub                             0x0800af9d   Thumb Code     0  faddsub_clz.o(x$fpl$fsub)
    _fsub                                    0x0800af9d   Thumb Code   234  faddsub_clz.o(x$fpl$fsub)
    __fpl_return_NaN                         0x0800b087   Thumb Code   100  retnan.o(x$fpl$retnan)
    __ARM_scalbn                             0x0800b0eb   Thumb Code    92  scalbn.o(x$fpl$scalbn)
    __ARM_scalbnf                            0x0800b147   Thumb Code    76  scalbnf.o(x$fpl$scalbnf)
    __fpl_cmpreturn                          0x0800b193   Thumb Code    48  trapv.o(x$fpl$trapveneer)
    __I$use$fp                               0x0800b1c2   Number         0  usenofp.o(x$fpl$usenofp)
    Virtual_Com_Port_DeviceDescriptor        0x0800b278   Data          18  usb_desc.o(.constdata)
    Virtual_Com_Port_ConfigDescriptor        0x0800b28a   Data          67  usb_desc.o(.constdata)
    Virtual_Com_Port_StringLangID            0x0800b2cd   Data           4  usb_desc.o(.constdata)
    Virtual_Com_Port_StringVendor            0x0800b2d1   Data          24  usb_desc.o(.constdata)
    Virtual_Com_Port_StringProduct           0x0800b2e9   Data          38  usb_desc.o(.constdata)
    __mathlib_zero                           0x0800b3a8   Data           8  qnan.o(.constdata)
    Region$$Table$$Base                      0x0800b3d0   Number         0  anon$$obj.o(Region$$Table)
    Region$$Table$$Limit                     0x0800b3f0   Number         0  anon$$obj.o(Region$$Table)
    txFailCount                              0x20000000   Data           1  main.o(.data)
    rxFailCount                              0x20000001   Data           1  main.o(.data)
    NrfState                                 0x20000002   Data           1  main.o(.data)
    RX_ADDRESS                               0x20000003   Data           5  main.o(.data)
    TX_ADDRESS                               0x20000008   Data           5  main.o(.data)
    lostControlFlag                          0x2000000d   Data           1  main.o(.data)
    timeOutMaxFlag                           0x2000000e   Data           1  main.o(.data)
    ACCELDATA                                0x20000010   Data           6  main.o(.data)
    GYRODATA                                 0x20000016   Data           6  main.o(.data)
    MAGDATA                                  0x2000001c   Data           6  main.o(.data)
    magStatus                                0x20000022   Data           1  main.o(.data)
    presStatus                               0x20000023   Data           1  main.o(.data)
    magReadCount                             0x20000024   Data           4  main.o(.data)
    presReadCount                            0x20000028   Data           4  main.o(.data)
    ms5611TempRaw                            0x2000002c   Data           4  main.o(.data)
    ms5611PresRaw                            0x20000030   Data           4  main.o(.data)
    ms5611FinalData                          0x20000034   Data           8  main.o(.data)
    radioFlag                                0x20000098   Data           1  system_loop.o(.data)
    attitudeUpdateFlag                       0x20000099   Data           1  system_loop.o(.data)
    rxTimeOutFlag                            0x2000009a   Data           1  system_loop.o(.data)
    batteryCheckFlag                         0x2000009b   Data           1  system_loop.o(.data)
    motorUpdateFlag                          0x2000009c   Data           1  system_loop.o(.data)
    radioPeriodCount                         0x2000009e   Data           2  system_loop.o(.data)
    attitudeUpdatePeriodCount                0x200000a0   Data           2  system_loop.o(.data)
    rxTimeOutCount                           0x200000a2   Data           2  system_loop.o(.data)
    batteryCheckCount                        0x200000a4   Data           2  system_loop.o(.data)
    motorUpdateCount                         0x200000a6   Data           2  system_loop.o(.data)
    BBCom                                    0x200000a8   Data          32  systeminit.o(.data)
    BBMess                                   0x200000c8   Data          32  systeminit.o(.data)
    TimingDelay                              0x200000e8   Data           4  delay.o(.data)
    sysTickUptime                            0x200000f0   Data           4  delay.o(.data)
    HSEStartUpStatus                         0x20000214   Data           1  hw_config.o(.data)
    EXTI_InitStructure                       0x20000218   Data           8  hw_config.o(.data)
    Virtual_Com_Port_StringSerial            0x20000220   Data          38  usb_desc.o(.data)
    wIstr                                    0x20000250   Data           2  usb_istr.o(.data)
    bIntPackSOF                              0x20000252   Data           1  usb_istr.o(.data)
    esof_counter                             0x20000254   Data           4  usb_istr.o(.data)
    wCNTR                                    0x20000258   Data           4  usb_istr.o(.data)
    pEpInt_IN                                0x2000025c   Data          28  usb_istr.o(.data)
    pEpInt_OUT                               0x20000278   Data          28  usb_istr.o(.data)
    Request                                  0x20000294   Data           1  usb_prop.o(.data)
    linecoding                               0x20000298   Data           8  usb_prop.o(.data)
    Device_Table                             0x200002a0   Data           2  usb_prop.o(.data)
    Device_Property                          0x200002a4   Data          48  usb_prop.o(.data)
    User_Standard_Requests                   0x200002d4   Data          36  usb_prop.o(.data)
    Device_Descriptor                        0x200002f8   Data           8  usb_prop.o(.data)
    Config_Descriptor                        0x20000300   Data           8  usb_prop.o(.data)
    String_Descriptor                        0x20000308   Data          32  usb_prop.o(.data)
    bDeviceState                             0x20000328   Data           4  usb_pwr.o(.data)
    fSuspendEnabled                          0x2000032c   Data           1  usb_pwr.o(.data)
    ResumeS                                  0x2000032d   Data           2  usb_pwr.o(.data)
    remotewakeupon                           0x20000330   Data           4  usb_pwr.o(.data)
    StatusInfo                               0x20000334   Data           2  usb_core.o(.data)
    Data_Mul_MaxPacketSize                   0x20000336   Data           1  usb_core.o(.data)
    EPindex                                  0x20000338   Data           1  usb_init.o(.data)
    pInformation                             0x2000033c   Data           4  usb_init.o(.data)
    pProperty                                0x20000340   Data           4  usb_init.o(.data)
    SaveState                                0x20000344   Data           2  usb_init.o(.data)
    wInterrupt_Mask                          0x20000346   Data           2  usb_init.o(.data)
    pUser_Standard_Requests                  0x20000348   Data           4  usb_init.o(.data)
    SaveRState                               0x2000034c   Data           2  usb_int.o(.data)
    SaveTState                               0x2000034e   Data           2  usb_int.o(.data)
    SystemCoreClock                          0x20000364   Data           4  system_stm32f10x.o(.data)
    AHBPrescTable                            0x20000368   Data          16  system_stm32f10x.o(.data)
    NRF_RXBUFFER                             0x20000378   Data          32  main.o(.bss)
    NRF_TXBUFFER                             0x20000398   Data          32  main.o(.bss)
    MS5611_PROM                              0x200003b8   Data          14  main.o(.bss)
    BBImu                                    0x200003d4   Data         228  systeminit.o(.bss)
    BBSystem                                 0x200004b8   Data          20  systeminit.o(.bss)
    BATTERY_0                                0x200004cc   Data          16  adc.o(.bss)
    CURRENT_0                                0x200004dc   Data          16  adc.o(.bss)
    USART_InitStructure                      0x200004ec   Data          16  hw_config.o(.bss)
    EP                                       0x20000f9c   Data          32  usb_pwr.o(.bss)
    Device_Info                              0x20000fbc   Data          28  usb_init.o(.bss)
    __libspace_start                         0x20000fd8   Data          96  libspace.o(.bss)
    __temporary_stack_top$libspace           0x20001038   Data           0  libspace.o(.bss)



==============================================================================

Memory Map of the image

  Image Entry point : 0x080000ed

  Load Region LR_IROM1 (Base: 0x08000000, Size: 0x0000b768, Max: 0x00010000, ABSOLUTE, COMPRESSED[0x0000b4b0])

    Execution Region ER_IROM1 (Base: 0x08000000, Size: 0x0000b3f0, Max: 0x00010000, ABSOLUTE)

    Base Addr    Size         Type   Attr      Idx    E Section Name        Object

    0x08000000   0x000000ec   Data   RO         1078    RESET               startup_stm32f10x_md.o
    0x080000ec   0x00000008   Code   RO         1201  * !!!main             c_w.l(__main.o)
    0x080000f4   0x00000034   Code   RO         1708    !!!scatter          c_w.l(__scatter.o)
    0x08000128   0x0000005a   Code   RO         1706    !!dczerorl2         c_w.l(__dczerorl2.o)
    0x08000182   0x00000002   PAD
    0x08000184   0x0000001c   Code   RO         1710    !!handler_zi        c_w.l(__scatter_zi.o)
    0x080001a0   0x00000002   Code   RO         1569    .ARM.Collect$$libinit$$00000000  c_w.l(libinit.o)
    0x080001a2   0x00000000   Code   RO         1584    .ARM.Collect$$libinit$$00000002  c_w.l(libinit2.o)
    0x080001a2   0x00000000   Code   RO         1587    .ARM.Collect$$libinit$$00000008  c_w.l(libinit2.o)
    0x080001a2   0x00000000   Code   RO         1589    .ARM.Collect$$libinit$$0000000A  c_w.l(libinit2.o)
    0x080001a2   0x00000000   Code   RO         1591    .ARM.Collect$$libinit$$0000000C  c_w.l(libinit2.o)
    0x080001a2   0x00000000   Code   RO         1594    .ARM.Collect$$libinit$$0000000F  c_w.l(libinit2.o)
    0x080001a2   0x00000000   Code   RO         1596    .ARM.Collect$$libinit$$00000011  c_w.l(libinit2.o)
    0x080001a2   0x00000000   Code   RO         1598    .ARM.Collect$$libinit$$00000013  c_w.l(libinit2.o)
    0x080001a2   0x00000000   Code   RO         1600    .ARM.Collect$$libinit$$00000015  c_w.l(libinit2.o)
    0x080001a2   0x00000000   Code   RO         1602    .ARM.Collect$$libinit$$00000017  c_w.l(libinit2.o)
    0x080001a2   0x00000000   Code   RO         1604    .ARM.Collect$$libinit$$00000019  c_w.l(libinit2.o)
    0x080001a2   0x00000000   Code   RO         1606    .ARM.Collect$$libinit$$0000001B  c_w.l(libinit2.o)
    0x080001a2   0x00000000   Code   RO         1608    .ARM.Collect$$libinit$$0000001D  c_w.l(libinit2.o)
    0x080001a2   0x00000000   Code   RO         1610    .ARM.Collect$$libinit$$0000001F  c_w.l(libinit2.o)
    0x080001a2   0x00000000   Code   RO         1612    .ARM.Collect$$libinit$$00000021  c_w.l(libinit2.o)
    0x080001a2   0x00000000   Code   RO         1614    .ARM.Collect$$libinit$$00000023  c_w.l(libinit2.o)
    0x080001a2   0x00000000   Code   RO         1618    .ARM.Collect$$libinit$$0000002A  c_w.l(libinit2.o)
    0x080001a2   0x00000000   Code   RO         1620    .ARM.Collect$$libinit$$0000002C  c_w.l(libinit2.o)
    0x080001a2   0x00000000   Code   RO         1622    .ARM.Collect$$libinit$$0000002E  c_w.l(libinit2.o)
    0x080001a2   0x00000000   Code   RO         1624    .ARM.Collect$$libinit$$00000030  c_w.l(libinit2.o)
    0x080001a2   0x00000002   Code   RO         1625    .ARM.Collect$$libinit$$00000031  c_w.l(libinit2.o)
    0x080001a4   0x00000002   Code   RO         1647    .ARM.Collect$$libshutdown$$00000000  c_w.l(libshutdown.o)
    0x080001a6   0x00000000   Code   RO         1661    .ARM.Collect$$libshutdown$$00000003  c_w.l(libshutdown2.o)
    0x080001a6   0x00000000   Code   RO         1664    .ARM.Collect$$libshutdown$$00000006  c_w.l(libshutdown2.o)
    0x080001a6   0x00000000   Code   RO         1667    .ARM.Collect$$libshutdown$$00000009  c_w.l(libshutdown2.o)
    0x080001a6   0x00000000   Code   RO         1669    .ARM.Collect$$libshutdown$$0000000B  c_w.l(libshutdown2.o)
    0x080001a6   0x00000000   Code   RO         1672    .ARM.Collect$$libshutdown$$0000000E  c_w.l(libshutdown2.o)
    0x080001a6   0x00000002   Code   RO         1673    .ARM.Collect$$libshutdown$$0000000F  c_w.l(libshutdown2.o)
    0x080001a8   0x00000000   Code   RO         1319    .ARM.Collect$$rtentry$$00000000  c_w.l(rtentry.o)
    0x080001a8   0x00000000   Code   RO         1471    .ARM.Collect$$rtentry$$00000002  c_w.l(rtentry2.o)
    0x080001a8   0x00000006   Code   RO         1483    .ARM.Collect$$rtentry$$00000004  c_w.l(rtentry4.o)
    0x080001ae   0x00000000   Code   RO         1473    .ARM.Collect$$rtentry$$00000009  c_w.l(rtentry2.o)
    0x080001ae   0x00000004   Code   RO         1474    .ARM.Collect$$rtentry$$0000000A  c_w.l(rtentry2.o)
    0x080001b2   0x00000000   Code   RO         1476    .ARM.Collect$$rtentry$$0000000C  c_w.l(rtentry2.o)
    0x080001b2   0x00000008   Code   RO         1477    .ARM.Collect$$rtentry$$0000000D  c_w.l(rtentry2.o)
    0x080001ba   0x00000002   Code   RO         1576    .ARM.Collect$$rtexit$$00000000  c_w.l(rtexit.o)
    0x080001bc   0x00000000   Code   RO         1629    .ARM.Collect$$rtexit$$00000002  c_w.l(rtexit2.o)
    0x080001bc   0x00000004   Code   RO         1630    .ARM.Collect$$rtexit$$00000003  c_w.l(rtexit2.o)
    0x080001c0   0x00000006   Code   RO         1631    .ARM.Collect$$rtexit$$00000004  c_w.l(rtexit2.o)
    0x080001c6   0x00000002   PAD
    0x080001c8   0x000007cc   Code   RO            3    .text               main.o
    0x08000994   0x00000338   Code   RO          190    .text               control.o
    0x08000ccc   0x00000e8c   Code   RO          215    .text               imucal_px.o
    0x08001b58   0x00000128   Code   RO          242    .text               system_loop.o
    0x08001c80   0x0000010c   Code   RO          274    .text               systeminit.o
    0x08001d8c   0x0000019c   Code   RO          305    .text               adc.o
    0x08001f28   0x000000e8   Code   RO          331    .text               delay.o
    0x08002010   0x00001128   Code   RO          352    .text               filter.o
    0x08003138   0x00000384   Code   RO          375    .text               i2c.o
    0x080034bc   0x0000032c   Code   RO          404    .text               mpu9250.o
    0x080037e8   0x00000384   Code   RO          430    .text               ms5611.o
    0x08003b6c   0x00000140   Code   RO          453    .text               pwm.o
    0x08003cac   0x0000028c   Code   RO          478    .text               spinrf.o
    0x08003f38   0x000001dc   Code   RO          534    .text               hw_config.o
    0x08004114   0x000000c8   Code   RO          621    .text               usb_endp.o
    0x080041dc   0x000001d0   Code   RO          647    .text               usb_istr.o
    0x080043ac   0x0000023c   Code   RO          673    .text               usb_prop.o
    0x080045e8   0x00000240   Code   RO          704    .text               usb_pwr.o
    0x08004828   0x00000014   Code   RO          731    .text               usb_it.o
    0x0800483c   0x000004ea   Code   RO          749    .text               queue.o
    0x08004d26   0x00000002   PAD
    0x08004d28   0x00000b50   Code   RO          770    .text               usb_core.o
    0x08005878   0x0000003c   Code   RO          793    .text               usb_init.o
    0x080058b4   0x0000033c   Code   RO          824    .text               usb_int.o
    0x08005bf0   0x0000005c   Code   RO          856    .text               usb_mem.o
    0x08005c4c   0x00000808   Code   RO          876    .text               usb_regs.o
    0x08006454   0x00000080   Code   RO          896    .text               usb_sil.o
    0x080064d4   0x0000044e   Code   RO          916    .text               stm32f10x_adc.o
    0x08006922   0x00000002   PAD
    0x08006924   0x0000035c   Code   RO          936    .text               stm32f10x_gpio.o
    0x08006c80   0x000003a4   Code   RO          996    .text               stm32f10x_rcc.o
    0x08007024   0x0000030c   Code   RO         1018    .text               stm32f10x_spi.o
    0x08007330   0x00000e1a   Code   RO         1038    .text               stm32f10x_tim.o
    0x0800814a   0x00000002   PAD
    0x0800814c   0x00000040   Code   RO         1079    .text               startup_stm32f10x_md.o
    0x0800818c   0x000001e0   Code   RO         1085    .text               system_stm32f10x.o
    0x0800836c   0x000005bc   Code   RO         1111    .text               stm32f10x_flash.o
    0x08008928   0x0000011c   Code   RO         1131    .text               stm32f10x_exti.o
    0x08008a44   0x000000dc   Code   RO         1151    .text               misc.o
    0x08008b20   0x0000008a   Code   RO         1193    .text               c_w.l(rt_memcpy_v6.o)
    0x08008baa   0x00000064   Code   RO         1195    .text               c_w.l(rt_memcpy_w.o)
    0x08008c0e   0x0000004e   Code   RO         1197    .text               c_w.l(rt_memclr_w.o)
    0x08008c5c   0x00000006   Code   RO         1199    .text               c_w.l(heapauxi.o)
    0x08008c62   0x00000016   Code   RO         1320    .text               c_w.l(_rserrno.o)
    0x08008c78   0x00000008   Code   RO         1488    .text               c_w.l(rt_errno_addr_intlibspace.o)
    0x08008c80   0x00000008   Code   RO         1520    .text               c_w.l(libspace.o)
    0x08008c88   0x0000004a   Code   RO         1523    .text               c_w.l(sys_stackheap_outer.o)
    0x08008cd2   0x0000000c   Code   RO         1562    .text               c_w.l(exit.o)
    0x08008cde   0x00000002   PAD
    0x08008ce0   0x0000000c   Code   RO         1639    .text               c_w.l(sys_exit.o)
    0x08008cec   0x00000002   Code   RO         1650    .text               c_w.l(use_no_semi.o)
    0x08008cee   0x00000000   Code   RO         1652    .text               c_w.l(indicate_semi.o)
    0x08008cee   0x00000028   Code   RO         1516    i.__ARM_fpclassify  m_ws.l(fpclassify.o)
    0x08008d16   0x00000026   Code   RO         1454    i.__ARM_fpclassifyf  m_ws.l(fpclassifyf.o)
    0x08008d3c   0x000000aa   Code   RO         1518    i.__kernel_poly     m_ws.l(poly.o)
    0x08008de6   0x00000002   PAD
    0x08008de8   0x00000010   Code   RO         1514    i.__mathlib_dbl_underflow  m_ws.l(dunder.o)
    0x08008df8   0x0000000a   Code   RO         1456    i.__mathlib_flt_underflow  m_ws.l(funder.o)
    0x08008e02   0x00000002   PAD
    0x08008e04   0x00000158   Code   RO         1459    i.__mathlib_rredf2  m_ws.l(rredf.o)
    0x08008f5c   0x00000128   Code   RO         1264    i.asinf             m_ws.l(asinf.o)
    0x08009084   0x00000224   Code   RO         1445    i.atan              m_ws.l(atan.o)
    0x080092a8   0x00000180   Code   RO         1272    i.atan2             m_ws.l(atan2.o)
    0x08009428   0x0000025c   Code   RO         1280    i.atan2f            m_ws.l(atan2f.o)
    0x08009684   0x00000184   Code   RO         1288    i.cosf              m_ws.l(cosf.o)
    0x08009808   0x0000018c   Code   RO         1296    i.sinf              m_ws.l(sinf.o)
    0x08009994   0x0000004c   Code   RO         1304    i.sqrt              m_ws.l(sqrt.o)
    0x080099e0   0x0000002c   Code   RO         1463    i.sqrtf             m_ws.l(sqrtf.o)
    0x08009a0c   0x00000178   Code   RO         1312    i.tanf              m_ws.l(tanf.o)
    0x08009b84   0x00000062   Code   RO         1203    x$fpl$d2f           fz_ws.l(d2f.o)
    0x08009be6   0x00000002   PAD
    0x08009be8   0x00000150   Code   RO         1205    x$fpl$dadd          fz_ws.l(daddsub_clz.o)
    0x08009d38   0x00000010   Code   RO         1570    x$fpl$dcheck1       fz_ws.l(dcheck1.o)
    0x08009d48   0x00000018   Code   RO         1413    x$fpl$dcmpinf       fz_ws.l(dcmpi.o)
    0x08009d60   0x000002b0   Code   RO         1212    x$fpl$ddiv          fz_ws.l(ddiv.o)
    0x0800a010   0x0000005a   Code   RO         1215    x$fpl$dfixu         fz_ws.l(dfixu.o)
    0x0800a06a   0x0000002e   Code   RO         1220    x$fpl$dflt          fz_ws.l(dflt_clz.o)
    0x0800a098   0x00000026   Code   RO         1219    x$fpl$dfltu         fz_ws.l(dflt_clz.o)
    0x0800a0be   0x00000002   PAD
    0x0800a0c0   0x00000078   Code   RO         1225    x$fpl$dleqf         fz_ws.l(dleqf.o)
    0x0800a138   0x00000154   Code   RO         1227    x$fpl$dmul          fz_ws.l(dmul.o)
    0x0800a28c   0x0000009c   Code   RO         1415    x$fpl$dnaninf       fz_ws.l(dnaninf.o)
    0x0800a328   0x0000000c   Code   RO         1417    x$fpl$dretinf       fz_ws.l(dretinf.o)
    0x0800a334   0x0000006c   Code   RO         1229    x$fpl$drleqf        fz_ws.l(drleqf.o)
    0x0800a3a0   0x00000016   Code   RO         1206    x$fpl$drsb          fz_ws.l(daddsub_clz.o)
    0x0800a3b6   0x00000002   PAD
    0x0800a3b8   0x000001cc   Code   RO         1419    x$fpl$dsqrt         fz_ws.l(dsqrt_noumaal.o)
    0x0800a584   0x000001d4   Code   RO         1207    x$fpl$dsub          fz_ws.l(daddsub_clz.o)
    0x0800a758   0x00000056   Code   RO         1231    x$fpl$f2d           fz_ws.l(f2d.o)
    0x0800a7ae   0x00000002   PAD
    0x0800a7b0   0x000000c4   Code   RO         1233    x$fpl$fadd          fz_ws.l(faddsub_clz.o)
    0x0800a874   0x0000000c   Code   RO         1508    x$fpl$fcheck1       fz_ws.l(fcheck1.o)
    0x0800a880   0x00000018   Code   RO         1421    x$fpl$fcmpinf       fz_ws.l(fcmpi.o)
    0x0800a898   0x00000184   Code   RO         1240    x$fpl$fdiv          fz_ws.l(fdiv.o)
    0x0800aa1c   0x00000068   Code   RO         1243    x$fpl$feqf          fz_ws.l(feqf.o)
    0x0800aa84   0x00000036   Code   RO         1423    x$fpl$ffix          fz_ws.l(ffix.o)
    0x0800aaba   0x00000002   PAD
    0x0800aabc   0x0000003e   Code   RO         1245    x$fpl$ffixu         fz_ws.l(ffixu.o)
    0x0800aafa   0x00000002   PAD
    0x0800aafc   0x00000030   Code   RO         1250    x$fpl$fflt          fz_ws.l(fflt_clz.o)
    0x0800ab2c   0x00000060   Code   RO         1255    x$fpl$ffltll        fz_ws.l(ffltll_clz.o)
    0x0800ab8c   0x00000026   Code   RO         1249    x$fpl$ffltu         fz_ws.l(fflt_clz.o)
    0x0800abb2   0x00000002   PAD
    0x0800abb4   0x00000068   Code   RO         1257    x$fpl$fleqf         fz_ws.l(fleqf.o)
    0x0800ac1c   0x00000102   Code   RO         1259    x$fpl$fmul          fz_ws.l(fmul.o)
    0x0800ad1e   0x0000008c   Code   RO         1427    x$fpl$fnaninf       fz_ws.l(fnaninf.o)
    0x0800adaa   0x0000000a   Code   RO         1429    x$fpl$fretinf       fz_ws.l(fretinf.o)
    0x0800adb4   0x00000062   Code   RO         1261    x$fpl$frleqf        fz_ws.l(frleqf.o)
    0x0800ae16   0x00000002   PAD
    0x0800ae18   0x00000060   Code   RO         1431    x$fpl$frnd          fz_ws.l(frnd.o)
    0x0800ae78   0x00000014   Code   RO         1234    x$fpl$frsb          fz_ws.l(faddsub_clz.o)
    0x0800ae8c   0x00000110   Code   RO         1510    x$fpl$fsqrt         fz_ws.l(fsqrt.o)
    0x0800af9c   0x000000ea   Code   RO         1235    x$fpl$fsub          fz_ws.l(faddsub_clz.o)
    0x0800b086   0x00000064   Code   RO         1574    x$fpl$retnan        fz_ws.l(retnan.o)
    0x0800b0ea   0x0000005c   Code   RO         1512    x$fpl$scalbn        fz_ws.l(scalbn.o)
    0x0800b146   0x0000004c   Code   RO         1441    x$fpl$scalbnf       fz_ws.l(scalbnf.o)
    0x0800b192   0x00000030   Code   RO         1626    x$fpl$trapveneer    fz_ws.l(trapv.o)
    0x0800b1c2   0x00000000   Code   RO         1443    x$fpl$usenofp       fz_ws.l(usenofp.o)
    0x0800b1c2   0x00000002   PAD
    0x0800b1c4   0x00000024   Data   RO          217    .constdata          imucal_px.o
    0x0800b1e8   0x00000090   Data   RO          454    .constdata          pwm.o
    0x0800b278   0x00000097   Data   RO          600    .constdata          usb_desc.o
    0x0800b30f   0x00000001   PAD
    0x0800b310   0x00000098   Data   RO         1446    .constdata          m_ws.l(atan.o)
    0x0800b3a8   0x00000008   Data   RO         1458    .constdata          m_ws.l(qnan.o)
    0x0800b3b0   0x00000020   Data   RO         1460    .constdata          m_ws.l(rredf.o)
    0x0800b3d0   0x00000020   Data   RO         1704    Region$$Table       anon$$obj.o


    Execution Region RW_IRAM1 (Base: 0x20000000, Size: 0x00001638, Max: 0x00005000, ABSOLUTE, COMPRESSED[0x000000c0])

    Base Addr    Size         Type   Attr      Idx    E Section Name        Object

    0x20000000   0x0000003c   Data   RW            5    .data               main.o
    0x2000003c   0x00000008   Data   RW          191    .data               control.o
    0x20000044   0x00000054   Data   RW          218    .data               imucal_px.o
    0x20000098   0x00000010   Data   RW          243    .data               system_loop.o
    0x200000a8   0x00000040   Data   RW          276    .data               systeminit.o
    0x200000e8   0x0000000c   Data   RW          332    .data               delay.o
    0x200000f4   0x00000120   Data   RW          353    .data               filter.o
    0x20000214   0x0000000c   Data   RW          536    .data               hw_config.o
    0x20000220   0x00000026   Data   RW          601    .data               usb_desc.o
    0x20000246   0x00000002   PAD
    0x20000248   0x00000008   Data   RW          623    .data               usb_endp.o
    0x20000250   0x00000044   Data   RW          648    .data               usb_istr.o
    0x20000294   0x00000094   Data   RW          674    .data               usb_prop.o
    0x20000328   0x0000000c   Data   RW          706    .data               usb_pwr.o
    0x20000334   0x00000003   Data   RW          771    .data               usb_core.o
    0x20000337   0x00000001   PAD
    0x20000338   0x00000014   Data   RW          795    .data               usb_init.o
    0x2000034c   0x00000004   Data   RW          825    .data               usb_int.o
    0x20000350   0x00000014   Data   RW          997    .data               stm32f10x_rcc.o
    0x20000364   0x00000014   Data   RW         1086    .data               system_stm32f10x.o
    0x20000378   0x0000004e   Zero   RW            4    .bss                main.o
    0x200003c6   0x00000002   PAD
    0x200003c8   0x0000000c   Zero   RW          216    .bss                imucal_px.o
    0x200003d4   0x000000f8   Zero   RW          275    .bss                systeminit.o
    0x200004cc   0x00000020   Zero   RW          306    .bss                adc.o
    0x200004ec   0x00000a30   Zero   RW          535    .bss                hw_config.o
    0x20000f1c   0x00000080   Zero   RW          622    .bss                usb_endp.o
    0x20000f9c   0x00000020   Zero   RW          705    .bss                usb_pwr.o
    0x20000fbc   0x0000001c   Zero   RW          794    .bss                usb_init.o
    0x20000fd8   0x00000060   Zero   RW         1521    .bss                c_w.l(libspace.o)
    0x20001038   0x00000200   Zero   RW         1077    HEAP                startup_stm32f10x_md.o
    0x20001238   0x00000400   Zero   RW         1076    STACK               startup_stm32f10x_md.o


==============================================================================

Image component sizes


      Code (inc. data)   RO Data    RW Data    ZI Data      Debug   Object Name

       412         20          0          0         32       2117   adc.o
       824         30          0          8          0       1409   control.o
       232         18          0         12          0       2198   delay.o
      4392        374          0        288          0      13099   filter.o
       476         42          0         12       2608      17033   hw_config.o
       900          6          0          0          0       3890   i2c.o
      3724        248         36         84         12       4159   imucal_px.o
      1996        204          0         60         78     283392   main.o
       220         22          0          0          0       2001   misc.o
       812         10          0          0          0       3735   mpu9250.o
       900         32          0          0          0       2309   ms5611.o
       320         26        144          0          0       2246   pwm.o
      1258          0          0          0          0       5867   queue.o
       652         20          0          0          0       2690   spinrf.o
        64         26        236          0       1536        804   startup_stm32f10x_md.o
      1102         26          0          0          0      11037   stm32f10x_adc.o
       284         10          0          0          0       2439   stm32f10x_exti.o
      1468         34          0          0          0       8230   stm32f10x_flash.o
       860         38          0          0          0       5845   stm32f10x_gpio.o
       932         36          0         20          0       9020   stm32f10x_rcc.o
       780         14          0          0          0       6730   stm32f10x_spi.o
      3610         88          0          0          0      22336   stm32f10x_tim.o
       296         44          0         16          0       1763   system_loop.o
       480         38          0         20          0       1859   system_stm32f10x.o
       268         14          0         64        248      25792   systeminit.o
      2896        114          0          3          0       8071   usb_core.o
         0          0        151         38          0       1035   usb_desc.o
       200         22          0          8        128       1544   usb_endp.o
        60         24          0         20         28       4110   usb_init.o
       828         34          0          4          0       1919   usb_int.o
       464         38          0         68          0       1547   usb_istr.o
        20          0          0          0          0        582   usb_it.o
        92          6          0          0          0       1410   usb_mem.o
       572         42          0        148          0       7219   usb_prop.o
       576         40          0         12         32       2827   usb_pwr.o
      2056         20          0          0          0      11721   usb_regs.o
       128          8          0          0          0       1430   usb_sil.o

    ----------------------------------------------------------------------
     35160       1768        600        888       4704     485415   Object Totals
         0          0         32          0          0          0   (incl. Generated)
         6          0          1          3          2          0   (incl. Padding)

    ----------------------------------------------------------------------

      Code (inc. data)   RO Data    RW Data    ZI Data      Debug   Library Member Name

        90          0          0          0          0          0   __dczerorl2.o
         8          0          0          0          0         68   __main.o
        52          8          0          0          0          0   __scatter.o
        28          0          0          0          0          0   __scatter_zi.o
        22          0          0          0          0        100   _rserrno.o
        12          0          0          0          0         72   exit.o
         6          0          0          0          0        152   heapauxi.o
         0          0          0          0          0          0   indicate_semi.o
         2          0          0          0          0          0   libinit.o
         2          0          0          0          0          0   libinit2.o
         2          0          0          0          0          0   libshutdown.o
         2          0          0          0          0          0   libshutdown2.o
         8          4          0          0         96         68   libspace.o
         8          4          0          0          0         68   rt_errno_addr_intlibspace.o
        78          0          0          0          0         80   rt_memclr_w.o
       138          0          0          0          0         68   rt_memcpy_v6.o
       100          0          0          0          0         80   rt_memcpy_w.o
         0          0          0          0          0          0   rtentry.o
        12          0          0          0          0          0   rtentry2.o
         6          0          0          0          0          0   rtentry4.o
         2          0          0          0          0          0   rtexit.o
        10          0          0          0          0          0   rtexit2.o
        12          4          0          0          0         68   sys_exit.o
        74          0          0          0          0         80   sys_stackheap_outer.o
         2          0          0          0          0         68   use_no_semi.o
        98          4          0          0          0         92   d2f.o
       826         16          0          0          0        348   daddsub_clz.o
        16          4          0          0          0         68   dcheck1.o
        24          0          0          0          0         68   dcmpi.o
       688        140          0          0          0        208   ddiv.o
        90          4          0          0          0         92   dfixu.o
        84          0          0          0          0        136   dflt_clz.o
       120          4          0          0          0         92   dleqf.o
       340         12          0          0          0        104   dmul.o
       156          4          0          0          0         92   dnaninf.o
        12          0          0          0          0         68   dretinf.o
       108          0          0          0          0         80   drleqf.o
       460         56          0          0          0        120   dsqrt_noumaal.o
        86          4          0          0          0         84   f2d.o
       450          8          0          0          0        236   faddsub_clz.o
        12          4          0          0          0         68   fcheck1.o
        24          0          0          0          0         68   fcmpi.o
       388         76          0          0          0         96   fdiv.o
       104          4          0          0          0         84   feqf.o
        54          4          0          0          0         84   ffix.o
        62          4          0          0          0         84   ffixu.o
        86          0          0          0          0        136   fflt_clz.o
        96          0          0          0          0         84   ffltll_clz.o
       104          4          0          0          0         84   fleqf.o
       258          4          0          0          0         84   fmul.o
       140          4          0          0          0         84   fnaninf.o
        10          0          0          0          0         68   fretinf.o
        98          0          0          0          0         68   frleqf.o
        96          4          0          0          0         76   frnd.o
       272        100          0          0          0         88   fsqrt.o
       100          0          0          0          0         68   retnan.o
        92          0          0          0          0         68   scalbn.o
        76          0          0          0          0         68   scalbnf.o
        48          0          0          0          0         68   trapv.o
         0          0          0          0          0          0   usenofp.o
       296         36          0          0          0        120   asinf.o
       548         70        152          0          0        124   atan.o
       384         38          0          0          0        144   atan2.o
       604         76          0          0          0        116   atan2f.o
       388         54          0          0          0        124   cosf.o
        16          6          0          0          0         68   dunder.o
        40          0          0          0          0         68   fpclassify.o
        38          0          0          0          0         68   fpclassifyf.o
        10          0          0          0          0         68   funder.o
       170          0          0          0          0         96   poly.o
         0          0          8          0          0          0   qnan.o
       344         18         32          0          0         88   rredf.o
       396         52          0          0          0        124   sinf.o
        76          0          0          0          0         84   sqrt.o
        44          0          0          0          0         80   sqrtf.o
       376         56          0          0          0        124   tanf.o

    ----------------------------------------------------------------------
     10112        890        192          0         96       5884   Library Totals
        28          0          0          0          0          0   (incl. Padding)

    ----------------------------------------------------------------------

      Code (inc. data)   RO Data    RW Data    ZI Data      Debug   Library Name

       676         20          0          0         96        972   c_w.l
      5678        464          0          0          0       3416   fz_ws.l
      3730        406        192          0          0       1496   m_ws.l

    ----------------------------------------------------------------------
     10112        890        192          0         96       5884   Library Totals

    ----------------------------------------------------------------------

==============================================================================


      Code (inc. data)   RO Data    RW Data    ZI Data      Debug   

     45272       2658        792        888       4800     484899   Grand Totals
     45272       2658        792        192       4800     484899   ELF Image Totals (compressed)
     45272       2658        792        192          0          0   ROM Totals

==============================================================================

    Total RO  Size (Code + RO Data)                46064 (  44.98kB)
    Total RW  Size (RW Data + ZI Data)              5688 (   5.55kB)
    Total ROM Size (Code + RO Data + RW Data)      46256 (  45.17kB)

==============================================================================

