Product: MDK-ARM Professional 5.10
Component: ARM Compiler 5.04 update 1 (build 49)
Tool: armlink [5040049]

==============================================================================

Section Cross References

    main.o(.text) refers to memcpya.o(.text) for __aeabi_memcpy
    main.o(.text) refers to fflti.o(.text) for __aeabi_i2f
    main.o(.text) refers to systeminit.o(.text) for sysclockInit
    main.o(.text) refers to delay.o(.text) for cycleCounterInit
    main.o(.text) refers to spinrf.o(.text) for spi2NrfInit
    main.o(.text) refers to adc.o(.text) for adcInit
    main.o(.text) refers to i2c.o(.text) for i2cInit
    main.o(.text) refers to mpu9250.o(.text) for mpu9250Init
    main.o(.text) refers to ms5611.o(.text) for ms5611Init
    main.o(.text) refers to pwm.o(.text) for pwmInit
    main.o(.text) refers to system_loop.o(.text) for systemLoopTim1Init
    main.o(.text) refers to imucal.o(.text) for accelAndGyroOffset
    main.o(.text) refers to filter.o(.text) for LPF2pSetCutoffFreq_1
    main.o(.text) refers to stm32f10x_gpio.o(.text) for GPIO_ResetBits
    main.o(.text) refers to fadd.o(.text) for __aeabi_fsub
    main.o(.text) refers to fdiv.o(.text) for __aeabi_fdiv
    main.o(.text) refers to main.o(.data) for rxFailCount
    main.o(.text) refers to main.o(.bss) for NRF_RXBUFFER
    main.o(.text) refers to systeminit.o(.bss) for BBCom
    main.o(.text) refers to systeminit.o(.data) for BBMess
    main.o(.text) refers to system_loop.o(.data) for radioFlag
    main.o(.text) refers to stm32f10x_exti.o(.text) for EXTI_GetITStatus
    main.o(.text) refers to dflti.o(.text) for __aeabi_i2d
    main.o(.text) refers to ddiv.o(.text) for __aeabi_ddiv
    main.o(.text) refers to dmul.o(.text) for __aeabi_dmul
    main.o(.text) refers to dfixui.o(.text) for __aeabi_d2uiz
    systeminit.o(.text) refers to stm32f10x_rcc.o(.text) for RCC_DeInit
    systeminit.o(.text) refers to stm32f10x_flash.o(.text) for FLASH_SetLatency
    systeminit.o(.text) refers to stm32f10x_gpio.o(.text) for GPIO_Init
    system_loop.o(.text) refers to stm32f10x_tim.o(.text) for TIM_ClearITPendingBit
    system_loop.o(.text) refers to stm32f10x_rcc.o(.text) for RCC_APB2PeriphClockCmd
    system_loop.o(.text) refers to misc.o(.text) for NVIC_PriorityGroupConfig
    system_loop.o(.text) refers to system_loop.o(.data) for rxTimeOutCount
    imucal.o(.text) refers to fmul.o(.text) for __aeabi_fmul
    imucal.o(.text) refers to fadd.o(.text) for __aeabi_frsub
    imucal.o(.text) refers to cfcmple.o(.text) for __aeabi_cfcmpeq
    imucal.o(.text) refers to fdiv.o(.text) for __aeabi_fdiv
    imucal.o(.text) refers to ddiv.o(.text) for __aeabi_ddiv
    imucal.o(.text) refers to f2d.o(.text) for __aeabi_f2d
    imucal.o(.text) refers to dmul.o(.text) for __aeabi_dmul
    imucal.o(.text) refers to dadd.o(.text) for __aeabi_dadd
    imucal.o(.text) refers to d2f.o(.text) for __aeabi_d2f
    imucal.o(.text) refers to imucal.o(.data) for q0
    imucal.o(.text) refers to delay.o(.text) for currentTime
    imucal.o(.text) refers to dfltui.o(.text) for __aeabi_ui2d
    imucal.o(.text) refers to cdrcmple.o(.text) for __aeabi_cdrcmple
    imucal.o(.text) refers to cdcmple.o(.text) for __aeabi_cdcmple
    imucal.o(.text) refers to asin.o(i.asin) for asin
    imucal.o(.text) refers to atan2.o(i.atan2) for atan2
    imucal.o(.text) refers to fflti.o(.text) for __aeabi_i2f
    imucal.o(.text) refers to ffixui.o(.text) for __aeabi_f2uiz
    imucal.o(.text) refers to pwm.o(.text) for motorPwmFlash
    imucal.o(.text) refers to mpu9250.o(.text) for READ_MPU9250_ACCEL_RAW
    delay.o(.text) refers to stm32f10x_rcc.o(.text) for RCC_GetClocksFreq
    delay.o(.text) refers to delay.o(.data) for TimingDelay
    spinrf.o(.text) refers to stm32f10x_rcc.o(.text) for RCC_APB2PeriphClockCmd
    spinrf.o(.text) refers to stm32f10x_gpio.o(.text) for GPIO_Init
    spinrf.o(.text) refers to stm32f10x_exti.o(.text) for EXTI_Init
    spinrf.o(.text) refers to misc.o(.text) for NVIC_PriorityGroupConfig
    spinrf.o(.text) refers to stm32f10x_spi.o(.text) for SPI_Init
    pwm.o(.text) refers to stm32f10x_rcc.o(.text) for RCC_APB2PeriphClockCmd
    pwm.o(.text) refers to stm32f10x_gpio.o(.text) for GPIO_Init
    pwm.o(.text) refers to stm32f10x_tim.o(.text) for TIM_TimeBaseInit
    pwm.o(.text) refers to pwm.o(.constdata) for MOTO_A
    pwm.o(.constdata) refers to stm32f10x_tim.o(.text) for TIM_OC4Init
    usb2com.o(.text) refers to hw_config.o(.text) for USB_Config
    usb2com.o(.text) refers to memseta.o(.text) for __aeabi_memclr4
    usb2com.o(.text) refers to printfa.o(i.__0vsprintf) for __c89vsprintf
    adc.o(.text) refers to stm32f10x_rcc.o(.text) for RCC_APB2PeriphClockCmd
    adc.o(.text) refers to stm32f10x_gpio.o(.text) for GPIO_Init
    adc.o(.text) refers to stm32f10x_adc.o(.text) for ADC_DeInit
    adc.o(.text) refers to fflti.o(.text) for __aeabi_i2f
    adc.o(.text) refers to fdiv.o(.text) for __aeabi_fdiv
[...]
    q2                                       0x20000070   Data           4  imucal.o(.data)
    q3                                       0x20000074   Data           4  imucal.o(.data)
    exInt                                    0x20000078   Data           4  imucal.o(.data)
    eyInt                                    0x2000007c   Data           4  imucal.o(.data)
    ezInt                                    0x20000080   Data           4  imucal.o(.data)
    samplingTime                             0x20000088   Data           8  imucal.o(.data)
    timeForYawCalculate                      0x20000090   Data           4  imucal.o(.data)
    .data                                    0x20000094   Section       12  delay.o(.data)
    usTicks                                  0x20000098   Data           4  delay.o(.data)
    .data                                    0x200000a0   Section        1  ms5611.o(.data)
    Filtercount                              0x200000a0   Data           1  ms5611.o(.data)
    .data                                    0x200000a4   Section      192  filter.o(.data)
    _cutoff_freq1                            0x200000a4   Data           4  filter.o(.data)
    _a11                                     0x200000a8   Data           4  filter.o(.data)
    _a21                                     0x200000ac   Data           4  filter.o(.data)
    _b01                                     0x200000b0   Data           4  filter.o(.data)
    _b11                                     0x200000b4   Data           4  filter.o(.data)
    _b21                                     0x200000b8   Data           4  filter.o(.data)
    _delay_element_11                        0x200000bc   Data           4  filter.o(.data)
    _delay_element_21                        0x200000c0   Data           4  filter.o(.data)
    _cutoff_freq2                            0x200000c4   Data           4  filter.o(.data)
    _a12                                     0x200000c8   Data           4  filter.o(.data)
    _a22                                     0x200000cc   Data           4  filter.o(.data)
    _b02                                     0x200000d0   Data           4  filter.o(.data)
    _b12                                     0x200000d4   Data           4  filter.o(.data)
    _b22                                     0x200000d8   Data           4  filter.o(.data)
    _delay_element_12                        0x200000dc   Data           4  filter.o(.data)
    _delay_element_22                        0x200000e0   Data           4  filter.o(.data)
    _cutoff_freq3                            0x200000e4   Data           4  filter.o(.data)
    _a13                                     0x200000e8   Data           4  filter.o(.data)
    _a23                                     0x200000ec   Data           4  filter.o(.data)
    _b03                                     0x200000f0   Data           4  filter.o(.data)
    _b13                                     0x200000f4   Data           4  filter.o(.data)
    _b23                                     0x200000f8   Data           4  filter.o(.data)
    _delay_element_13                        0x200000fc   Data           4  filter.o(.data)
    _delay_element_23                        0x20000100   Data           4  filter.o(.data)
    _cutoff_freq4                            0x20000104   Data           4  filter.o(.data)
    _a14                                     0x20000108   Data           4  filter.o(.data)
    _a24                                     0x2000010c   Data           4  filter.o(.data)
    _b04                                     0x20000110   Data           4  filter.o(.data)
    _b14                                     0x20000114   Data           4  filter.o(.data)
    _b24                                     0x20000118   Data           4  filter.o(.data)
    _delay_element_14                        0x2000011c   Data           4  filter.o(.data)
    _delay_element_24                        0x20000120   Data           4  filter.o(.data)
    _cutoff_freq5                            0x20000124   Data           4  filter.o(.data)
    _a15                                     0x20000128   Data           4  filter.o(.data)
    _a25                                     0x2000012c   Data           4  filter.o(.data)
    _b05                                     0x20000130   Data           4  filter.o(.data)
    _b15                                     0x20000134   Data           4  filter.o(.data)
    _b25                                     0x20000138   Data           4  filter.o(.data)
    _delay_element_15                        0x2000013c   Data           4  filter.o(.data)
    _delay_element_25                        0x20000140   Data           4  filter.o(.data)
    _cutoff_freq6                            0x20000144   Data           4  filter.o(.data)
    _a16                                     0x20000148   Data           4  filter.o(.data)
    _a26                                     0x2000014c   Data           4  filter.o(.data)
    _b06                                     0x20000150   Data           4  filter.o(.data)
    _b16                                     0x20000154   Data           4  filter.o(.data)
    _b26                                     0x20000158   Data           4  filter.o(.data)
    _delay_element_16                        0x2000015c   Data           4  filter.o(.data)
    _delay_element_26                        0x20000160   Data           4  filter.o(.data)
    .data                                    0x20000164   Section       12  hw_config.o(.data)
    .data                                    0x20000170   Section       38  usb_desc.o(.data)
    .data                                    0x20000198   Section        8  usb_endp.o(.data)
    txFlg                                    0x20000198   Data           1  usb_endp.o(.data)
    FrameCount                               0x2000019c   Data           4  usb_endp.o(.data)
    .data                                    0x200001a0   Section       68  usb_istr.o(.data)
    .data                                    0x200001e4   Section      148  usb_prop.o(.data)
    .data                                    0x20000278   Section       12  usb_pwr.o(.data)
    .data                                    0x20000284   Section        3  usb_core.o(.data)
    .data                                    0x20000288   Section       20  usb_init.o(.data)
    .data                                    0x2000029c   Section        4  usb_int.o(.data)
    .data                                    0x200002a0   Section       20  stm32f10x_rcc.o(.data)
    APBAHBPrescTable                         0x200002a0   Data          16  stm32f10x_rcc.o(.data)
    ADCPrescTable                            0x200002b0   Data           4  stm32f10x_rcc.o(.data)
    .data                                    0x200002b4   Section       20  system_stm32f10x.o(.data)
    .data                                    0x200002c8   Section        4  errno.o(.data)
    _errno                                   0x200002c8   Data           4  errno.o(.data)
    .bss                                     0x200002cc   Section       78  main.o(.bss)
    MS5611_PROM                              0x2000030c   Data          14  main.o(.bss)
    .bss                                     0x2000031c   Section      248  systeminit.o(.bss)
    .bss                                     0x20000414   Section       32  adc.o(.bss)
    .bss                                     0x20000434   Section     2608  hw_config.o(.bss)
    m_QueueUsbComRx                          0x20000444   Data          16  hw_config.o(.bss)
    m_QueueUsbComTx                          0x20000454   Data          16  hw_config.o(.bss)
    m_UsbComRxBuf                            0x20000464   Data        1280  hw_config.o(.bss)
    m_UsbComTxBuf                            0x20000964   Data        1280  hw_config.o(.bss)
    .bss                                     0x20000e64   Section      128  usb_endp.o(.bss)
    txBuffter                                0x20000e64   Data          64  usb_endp.o(.bss)
    buffter                                  0x20000ea4   Data          64  usb_endp.o(.bss)
    .bss                                     0x20000ee4   Section       32  usb_pwr.o(.bss)
    .bss                                     0x20000f04   Section       28  usb_init.o(.bss)
    STACK                                    0x20000f20   Section     1024  startup_stm32f10x_md.o(STACK)

    Global Symbols

    Symbol Name                              Value     Ov Type        Size  Object(Section)

    BuildAttributes$$THM_ISAv4$P$D$K$B$S$PE$A:L22UL41UL21$X:L11$S22US41US21$IEEE1$IW$USESV6$~STKCKD$USESV7$~SHL$OTIME$ROPI$IEEEX$EBA8$MICROLIB$REQ8$PRES8$EABIv2 0x00000000   Number         0  anon$$obj.o ABSOLUTE
    __ARM_use_no_argv                        0x00000000   Number         0  main.o ABSOLUTE
    __cpp_initialize__aeabi_                  - Undefined Weak Reference
    __cxa_finalize                            - Undefined Weak Reference
    _clock_init                               - Undefined Weak Reference
    _microlib_exit                            - Undefined Weak Reference
    __Vectors_Size                           0x000000ec   Number         0  startup_stm32f10x_md.o ABSOLUTE
    __Vectors                                0x08000000   Data           4  startup_stm32f10x_md.o(RESET)
    __Vectors_End                            0x080000ec   Data           0  startup_stm32f10x_md.o(RESET)
    __main                                   0x080000ed   Thumb Code     0  entry.o(.ARM.Collect$$$$00000000)
    _main_stk                                0x080000ed   Thumb Code     0  entry2.o(.ARM.Collect$$$$00000001)
    _main_scatterload                        0x080000f1   Thumb Code     0  entry5.o(.ARM.Collect$$$$00000004)
    __main_after_scatterload                 0x080000f5   Thumb Code     0  entry5.o(.ARM.Collect$$$$00000004)
    _main_clock                              0x080000f5   Thumb Code     0  entry7b.o(.ARM.Collect$$$$00000008)
    _main_cpp_init                           0x080000f5   Thumb Code     0  entry8b.o(.ARM.Collect$$$$0000000A)
    _main_init                               0x080000f5   Thumb Code     0  entry9a.o(.ARM.Collect$$$$0000000B)
    __rt_final_cpp                           0x080000fd   Thumb Code     0  entry10a.o(.ARM.Collect$$$$0000000D)
    __rt_final_exit                          0x080000fd   Thumb Code     0  entry11a.o(.ARM.Collect$$$$0000000F)
    nrfReceiveResult                         0x08000101   Thumb Code   314  main.o(.text)
    main                                     0x0800023b   Thumb Code   956  main.o(.text)
    nrfTransmitResult                        0x080005f7   Thumb Code    46  main.o(.text)
    EXTI9_5_IRQHandler                       0x08000625   Thumb Code   232  main.o(.text)
    sysclockInit                             0x08000741   Thumb Code   106  systeminit.o(.text)
    systickInit                              0x080007ab   Thumb Code    76  systeminit.o(.text)
    ledInit                                  0x080007f7   Thumb Code    72  systeminit.o(.text)
    TIM1_UP_IRQHandler                       0x0800084d   Thumb Code   140  system_loop.o(.text)
    systemLoopTim1Init                       0x080008d9   Thumb Code   112  system_loop.o(.text)
    invSqrt                                  0x08000975   Thumb Code    86  imucal.o(.text)
    imuUpdate                                0x080009cb   Thumb Code  1780  imucal.o(.text)
    pidControl                               0x080010bf   Thumb Code   178  imucal.o(.text)
    motorUpdate                              0x08001171   Thumb Code   526  imucal.o(.text)
    accelAndGyroOffset                       0x0800137f   Thumb Code   168  imucal.o(.text)
    delay_us                                 0x08001439   Thumb Code    20  delay.o(.text)
    delay_ms                                 0x0800144d   Thumb Code    26  delay.o(.text)
    cycleCounterInit                         0x08001467   Thumb Code    26  delay.o(.text)
    SysTick_Handler                          0x08001481   Thumb Code    28  delay.o(.text)
    currentTime                              0x0800149d   Thumb Code    38  delay.o(.text)
    delay_current_us                         0x080014c3   Thumb Code    24  delay.o(.text)
    delay_current_ms                         0x080014db   Thumb Code    34  delay.o(.text)
    delay_noInt_ms                           0x080014fd   Thumb Code    18  delay.o(.text)
    spi2NrfInit                              0x08001521   Thumb Code   292  spinrf.o(.text)
    SPI_RW                                   0x08001645   Thumb Code    50  spinrf.o(.text)
    NRF_Write_Buf                            0x08001677   Thumb Code    62  spinrf.o(.text)
    NRF_Read_Buf                             0x080016b5   Thumb Code    74  spinrf.o(.text)
    NRF24L01_Check                           0x080016ff   Thumb Code    68  spinrf.o(.text)
    NRF_Write_Reg                            0x08001743   Thumb Code    44  spinrf.o(.text)
    NRF_Read_Reg                             0x0800176f   Thumb Code    42  spinrf.o(.text)
    MOTO_Init                                0x080017ad   Thumb Code   168  pwm.o(.text)
    pwmInit                                  0x08001855   Thumb Code    30  pwm.o(.text)
    motorPwmFlash                            0x08001873   Thumb Code    96  pwm.o(.text)
    adcInit                                  0x080018ed   Thumb Code   178  adc.o(.text)
    adcGetChannelValue                       0x0800199f   Thumb Code    46  adc.o(.text)
    adcBatteryConversion                     0x080019cd   Thumb Code    70  adc.o(.text)
    adcCurrentConversion                     0x08001a13   Thumb Code    98  adc.o(.text)
    mpu9250Init                              0x08001a89   Thumb Code   144  mpu9250.o(.text)
    Get_MPU9250_ID                           0x08001b19   Thumb Code    12  mpu9250.o(.text)
    Get_AK8963_ID_Bypass                     0x08001b25   Thumb Code    28  mpu9250.o(.text)
    MPU9250_Check                            0x08001b41   Thumb Code    18  mpu9250.o(.text)
    AK8963_Check_Bypass                      0x08001b53   Thumb Code    18  mpu9250.o(.text)
    READ_MPU9250_ACCEL_RAW                   0x08001b65   Thumb Code    66  mpu9250.o(.text)
    READ_MPU9250_GYRO_RAW                    0x08001ba7   Thumb Code    66  mpu9250.o(.text)
    READ_MPU9250_TEMP_RAW                    0x08001be9   Thumb Code    32  mpu9250.o(.text)
    READ_MPU9250_Bypass_MAG_RAW              0x08001c09   Thumb Code    82  mpu9250.o(.text)
    MPU9250_OFFSET                           0x08001c5b   Thumb Code     2  mpu9250.o(.text)
    MS5611_Reset                             0x08001c65   Thumb Code    32  ms5611.o(.text)
    ms5611Init                               0x08001c85   Thumb Code     8  ms5611.o(.text)
    MS5611_PROM_READ                         0x08001c8d   Thumb Code   128  ms5611.o(.text)
    MS5611_SendCmd_StartConversionAndGetIt   0x08001d0d   Thumb Code   148  ms5611.o(.text)
    MS5611_GetTempture                       0x08001da1   Thumb Code    68  ms5611.o(.text)
    MS5611_GetPressure                       0x08001de5   Thumb Code   406  ms5611.o(.text)
    MS5611_GetAltitude                       0x08001f7b   Thumb Code   178  ms5611.o(.text)
    i2cInit                                  0x08002061   Thumb Code    38  i2c.o(.text)
    I2C_Start                                0x08002087   Thumb Code    92  i2c.o(.text)
    I2C_Stop                                 0x080020e3   Thumb Code    60  i2c.o(.text)
    I2C_Ack                                  0x0800211f   Thumb Code    60  i2c.o(.text)
    I2C_NoAck                                0x0800215b   Thumb Code    60  i2c.o(.text)
    I2C_WaitAck                              0x08002197   Thumb Code    80  i2c.o(.text)
    I2C_SendByte                             0x080021e7   Thumb Code    90  i2c.o(.text)
    I2C_ReceiveByte                          0x08002241   Thumb Code    86  i2c.o(.text)
    Single_Write                             0x08002297   Thumb Code    72  i2c.o(.text)
    Single_Read                              0x080022df   Thumb Code    80  i2c.o(.text)
    Multiple_Read                            0x0800232f   Thumb Code   106  i2c.o(.text)
    LPF2pSetCutoffFreq_1                     0x0800239d   Thumb Code   280  filter.o(.text)
    LPF2pApply_1                             0x080024b5   Thumb Code   162  filter.o(.text)
    LPF2pSetCutoffFreq_2                     0x08002557   Thumb Code   280  filter.o(.text)
    LPF2pApply_2                             0x0800266f   Thumb Code   162  filter.o(.text)
    LPF2pSetCutoffFreq_3                     0x08002711   Thumb Code   374  filter.o(.text)
    LPF2pApply_3                             0x08002887   Thumb Code   162  filter.o(.text)
    LPF2pSetCutoffFreq_4                     0x08002929   Thumb Code   280  filter.o(.text)
    LPF2pApply_4                             0x08002a41   Thumb Code   162  filter.o(.text)
    LPF2pSetCutoffFreq_5                     0x08002ae3   Thumb Code   280  filter.o(.text)
    LPF2pApply_5                             0x08002bfb   Thumb Code   274  filter.o(.text)
    LPF2pSetCutoffFreq_6                     0x08002d0d   Thumb Code   280  filter.o(.text)
    LPF2pApply_6                             0x08002e25   Thumb Code   162  filter.o(.text)
    Set_System                               0x08002f09   Thumb Code    94  hw_config.o(.text)
    Set_USBClock                             0x08002f67   Thumb Code    18  hw_config.o(.text)
    Enter_LowPowerMode                       0x08002f79   Thumb Code     8  hw_config.o(.text)
    Leave_LowPowerMode                       0x08002f81   Thumb Code    22  hw_config.o(.text)
    USB_Interrupts_Config                    0x08002f97   Thumb Code    66  hw_config.o(.text)
    USB_Cable_Config                         0x08002fd9   Thumb Code    30  hw_config.o(.text)
    USB_Config                               0x08002ff7   Thumb Code    20  hw_config.o(.text)
    USB_RxRead                               0x0800300b   Thumb Code    18  hw_config.o(.text)
    USB_RxWrite                              0x0800301d   Thumb Code    18  hw_config.o(.text)
    USB_TxRead                               0x0800302f   Thumb Code    18  hw_config.o(.text)
    USB_TxWrite                              0x08003041   Thumb Code    18  hw_config.o(.text)
    Get_SerialNum                            0x08003091   Thumb Code    42  hw_config.o(.text)
    EP1_IN_Callback                          0x080030e5   Thumb Code    66  usb_endp.o(.text)
    EP3_OUT_Callback                         0x08003127   Thumb Code    28  usb_endp.o(.text)
    SOF_Callback                             0x08003143   Thumb Code    84  usb_endp.o(.text)
    USB_Istr                                 0x080031ad   Thumb Code   426  usb_istr.o(.text)
    Virtual_Com_Port_init                    0x0800337d   Thumb Code    30  usb_prop.o(.text)
    Virtual_Com_Port_Reset                   0x0800339b   Thumb Code   216  usb_prop.o(.text)
    Virtual_Com_Port_SetConfiguration        0x08003473   Thumb Code    14  usb_prop.o(.text)
    Virtual_Com_Port_SetDeviceAddress        0x08003481   Thumb Code     8  usb_prop.o(.text)
    Virtual_Com_Port_Status_In               0x08003489   Thumb Code    16  usb_prop.o(.text)
    Virtual_Com_Port_Status_Out              0x08003499   Thumb Code     2  usb_prop.o(.text)
    Virtual_Com_Port_SetLineCoding           0x0800349b   Thumb Code    20  usb_prop.o(.text)
    Virtual_Com_Port_GetLineCoding           0x080034af   Thumb Code    20  usb_prop.o(.text)
    Virtual_Com_Port_Data_Setup              0x080034c3   Thumb Code    86  usb_prop.o(.text)
    Virtual_Com_Port_NoData_Setup            0x08003519   Thumb Code    36  usb_prop.o(.text)
    Virtual_Com_Port_GetDeviceDescriptor     0x0800353d   Thumb Code    14  usb_prop.o(.text)
    Virtual_Com_Port_GetConfigDescriptor     0x0800354b   Thumb Code    14  usb_prop.o(.text)
    Virtual_Com_Port_GetStringDescriptor     0x08003559   Thumb Code    32  usb_prop.o(.text)
    Virtual_Com_Port_Get_Interface_Setting   0x08003579   Thumb Code    22  usb_prop.o(.text)
    PowerOn                                  0x080035b9   Thumb Code    54  usb_pwr.o(.text)
    PowerOff                                 0x080035ef   Thumb Code    28  usb_pwr.o(.text)
    Suspend                                  0x0800360b   Thumb Code   238  usb_pwr.o(.text)
    Resume_Init                              0x080036f9   Thumb Code    30  usb_pwr.o(.text)
    Resume                                   0x08003717   Thumb Code   194  usb_pwr.o(.text)
    USB_LP_CAN1_RX0_IRQHandler               0x080037f9   Thumb Code     8  usb_it.o(.text)
    USBWakeUp_IRQHandler                     0x08003801   Thumb Code    12  usb_it.o(.text)
    QUEUE_PacketCreate                       0x0800380d   Thumb Code    14  queue.o(.text)
    QUEUE_PacketIn                           0x0800381b   Thumb Code    60  queue.o(.text)
    QUEUE_PacketOut                          0x08003857   Thumb Code    58  queue.o(.text)
    QUEUE_PacketLengthGet                    0x08003891   Thumb Code    44  queue.o(.text)
    QUEUE_PacketStartEndDifferentCharSplit   0x080038bd   Thumb Code   246  queue.o(.text)
    QUEUE_PacketStartEndCharSplit            0x080039b3   Thumb Code   270  queue.o(.text)
    QUEUE_PacketCharSplit                    0x08003ac1   Thumb Code   164  queue.o(.text)
    QUEUE_PacketDoubleEndCharSplit           0x08003b65   Thumb Code   180  queue.o(.text)
    QUEUE_StructCreate                       0x08003c19   Thumb Code    22  queue.o(.text)
    QUEUE_StructIn                           0x08003c2f   Thumb Code    80  queue.o(.text)
    QUEUE_StructOut                          0x08003c7f   Thumb Code    80  queue.o(.text)
    QUEUE_StructCountGet                     0x08003ccf   Thumb Code    40  queue.o(.text)
    Standard_GetConfiguration                0x08003cf9   Thumb Code    34  usb_core.o(.text)
    Standard_SetConfiguration                0x08003d1b   Thumb Code    60  usb_core.o(.text)
    Standard_GetInterface                    0x08003d57   Thumb Code    34  usb_core.o(.text)
    Standard_SetInterface                    0x08003d79   Thumb Code    96  usb_core.o(.text)
    Standard_GetStatus                       0x08003dd9   Thumb Code   238  usb_core.o(.text)
    Standard_ClearFeature                    0x08003ec7   Thumb Code   342  usb_core.o(.text)
    Standard_SetEndPointFeature              0x0800401d   Thumb Code   220  usb_core.o(.text)
    Standard_SetDeviceFeature                0x080040f9   Thumb Code    30  usb_core.o(.text)
    Standard_GetDescriptorData               0x08004117   Thumb Code    32  usb_core.o(.text)
    Post0_Process                            0x0800464b   Thumb Code    54  usb_core.o(.text)
    Setup0_Process                           0x08004681   Thumb Code   170  usb_core.o(.text)
    SetDeviceAddress                         0x0800472b   Thumb Code    70  usb_core.o(.text)
    In0_Process                              0x08004771   Thumb Code    98  usb_core.o(.text)
    Out0_Process                             0x080047d3   Thumb Code    70  usb_core.o(.text)
    NOP_Process                              0x08004819   Thumb Code     2  usb_core.o(.text)
    USB_Init                                 0x08004849   Thumb Code    36  usb_init.o(.text)
    CTR_LP                                   0x08004885   Thumb Code   616  usb_int.o(.text)
    CTR_HP                                   0x08004aed   Thumb Code   178  usb_int.o(.text)
    UserToPMABufferCopy                      0x08004bc1   Thumb Code    52  usb_mem.o(.text)
    PMAToUserBufferCopy                      0x08004bf5   Thumb Code    34  usb_mem.o(.text)
    SetCNTR                                  0x08004c1d   Thumb Code     6  usb_regs.o(.text)
    GetCNTR                                  0x08004c23   Thumb Code     8  usb_regs.o(.text)
    SetISTR                                  0x08004c2b   Thumb Code     8  usb_regs.o(.text)
    GetISTR                                  0x08004c33   Thumb Code    10  usb_regs.o(.text)
    GetFNR                                   0x08004c3d   Thumb Code    10  usb_regs.o(.text)
    SetDADDR                                 0x08004c47   Thumb Code     8  usb_regs.o(.text)
    GetDADDR                                 0x08004c4f   Thumb Code    10  usb_regs.o(.text)
    SetBTABLE                                0x08004c59   Thumb Code    14  usb_regs.o(.text)
    GetBTABLE                                0x08004c67   Thumb Code    10  usb_regs.o(.text)
    SetENDPOINT                              0x08004c71   Thumb Code    12  usb_regs.o(.text)
    GetENDPOINT                              0x08004c7d   Thumb Code    16  usb_regs.o(.text)
    SetEPType                                0x08004c8d   Thumb Code    32  usb_regs.o(.text)
    GetEPType                                0x08004cad   Thumb Code    18  usb_regs.o(.text)
    SetEPTxStatus                            0x08004cbf   Thumb Code    60  usb_regs.o(.text)
    SetEPRxStatus                            0x08004cfb   Thumb Code    60  usb_regs.o(.text)
    SetDouBleBuffEPStall                     0x08004d37   Thumb Code    54  usb_regs.o(.text)
    GetEPTxStatus                            0x08004d6d   Thumb Code    18  usb_regs.o(.text)
    GetEPRxStatus                            0x08004d7f   Thumb Code    18  usb_regs.o(.text)
    SetEPTxValid                             0x08004d91   Thumb Code    48  usb_regs.o(.text)
    SetEPRxValid                             0x08004dc1   Thumb Code    48  usb_regs.o(.text)
    SetEP_KIND                               0x08004df1   Thumb Code    38  usb_regs.o(.text)
    ClearEP_KIND                             0x08004e17   Thumb Code    34  usb_regs.o(.text)
    Clear_Status_Out                         0x08004e39   Thumb Code    34  usb_regs.o(.text)
    Set_Status_Out                           0x08004e5b   Thumb Code    38  usb_regs.o(.text)
    SetEPDoubleBuff                          0x08004e81   Thumb Code    38  usb_regs.o(.text)
    ClearEPDoubleBuff                        0x08004ea7   Thumb Code    34  usb_regs.o(.text)
    GetTxStallStatus                         0x08004ec9   Thumb Code    28  usb_regs.o(.text)
    GetRxStallStatus                         0x08004ee5   Thumb Code    30  usb_regs.o(.text)
    ClearEP_CTR_RX                           0x08004f03   Thumb Code    32  usb_regs.o(.text)
    ClearEP_CTR_TX                           0x08004f23   Thumb Code    28  usb_regs.o(.text)
    ToggleDTOG_RX                            0x08004f3f   Thumb Code    34  usb_regs.o(.text)
    ToggleDTOG_TX                            0x08004f61   Thumb Code    34  usb_regs.o(.text)
    ClearDTOG_RX                             0x08004f83   Thumb Code    48  usb_regs.o(.text)
    ClearDTOG_TX                             0x08004fb3   Thumb Code    48  usb_regs.o(.text)
    SetEPAddress                             0x08004fe3   Thumb Code    46  usb_regs.o(.text)
    GetEPAddress                             0x08005011   Thumb Code    18  usb_regs.o(.text)
    SetEPTxAddr                              0x08005023   Thumb Code    24  usb_regs.o(.text)
    SetEPRxAddr                              0x0800503b   Thumb Code    26  usb_regs.o(.text)
    GetEPTxAddr                              0x08005055   Thumb Code    22  usb_regs.o(.text)
    GetEPRxAddr                              0x0800506b   Thumb Code    24  usb_regs.o(.text)
    SetEPTxCount                             0x08005083   Thumb Code    20  usb_regs.o(.text)
    SetEPCountRxReg                          0x08005097   Thumb Code    48  usb_regs.o(.text)
    SetEPRxCount                             0x080050c7   Thumb Code    68  usb_regs.o(.text)
    GetEPTxCount                             0x0800510b   Thumb Code    26  usb_regs.o(.text)
    GetEPRxCount                             0x08005125   Thumb Code    26  usb_regs.o(.text)
    SetEPDblBuffAddr                         0x0800513f   Thumb Code    44  usb_regs.o(.text)
    SetEPDblBuf0Addr                         0x0800516b   Thumb Code    24  usb_regs.o(.text)
    SetEPDblBuf1Addr                         0x08005183   Thumb Code    26  usb_regs.o(.text)
    GetEPDblBuf0Addr                         0x0800519d   Thumb Code    22  usb_regs.o(.text)
    GetEPDblBuf1Addr                         0x080051b3   Thumb Code    24  usb_regs.o(.text)
    SetEPDblBuffCount                        0x080051cb   Thumb Code   186  usb_regs.o(.text)
    SetEPDblBuf0Count                        0x08005285   Thumb Code    96  usb_regs.o(.text)
    SetEPDblBuf1Count                        0x080052e5   Thumb Code    96  usb_regs.o(.text)
    GetEPDblBuf0Count                        0x08005345   Thumb Code    26  usb_regs.o(.text)
    GetEPDblBuf1Count                        0x0800535f   Thumb Code    26  usb_regs.o(.text)
    GetEPDblBufDir                           0x08005379   Thumb Code    62  usb_regs.o(.text)
    FreeUserBuffer                           0x080053b7   Thumb Code    90  usb_regs.o(.text)
    ToWord                                   0x08005411   Thumb Code     8  usb_regs.o(.text)
    ByteSwap                                 0x08005419   Thumb Code    12  usb_regs.o(.text)
    USB_SIL_Init                             0x08005425   Thumb Code    28  usb_sil.o(.text)
    USB_SIL_Write                            0x08005441   Thumb Code    46  usb_sil.o(.text)
    USB_SIL_Read                             0x0800546f   Thumb Code    46  usb_sil.o(.text)
    ADC_DeInit                               0x080054a5   Thumb Code    78  stm32f10x_adc.o(.text)
    ADC_Init                                 0x080054f3   Thumb Code    70  stm32f10x_adc.o(.text)
    ADC_StructInit                           0x08005539   Thumb Code    18  stm32f10x_adc.o(.text)
    ADC_Cmd                                  0x0800554b   Thumb Code    22  stm32f10x_adc.o(.text)
    ADC_DMACmd                               0x08005561   Thumb Code    22  stm32f10x_adc.o(.text)
    ADC_ITConfig                             0x08005577   Thumb Code    24  stm32f10x_adc.o(.text)
    ADC_ResetCalibration                     0x0800558f   Thumb Code    10  stm32f10x_adc.o(.text)
    ADC_GetResetCalibrationStatus            0x08005599   Thumb Code    20  stm32f10x_adc.o(.text)
    ADC_StartCalibration                     0x080055ad   Thumb Code    10  stm32f10x_adc.o(.text)
    ADC_GetCalibrationStatus                 0x080055b7   Thumb Code    20  stm32f10x_adc.o(.text)
    ADC_SoftwareStartConvCmd                 0x080055cb   Thumb Code    22  stm32f10x_adc.o(.text)
    ADC_GetSoftwareStartConvStatus           0x080055e1   Thumb Code    20  stm32f10x_adc.o(.text)
    ADC_DiscModeChannelCountConfig           0x080055f5   Thumb Code    24  stm32f10x_adc.o(.text)
    ADC_DiscModeCmd                          0x0800560d   Thumb Code    22  stm32f10x_adc.o(.text)
    ADC_RegularChannelConfig                 0x08005623   Thumb Code   184  stm32f10x_adc.o(.text)
    ADC_ExternalTrigConvCmd                  0x080056db   Thumb Code    22  stm32f10x_adc.o(.text)
    ADC_GetConversionValue                   0x080056f1   Thumb Code     8  stm32f10x_adc.o(.text)
    ADC_GetDualModeConversionValue           0x080056f9   Thumb Code     8  stm32f10x_adc.o(.text)
    ADC_AutoInjectedConvCmd                  0x08005701   Thumb Code    22  stm32f10x_adc.o(.text)
    ADC_InjectedDiscModeCmd                  0x08005717   Thumb Code    22  stm32f10x_adc.o(.text)
    ADC_ExternalTrigInjectedConvConfig       0x0800572d   Thumb Code    16  stm32f10x_adc.o(.text)
    ADC_ExternalTrigInjectedConvCmd          0x0800573d   Thumb Code    22  stm32f10x_adc.o(.text)
    ADC_SoftwareStartInjectedConvCmd         0x08005753   Thumb Code    22  stm32f10x_adc.o(.text)
    ADC_GetSoftwareStartInjectedConvCmdStatus 0x08005769   Thumb Code    20  stm32f10x_adc.o(.text)
    ADC_InjectedChannelConfig                0x0800577d   Thumb Code   130  stm32f10x_adc.o(.text)
    ADC_InjectedSequencerLengthConfig        0x080057ff   Thumb Code    24  stm32f10x_adc.o(.text)
    ADC_SetInjectedOffset                    0x08005817   Thumb Code    20  stm32f10x_adc.o(.text)
    ADC_GetInjectedConversionValue           0x0800582b   Thumb Code    28  stm32f10x_adc.o(.text)
    ADC_AnalogWatchdogCmd                    0x08005847   Thumb Code    16  stm32f10x_adc.o(.text)
    ADC_AnalogWatchdogThresholdsConfig       0x08005857   Thumb Code     6  stm32f10x_adc.o(.text)
    ADC_AnalogWatchdogSingleChannelConfig    0x0800585d   Thumb Code    16  stm32f10x_adc.o(.text)
    ADC_TempSensorVrefintCmd                 0x0800586d   Thumb Code    64  stm32f10x_adc.o(.text)
    ADC_GetFlagStatus                        0x080058ad   Thumb Code    18  stm32f10x_adc.o(.text)
    ADC_ClearFlag                            0x080058bf   Thumb Code     6  stm32f10x_adc.o(.text)
    ADC_GetITStatus                          0x080058c5   Thumb Code    36  stm32f10x_adc.o(.text)
    ADC_ClearITPendingBit                    0x080058e9   Thumb Code    10  stm32f10x_adc.o(.text)
    GPIO_DeInit                              0x080058f5   Thumb Code   172  stm32f10x_gpio.o(.text)
    GPIO_AFIODeInit                          0x080059a1   Thumb Code    20  stm32f10x_gpio.o(.text)
    GPIO_Init                                0x080059b5   Thumb Code   278  stm32f10x_gpio.o(.text)
    GPIO_StructInit                          0x08005acb   Thumb Code    16  stm32f10x_gpio.o(.text)
    GPIO_ReadInputDataBit                    0x08005adb   Thumb Code    18  stm32f10x_gpio.o(.text)
    GPIO_ReadInputData                       0x08005aed   Thumb Code     8  stm32f10x_gpio.o(.text)
    GPIO_ReadOutputDataBit                   0x08005af5   Thumb Code    18  stm32f10x_gpio.o(.text)
    GPIO_ReadOutputData                      0x08005b07   Thumb Code     8  stm32f10x_gpio.o(.text)
    GPIO_SetBits                             0x08005b0f   Thumb Code     4  stm32f10x_gpio.o(.text)
    GPIO_ResetBits                           0x08005b13   Thumb Code     4  stm32f10x_gpio.o(.text)
    GPIO_WriteBit                            0x08005b17   Thumb Code    10  stm32f10x_gpio.o(.text)
    GPIO_Write                               0x08005b21   Thumb Code     4  stm32f10x_gpio.o(.text)
    GPIO_PinLockConfig                       0x08005b25   Thumb Code    18  stm32f10x_gpio.o(.text)
    GPIO_EventOutputConfig                   0x08005b37   Thumb Code    26  stm32f10x_gpio.o(.text)
    GPIO_EventOutputCmd                      0x08005b51   Thumb Code     6  stm32f10x_gpio.o(.text)
    GPIO_PinRemapConfig                      0x08005b57   Thumb Code   138  stm32f10x_gpio.o(.text)
    GPIO_EXTILineConfig                      0x08005be1   Thumb Code    66  stm32f10x_gpio.o(.text)
    GPIO_ETH_MediaInterfaceConfig            0x08005c23   Thumb Code     8  stm32f10x_gpio.o(.text)
    RCC_DeInit                               0x08005c51   Thumb Code    64  stm32f10x_rcc.o(.text)
    RCC_HSEConfig                            0x08005c91   Thumb Code    70  stm32f10x_rcc.o(.text)
    RCC_GetFlagStatus                        0x08005cd7   Thumb Code    56  stm32f10x_rcc.o(.text)
    RCC_WaitForHSEStartUp                    0x08005d0f   Thumb Code    56  stm32f10x_rcc.o(.text)
    RCC_AdjustHSICalibrationValue            0x08005d47   Thumb Code    20  stm32f10x_rcc.o(.text)
    RCC_HSICmd                               0x08005d5b   Thumb Code     6  stm32f10x_rcc.o(.text)
    RCC_PLLConfig                            0x08005d61   Thumb Code    24  stm32f10x_rcc.o(.text)
    RCC_PLLCmd                               0x08005d79   Thumb Code     6  stm32f10x_rcc.o(.text)
    RCC_SYSCLKConfig                         0x08005d7f   Thumb Code    18  stm32f10x_rcc.o(.text)
    RCC_GetSYSCLKSource                      0x08005d91   Thumb Code    10  stm32f10x_rcc.o(.text)
    RCC_HCLKConfig                           0x08005d9b   Thumb Code    18  stm32f10x_rcc.o(.text)
    RCC_PCLK1Config                          0x08005dad   Thumb Code    18  stm32f10x_rcc.o(.text)
    RCC_PCLK2Config                          0x08005dbf   Thumb Code    20  stm32f10x_rcc.o(.text)
    RCC_ITConfig                             0x08005dd3   Thumb Code    26  stm32f10x_rcc.o(.text)
    RCC_USBCLKConfig                         0x08005ded   Thumb Code     8  stm32f10x_rcc.o(.text)
    RCC_ADCCLKConfig                         0x08005df5   Thumb Code    18  stm32f10x_rcc.o(.text)
    RCC_LSEConfig                            0x08005e07   Thumb Code    50  stm32f10x_rcc.o(.text)
    RCC_LSICmd                               0x08005e39   Thumb Code     6  stm32f10x_rcc.o(.text)
    RCC_RTCCLKConfig                         0x08005e3f   Thumb Code    12  stm32f10x_rcc.o(.text)
    RCC_RTCCLKCmd                            0x08005e4b   Thumb Code     8  stm32f10x_rcc.o(.text)
    RCC_GetClocksFreq                        0x08005e53   Thumb Code   192  stm32f10x_rcc.o(.text)
    RCC_AHBPeriphClockCmd                    0x08005f13   Thumb Code    26  stm32f10x_rcc.o(.text)
    RCC_APB2PeriphClockCmd                   0x08005f2d   Thumb Code    26  stm32f10x_rcc.o(.text)
    RCC_APB1PeriphClockCmd                   0x08005f47   Thumb Code    26  stm32f10x_rcc.o(.text)
    RCC_APB2PeriphResetCmd                   0x08005f61   Thumb Code    26  stm32f10x_rcc.o(.text)
    RCC_APB1PeriphResetCmd                   0x08005f7b   Thumb Code    26  stm32f10x_rcc.o(.text)
    RCC_BackupResetCmd                       0x08005f95   Thumb Code     8  stm32f10x_rcc.o(.text)
    RCC_ClockSecuritySystemCmd               0x08005f9d   Thumb Code     6  stm32f10x_rcc.o(.text)
    RCC_MCOConfig                            0x08005fa3   Thumb Code     6  stm32f10x_rcc.o(.text)
    RCC_ClearFlag                            0x08005fa9   Thumb Code    14  stm32f10x_rcc.o(.text)
    RCC_GetITStatus                          0x08005fb7   Thumb Code    20  stm32f10x_rcc.o(.text)
    RCC_ClearITPendingBit                    0x08005fcb   Thumb Code     6  stm32f10x_rcc.o(.text)
    SPI_I2S_DeInit                           0x08005ff5   Thumb Code    76  stm32f10x_spi.o(.text)
    SPI_Init                                 0x08006041   Thumb Code    60  stm32f10x_spi.o(.text)
    I2S_Init                                 0x0800607d   Thumb Code   226  stm32f10x_spi.o(.text)
    SPI_StructInit                           0x0800615f   Thumb Code    24  stm32f10x_spi.o(.text)
    I2S_StructInit                           0x08006177   Thumb Code    20  stm32f10x_spi.o(.text)
    SPI_Cmd                                  0x0800618b   Thumb Code    24  stm32f10x_spi.o(.text)
    I2S_Cmd                                  0x080061a3   Thumb Code    24  stm32f10x_spi.o(.text)
    SPI_I2S_ITConfig                         0x080061bb   Thumb Code    32  stm32f10x_spi.o(.text)
    SPI_I2S_DMACmd                           0x080061db   Thumb Code    18  stm32f10x_spi.o(.text)
    SPI_I2S_SendData                         0x080061ed   Thumb Code     4  stm32f10x_spi.o(.text)
    SPI_I2S_ReceiveData                      0x080061f1   Thumb Code     6  stm32f10x_spi.o(.text)
    SPI_NSSInternalSoftwareConfig            0x080061f7   Thumb Code    30  stm32f10x_spi.o(.text)
    SPI_SSOutputCmd                          0x08006215   Thumb Code    24  stm32f10x_spi.o(.text)
    SPI_DataSizeConfig                       0x0800622d   Thumb Code    18  stm32f10x_spi.o(.text)
    SPI_TransmitCRC                          0x0800623f   Thumb Code    10  stm32f10x_spi.o(.text)
    SPI_CalculateCRC                         0x08006249   Thumb Code    24  stm32f10x_spi.o(.text)
    SPI_GetCRC                               0x08006261   Thumb Code    16  stm32f10x_spi.o(.text)
    SPI_GetCRCPolynomial                     0x08006271   Thumb Code     6  stm32f10x_spi.o(.text)
    SPI_BiDirectionalLineConfig              0x08006277   Thumb Code    28  stm32f10x_spi.o(.text)
    SPI_I2S_GetFlagStatus                    0x08006293   Thumb Code    18  stm32f10x_spi.o(.text)
    SPI_I2S_ClearFlag                        0x080062a5   Thumb Code     6  stm32f10x_spi.o(.text)
    SPI_I2S_GetITStatus                      0x080062ab   Thumb Code    52  stm32f10x_spi.o(.text)
    SPI_I2S_ClearITPendingBit                0x080062df   Thumb Code    20  stm32f10x_spi.o(.text)
    TIM_DeInit                               0x08006301   Thumb Code   424  stm32f10x_tim.o(.text)
    TIM_TimeBaseInit                         0x080064a9   Thumb Code   122  stm32f10x_tim.o(.text)
    TIM_OC1Init                              0x08006523   Thumb Code   132  stm32f10x_tim.o(.text)
    TIM_OC2Init                              0x080065a7   Thumb Code   154  stm32f10x_tim.o(.text)
    TIM_OC3Init                              0x08006641   Thumb Code   150  stm32f10x_tim.o(.text)
    TIM_OC4Init                              0x080066d7   Thumb Code   182  stm32f10x_tim.o(.text)
    TIM_SetIC4Prescaler                      0x0800678d   Thumb Code    26  stm32f10x_tim.o(.text)
    TIM_SetIC3Prescaler                      0x08006829   Thumb Code    18  stm32f10x_tim.o(.text)
    TIM_SetIC2Prescaler                      0x080068b5   Thumb Code    26  stm32f10x_tim.o(.text)
    TIM_SetIC1Prescaler                      0x08006951   Thumb Code    18  stm32f10x_tim.o(.text)
    TIM_ICInit                               0x080069cf   Thumb Code   150  stm32f10x_tim.o(.text)
    TIM_PWMIConfig                           0x08006a65   Thumb Code   124  stm32f10x_tim.o(.text)
    TIM_BDTRConfig                           0x08006ae1   Thumb Code    32  stm32f10x_tim.o(.text)
    TIM_TimeBaseStructInit                   0x08006b01   Thumb Code    18  stm32f10x_tim.o(.text)
    TIM_OCStructInit                         0x08006b13   Thumb Code    20  stm32f10x_tim.o(.text)
    TIM_ICStructInit                         0x08006b27   Thumb Code    18  stm32f10x_tim.o(.text)
    TIM_BDTRStructInit                       0x08006b39   Thumb Code    40  stm32f10x_tim.o(.text)
    TIM_Cmd                                  0x08006b61   Thumb Code    24  stm32f10x_tim.o(.text)
    TIM_CtrlPWMOutputs                       0x08006b79   Thumb Code    30  stm32f10x_tim.o(.text)
    TIM_ITConfig                             0x08006b97   Thumb Code    18  stm32f10x_tim.o(.text)
    TIM_GenerateEvent                        0x08006ba9   Thumb Code     4  stm32f10x_tim.o(.text)
    TIM_DMAConfig                            0x08006bad   Thumb Code    10  stm32f10x_tim.o(.text)
    TIM_DMACmd                               0x08006bb7   Thumb Code    18  stm32f10x_tim.o(.text)
    TIM_InternalClockConfig                  0x08006bc9   Thumb Code    12  stm32f10x_tim.o(.text)
    TIM_SelectInputTrigger                   0x08006bd5   Thumb Code    18  stm32f10x_tim.o(.text)
    TIM_ITRxExternalClockConfig              0x08006be7   Thumb Code    24  stm32f10x_tim.o(.text)
    TIM_TIxExternalClockConfig               0x08006bff   Thumb Code    62  stm32f10x_tim.o(.text)
    TIM_ETRConfig                            0x08006c3d   Thumb Code    28  stm32f10x_tim.o(.text)
    TIM_ETRClockMode1Config                  0x08006c59   Thumb Code    54  stm32f10x_tim.o(.text)
    TIM_ETRClockMode2Config                  0x08006c8f   Thumb Code    32  stm32f10x_tim.o(.text)
    TIM_PrescalerConfig                      0x08006caf   Thumb Code     6  stm32f10x_tim.o(.text)
    TIM_CounterModeConfig                    0x08006cb5   Thumb Code    18  stm32f10x_tim.o(.text)
    TIM_EncoderInterfaceConfig               0x08006cc7   Thumb Code    66  stm32f10x_tim.o(.text)
    TIM_ForcedOC1Config                      0x08006d09   Thumb Code    18  stm32f10x_tim.o(.text)
    TIM_ForcedOC2Config                      0x08006d1b   Thumb Code    26  stm32f10x_tim.o(.text)
    TIM_ForcedOC3Config                      0x08006d35   Thumb Code    18  stm32f10x_tim.o(.text)
    TIM_ForcedOC4Config                      0x08006d47   Thumb Code    26  stm32f10x_tim.o(.text)
    TIM_ARRPreloadConfig                     0x08006d61   Thumb Code    24  stm32f10x_tim.o(.text)
    TIM_SelectCOM                            0x08006d79   Thumb Code    24  stm32f10x_tim.o(.text)
    TIM_SelectCCDMA                          0x08006d91   Thumb Code    24  stm32f10x_tim.o(.text)
    TIM_CCPreloadControl                     0x08006da9   Thumb Code    24  stm32f10x_tim.o(.text)
    TIM_OC1PreloadConfig                     0x08006dc1   Thumb Code    18  stm32f10x_tim.o(.text)
    TIM_OC2PreloadConfig                     0x08006dd3   Thumb Code    26  stm32f10x_tim.o(.text)
    TIM_OC3PreloadConfig                     0x08006ded   Thumb Code    18  stm32f10x_tim.o(.text)
    TIM_OC4PreloadConfig                     0x08006dff   Thumb Code    26  stm32f10x_tim.o(.text)
    TIM_OC1FastConfig                        0x08006e19   Thumb Code    18  stm32f10x_tim.o(.text)
    TIM_OC2FastConfig                        0x08006e2b   Thumb Code    26  stm32f10x_tim.o(.text)
    TIM_OC3FastConfig                        0x08006e45   Thumb Code    18  stm32f10x_tim.o(.text)
    TIM_OC4FastConfig                        0x08006e57   Thumb Code    26  stm32f10x_tim.o(.text)
    TIM_ClearOC1Ref                          0x08006e71   Thumb Code    18  stm32f10x_tim.o(.text)
    TIM_ClearOC2Ref                          0x08006e83   Thumb Code    24  stm32f10x_tim.o(.text)
    TIM_ClearOC3Ref                          0x08006e9b   Thumb Code    18  stm32f10x_tim.o(.text)
    TIM_ClearOC4Ref                          0x08006ead   Thumb Code    24  stm32f10x_tim.o(.text)
    TIM_OC1PolarityConfig                    0x08006ec5   Thumb Code    18  stm32f10x_tim.o(.text)
    TIM_OC1NPolarityConfig                   0x08006ed7   Thumb Code    18  stm32f10x_tim.o(.text)
    TIM_OC2PolarityConfig                    0x08006ee9   Thumb Code    26  stm32f10x_tim.o(.text)
    TIM_OC2NPolarityConfig                   0x08006f03   Thumb Code    26  stm32f10x_tim.o(.text)
    TIM_OC3PolarityConfig                    0x08006f1d   Thumb Code    26  stm32f10x_tim.o(.text)
    TIM_OC3NPolarityConfig                   0x08006f37   Thumb Code    26  stm32f10x_tim.o(.text)
    TIM_OC4PolarityConfig                    0x08006f51   Thumb Code    26  stm32f10x_tim.o(.text)
    TIM_CCxCmd                               0x08006f6b   Thumb Code    30  stm32f10x_tim.o(.text)
    TIM_CCxNCmd                              0x08006f89   Thumb Code    30  stm32f10x_tim.o(.text)
    TIM_SelectOCxM                           0x08006fa7   Thumb Code    82  stm32f10x_tim.o(.text)
    TIM_UpdateDisableConfig                  0x08006ff9   Thumb Code    24  stm32f10x_tim.o(.text)
    TIM_UpdateRequestConfig                  0x08007011   Thumb Code    24  stm32f10x_tim.o(.text)
    TIM_SelectHallSensor                     0x08007029   Thumb Code    24  stm32f10x_tim.o(.text)
    TIM_SelectOnePulseMode                   0x08007041   Thumb Code    18  stm32f10x_tim.o(.text)
    TIM_SelectOutputTrigger                  0x08007053   Thumb Code    18  stm32f10x_tim.o(.text)
    TIM_SelectSlaveMode                      0x08007065   Thumb Code    18  stm32f10x_tim.o(.text)
    TIM_SelectMasterSlaveMode                0x08007077   Thumb Code    18  stm32f10x_tim.o(.text)
    TIM_SetCounter                           0x08007089   Thumb Code     4  stm32f10x_tim.o(.text)
    TIM_SetAutoreload                        0x0800708d   Thumb Code     4  stm32f10x_tim.o(.text)
    TIM_SetCompare1                          0x08007091   Thumb Code     4  stm32f10x_tim.o(.text)
    TIM_SetCompare2                          0x08007095   Thumb Code     4  stm32f10x_tim.o(.text)
    TIM_SetCompare3                          0x08007099   Thumb Code     4  stm32f10x_tim.o(.text)
    TIM_SetCompare4                          0x0800709d   Thumb Code     6  stm32f10x_tim.o(.text)
    TIM_SetClockDivision                     0x080070a3   Thumb Code    18  stm32f10x_tim.o(.text)
    TIM_GetCapture1                          0x080070b5   Thumb Code     6  stm32f10x_tim.o(.text)
    TIM_GetCapture2                          0x080070bb   Thumb Code     6  stm32f10x_tim.o(.text)
    TIM_GetCapture3                          0x080070c1   Thumb Code     6  stm32f10x_tim.o(.text)
    TIM_GetCapture4                          0x080070c7   Thumb Code     8  stm32f10x_tim.o(.text)
    TIM_GetCounter                           0x080070cf   Thumb Code     6  stm32f10x_tim.o(.text)
    TIM_GetPrescaler                         0x080070d5   Thumb Code     6  stm32f10x_tim.o(.text)
    TIM_GetFlagStatus                        0x080070db   Thumb Code    18  stm32f10x_tim.o(.text)
    TIM_ClearFlag                            0x080070ed   Thumb Code     6  stm32f10x_tim.o(.text)
    TIM_GetITStatus                          0x080070f3   Thumb Code    34  stm32f10x_tim.o(.text)
    TIM_ClearITPendingBit                    0x08007115   Thumb Code     6  stm32f10x_tim.o(.text)
    Reset_Handler                            0x0800711d   Thumb Code     8  startup_stm32f10x_md.o(.text)
    NMI_Handler                              0x08007125   Thumb Code     2  startup_stm32f10x_md.o(.text)
    HardFault_Handler                        0x08007127   Thumb Code     2  startup_stm32f10x_md.o(.text)
    MemManage_Handler                        0x08007129   Thumb Code     2  startup_stm32f10x_md.o(.text)
    BusFault_Handler                         0x0800712b   Thumb Code     2  startup_stm32f10x_md.o(.text)
    UsageFault_Handler                       0x0800712d   Thumb Code     2  startup_stm32f10x_md.o(.text)
    SVC_Handler                              0x0800712f   Thumb Code     2  startup_stm32f10x_md.o(.text)
    DebugMon_Handler                         0x08007131   Thumb Code     2  startup_stm32f10x_md.o(.text)
    PendSV_Handler                           0x08007133   Thumb Code     2  startup_stm32f10x_md.o(.text)
    ADC1_2_IRQHandler                        0x08007137   Thumb Code     0  startup_stm32f10x_md.o(.text)
    CAN1_RX1_IRQHandler                      0x08007137   Thumb Code     0  startup_stm32f10x_md.o(.text)
    CAN1_SCE_IRQHandler                      0x08007137   Thumb Code     0  startup_stm32f10x_md.o(.text)
    DMA1_Channel1_IRQHandler                 0x08007137   Thumb Code     0  startup_stm32f10x_md.o(.text)
    DMA1_Channel2_IRQHandler                 0x08007137   Thumb Code     0  startup_stm32f10x_md.o(.text)
    DMA1_Channel3_IRQHandler                 0x08007137   Thumb Code     0  startup_stm32f10x_md.o(.text)
    DMA1_Channel4_IRQHandler                 0x08007137   Thumb Code     0  startup_stm32f10x_md.o(.text)
    DMA1_Channel5_IRQHandler                 0x08007137   Thumb Code     0  startup_stm32f10x_md.o(.text)
    DMA1_Channel6_IRQHandler                 0x08007137   Thumb Code     0  startup_stm32f10x_md.o(.text)
    DMA1_Channel7_IRQHandler                 0x08007137   Thumb Code     0  startup_stm32f10x_md.o(.text)
    EXTI0_IRQHandler                         0x08007137   Thumb Code     0  startup_stm32f10x_md.o(.text)
    EXTI15_10_IRQHandler                     0x08007137   Thumb Code     0  startup_stm32f10x_md.o(.text)
    EXTI1_IRQHandler                         0x08007137   Thumb Code     0  startup_stm32f10x_md.o(.text)
    EXTI2_IRQHandler                         0x08007137   Thumb Code     0  startup_stm32f10x_md.o(.text)
    EXTI3_IRQHandler                         0x08007137   Thumb Code     0  startup_stm32f10x_md.o(.text)
    EXTI4_IRQHandler                         0x08007137   Thumb Code     0  startup_stm32f10x_md.o(.text)
    FLASH_IRQHandler                         0x08007137   Thumb Code     0  startup_stm32f10x_md.o(.text)
    I2C1_ER_IRQHandler                       0x08007137   Thumb Code     0  startup_stm32f10x_md.o(.text)
    I2C1_EV_IRQHandler                       0x08007137   Thumb Code     0  startup_stm32f10x_md.o(.text)
    I2C2_ER_IRQHandler                       0x08007137   Thumb Code     0  startup_stm32f10x_md.o(.text)
    I2C2_EV_IRQHandler                       0x08007137   Thumb Code     0  startup_stm32f10x_md.o(.text)
    PVD_IRQHandler                           0x08007137   Thumb Code     0  startup_stm32f10x_md.o(.text)
    RCC_IRQHandler                           0x08007137   Thumb Code     0  startup_stm32f10x_md.o(.text)
    RTCAlarm_IRQHandler                      0x08007137   Thumb Code     0  startup_stm32f10x_md.o(.text)
    RTC_IRQHandler                           0x08007137   Thumb Code     0  startup_stm32f10x_md.o(.text)
    SPI1_IRQHandler                          0x08007137   Thumb Code     0  startup_stm32f10x_md.o(.text)
    SPI2_IRQHandler                          0x08007137   Thumb Code     0  startup_stm32f10x_md.o(.text)
    TAMPER_IRQHandler                        0x08007137   Thumb Code     0  startup_stm32f10x_md.o(.text)
    TIM1_BRK_IRQHandler                      0x08007137   Thumb Code     0  startup_stm32f10x_md.o(.text)
    TIM1_CC_IRQHandler                       0x08007137   Thumb Code     0  startup_stm32f10x_md.o(.text)
    TIM1_TRG_COM_IRQHandler                  0x08007137   Thumb Code     0  startup_stm32f10x_md.o(.text)
    TIM2_IRQHandler                          0x08007137   Thumb Code     0  startup_stm32f10x_md.o(.text)
    TIM3_IRQHandler                          0x08007137   Thumb Code     0  startup_stm32f10x_md.o(.text)
    TIM4_IRQHandler                          0x08007137   Thumb Code     0  startup_stm32f10x_md.o(.text)
    USART1_IRQHandler                        0x08007137   Thumb Code     0  startup_stm32f10x_md.o(.text)
    USART2_IRQHandler                        0x08007137   Thumb Code     0  startup_stm32f10x_md.o(.text)
    USART3_IRQHandler                        0x08007137   Thumb Code     0  startup_stm32f10x_md.o(.text)
    USB_HP_CAN1_TX_IRQHandler                0x08007137   Thumb Code     0  startup_stm32f10x_md.o(.text)
    WWDG_IRQHandler                          0x08007137   Thumb Code     0  startup_stm32f10x_md.o(.text)
    SystemInit                               0x0800721f   Thumb Code    78  system_stm32f10x.o(.text)
    SystemCoreClockUpdate                    0x0800726d   Thumb Code   142  system_stm32f10x.o(.text)
    FLASH_SetLatency                         0x08007321   Thumb Code    18  stm32f10x_flash.o(.text)
    FLASH_HalfCycleAccessCmd                 0x08007333   Thumb Code    22  stm32f10x_flash.o(.text)
    FLASH_PrefetchBufferCmd                  0x08007349   Thumb Code    22  stm32f10x_flash.o(.text)
    FLASH_Unlock                             0x0800735f   Thumb Code    12  stm32f10x_flash.o(.text)
    FLASH_UnlockBank1                        0x0800736b   Thumb Code    12  stm32f10x_flash.o(.text)
    FLASH_Lock                               0x08007377   Thumb Code    14  stm32f10x_flash.o(.text)
    FLASH_LockBank1                          0x08007385   Thumb Code    14  stm32f10x_flash.o(.text)
    FLASH_GetBank1Status                     0x08007393   Thumb Code    48  stm32f10x_flash.o(.text)
    FLASH_WaitForLastOperation               0x080073c3   Thumb Code    38  stm32f10x_flash.o(.text)
    FLASH_ErasePage                          0x080073e9   Thumb Code    72  stm32f10x_flash.o(.text)
    FLASH_EraseAllPages                      0x08007431   Thumb Code    68  stm32f10x_flash.o(.text)
    FLASH_WaitForLastBank1Operation          0x08007475   Thumb Code    38  stm32f10x_flash.o(.text)
    FLASH_EraseAllBank1Pages                 0x0800749b   Thumb Code    68  stm32f10x_flash.o(.text)
    FLASH_GetReadOutProtectionStatus         0x080074df   Thumb Code    20  stm32f10x_flash.o(.text)
    FLASH_EraseOptionBytes                   0x080074f3   Thumb Code   150  stm32f10x_flash.o(.text)
    FLASH_ProgramWord                        0x08007589   Thumb Code   102  stm32f10x_flash.o(.text)
    FLASH_ProgramHalfWord                    0x080075ef   Thumb Code    60  stm32f10x_flash.o(.text)
    FLASH_ProgramOptionByteData              0x0800762b   Thumb Code    72  stm32f10x_flash.o(.text)
    FLASH_EnableWriteProtection              0x08007673   Thumb Code   200  stm32f10x_flash.o(.text)
    FLASH_ReadOutProtection                  0x0800773b   Thumb Code   156  stm32f10x_flash.o(.text)
    FLASH_UserOptionByteConfig               0x080077d7   Thumb Code    88  stm32f10x_flash.o(.text)
    FLASH_GetUserOptionByte                  0x0800782f   Thumb Code     8  stm32f10x_flash.o(.text)
    FLASH_GetWriteProtectionOptionByte       0x08007837   Thumb Code     6  stm32f10x_flash.o(.text)
    FLASH_GetPrefetchBufferStatus            0x0800783d   Thumb Code    20  stm32f10x_flash.o(.text)
    FLASH_ITConfig                           0x08007851   Thumb Code    26  stm32f10x_flash.o(.text)
    FLASH_GetFlagStatus                      0x0800786b   Thumb Code    42  stm32f10x_flash.o(.text)
    FLASH_ClearFlag                          0x08007895   Thumb Code     6  stm32f10x_flash.o(.text)
    FLASH_GetStatus                          0x0800789b   Thumb Code    48  stm32f10x_flash.o(.text)
    EXTI_DeInit                              0x080078dd   Thumb Code    28  stm32f10x_exti.o(.text)
    EXTI_Init                                0x080078f9   Thumb Code   142  stm32f10x_exti.o(.text)
    EXTI_StructInit                          0x08007987   Thumb Code    16  stm32f10x_exti.o(.text)
    EXTI_GenerateSWInterrupt                 0x08007997   Thumb Code    16  stm32f10x_exti.o(.text)
    EXTI_GetFlagStatus                       0x080079a7   Thumb Code    22  stm32f10x_exti.o(.text)
    EXTI_ClearFlag                           0x080079bd   Thumb Code     8  stm32f10x_exti.o(.text)
    EXTI_GetITStatus                         0x080079c5   Thumb Code    34  stm32f10x_exti.o(.text)
    EXTI_ClearITPendingBit                   0x080079e7   Thumb Code     8  stm32f10x_exti.o(.text)
    NVIC_PriorityGroupConfig                 0x080079f9   Thumb Code    10  misc.o(.text)
    NVIC_Init                                0x08007a03   Thumb Code   100  misc.o(.text)
    NVIC_SetVectorTable                      0x08007a67   Thumb Code    14  misc.o(.text)
    NVIC_SystemLPConfig                      0x08007a75   Thumb Code    34  misc.o(.text)
    SysTick_CLKSourceConfig                  0x08007a97   Thumb Code    40  misc.o(.text)
    __aeabi_memcpy                           0x08007ad5   Thumb Code    36  memcpya.o(.text)
    __aeabi_memcpy4                          0x08007ad5   Thumb Code     0  memcpya.o(.text)
    __aeabi_memcpy8                          0x08007ad5   Thumb Code     0  memcpya.o(.text)
    __aeabi_fadd                             0x08007af9   Thumb Code   164  fadd.o(.text)
    __aeabi_fsub                             0x08007b9d   Thumb Code     6  fadd.o(.text)
    __aeabi_frsub                            0x08007ba3   Thumb Code     6  fadd.o(.text)
    __aeabi_fmul                             0x08007ba9   Thumb Code   100  fmul.o(.text)
    __aeabi_fdiv                             0x08007c0d   Thumb Code   124  fdiv.o(.text)
    __aeabi_dadd                             0x08007c89   Thumb Code   322  dadd.o(.text)
    __aeabi_dsub                             0x08007dcb   Thumb Code     6  dadd.o(.text)
    __aeabi_drsub                            0x08007dd1   Thumb Code     6  dadd.o(.text)
    __aeabi_dmul                             0x08007dd7   Thumb Code   228  dmul.o(.text)
    __aeabi_ddiv                             0x08007ebb   Thumb Code   222  ddiv.o(.text)
    __aeabi_i2f                              0x08007f99   Thumb Code    18  fflti.o(.text)
    __aeabi_ui2f                             0x08007fab   Thumb Code    10  ffltui.o(.text)
    __aeabi_l2f                              0x08007fb5   Thumb Code    44  ffltl.o(.text)
    __aeabi_i2d                              0x08007fe1   Thumb Code    34  dflti.o(.text)
    __aeabi_ui2d                             0x08008003   Thumb Code    26  dfltui.o(.text)
    __aeabi_f2uiz                            0x0800801d   Thumb Code    40  ffixui.o(.text)
    __aeabi_d2uiz                            0x08008045   Thumb Code    50  dfixui.o(.text)
    __aeabi_f2d                              0x08008077   Thumb Code    38  f2d.o(.text)
    __aeabi_cdcmpeq                          0x0800809d   Thumb Code     0  cdcmple.o(.text)
    __aeabi_cdcmple                          0x0800809d   Thumb Code    38  cdcmple.o(.text)
    __aeabi_cdrcmple                         0x080080c5   Thumb Code    38  cdrcmple.o(.text)
    __aeabi_d2f                              0x080080ed   Thumb Code    56  d2f.o(.text)
    __aeabi_cfcmpeq                          0x08008125   Thumb Code     0  cfcmple.o(.text)
    __aeabi_cfcmple                          0x08008125   Thumb Code    20  cfcmple.o(.text)
    __aeabi_cfrcmple                         0x08008139   Thumb Code    20  cfrcmple.o(.text)
    __aeabi_llsl                             0x0800814d   Thumb Code    30  llshl.o(.text)
    _ll_shift_l                              0x0800814d   Thumb Code     0  llshl.o(.text)
    __aeabi_llsr                             0x0800816b   Thumb Code    32  llushr.o(.text)
    _ll_ushift_r                             0x0800816b   Thumb Code     0  llushr.o(.text)
    __aeabi_lasr                             0x0800818b   Thumb Code    36  llsshr.o(.text)
    _ll_sshift_r                             0x0800818b   Thumb Code     0  llsshr.o(.text)
    __I$use$fp                               0x080081af   Thumb Code     0  iusefp.o(.text)
    _float_round                             0x080081af   Thumb Code    18  fepilogue.o(.text)
    _float_epilogue                          0x080081c1   Thumb Code    92  fepilogue.o(.text)
    __ARM_scalbnf                            0x0800821d   Thumb Code    24  fscalb.o(.text)
    scalbnf                                  0x0800821d   Thumb Code     0  fscalb.o(.text)
    _frnd                                    0x08008235   Thumb Code    60  frnd.o(.text)
    _double_round                            0x08008271   Thumb Code    26  depilogue.o(.text)
    _double_epilogue                         0x0800828b   Thumb Code   156  depilogue.o(.text)
    __ARM_scalbn                             0x08008327   Thumb Code    46  dscalb.o(.text)
    scalbn                                   0x08008327   Thumb Code     0  dscalb.o(.text)
    __aeabi_f2iz                             0x08008355   Thumb Code    50  ffixi.o(.text)
    __scatterload                            0x08008389   Thumb Code    28  init.o(.text)
    __scatterload_rt2                        0x08008389   Thumb Code     0  init.o(.text)
    _dsqrt                                   0x080083ad   Thumb Code   162  dsqrt.o(.text)
    __decompress                             0x0800844f   Thumb Code     0  __dczerorl2.o(.text)
    __decompress1                            0x0800844f   Thumb Code    86  __dczerorl2.o(.text)
    __ARM_fpclassify                         0x080084a5   Thumb Code    40  fpclassify.o(i.__ARM_fpclassify)
    __ARM_fpclassifyf                        0x080084cd   Thumb Code    38  fpclassifyf.o(i.__ARM_fpclassifyf)
    __ARM_isinff                             0x080084f3   Thumb Code    20  filter.o(i.__ARM_isinff)
    __ARM_isnanf                             0x08008507   Thumb Code    14  filter.o(i.__ARM_isnanf)
    __kernel_poly                            0x08008515   Thumb Code   170  poly.o(i.__kernel_poly)
    __mathlib_dbl_underflow                  0x080085c1   Thumb Code    10  dunder.o(i.__mathlib_dbl_underflow)
    __mathlib_flt_underflow                  0x080085d1   Thumb Code    10  funder.o(i.__mathlib_flt_underflow)
    __mathlib_rredf2                         0x080085dd   Thumb Code   326  rredf.o(i.__mathlib_rredf2)
    __scatterload_copy                       0x08008735   Thumb Code    14  handlers.o(i.__scatterload_copy)
    __scatterload_null                       0x08008743   Thumb Code     2  handlers.o(i.__scatterload_null)
    __scatterload_zeroinit                   0x08008745   Thumb Code    14  handlers.o(i.__scatterload_zeroinit)
    __set_errno                              0x08008755   Thumb Code     6  errno.o(i.__set_errno)
    asin                                     0x08008761   Thumb Code   584  asin.o(i.asin)
    atan                                     0x080089dd   Thumb Code   478  atan.o(i.atan)
    atan2                                    0x08008c01   Thumb Code   346  atan2.o(i.atan2)
    cosf                                     0x08008d81   Thumb Code   334  cosf.o(i.cosf)
    pow                                      0x08008f05   Thumb Code  2510  pow.o(i.pow)
    sqrt                                     0x080098e5   Thumb Code    76  sqrt.o(i.sqrt)
    tanf                                     0x08009931   Thumb Code   320  tanf.o(i.tanf)
    Virtual_Com_Port_DeviceDescriptor        0x08009b38   Data          18  usb_desc.o(.constdata)
    Virtual_Com_Port_ConfigDescriptor        0x08009b4a   Data          67  usb_desc.o(.constdata)
    Virtual_Com_Port_StringLangID            0x08009b8d   Data           4  usb_desc.o(.constdata)
    Virtual_Com_Port_StringVendor            0x08009b91   Data          24  usb_desc.o(.constdata)
    Virtual_Com_Port_StringProduct           0x08009ba9   Data          38  usb_desc.o(.constdata)
    __mathlib_zero                           0x08009d40   Data           8  qnan.o(.constdata)
    Region$$Table$$Base                      0x08009d68   Number         0  anon$$obj.o(Region$$Table)
    Region$$Table$$Limit                     0x08009d88   Number         0  anon$$obj.o(Region$$Table)
    magStatus                                0x20000000   Data           1  main.o(.data)
    presStatus                               0x20000001   Data           1  main.o(.data)
    txFailCount                              0x20000002   Data           1  main.o(.data)
    rxFailCount                              0x20000003   Data           1  main.o(.data)
    NrfState                                 0x20000004   Data           1  main.o(.data)
    RX_ADDRESS                               0x20000005   Data           5  main.o(.data)
    TX_ADDRESS                               0x2000000a   Data           5  main.o(.data)
    lostControlFlag                          0x2000000f   Data           1  main.o(.data)
    timeOutMaxFlag                           0x20000010   Data           1  main.o(.data)
    ACCELDATA                                0x20000012   Data           6  main.o(.data)
    GYRODATA                                 0x20000018   Data           6  main.o(.data)
    MAGDATA                                  0x2000001e   Data           6  main.o(.data)
    BBMess                                   0x20000038   Data          32  systeminit.o(.data)
    radioFlag                                0x20000058   Data           1  system_loop.o(.data)
    attitudeUpdateFlag                       0x20000059   Data           1  system_loop.o(.data)
    rxTimeOutFlag                            0x2000005a   Data           1  system_loop.o(.data)
    batteryCheckFlag                         0x2000005b   Data           1  system_loop.o(.data)
    motorUpdateFlag                          0x2000005c   Data           1  system_loop.o(.data)
    radioPeriodCount                         0x2000005e   Data           2  system_loop.o(.data)
    attitudeUpdatePeriodCount                0x20000060   Data           2  system_loop.o(.data)
    rxTimeOutCount                           0x20000062   Data           2  system_loop.o(.data)
    batteryCheckCount                        0x20000064   Data           2  system_loop.o(.data)
    motorUpdateCount                         0x20000066   Data           2  system_loop.o(.data)
    TimingDelay                              0x20000094   Data           4  delay.o(.data)
    sysTickUptime                            0x2000009c   Data           4  delay.o(.data)
    HSEStartUpStatus                         0x20000164   Data           1  hw_config.o(.data)
    EXTI_InitStructure                       0x20000168   Data           8  hw_config.o(.data)
    Virtual_Com_Port_StringSerial            0x20000170   Data          38  usb_desc.o(.data)
    wIstr                                    0x200001a0   Data           2  usb_istr.o(.data)
    bIntPackSOF                              0x200001a2   Data           1  usb_istr.o(.data)
    esof_counter                             0x200001a4   Data           4  usb_istr.o(.data)
    wCNTR                                    0x200001a8   Data           4  usb_istr.o(.data)
    pEpInt_IN                                0x200001ac   Data          28  usb_istr.o(.data)
    pEpInt_OUT                               0x200001c8   Data          28  usb_istr.o(.data)
    Request                                  0x200001e4   Data           1  usb_prop.o(.data)
    linecoding                               0x200001e8   Data           8  usb_prop.o(.data)
    Device_Table                             0x200001f0   Data           2  usb_prop.o(.data)
    Device_Property                          0x200001f4   Data          48  usb_prop.o(.data)
    User_Standard_Requests                   0x20000224   Data          36  usb_prop.o(.data)
    Device_Descriptor                        0x20000248   Data           8  usb_prop.o(.data)
    Config_Descriptor                        0x20000250   Data           8  usb_prop.o(.data)
    String_Descriptor                        0x20000258   Data          32  usb_prop.o(.data)
    bDeviceState                             0x20000278   Data           4  usb_pwr.o(.data)
    fSuspendEnabled                          0x2000027c   Data           1  usb_pwr.o(.data)
    ResumeS                                  0x2000027d   Data           2  usb_pwr.o(.data)
    remotewakeupon                           0x20000280   Data           4  usb_pwr.o(.data)
    StatusInfo                               0x20000284   Data           2  usb_core.o(.data)
    Data_Mul_MaxPacketSize                   0x20000286   Data           1  usb_core.o(.data)
    EPindex                                  0x20000288   Data           1  usb_init.o(.data)
    pInformation                             0x2000028c   Data           4  usb_init.o(.data)
    pProperty                                0x20000290   Data           4  usb_init.o(.data)
    SaveState                                0x20000294   Data           2  usb_init.o(.data)
    wInterrupt_Mask                          0x20000296   Data           2  usb_init.o(.data)
    pUser_Standard_Requests                  0x20000298   Data           4  usb_init.o(.data)
    SaveRState                               0x2000029c   Data           2  usb_int.o(.data)
    SaveTState                               0x2000029e   Data           2  usb_int.o(.data)
    SystemCoreClock                          0x200002b4   Data           4  system_stm32f10x.o(.data)
    AHBPrescTable                            0x200002b8   Data          16  system_stm32f10x.o(.data)
    NRF_RXBUFFER                             0x200002cc   Data          32  main.o(.bss)
    NRF_TXBUFFER                             0x200002ec   Data          32  main.o(.bss)
    BBCom                                    0x2000031c   Data          32  systeminit.o(.bss)
    BBImu                                    0x2000033c   Data         200  systeminit.o(.bss)
    BBSYSTEM                                 0x20000404   Data          16  systeminit.o(.bss)
    BATTERY_0                                0x20000414   Data          16  adc.o(.bss)
    CURRENT_0                                0x20000424   Data          16  adc.o(.bss)
    USART_InitStructure                      0x20000434   Data          16  hw_config.o(.bss)
    EP                                       0x20000ee4   Data          32  usb_pwr.o(.bss)
    Device_Info                              0x20000f04   Data          28  usb_init.o(.bss)
    __initial_sp                             0x20001320   Data           0  startup_stm32f10x_md.o(STACK)



==============================================================================

Memory Map of the image

  Image Entry point : 0x080000ed

  Load Region LR_IROM1 (Base: 0x08000000, Size: 0x0000a054, Max: 0x00010000, ABSOLUTE, COMPRESSED[0x00009e44])

    Execution Region ER_IROM1 (Base: 0x08000000, Size: 0x00009d88, Max: 0x00010000, ABSOLUTE)

    Base Addr    Size         Type   Attr      Idx    E Section Name        Object

    0x08000000   0x000000ec   Data   RO         1032    RESET               startup_stm32f10x_md.o
    0x080000ec   0x00000000   Code   RO         1187  * .ARM.Collect$$$$00000000  mc_w.l(entry.o)
    0x080000ec   0x00000004   Code   RO         1294    .ARM.Collect$$$$00000001  mc_w.l(entry2.o)
    0x080000f0   0x00000004   Code   RO         1297    .ARM.Collect$$$$00000004  mc_w.l(entry5.o)
    0x080000f4   0x00000000   Code   RO         1299    .ARM.Collect$$$$00000008  mc_w.l(entry7b.o)
    0x080000f4   0x00000000   Code   RO         1301    .ARM.Collect$$$$0000000A  mc_w.l(entry8b.o)
    0x080000f4   0x00000008   Code   RO         1302    .ARM.Collect$$$$0000000B  mc_w.l(entry9a.o)
    0x080000fc   0x00000000   Code   RO         1304    .ARM.Collect$$$$0000000D  mc_w.l(entry10a.o)
    0x080000fc   0x00000000   Code   RO         1306    .ARM.Collect$$$$0000000F  mc_w.l(entry11a.o)
    0x080000fc   0x00000004   Code   RO         1295    .ARM.Collect$$$$00002712  mc_w.l(entry2.o)
    0x08000100   0x00000640   Code   RO            3    .text               main.o
    0x08000740   0x0000010c   Code   RO          154    .text               systeminit.o
    0x0800084c   0x00000128   Code   RO          185    .text               system_loop.o
    0x08000974   0x00000ac4   Code   RO          211    .text               imucal.o
    0x08001438   0x000000e8   Code   RO          236    .text               delay.o
    0x08001520   0x0000028c   Code   RO          259    .text               spinrf.o
    0x080017ac   0x00000140   Code   RO          282    .text               pwm.o
    0x080018ec   0x0000019c   Code   RO          331    .text               adc.o
    0x08001a88   0x000001dc   Code   RO          360    .text               mpu9250.o
    0x08001c64   0x000003fc   Code   RO          380    .text               ms5611.o
    0x08002060   0x0000033c   Code   RO          401    .text               i2c.o
    0x0800239c   0x00000b6c   Code   RO          419    .text               filter.o
    0x08002f08   0x000001dc   Code   RO          455    .text               hw_config.o
    0x080030e4   0x000000c8   Code   RO          548    .text               usb_endp.o
    0x080031ac   0x000001d0   Code   RO          574    .text               usb_istr.o
    0x0800337c   0x0000023c   Code   RO          600    .text               usb_prop.o
    0x080035b8   0x00000240   Code   RO          631    .text               usb_pwr.o
    0x080037f8   0x00000014   Code   RO          658    .text               usb_it.o
    0x0800380c   0x000004ea   Code   RO          700    .text               queue.o
    0x08003cf6   0x00000002   PAD
    0x08003cf8   0x00000b50   Code   RO          724    .text               usb_core.o
    0x08004848   0x0000003c   Code   RO          747    .text               usb_init.o
    0x08004884   0x0000033c   Code   RO          778    .text               usb_int.o
    0x08004bc0   0x0000005c   Code   RO          810    .text               usb_mem.o
    0x08004c1c   0x00000808   Code   RO          830    .text               usb_regs.o
    0x08005424   0x00000080   Code   RO          850    .text               usb_sil.o
    0x080054a4   0x0000044e   Code   RO          870    .text               stm32f10x_adc.o
    0x080058f2   0x00000002   PAD
    0x080058f4   0x0000035c   Code   RO          890    .text               stm32f10x_gpio.o
    0x08005c50   0x000003a4   Code   RO          950    .text               stm32f10x_rcc.o
    0x08005ff4   0x0000030c   Code   RO          972    .text               stm32f10x_spi.o
    0x08006300   0x00000e1a   Code   RO          992    .text               stm32f10x_tim.o
    0x0800711a   0x00000002   PAD
    0x0800711c   0x00000024   Code   RO         1033    .text               startup_stm32f10x_md.o
    0x08007140   0x000001e0   Code   RO         1039    .text               system_stm32f10x.o
    0x08007320   0x000005bc   Code   RO         1065    .text               stm32f10x_flash.o
    0x080078dc   0x0000011c   Code   RO         1085    .text               stm32f10x_exti.o
    0x080079f8   0x000000dc   Code   RO         1105    .text               misc.o
    0x08007ad4   0x00000024   Code   RO         1190    .text               mc_w.l(memcpya.o)
    0x08007af8   0x000000b0   Code   RO         1224    .text               mf_w.l(fadd.o)
    0x08007ba8   0x00000064   Code   RO         1226    .text               mf_w.l(fmul.o)
    0x08007c0c   0x0000007c   Code   RO         1228    .text               mf_w.l(fdiv.o)
    0x08007c88   0x0000014e   Code   RO         1230    .text               mf_w.l(dadd.o)
    0x08007dd6   0x000000e4   Code   RO         1232    .text               mf_w.l(dmul.o)
    0x08007eba   0x000000de   Code   RO         1234    .text               mf_w.l(ddiv.o)
    0x08007f98   0x00000012   Code   RO         1236    .text               mf_w.l(fflti.o)
    0x08007faa   0x0000000a   Code   RO         1238    .text               mf_w.l(ffltui.o)
    0x08007fb4   0x0000002c   Code   RO         1240    .text               mf_w.l(ffltl.o)
    0x08007fe0   0x00000022   Code   RO         1242    .text               mf_w.l(dflti.o)
    0x08008002   0x0000001a   Code   RO         1244    .text               mf_w.l(dfltui.o)
    0x0800801c   0x00000028   Code   RO         1246    .text               mf_w.l(ffixui.o)
    0x08008044   0x00000032   Code   RO         1248    .text               mf_w.l(dfixui.o)
    0x08008076   0x00000026   Code   RO         1250    .text               mf_w.l(f2d.o)
    0x0800809c   0x00000028   Code   RO         1252    .text               mf_w.l(cdcmple.o)
    0x080080c4   0x00000028   Code   RO         1254    .text               mf_w.l(cdrcmple.o)
    0x080080ec   0x00000038   Code   RO         1256    .text               mf_w.l(d2f.o)
    0x08008124   0x00000014   Code   RO         1258    .text               mf_w.l(cfcmple.o)
    0x08008138   0x00000014   Code   RO         1260    .text               mf_w.l(cfrcmple.o)
    0x0800814c   0x0000001e   Code   RO         1315    .text               mc_w.l(llshl.o)
    0x0800816a   0x00000020   Code   RO         1317    .text               mc_w.l(llushr.o)
    0x0800818a   0x00000024   Code   RO         1319    .text               mc_w.l(llsshr.o)
    0x080081ae   0x00000000   Code   RO         1328    .text               mc_w.l(iusefp.o)
    0x080081ae   0x0000006e   Code   RO         1329    .text               mf_w.l(fepilogue.o)
    0x0800821c   0x00000018   Code   RO         1331    .text               mf_w.l(fscalb.o)
    0x08008234   0x0000003c   Code   RO         1333    .text               mf_w.l(frnd.o)
    0x08008270   0x000000b6   Code   RO         1335    .text               mf_w.l(depilogue.o)
    0x08008326   0x0000002e   Code   RO         1337    .text               mf_w.l(dscalb.o)
    0x08008354   0x00000032   Code   RO         1339    .text               mf_w.l(ffixi.o)
    0x08008386   0x00000002   PAD
    0x08008388   0x00000024   Code   RO         1343    .text               mc_w.l(init.o)
    0x080083ac   0x000000a2   Code   RO         1347    .text               mf_w.l(dsqrt.o)
    0x0800844e   0x00000056   Code   RO         1357    .text               mc_w.l(__dczerorl2.o)
    0x080084a4   0x00000028   Code   RO         1274    i.__ARM_fpclassify  m_ws.l(fpclassify.o)
    0x080084cc   0x00000026   Code   RO         1276    i.__ARM_fpclassifyf  m_ws.l(fpclassifyf.o)
    0x080084f2   0x00000014   Code   RO          430    i.__ARM_isinff      filter.o
    0x08008506   0x0000000e   Code   RO          435    i.__ARM_isnanf      filter.o
    0x08008514   0x000000aa   Code   RO         1280    i.__kernel_poly     m_ws.l(poly.o)
    0x080085be   0x00000002   PAD
    0x080085c0   0x00000010   Code   RO         1272    i.__mathlib_dbl_underflow  m_ws.l(dunder.o)
    0x080085d0   0x0000000a   Code   RO         1278    i.__mathlib_flt_underflow  m_ws.l(funder.o)
    0x080085da   0x00000002   PAD
    0x080085dc   0x00000158   Code   RO         1283    i.__mathlib_rredf2  m_ws.l(rredf.o)
    0x08008734   0x0000000e   Code   RO         1351    i.__scatterload_copy  mc_w.l(handlers.o)
    0x08008742   0x00000002   Code   RO         1352    i.__scatterload_null  mc_w.l(handlers.o)
    0x08008744   0x0000000e   Code   RO         1353    i.__scatterload_zeroinit  mc_w.l(handlers.o)
    0x08008752   0x00000002   PAD
    0x08008754   0x0000000c   Code   RO         1323    i.__set_errno       mc_w.l(errno.o)
    0x08008760   0x0000027c   Code   RO         1144    i.asin              m_ws.l(asin.o)
    0x080089dc   0x00000224   Code   RO         1263    i.atan              m_ws.l(atan.o)
    0x08008c00   0x00000180   Code   RO         1154    i.atan2             m_ws.l(atan2.o)
    0x08008d80   0x00000184   Code   RO         1162    i.cosf              m_ws.l(cosf.o)
    0x08008f04   0x000009e0   Code   RO         1170    i.pow               m_ws.l(pow.o)
    0x080098e4   0x0000004c   Code   RO         1287    i.sqrt              m_ws.l(sqrt.o)
    0x08009930   0x00000178   Code   RO         1180    i.tanf              m_ws.l(tanf.o)
    0x08009aa8   0x00000090   Data   RO          283    .constdata          pwm.o
    0x08009b38   0x00000097   Data   RO          527    .constdata          usb_desc.o
    0x08009bcf   0x00000001   PAD
    0x08009bd0   0x00000050   Data   RO         1145    .constdata          m_ws.l(asin.o)
    0x08009c20   0x00000088   Data   RO         1171    .constdata          m_ws.l(pow.o)
    0x08009ca8   0x00000098   Data   RO         1264    .constdata          m_ws.l(atan.o)
    0x08009d40   0x00000008   Data   RO         1282    .constdata          m_ws.l(qnan.o)
    0x08009d48   0x00000020   Data   RO         1284    .constdata          m_ws.l(rredf.o)
    0x08009d68   0x00000020   Data   RO         1349    Region$$Table       anon$$obj.o


    Execution Region RW_IRAM1 (Base: 0x20000000, Size: 0x00001320, Max: 0x00005000, ABSOLUTE, COMPRESSED[0x000000bc])

    Base Addr    Size         Type   Attr      Idx    E Section Name        Object

    0x20000000   0x00000038   Data   RW            5    .data               main.o
    0x20000038   0x00000020   Data   RW          156    .data               systeminit.o
    0x20000058   0x00000010   Data   RW          186    .data               system_loop.o
    0x20000068   0x0000002c   Data   RW          212    .data               imucal.o
    0x20000094   0x0000000c   Data   RW          237    .data               delay.o
    0x200000a0   0x00000001   Data   RW          381    .data               ms5611.o
    0x200000a1   0x00000003   PAD
    0x200000a4   0x000000c0   Data   RW          420    .data               filter.o
    0x20000164   0x0000000c   Data   RW          457    .data               hw_config.o
    0x20000170   0x00000026   Data   RW          528    .data               usb_desc.o
    0x20000196   0x00000002   PAD
    0x20000198   0x00000008   Data   RW          550    .data               usb_endp.o
    0x200001a0   0x00000044   Data   RW          575    .data               usb_istr.o
    0x200001e4   0x00000094   Data   RW          601    .data               usb_prop.o
    0x20000278   0x0000000c   Data   RW          633    .data               usb_pwr.o
    0x20000284   0x00000003   Data   RW          725    .data               usb_core.o
    0x20000287   0x00000001   PAD
    0x20000288   0x00000014   Data   RW          749    .data               usb_init.o
    0x2000029c   0x00000004   Data   RW          779    .data               usb_int.o
    0x200002a0   0x00000014   Data   RW          951    .data               stm32f10x_rcc.o
    0x200002b4   0x00000014   Data   RW         1040    .data               system_stm32f10x.o
    0x200002c8   0x00000004   Data   RW         1324    .data               mc_w.l(errno.o)
    0x200002cc   0x0000004e   Zero   RW            4    .bss                main.o
    0x2000031a   0x00000002   PAD
    0x2000031c   0x000000f8   Zero   RW          155    .bss                systeminit.o
    0x20000414   0x00000020   Zero   RW          332    .bss                adc.o
    0x20000434   0x00000a30   Zero   RW          456    .bss                hw_config.o
    0x20000e64   0x00000080   Zero   RW          549    .bss                usb_endp.o
    0x20000ee4   0x00000020   Zero   RW          632    .bss                usb_pwr.o
    0x20000f04   0x0000001c   Zero   RW          748    .bss                usb_init.o
    0x20000f20   0x00000400   Zero   RW         1030    STACK               startup_stm32f10x_md.o


==============================================================================

Image component sizes


      Code (inc. data)   RO Data    RW Data    ZI Data      Debug   Object Name

       412         20          0          0         32       2097   adc.o
       232         18          0         12          0       2178   delay.o
      2958        268          0        192          0       7248   filter.o
       476         42          0         12       2608      17421   hw_config.o
       828          4          0          0          0       3099   i2c.o
      2756        114          0         44          0       3834   imucal.o
      1600        162          0         56         78     282777   main.o
       220         22          0          0          0       2001   misc.o
       476          8          0          0          0       2430   mpu9250.o
      1020         52          0          1          0       2923   ms5611.o
       320         26        144          0          0       2214   pwm.o
      1258          0          0          0          0       6419   queue.o
       652         20          0          0          0       2662   spinrf.o
        36          8        236          0       1024        800   startup_stm32f10x_md.o
      1102         26          0          0          0      11037   stm32f10x_adc.o
       284         10          0          0          0       2439   stm32f10x_exti.o
      1468         34          0          0          0       8230   stm32f10x_flash.o
       860         38          0          0          0       5845   stm32f10x_gpio.o
       932         36          0         20          0       9020   stm32f10x_rcc.o
       780         14          0          0          0       6730   stm32f10x_spi.o
      3610         88          0          0          0      22336   stm32f10x_tim.o
       296         44          0         16          0       1731   system_loop.o
       480         38          0         20          0       1859   system_stm32f10x.o
       268         14          0         32        248      25548   systeminit.o
      2896        114          0          3          0       8071   usb_core.o
         0          0        151         38          0       1035   usb_desc.o
       200         22          0          8        128       1544   usb_endp.o
        60         24          0         20         28       4110   usb_init.o
       828         34          0          4          0       1919   usb_int.o
       464         38          0         68          0       1547   usb_istr.o
        20          0          0          0          0        582   usb_it.o
        92          6          0          0          0       1410   usb_mem.o
       572         42          0        148          0       7219   usb_prop.o
       576         40          0         12         32       2827   usb_pwr.o
      2056         20          0          0          0      11721   usb_regs.o
       128          8          0          0          0       1430   usb_sil.o

    ----------------------------------------------------------------------
     31222       1454        564        712       4180     476293   Object Totals
         0          0         32          0          0          0   (incl. Generated)
         6          0          1          6          2          0   (incl. Padding)

    ----------------------------------------------------------------------

      Code (inc. data)   RO Data    RW Data    ZI Data      Debug   Library Member Name

       636         52         80          0          0        168   asin.o
       548         70        152          0          0        124   atan.o
       384         38          0          0          0        144   atan2.o
       388         54          0          0          0        124   cosf.o
        16          6          0          0          0         68   dunder.o
        40          0          0          0          0         68   fpclassify.o
        38          0          0          0          0         68   fpclassifyf.o
        10          0          0          0          0         68   funder.o
       170          0          0          0          0         96   poly.o
      2528        190        136          0          0        332   pow.o
         0          0          8          0          0          0   qnan.o
       344         18         32          0          0         88   rredf.o
        76          0          0          0          0         84   sqrt.o
       376         56          0          0          0        124   tanf.o
        86          0          0          0          0          0   __dczerorl2.o
         0          0          0          0          0          0   entry.o
         0          0          0          0          0          0   entry10a.o
         0          0          0          0          0          0   entry11a.o
         8          4          0          0          0          0   entry2.o
         4          0          0          0          0          0   entry5.o
         0          0          0          0          0          0   entry7b.o
         0          0          0          0          0          0   entry8b.o
         8          4          0          0          0          0   entry9a.o
        12          6          0          4          0         68   errno.o
        30          0          0          0          0          0   handlers.o
        36          8          0          0          0         68   init.o
         0          0          0          0          0          0   iusefp.o
        30          0          0          0          0         68   llshl.o
        36          0          0          0          0         68   llsshr.o
        32          0          0          0          0         68   llushr.o
        36          0          0          0          0         68   memcpya.o
        40          2          0          0          0         68   cdcmple.o
        40          2          0          0          0         68   cdrcmple.o
        20          0          0          0          0         68   cfcmple.o
        20          0          0          0          0         68   cfrcmple.o
        56          0          0          0          0         88   d2f.o
       334          0          0          0          0        148   dadd.o
       222          0          0          0          0        100   ddiv.o
       182          0          0          0          0        176   depilogue.o
        50          0          0          0          0         76   dfixui.o
        34          0          0          0          0         76   dflti.o
        26          0          0          0          0         76   dfltui.o
       228          0          0          0          0         96   dmul.o
        46          0          0          0          0         80   dscalb.o
       162          0          0          0          0        100   dsqrt.o
        38          0          0          0          0         68   f2d.o
       176          0          0          0          0        140   fadd.o
       124          0          0          0          0         88   fdiv.o
       110          0          0          0          0        168   fepilogue.o
        50          0          0          0          0         68   ffixi.o
        40          0          0          0          0         68   ffixui.o
        18          0          0          0          0         68   fflti.o
        44          0          0          0          0         92   ffltl.o
        10          0          0          0          0         68   ffltui.o
       100          0          0          0          0         76   fmul.o
        60          0          0          0          0         76   frnd.o
        24          0          0          0          0         68   fscalb.o

    ----------------------------------------------------------------------
      8134        510        408          4          0       4300   Library Totals
         8          0          0          0          0          0   (incl. Padding)

    ----------------------------------------------------------------------

      Code (inc. data)   RO Data    RW Data    ZI Data      Debug   Library Name

      5554        484        408          0          0       1556   m_ws.l
       318         22          0          4          0        408   mc_w.l
      2254          4          0          0          0       2336   mf_w.l

    ----------------------------------------------------------------------
      8134        510        408          4          0       4300   Library Totals

    ----------------------------------------------------------------------

==============================================================================


      Code (inc. data)   RO Data    RW Data    ZI Data      Debug   

     39356       1964        972        716       4180     475365   Grand Totals
     39356       1964        972        188       4180     475365   ELF Image Totals (compressed)
     39356       1964        972        188          0          0   ROM Totals

==============================================================================

    Total RO  Size (Code + RO Data)                40328 (  39.38kB)
    Total RW  Size (RW Data + ZI Data)              4896 (   4.78kB)
    Total ROM Size (Code + RO Data + RW Data)      40516 (  39.57kB)

==============================================================================

