Product: MDK-ARM Professional 5.10
Component: ARM Compiler 5.04 update 1 (build 49)
Tool: armlink [5040049]

==============================================================================

Section Cross References

    main.o(.text) refers to memcpya.o(.text) for __aeabi_memcpy
    main.o(.text) refers to systeminit.o(.text) for sysclockInit
    main.o(.text) refers to delay.o(.text) for cycleCounterInit
    main.o(.text) refers to spinrf.o(.text) for spi2NrfInit
    main.o(.text) refers to adc.o(.text) for adcInit
    main.o(.text) refers to i2c.o(.text) for i2cInit
    main.o(.text) refers to mpu9250.o(.text) for mpu9250Init
    main.o(.text) refers to ms5611.o(.text) for ms5611Init
    main.o(.text) refers to pwm.o(.text) for pwmInit
    main.o(.text) refers to system_loop.o(.text) for systemLoopTim1Init
    main.o(.text) refers to stm32f10x_gpio.o(.text) for GPIO_ResetBits
    main.o(.text) refers to fflti.o(.text) for __aeabi_i2f
    main.o(.text) refers to fdiv.o(.text) for __aeabi_fdiv
    main.o(.text) refers to imucal.o(.text) for IMUupdate
    main.o(.text) refers to stm32f10x_exti.o(.text) for EXTI_GetITStatus
    main.o(.text) refers to dflti.o(.text) for __aeabi_i2d
    main.o(.text) refers to ddiv.o(.text) for __aeabi_ddiv
    main.o(.text) refers to dmul.o(.text) for __aeabi_dmul
    main.o(.text) refers to dfixui.o(.text) for __aeabi_d2uiz
    main.o(.text) refers to main.o(.data) for rxFailCount
    main.o(.text) refers to main.o(.bss) for NRF_RXBUFFER
    main.o(.text) refers to systeminit.o(.data) for BBCom
    main.o(.text) refers to systeminit.o(.bss) for BBImu
    main.o(.text) refers to system_loop.o(.data) for radioFlag
    systeminit.o(.text) refers to stm32f10x_rcc.o(.text) for RCC_DeInit
    systeminit.o(.text) refers to stm32f10x_flash.o(.text) for FLASH_SetLatency
    systeminit.o(.text) refers to stm32f10x_gpio.o(.text) for GPIO_Init
    system_loop.o(.text) refers to stm32f10x_tim.o(.text) for TIM_ClearITPendingBit
    system_loop.o(.text) refers to stm32f10x_rcc.o(.text) for RCC_APB2PeriphClockCmd
    system_loop.o(.text) refers to misc.o(.text) for NVIC_PriorityGroupConfig
    system_loop.o(.text) refers to system_loop.o(.data) for rxTimeOutCount
    imucal.o(.text) refers to fmul.o(.text) for __aeabi_fmul
    imucal.o(.text) refers to fadd.o(.text) for __aeabi_frsub
    imucal.o(.text) refers to fdiv.o(.text) for __aeabi_fdiv
    imucal.o(.text) refers to f2d.o(.text) for __aeabi_f2d
    imucal.o(.text) refers to dmul.o(.text) for __aeabi_dmul
    imucal.o(.text) refers to dadd.o(.text) for __aeabi_dadd
    imucal.o(.text) refers to d2f.o(.text) for __aeabi_d2f
    imucal.o(.text) refers to imucal.o(.data) for q0
    imucal.o(.text) refers to asin.o(i.asin) for asin
    imucal.o(.text) refers to atan2.o(i.atan2) for atan2
    imucal.o(.text) refers to atan2f.o(i.atan2f) for atan2f
    delay.o(.text) refers to stm32f10x_rcc.o(.text) for RCC_GetClocksFreq
    delay.o(.text) refers to delay.o(.data) for TimingDelay
    spinrf.o(.text) refers to stm32f10x_rcc.o(.text) for RCC_APB2PeriphClockCmd
    spinrf.o(.text) refers to stm32f10x_gpio.o(.text) for GPIO_Init
    spinrf.o(.text) refers to stm32f10x_exti.o(.text) for EXTI_Init
    spinrf.o(.text) refers to misc.o(.text) for NVIC_PriorityGroupConfig
    spinrf.o(.text) refers to stm32f10x_spi.o(.text) for SPI_Init
    pwm.o(.text) refers to stm32f10x_rcc.o(.text) for RCC_APB2PeriphClockCmd
    pwm.o(.text) refers to stm32f10x_gpio.o(.text) for GPIO_Init
    pwm.o(.text) refers to stm32f10x_tim.o(.text) for TIM_TimeBaseInit
    pwm.o(.text) refers to pwm.o(.constdata) for MOTO_A
    pwm.o(.constdata) refers to stm32f10x_tim.o(.text) for TIM_OC4Init
    usb2com.o(.text) refers to hw_config.o(.text) for USB_Config
    usb2com.o(.text) refers to memseta.o(.text) for __aeabi_memclr4
    usb2com.o(.text) refers to printfa.o(i.__0vsprintf) for __c89vsprintf
    adc.o(.text) refers to stm32f10x_rcc.o(.text) for RCC_APB2PeriphClockCmd
    adc.o(.text) refers to stm32f10x_gpio.o(.text) for GPIO_Init
    adc.o(.text) refers to stm32f10x_adc.o(.text) for ADC_DeInit
    adc.o(.text) refers to fflti.o(.text) for __aeabi_i2f
    adc.o(.text) refers to fdiv.o(.text) for __aeabi_fdiv
    adc.o(.text) refers to ffixui.o(.text) for __aeabi_f2uiz
    adc.o(.text) refers to adc.o(.bss) for BATTERY_0
    mpu9250.o(.text) refers to stm32f10x_rcc.o(.text) for RCC_APB2PeriphClockCmd
    mpu9250.o(.text) refers to stm32f10x_gpio.o(.text) for GPIO_PinRemapConfig
    mpu9250.o(.text) refers to i2c.o(.text) for Single_Write
    mpu9250.o(.text) refers to delay.o(.text) for delay_ms
    ms5611.o(.text) refers to i2c.o(.text) for I2C_Start
    ms5611.o(.text) refers to delay.o(.text) for delay_us
    ms5611.o(.text) refers to ffltui.o(.text) for __aeabi_ui2f
    ms5611.o(.text) refers to fflti.o(.text) for __aeabi_i2f
    ms5611.o(.text) refers to fmul.o(.text) for __aeabi_fmul
    ms5611.o(.text) refers to fdiv.o(.text) for __aeabi_fdiv
[...]
    .text                                    0x08004acc   Section        0  stm32f10x_rcc.o(.text)
    .text                                    0x08004e70   Section        0  stm32f10x_spi.o(.text)
    .text                                    0x0800517c   Section        0  stm32f10x_tim.o(.text)
    TI4_Config                               0x08005623   Thumb Code   130  stm32f10x_tim.o(.text)
    TI3_Config                               0x080056b7   Thumb Code   122  stm32f10x_tim.o(.text)
    TI2_Config                               0x0800574b   Thumb Code   130  stm32f10x_tim.o(.text)
    TI1_Config                               0x080057df   Thumb Code   108  stm32f10x_tim.o(.text)
    .text                                    0x08005f98   Section       36  startup_stm32f10x_md.o(.text)
    .text                                    0x08005fbc   Section        0  system_stm32f10x.o(.text)
    SetSysClockTo72                          0x08005fbd   Thumb Code   214  system_stm32f10x.o(.text)
    SetSysClock                              0x08006093   Thumb Code     8  system_stm32f10x.o(.text)
    .text                                    0x0800619c   Section        0  stm32f10x_flash.o(.text)
    .text                                    0x08006758   Section        0  stm32f10x_exti.o(.text)
    .text                                    0x08006874   Section        0  misc.o(.text)
    .text                                    0x08006950   Section        0  memcpya.o(.text)
    .text                                    0x08006974   Section        0  fadd.o(.text)
    .text                                    0x08006a24   Section        0  fmul.o(.text)
    .text                                    0x08006a88   Section        0  fdiv.o(.text)
    .text                                    0x08006b04   Section        0  dadd.o(.text)
    .text                                    0x08006c52   Section        0  dmul.o(.text)
    .text                                    0x08006d36   Section        0  ddiv.o(.text)
    .text                                    0x08006e14   Section        0  fflti.o(.text)
    .text                                    0x08006e26   Section        0  ffltui.o(.text)
    .text                                    0x08006e30   Section        0  ffltl.o(.text)
    .text                                    0x08006e5c   Section        0  dflti.o(.text)
    .text                                    0x08006e7e   Section        0  dfltui.o(.text)
    .text                                    0x08006e98   Section        0  ffixui.o(.text)
    .text                                    0x08006ec0   Section        0  dfixui.o(.text)
    .text                                    0x08006ef2   Section        0  f2d.o(.text)
    .text                                    0x08006f18   Section        0  d2f.o(.text)
    .text                                    0x08006f50   Section       20  cfcmple.o(.text)
    .text                                    0x08006f64   Section        0  llshl.o(.text)
    .text                                    0x08006f82   Section        0  llushr.o(.text)
    .text                                    0x08006fa2   Section        0  llsshr.o(.text)
    .text                                    0x08006fc6   Section        0  fepilogue.o(.text)
    .text                                    0x08006fc6   Section        0  iusefp.o(.text)
    .text                                    0x08007034   Section        0  depilogue.o(.text)
    .text                                    0x080070ea   Section        0  dscalb.o(.text)
    .text                                    0x08007118   Section       40  cdrcmple.o(.text)
    .text                                    0x08007140   Section       36  init.o(.text)
    .text                                    0x08007164   Section        0  fscalb.o(.text)
    .text                                    0x0800717c   Section        0  dsqrt.o(.text)
    .text                                    0x0800721e   Section        0  __dczerorl2.o(.text)
    i.__ARM_fpclassify                       0x08007274   Section        0  fpclassify.o(i.__ARM_fpclassify)
    i.__ARM_fpclassifyf                      0x0800729c   Section        0  fpclassifyf.o(i.__ARM_fpclassifyf)
    i.__kernel_poly                          0x080072c2   Section        0  poly.o(i.__kernel_poly)
    i.__mathlib_dbl_underflow                0x0800736c   Section        0  dunder.o(i.__mathlib_dbl_underflow)
    i.__mathlib_flt_underflow                0x0800737c   Section        0  funder.o(i.__mathlib_flt_underflow)
    i.__scatterload_copy                     0x08007386   Section       14  handlers.o(i.__scatterload_copy)
    i.__scatterload_null                     0x08007394   Section        2  handlers.o(i.__scatterload_null)
    i.__scatterload_zeroinit                 0x08007396   Section       14  handlers.o(i.__scatterload_zeroinit)
    i.__set_errno                            0x080073a4   Section        0  errno.o(i.__set_errno)
    i.asin                                   0x080073b0   Section        0  asin.o(i.asin)
    i.atan                                   0x0800762c   Section        0  atan.o(i.atan)
    i.atan2                                  0x08007850   Section        0  atan2.o(i.atan2)
    i.atan2f                                 0x080079d0   Section        0  atan2f.o(i.atan2f)
    i.pow                                    0x08007c2c   Section        0  pow.o(i.pow)
    i.sqrt                                   0x0800860c   Section        0  sqrt.o(i.sqrt)
    .constdata                               0x08008658   Section      144  pwm.o(.constdata)
    MOTO_A                                   0x08008658   Data          36  pwm.o(.constdata)
    MOTO_B                                   0x0800867c   Data          36  pwm.o(.constdata)
    MOTO_C                                   0x080086a0   Data          36  pwm.o(.constdata)
    MOTO_D                                   0x080086c4   Data          36  pwm.o(.constdata)
    .constdata                               0x080086e8   Section      151  usb_desc.o(.constdata)
    .constdata                               0x08008780   Section       80  asin.o(.constdata)
    pS                                       0x08008780   Data          48  asin.o(.constdata)
    qS                                       0x080087b0   Data          32  asin.o(.constdata)
    .constdata                               0x080087d0   Section      136  pow.o(.constdata)
    bp                                       0x080087d0   Data          16  pow.o(.constdata)
    dp_h                                     0x080087e0   Data          16  pow.o(.constdata)
    dp_l                                     0x080087f0   Data          16  pow.o(.constdata)
    L                                        0x08008800   Data          48  pow.o(.constdata)
    P                                        0x08008830   Data          40  pow.o(.constdata)
    .constdata                               0x08008858   Section      152  atan.o(.constdata)
    atanhi                                   0x08008858   Data          32  atan.o(.constdata)
    atanlo                                   0x08008878   Data          32  atan.o(.constdata)
    aTodd                                    0x08008898   Data          40  atan.o(.constdata)
    aTeven                                   0x080088c0   Data          48  atan.o(.constdata)
    .constdata                               0x080088f0   Section        8  qnan.o(.constdata)
    .data                                    0x20000000   Section       56  main.o(.data)
    MS5611_TEMP_NoOffset                     0x20000024   Data           8  main.o(.data)
    MS5611_TaPAfterOffset                    0x2000002c   Data           8  main.o(.data)
    PRESSUREDATA                             0x20000034   Data           4  main.o(.data)
    .data                                    0x20000038   Section       68  systeminit.o(.data)
    .data                                    0x2000007c   Section       10  system_loop.o(.data)
    .data                                    0x20000088   Section       52  imucal.o(.data)
    .data                                    0x200000bc   Section       12  delay.o(.data)
    usTicks                                  0x200000c0   Data           4  delay.o(.data)
    .data                                    0x200000c8   Section        1  ms5611.o(.data)
    Filtercount                              0x200000c8   Data           1  ms5611.o(.data)
    .data                                    0x200000cc   Section       12  hw_config.o(.data)
    .data                                    0x200000d8   Section       38  usb_desc.o(.data)
    .data                                    0x20000100   Section        8  usb_endp.o(.data)
    txFlg                                    0x20000100   Data           1  usb_endp.o(.data)
    FrameCount                               0x20000104   Data           4  usb_endp.o(.data)
    .data                                    0x20000108   Section       68  usb_istr.o(.data)
    .data                                    0x2000014c   Section      148  usb_prop.o(.data)
    .data                                    0x200001e0   Section       12  usb_pwr.o(.data)
    .data                                    0x200001ec   Section        3  usb_core.o(.data)
    .data                                    0x200001f0   Section       20  usb_init.o(.data)
    .data                                    0x20000204   Section        4  usb_int.o(.data)
    .data                                    0x20000208   Section       20  stm32f10x_rcc.o(.data)
    APBAHBPrescTable                         0x20000208   Data          16  stm32f10x_rcc.o(.data)
    ADCPrescTable                            0x20000218   Data           4  stm32f10x_rcc.o(.data)
    .data                                    0x2000021c   Section       20  system_stm32f10x.o(.data)
    .data                                    0x20000230   Section        4  errno.o(.data)
    _errno                                   0x20000230   Data           4  errno.o(.data)
    .bss                                     0x20000234   Section       78  main.o(.bss)
    MS5611_PROM                              0x20000274   Data          14  main.o(.bss)
    .bss                                     0x20000284   Section       84  systeminit.o(.bss)
    .bss                                     0x200002d8   Section       32  adc.o(.bss)
    .bss                                     0x200002f8   Section     2608  hw_config.o(.bss)
    m_QueueUsbComRx                          0x20000308   Data          16  hw_config.o(.bss)
    m_QueueUsbComTx                          0x20000318   Data          16  hw_config.o(.bss)
    m_UsbComRxBuf                            0x20000328   Data        1280  hw_config.o(.bss)
    m_UsbComTxBuf                            0x20000828   Data        1280  hw_config.o(.bss)
    .bss                                     0x20000d28   Section      128  usb_endp.o(.bss)
    txBuffter                                0x20000d28   Data          64  usb_endp.o(.bss)
    buffter                                  0x20000d68   Data          64  usb_endp.o(.bss)
    .bss                                     0x20000da8   Section       32  usb_pwr.o(.bss)
    .bss                                     0x20000dc8   Section       28  usb_init.o(.bss)
    STACK                                    0x20000de8   Section     1024  startup_stm32f10x_md.o(STACK)

    Global Symbols

    Symbol Name                              Value     Ov Type        Size  Object(Section)

    BuildAttributes$$THM_ISAv4$P$D$K$B$S$PE$A:L22UL41UL21$X:L11$S22US41US21$IEEE1$IW$USESV6$~STKCKD$USESV7$~SHL$OTIME$ROPI$IEEEX$EBA8$MICROLIB$REQ8$PRES8$EABIv2 0x00000000   Number         0  anon$$obj.o ABSOLUTE
    __ARM_use_no_argv                        0x00000000   Number         0  main.o ABSOLUTE
    __cpp_initialize__aeabi_                  - Undefined Weak Reference
    __cxa_finalize                            - Undefined Weak Reference
    _clock_init                               - Undefined Weak Reference
    _microlib_exit                            - Undefined Weak Reference
    __Vectors_Size                           0x000000ec   Number         0  startup_stm32f10x_md.o ABSOLUTE
    __Vectors                                0x08000000   Data           4  startup_stm32f10x_md.o(RESET)
    __Vectors_End                            0x080000ec   Data           0  startup_stm32f10x_md.o(RESET)
    __main                                   0x080000ed   Thumb Code     0  entry.o(.ARM.Collect$$$$00000000)
    _main_stk                                0x080000ed   Thumb Code     0  entry2.o(.ARM.Collect$$$$00000001)
    _main_scatterload                        0x080000f1   Thumb Code     0  entry5.o(.ARM.Collect$$$$00000004)
    __main_after_scatterload                 0x080000f5   Thumb Code     0  entry5.o(.ARM.Collect$$$$00000004)
    _main_clock                              0x080000f5   Thumb Code     0  entry7b.o(.ARM.Collect$$$$00000008)
    _main_cpp_init                           0x080000f5   Thumb Code     0  entry8b.o(.ARM.Collect$$$$0000000A)
    _main_init                               0x080000f5   Thumb Code     0  entry9a.o(.ARM.Collect$$$$0000000B)
    __rt_final_cpp                           0x080000fd   Thumb Code     0  entry10a.o(.ARM.Collect$$$$0000000D)
    __rt_final_exit                          0x080000fd   Thumb Code     0  entry11a.o(.ARM.Collect$$$$0000000F)
    nrfReceiveResult                         0x08000101   Thumb Code   124  main.o(.text)
    main                                     0x0800017d   Thumb Code   574  main.o(.text)
    nrfTransmitResult                        0x080003bb   Thumb Code    40  main.o(.text)
    EXTI9_5_IRQHandler                       0x080003e3   Thumb Code   232  main.o(.text)
    sysclockInit                             0x0800052d   Thumb Code   106  systeminit.o(.text)
    systickInit                              0x08000597   Thumb Code    76  systeminit.o(.text)
    ledInit                                  0x080005e3   Thumb Code    72  systeminit.o(.text)
    TIM1_UP_IRQHandler                       0x08000639   Thumb Code    88  system_loop.o(.text)
    systemLoopTim1Init                       0x08000691   Thumb Code   112  system_loop.o(.text)
    invSqrt                                  0x0800071d   Thumb Code    86  imucal.o(.text)
    IMUupdate                                0x08000773   Thumb Code  1676  imucal.o(.text)
    delay_us                                 0x08000e21   Thumb Code    20  delay.o(.text)
    delay_ms                                 0x08000e35   Thumb Code    26  delay.o(.text)
    cycleCounterInit                         0x08000e4f   Thumb Code    26  delay.o(.text)
    SysTick_Handler                          0x08000e69   Thumb Code    28  delay.o(.text)
    currentTime                              0x08000e85   Thumb Code    38  delay.o(.text)
    delay_current_us                         0x08000eab   Thumb Code    24  delay.o(.text)
    delay_current_ms                         0x08000ec3   Thumb Code    34  delay.o(.text)
    delay_noInt_ms                           0x08000ee5   Thumb Code    18  delay.o(.text)
    spi2NrfInit                              0x08000f09   Thumb Code   292  spinrf.o(.text)
    SPI_RW                                   0x0800102d   Thumb Code    50  spinrf.o(.text)
    NRF_Write_Buf                            0x0800105f   Thumb Code    62  spinrf.o(.text)
    NRF_Read_Buf                             0x0800109d   Thumb Code    74  spinrf.o(.text)
    NRF24L01_Check                           0x080010e7   Thumb Code    68  spinrf.o(.text)
    NRF_Write_Reg                            0x0800112b   Thumb Code    44  spinrf.o(.text)
    NRF_Read_Reg                             0x08001157   Thumb Code    42  spinrf.o(.text)
    MOTO_Init                                0x08001195   Thumb Code   168  pwm.o(.text)
    pwmInit                                  0x0800123d   Thumb Code    30  pwm.o(.text)
    MotorPwmFlash                            0x0800125b   Thumb Code    96  pwm.o(.text)
    adcInit                                  0x080012d5   Thumb Code   178  adc.o(.text)
    adcGetChannelValue                       0x08001387   Thumb Code    46  adc.o(.text)
    adcBatteryConversion                     0x080013b5   Thumb Code    70  adc.o(.text)
    adcCurrentConversion                     0x080013fb   Thumb Code    98  adc.o(.text)
    mpu9250Init                              0x08001471   Thumb Code   144  mpu9250.o(.text)
    Get_MPU9250_ID                           0x08001501   Thumb Code    12  mpu9250.o(.text)
    Get_AK8963_ID_Bypass                     0x0800150d   Thumb Code    28  mpu9250.o(.text)
    MPU9250_Check                            0x08001529   Thumb Code    18  mpu9250.o(.text)
    AK8963_Check_Bypass                      0x0800153b   Thumb Code    18  mpu9250.o(.text)
    READ_MPU9250_ACCEL_RAW                   0x0800154d   Thumb Code    66  mpu9250.o(.text)
    READ_MPU9250_GYRO_RAW                    0x0800158f   Thumb Code    66  mpu9250.o(.text)
    READ_MPU9250_TEMP_RAW                    0x080015d1   Thumb Code    32  mpu9250.o(.text)
    READ_MPU9250_Bypass_MAG_RAW              0x080015f1   Thumb Code    82  mpu9250.o(.text)
    MPU9250_OFFSET                           0x08001643   Thumb Code     2  mpu9250.o(.text)
    MS5611_Reset                             0x0800164d   Thumb Code    32  ms5611.o(.text)
    ms5611Init                               0x0800166d   Thumb Code     8  ms5611.o(.text)
    MS5611_PROM_READ                         0x08001675   Thumb Code   128  ms5611.o(.text)
    MS5611_SendCmd_StartConversionAndGetIt   0x080016f5   Thumb Code   148  ms5611.o(.text)
    MS5611_GetTempture                       0x08001789   Thumb Code    68  ms5611.o(.text)
    MS5611_GetPressure                       0x080017cd   Thumb Code   406  ms5611.o(.text)
    MS5611_GetAltitude                       0x08001963   Thumb Code   178  ms5611.o(.text)
    i2cInit                                  0x08001a49   Thumb Code    38  i2c.o(.text)
    I2C_Start                                0x08001a6f   Thumb Code    92  i2c.o(.text)
    I2C_Stop                                 0x08001acb   Thumb Code    60  i2c.o(.text)
    I2C_Ack                                  0x08001b07   Thumb Code    60  i2c.o(.text)
    I2C_NoAck                                0x08001b43   Thumb Code    60  i2c.o(.text)
    I2C_WaitAck                              0x08001b7f   Thumb Code    80  i2c.o(.text)
    I2C_SendByte                             0x08001bcf   Thumb Code    90  i2c.o(.text)
    I2C_ReceiveByte                          0x08001c29   Thumb Code    86  i2c.o(.text)
    Single_Write                             0x08001c7f   Thumb Code    72  i2c.o(.text)
    Single_Read                              0x08001cc7   Thumb Code    80  i2c.o(.text)
    Multiple_Read                            0x08001d17   Thumb Code   106  i2c.o(.text)
    Set_System                               0x08001d85   Thumb Code    94  hw_config.o(.text)
    Set_USBClock                             0x08001de3   Thumb Code    18  hw_config.o(.text)
    Enter_LowPowerMode                       0x08001df5   Thumb Code     8  hw_config.o(.text)
    Leave_LowPowerMode                       0x08001dfd   Thumb Code    22  hw_config.o(.text)
    USB_Interrupts_Config                    0x08001e13   Thumb Code    66  hw_config.o(.text)
    USB_Cable_Config                         0x08001e55   Thumb Code    30  hw_config.o(.text)
    USB_Config                               0x08001e73   Thumb Code    20  hw_config.o(.text)
    USB_RxRead                               0x08001e87   Thumb Code    18  hw_config.o(.text)
    USB_RxWrite                              0x08001e99   Thumb Code    18  hw_config.o(.text)
    USB_TxRead                               0x08001eab   Thumb Code    18  hw_config.o(.text)
    USB_TxWrite                              0x08001ebd   Thumb Code    18  hw_config.o(.text)
    Get_SerialNum                            0x08001f0d   Thumb Code    42  hw_config.o(.text)
    EP1_IN_Callback                          0x08001f61   Thumb Code    66  usb_endp.o(.text)
    EP3_OUT_Callback                         0x08001fa3   Thumb Code    28  usb_endp.o(.text)
    SOF_Callback                             0x08001fbf   Thumb Code    84  usb_endp.o(.text)
    USB_Istr                                 0x08002029   Thumb Code   426  usb_istr.o(.text)
    Virtual_Com_Port_init                    0x080021f9   Thumb Code    30  usb_prop.o(.text)
    Virtual_Com_Port_Reset                   0x08002217   Thumb Code   216  usb_prop.o(.text)
    Virtual_Com_Port_SetConfiguration        0x080022ef   Thumb Code    14  usb_prop.o(.text)
    Virtual_Com_Port_SetDeviceAddress        0x080022fd   Thumb Code     8  usb_prop.o(.text)
    Virtual_Com_Port_Status_In               0x08002305   Thumb Code    16  usb_prop.o(.text)
    Virtual_Com_Port_Status_Out              0x08002315   Thumb Code     2  usb_prop.o(.text)
    Virtual_Com_Port_SetLineCoding           0x08002317   Thumb Code    20  usb_prop.o(.text)
    Virtual_Com_Port_GetLineCoding           0x0800232b   Thumb Code    20  usb_prop.o(.text)
    Virtual_Com_Port_Data_Setup              0x0800233f   Thumb Code    86  usb_prop.o(.text)
    Virtual_Com_Port_NoData_Setup            0x08002395   Thumb Code    36  usb_prop.o(.text)
    Virtual_Com_Port_GetDeviceDescriptor     0x080023b9   Thumb Code    14  usb_prop.o(.text)
    Virtual_Com_Port_GetConfigDescriptor     0x080023c7   Thumb Code    14  usb_prop.o(.text)
    Virtual_Com_Port_GetStringDescriptor     0x080023d5   Thumb Code    32  usb_prop.o(.text)
    Virtual_Com_Port_Get_Interface_Setting   0x080023f5   Thumb Code    22  usb_prop.o(.text)
    PowerOn                                  0x08002435   Thumb Code    54  usb_pwr.o(.text)
    PowerOff                                 0x0800246b   Thumb Code    28  usb_pwr.o(.text)
    Suspend                                  0x08002487   Thumb Code   238  usb_pwr.o(.text)
    Resume_Init                              0x08002575   Thumb Code    30  usb_pwr.o(.text)
    Resume                                   0x08002593   Thumb Code   194  usb_pwr.o(.text)
    USB_LP_CAN1_RX0_IRQHandler               0x08002675   Thumb Code     8  usb_it.o(.text)
    USBWakeUp_IRQHandler                     0x0800267d   Thumb Code    12  usb_it.o(.text)
    QUEUE_PacketCreate                       0x08002689   Thumb Code    14  queue.o(.text)
    QUEUE_PacketIn                           0x08002697   Thumb Code    60  queue.o(.text)
    QUEUE_PacketOut                          0x080026d3   Thumb Code    58  queue.o(.text)
    QUEUE_PacketLengthGet                    0x0800270d   Thumb Code    44  queue.o(.text)
    QUEUE_PacketStartEndDifferentCharSplit   0x08002739   Thumb Code   246  queue.o(.text)
    QUEUE_PacketStartEndCharSplit            0x0800282f   Thumb Code   270  queue.o(.text)
    QUEUE_PacketCharSplit                    0x0800293d   Thumb Code   164  queue.o(.text)
    QUEUE_PacketDoubleEndCharSplit           0x080029e1   Thumb Code   180  queue.o(.text)
    QUEUE_StructCreate                       0x08002a95   Thumb Code    22  queue.o(.text)
    QUEUE_StructIn                           0x08002aab   Thumb Code    80  queue.o(.text)
    QUEUE_StructOut                          0x08002afb   Thumb Code    80  queue.o(.text)
    QUEUE_StructCountGet                     0x08002b4b   Thumb Code    40  queue.o(.text)
    Standard_GetConfiguration                0x08002b75   Thumb Code    34  usb_core.o(.text)
    Standard_SetConfiguration                0x08002b97   Thumb Code    60  usb_core.o(.text)
    Standard_GetInterface                    0x08002bd3   Thumb Code    34  usb_core.o(.text)
    Standard_SetInterface                    0x08002bf5   Thumb Code    96  usb_core.o(.text)
    Standard_GetStatus                       0x08002c55   Thumb Code   238  usb_core.o(.text)
    Standard_ClearFeature                    0x08002d43   Thumb Code   342  usb_core.o(.text)
    Standard_SetEndPointFeature              0x08002e99   Thumb Code   220  usb_core.o(.text)
    Standard_SetDeviceFeature                0x08002f75   Thumb Code    30  usb_core.o(.text)
    Standard_GetDescriptorData               0x08002f93   Thumb Code    32  usb_core.o(.text)
    Post0_Process                            0x080034c7   Thumb Code    54  usb_core.o(.text)
    Setup0_Process                           0x080034fd   Thumb Code   170  usb_core.o(.text)
    SetDeviceAddress                         0x080035a7   Thumb Code    70  usb_core.o(.text)
    In0_Process                              0x080035ed   Thumb Code    98  usb_core.o(.text)
    Out0_Process                             0x0800364f   Thumb Code    70  usb_core.o(.text)
    NOP_Process                              0x08003695   Thumb Code     2  usb_core.o(.text)
    USB_Init                                 0x080036c5   Thumb Code    36  usb_init.o(.text)
    CTR_LP                                   0x08003701   Thumb Code   616  usb_int.o(.text)
    CTR_HP                                   0x08003969   Thumb Code   178  usb_int.o(.text)
    UserToPMABufferCopy                      0x08003a3d   Thumb Code    52  usb_mem.o(.text)
    PMAToUserBufferCopy                      0x08003a71   Thumb Code    34  usb_mem.o(.text)
    SetCNTR                                  0x08003a99   Thumb Code     6  usb_regs.o(.text)
    GetCNTR                                  0x08003a9f   Thumb Code     8  usb_regs.o(.text)
    SetISTR                                  0x08003aa7   Thumb Code     8  usb_regs.o(.text)
    GetISTR                                  0x08003aaf   Thumb Code    10  usb_regs.o(.text)
    GetFNR                                   0x08003ab9   Thumb Code    10  usb_regs.o(.text)
    SetDADDR                                 0x08003ac3   Thumb Code     8  usb_regs.o(.text)
    GetDADDR                                 0x08003acb   Thumb Code    10  usb_regs.o(.text)
    SetBTABLE                                0x08003ad5   Thumb Code    14  usb_regs.o(.text)
    GetBTABLE                                0x08003ae3   Thumb Code    10  usb_regs.o(.text)
    SetENDPOINT                              0x08003aed   Thumb Code    12  usb_regs.o(.text)
    GetENDPOINT                              0x08003af9   Thumb Code    16  usb_regs.o(.text)
    SetEPType                                0x08003b09   Thumb Code    32  usb_regs.o(.text)
    GetEPType                                0x08003b29   Thumb Code    18  usb_regs.o(.text)
    SetEPTxStatus                            0x08003b3b   Thumb Code    60  usb_regs.o(.text)
    SetEPRxStatus                            0x08003b77   Thumb Code    60  usb_regs.o(.text)
    SetDouBleBuffEPStall                     0x08003bb3   Thumb Code    54  usb_regs.o(.text)
    GetEPTxStatus                            0x08003be9   Thumb Code    18  usb_regs.o(.text)
    GetEPRxStatus                            0x08003bfb   Thumb Code    18  usb_regs.o(.text)
    SetEPTxValid                             0x08003c0d   Thumb Code    48  usb_regs.o(.text)
    SetEPRxValid                             0x08003c3d   Thumb Code    48  usb_regs.o(.text)
    SetEP_KIND                               0x08003c6d   Thumb Code    38  usb_regs.o(.text)
    ClearEP_KIND                             0x08003c93   Thumb Code    34  usb_regs.o(.text)
    Clear_Status_Out                         0x08003cb5   Thumb Code    34  usb_regs.o(.text)
    Set_Status_Out                           0x08003cd7   Thumb Code    38  usb_regs.o(.text)
    SetEPDoubleBuff                          0x08003cfd   Thumb Code    38  usb_regs.o(.text)
    ClearEPDoubleBuff                        0x08003d23   Thumb Code    34  usb_regs.o(.text)
    GetTxStallStatus                         0x08003d45   Thumb Code    28  usb_regs.o(.text)
    GetRxStallStatus                         0x08003d61   Thumb Code    30  usb_regs.o(.text)
    ClearEP_CTR_RX                           0x08003d7f   Thumb Code    32  usb_regs.o(.text)
    ClearEP_CTR_TX                           0x08003d9f   Thumb Code    28  usb_regs.o(.text)
    ToggleDTOG_RX                            0x08003dbb   Thumb Code    34  usb_regs.o(.text)
    ToggleDTOG_TX                            0x08003ddd   Thumb Code    34  usb_regs.o(.text)
    ClearDTOG_RX                             0x08003dff   Thumb Code    48  usb_regs.o(.text)
    ClearDTOG_TX                             0x08003e2f   Thumb Code    48  usb_regs.o(.text)
    SetEPAddress                             0x08003e5f   Thumb Code    46  usb_regs.o(.text)
    GetEPAddress                             0x08003e8d   Thumb Code    18  usb_regs.o(.text)
    SetEPTxAddr                              0x08003e9f   Thumb Code    24  usb_regs.o(.text)
    SetEPRxAddr                              0x08003eb7   Thumb Code    26  usb_regs.o(.text)
    GetEPTxAddr                              0x08003ed1   Thumb Code    22  usb_regs.o(.text)
    GetEPRxAddr                              0x08003ee7   Thumb Code    24  usb_regs.o(.text)
    SetEPTxCount                             0x08003eff   Thumb Code    20  usb_regs.o(.text)
    SetEPCountRxReg                          0x08003f13   Thumb Code    48  usb_regs.o(.text)
    SetEPRxCount                             0x08003f43   Thumb Code    68  usb_regs.o(.text)
    GetEPTxCount                             0x08003f87   Thumb Code    26  usb_regs.o(.text)
    GetEPRxCount                             0x08003fa1   Thumb Code    26  usb_regs.o(.text)
    SetEPDblBuffAddr                         0x08003fbb   Thumb Code    44  usb_regs.o(.text)
    SetEPDblBuf0Addr                         0x08003fe7   Thumb Code    24  usb_regs.o(.text)
    SetEPDblBuf1Addr                         0x08003fff   Thumb Code    26  usb_regs.o(.text)
    GetEPDblBuf0Addr                         0x08004019   Thumb Code    22  usb_regs.o(.text)
    GetEPDblBuf1Addr                         0x0800402f   Thumb Code    24  usb_regs.o(.text)
    SetEPDblBuffCount                        0x08004047   Thumb Code   186  usb_regs.o(.text)
    SetEPDblBuf0Count                        0x08004101   Thumb Code    96  usb_regs.o(.text)
    SetEPDblBuf1Count                        0x08004161   Thumb Code    96  usb_regs.o(.text)
    GetEPDblBuf0Count                        0x080041c1   Thumb Code    26  usb_regs.o(.text)
    GetEPDblBuf1Count                        0x080041db   Thumb Code    26  usb_regs.o(.text)
    GetEPDblBufDir                           0x080041f5   Thumb Code    62  usb_regs.o(.text)
    FreeUserBuffer                           0x08004233   Thumb Code    90  usb_regs.o(.text)
    ToWord                                   0x0800428d   Thumb Code     8  usb_regs.o(.text)
    ByteSwap                                 0x08004295   Thumb Code    12  usb_regs.o(.text)
    USB_SIL_Init                             0x080042a1   Thumb Code    28  usb_sil.o(.text)
    USB_SIL_Write                            0x080042bd   Thumb Code    46  usb_sil.o(.text)
    USB_SIL_Read                             0x080042eb   Thumb Code    46  usb_sil.o(.text)
    ADC_DeInit                               0x08004321   Thumb Code    78  stm32f10x_adc.o(.text)
    ADC_Init                                 0x0800436f   Thumb Code    70  stm32f10x_adc.o(.text)
    ADC_StructInit                           0x080043b5   Thumb Code    18  stm32f10x_adc.o(.text)
    ADC_Cmd                                  0x080043c7   Thumb Code    22  stm32f10x_adc.o(.text)
    ADC_DMACmd                               0x080043dd   Thumb Code    22  stm32f10x_adc.o(.text)
    ADC_ITConfig                             0x080043f3   Thumb Code    24  stm32f10x_adc.o(.text)
    ADC_ResetCalibration                     0x0800440b   Thumb Code    10  stm32f10x_adc.o(.text)
    ADC_GetResetCalibrationStatus            0x08004415   Thumb Code    20  stm32f10x_adc.o(.text)
    ADC_StartCalibration                     0x08004429   Thumb Code    10  stm32f10x_adc.o(.text)
    ADC_GetCalibrationStatus                 0x08004433   Thumb Code    20  stm32f10x_adc.o(.text)
    ADC_SoftwareStartConvCmd                 0x08004447   Thumb Code    22  stm32f10x_adc.o(.text)
    ADC_GetSoftwareStartConvStatus           0x0800445d   Thumb Code    20  stm32f10x_adc.o(.text)
    ADC_DiscModeChannelCountConfig           0x08004471   Thumb Code    24  stm32f10x_adc.o(.text)
    ADC_DiscModeCmd                          0x08004489   Thumb Code    22  stm32f10x_adc.o(.text)
    ADC_RegularChannelConfig                 0x0800449f   Thumb Code   184  stm32f10x_adc.o(.text)
    ADC_ExternalTrigConvCmd                  0x08004557   Thumb Code    22  stm32f10x_adc.o(.text)
    ADC_GetConversionValue                   0x0800456d   Thumb Code     8  stm32f10x_adc.o(.text)
    ADC_GetDualModeConversionValue           0x08004575   Thumb Code     8  stm32f10x_adc.o(.text)
    ADC_AutoInjectedConvCmd                  0x0800457d   Thumb Code    22  stm32f10x_adc.o(.text)
    ADC_InjectedDiscModeCmd                  0x08004593   Thumb Code    22  stm32f10x_adc.o(.text)
    ADC_ExternalTrigInjectedConvConfig       0x080045a9   Thumb Code    16  stm32f10x_adc.o(.text)
    ADC_ExternalTrigInjectedConvCmd          0x080045b9   Thumb Code    22  stm32f10x_adc.o(.text)
    ADC_SoftwareStartInjectedConvCmd         0x080045cf   Thumb Code    22  stm32f10x_adc.o(.text)
    ADC_GetSoftwareStartInjectedConvCmdStatus 0x080045e5   Thumb Code    20  stm32f10x_adc.o(.text)
    ADC_InjectedChannelConfig                0x080045f9   Thumb Code   130  stm32f10x_adc.o(.text)
    ADC_InjectedSequencerLengthConfig        0x0800467b   Thumb Code    24  stm32f10x_adc.o(.text)
    ADC_SetInjectedOffset                    0x08004693   Thumb Code    20  stm32f10x_adc.o(.text)
    ADC_GetInjectedConversionValue           0x080046a7   Thumb Code    28  stm32f10x_adc.o(.text)
    ADC_AnalogWatchdogCmd                    0x080046c3   Thumb Code    16  stm32f10x_adc.o(.text)
    ADC_AnalogWatchdogThresholdsConfig       0x080046d3   Thumb Code     6  stm32f10x_adc.o(.text)
    ADC_AnalogWatchdogSingleChannelConfig    0x080046d9   Thumb Code    16  stm32f10x_adc.o(.text)
    ADC_TempSensorVrefintCmd                 0x080046e9   Thumb Code    64  stm32f10x_adc.o(.text)
    ADC_GetFlagStatus                        0x08004729   Thumb Code    18  stm32f10x_adc.o(.text)
    ADC_ClearFlag                            0x0800473b   Thumb Code     6  stm32f10x_adc.o(.text)
    ADC_GetITStatus                          0x08004741   Thumb Code    36  stm32f10x_adc.o(.text)
    ADC_ClearITPendingBit                    0x08004765   Thumb Code    10  stm32f10x_adc.o(.text)
    GPIO_DeInit                              0x08004771   Thumb Code   172  stm32f10x_gpio.o(.text)
    GPIO_AFIODeInit                          0x0800481d   Thumb Code    20  stm32f10x_gpio.o(.text)
    GPIO_Init                                0x08004831   Thumb Code   278  stm32f10x_gpio.o(.text)
    GPIO_StructInit                          0x08004947   Thumb Code    16  stm32f10x_gpio.o(.text)
    GPIO_ReadInputDataBit                    0x08004957   Thumb Code    18  stm32f10x_gpio.o(.text)
    GPIO_ReadInputData                       0x08004969   Thumb Code     8  stm32f10x_gpio.o(.text)
    GPIO_ReadOutputDataBit                   0x08004971   Thumb Code    18  stm32f10x_gpio.o(.text)
    GPIO_ReadOutputData                      0x08004983   Thumb Code     8  stm32f10x_gpio.o(.text)
    GPIO_SetBits                             0x0800498b   Thumb Code     4  stm32f10x_gpio.o(.text)
    GPIO_ResetBits                           0x0800498f   Thumb Code     4  stm32f10x_gpio.o(.text)
    GPIO_WriteBit                            0x08004993   Thumb Code    10  stm32f10x_gpio.o(.text)
    GPIO_Write                               0x0800499d   Thumb Code     4  stm32f10x_gpio.o(.text)
    GPIO_PinLockConfig                       0x080049a1   Thumb Code    18  stm32f10x_gpio.o(.text)
    GPIO_EventOutputConfig                   0x080049b3   Thumb Code    26  stm32f10x_gpio.o(.text)
    GPIO_EventOutputCmd                      0x080049cd   Thumb Code     6  stm32f10x_gpio.o(.text)
    GPIO_PinRemapConfig                      0x080049d3   Thumb Code   138  stm32f10x_gpio.o(.text)
    GPIO_EXTILineConfig                      0x08004a5d   Thumb Code    66  stm32f10x_gpio.o(.text)
    GPIO_ETH_MediaInterfaceConfig            0x08004a9f   Thumb Code     8  stm32f10x_gpio.o(.text)
    RCC_DeInit                               0x08004acd   Thumb Code    64  stm32f10x_rcc.o(.text)
    RCC_HSEConfig                            0x08004b0d   Thumb Code    70  stm32f10x_rcc.o(.text)
    RCC_GetFlagStatus                        0x08004b53   Thumb Code    56  stm32f10x_rcc.o(.text)
    RCC_WaitForHSEStartUp                    0x08004b8b   Thumb Code    56  stm32f10x_rcc.o(.text)
    RCC_AdjustHSICalibrationValue            0x08004bc3   Thumb Code    20  stm32f10x_rcc.o(.text)
    RCC_HSICmd                               0x08004bd7   Thumb Code     6  stm32f10x_rcc.o(.text)
    RCC_PLLConfig                            0x08004bdd   Thumb Code    24  stm32f10x_rcc.o(.text)
    RCC_PLLCmd                               0x08004bf5   Thumb Code     6  stm32f10x_rcc.o(.text)
    RCC_SYSCLKConfig                         0x08004bfb   Thumb Code    18  stm32f10x_rcc.o(.text)
    RCC_GetSYSCLKSource                      0x08004c0d   Thumb Code    10  stm32f10x_rcc.o(.text)
    RCC_HCLKConfig                           0x08004c17   Thumb Code    18  stm32f10x_rcc.o(.text)
    RCC_PCLK1Config                          0x08004c29   Thumb Code    18  stm32f10x_rcc.o(.text)
    RCC_PCLK2Config                          0x08004c3b   Thumb Code    20  stm32f10x_rcc.o(.text)
    RCC_ITConfig                             0x08004c4f   Thumb Code    26  stm32f10x_rcc.o(.text)
    RCC_USBCLKConfig                         0x08004c69   Thumb Code     8  stm32f10x_rcc.o(.text)
    RCC_ADCCLKConfig                         0x08004c71   Thumb Code    18  stm32f10x_rcc.o(.text)
    RCC_LSEConfig                            0x08004c83   Thumb Code    50  stm32f10x_rcc.o(.text)
    RCC_LSICmd                               0x08004cb5   Thumb Code     6  stm32f10x_rcc.o(.text)
    RCC_RTCCLKConfig                         0x08004cbb   Thumb Code    12  stm32f10x_rcc.o(.text)
    RCC_RTCCLKCmd                            0x08004cc7   Thumb Code     8  stm32f10x_rcc.o(.text)
    RCC_GetClocksFreq                        0x08004ccf   Thumb Code   192  stm32f10x_rcc.o(.text)
    RCC_AHBPeriphClockCmd                    0x08004d8f   Thumb Code    26  stm32f10x_rcc.o(.text)
    RCC_APB2PeriphClockCmd                   0x08004da9   Thumb Code    26  stm32f10x_rcc.o(.text)
    RCC_APB1PeriphClockCmd                   0x08004dc3   Thumb Code    26  stm32f10x_rcc.o(.text)
    RCC_APB2PeriphResetCmd                   0x08004ddd   Thumb Code    26  stm32f10x_rcc.o(.text)
    RCC_APB1PeriphResetCmd                   0x08004df7   Thumb Code    26  stm32f10x_rcc.o(.text)
    RCC_BackupResetCmd                       0x08004e11   Thumb Code     8  stm32f10x_rcc.o(.text)
    RCC_ClockSecuritySystemCmd               0x08004e19   Thumb Code     6  stm32f10x_rcc.o(.text)
    RCC_MCOConfig                            0x08004e1f   Thumb Code     6  stm32f10x_rcc.o(.text)
    RCC_ClearFlag                            0x08004e25   Thumb Code    14  stm32f10x_rcc.o(.text)
    RCC_GetITStatus                          0x08004e33   Thumb Code    20  stm32f10x_rcc.o(.text)
    RCC_ClearITPendingBit                    0x08004e47   Thumb Code     6  stm32f10x_rcc.o(.text)
    SPI_I2S_DeInit                           0x08004e71   Thumb Code    76  stm32f10x_spi.o(.text)
    SPI_Init                                 0x08004ebd   Thumb Code    60  stm32f10x_spi.o(.text)
    I2S_Init                                 0x08004ef9   Thumb Code   226  stm32f10x_spi.o(.text)
    SPI_StructInit                           0x08004fdb   Thumb Code    24  stm32f10x_spi.o(.text)
    I2S_StructInit                           0x08004ff3   Thumb Code    20  stm32f10x_spi.o(.text)
    SPI_Cmd                                  0x08005007   Thumb Code    24  stm32f10x_spi.o(.text)
    I2S_Cmd                                  0x0800501f   Thumb Code    24  stm32f10x_spi.o(.text)
    SPI_I2S_ITConfig                         0x08005037   Thumb Code    32  stm32f10x_spi.o(.text)
    SPI_I2S_DMACmd                           0x08005057   Thumb Code    18  stm32f10x_spi.o(.text)
    SPI_I2S_SendData                         0x08005069   Thumb Code     4  stm32f10x_spi.o(.text)
    SPI_I2S_ReceiveData                      0x0800506d   Thumb Code     6  stm32f10x_spi.o(.text)
    SPI_NSSInternalSoftwareConfig            0x08005073   Thumb Code    30  stm32f10x_spi.o(.text)
    SPI_SSOutputCmd                          0x08005091   Thumb Code    24  stm32f10x_spi.o(.text)
    SPI_DataSizeConfig                       0x080050a9   Thumb Code    18  stm32f10x_spi.o(.text)
    SPI_TransmitCRC                          0x080050bb   Thumb Code    10  stm32f10x_spi.o(.text)
    SPI_CalculateCRC                         0x080050c5   Thumb Code    24  stm32f10x_spi.o(.text)
    SPI_GetCRC                               0x080050dd   Thumb Code    16  stm32f10x_spi.o(.text)
    SPI_GetCRCPolynomial                     0x080050ed   Thumb Code     6  stm32f10x_spi.o(.text)
    SPI_BiDirectionalLineConfig              0x080050f3   Thumb Code    28  stm32f10x_spi.o(.text)
    SPI_I2S_GetFlagStatus                    0x0800510f   Thumb Code    18  stm32f10x_spi.o(.text)
    SPI_I2S_ClearFlag                        0x08005121   Thumb Code     6  stm32f10x_spi.o(.text)
    SPI_I2S_GetITStatus                      0x08005127   Thumb Code    52  stm32f10x_spi.o(.text)
    SPI_I2S_ClearITPendingBit                0x0800515b   Thumb Code    20  stm32f10x_spi.o(.text)
    TIM_DeInit                               0x0800517d   Thumb Code   424  stm32f10x_tim.o(.text)
    TIM_TimeBaseInit                         0x08005325   Thumb Code   122  stm32f10x_tim.o(.text)
    TIM_OC1Init                              0x0800539f   Thumb Code   132  stm32f10x_tim.o(.text)
    TIM_OC2Init                              0x08005423   Thumb Code   154  stm32f10x_tim.o(.text)
    TIM_OC3Init                              0x080054bd   Thumb Code   150  stm32f10x_tim.o(.text)
    TIM_OC4Init                              0x08005553   Thumb Code   182  stm32f10x_tim.o(.text)
    TIM_SetIC4Prescaler                      0x08005609   Thumb Code    26  stm32f10x_tim.o(.text)
    TIM_SetIC3Prescaler                      0x080056a5   Thumb Code    18  stm32f10x_tim.o(.text)
    TIM_SetIC2Prescaler                      0x08005731   Thumb Code    26  stm32f10x_tim.o(.text)
    TIM_SetIC1Prescaler                      0x080057cd   Thumb Code    18  stm32f10x_tim.o(.text)
    TIM_ICInit                               0x0800584b   Thumb Code   150  stm32f10x_tim.o(.text)
    TIM_PWMIConfig                           0x080058e1   Thumb Code   124  stm32f10x_tim.o(.text)
    TIM_BDTRConfig                           0x0800595d   Thumb Code    32  stm32f10x_tim.o(.text)
    TIM_TimeBaseStructInit                   0x0800597d   Thumb Code    18  stm32f10x_tim.o(.text)
    TIM_OCStructInit                         0x0800598f   Thumb Code    20  stm32f10x_tim.o(.text)
    TIM_ICStructInit                         0x080059a3   Thumb Code    18  stm32f10x_tim.o(.text)
    TIM_BDTRStructInit                       0x080059b5   Thumb Code    40  stm32f10x_tim.o(.text)
    TIM_Cmd                                  0x080059dd   Thumb Code    24  stm32f10x_tim.o(.text)
    TIM_CtrlPWMOutputs                       0x080059f5   Thumb Code    30  stm32f10x_tim.o(.text)
    TIM_ITConfig                             0x08005a13   Thumb Code    18  stm32f10x_tim.o(.text)
    TIM_GenerateEvent                        0x08005a25   Thumb Code     4  stm32f10x_tim.o(.text)
    TIM_DMAConfig                            0x08005a29   Thumb Code    10  stm32f10x_tim.o(.text)
    TIM_DMACmd                               0x08005a33   Thumb Code    18  stm32f10x_tim.o(.text)
    TIM_InternalClockConfig                  0x08005a45   Thumb Code    12  stm32f10x_tim.o(.text)
    TIM_SelectInputTrigger                   0x08005a51   Thumb Code    18  stm32f10x_tim.o(.text)
    TIM_ITRxExternalClockConfig              0x08005a63   Thumb Code    24  stm32f10x_tim.o(.text)
    TIM_TIxExternalClockConfig               0x08005a7b   Thumb Code    62  stm32f10x_tim.o(.text)
    TIM_ETRConfig                            0x08005ab9   Thumb Code    28  stm32f10x_tim.o(.text)
    TIM_ETRClockMode1Config                  0x08005ad5   Thumb Code    54  stm32f10x_tim.o(.text)
    TIM_ETRClockMode2Config                  0x08005b0b   Thumb Code    32  stm32f10x_tim.o(.text)
    TIM_PrescalerConfig                      0x08005b2b   Thumb Code     6  stm32f10x_tim.o(.text)
    TIM_CounterModeConfig                    0x08005b31   Thumb Code    18  stm32f10x_tim.o(.text)
    TIM_EncoderInterfaceConfig               0x08005b43   Thumb Code    66  stm32f10x_tim.o(.text)
    TIM_ForcedOC1Config                      0x08005b85   Thumb Code    18  stm32f10x_tim.o(.text)
    TIM_ForcedOC2Config                      0x08005b97   Thumb Code    26  stm32f10x_tim.o(.text)
    TIM_ForcedOC3Config                      0x08005bb1   Thumb Code    18  stm32f10x_tim.o(.text)
    TIM_ForcedOC4Config                      0x08005bc3   Thumb Code    26  stm32f10x_tim.o(.text)
    TIM_ARRPreloadConfig                     0x08005bdd   Thumb Code    24  stm32f10x_tim.o(.text)
    TIM_SelectCOM                            0x08005bf5   Thumb Code    24  stm32f10x_tim.o(.text)
    TIM_SelectCCDMA                          0x08005c0d   Thumb Code    24  stm32f10x_tim.o(.text)
    TIM_CCPreloadControl                     0x08005c25   Thumb Code    24  stm32f10x_tim.o(.text)
    TIM_OC1PreloadConfig                     0x08005c3d   Thumb Code    18  stm32f10x_tim.o(.text)
    TIM_OC2PreloadConfig                     0x08005c4f   Thumb Code    26  stm32f10x_tim.o(.text)
    TIM_OC3PreloadConfig                     0x08005c69   Thumb Code    18  stm32f10x_tim.o(.text)
    TIM_OC4PreloadConfig                     0x08005c7b   Thumb Code    26  stm32f10x_tim.o(.text)
    TIM_OC1FastConfig                        0x08005c95   Thumb Code    18  stm32f10x_tim.o(.text)
    TIM_OC2FastConfig                        0x08005ca7   Thumb Code    26  stm32f10x_tim.o(.text)
    TIM_OC3FastConfig                        0x08005cc1   Thumb Code    18  stm32f10x_tim.o(.text)
    TIM_OC4FastConfig                        0x08005cd3   Thumb Code    26  stm32f10x_tim.o(.text)
    TIM_ClearOC1Ref                          0x08005ced   Thumb Code    18  stm32f10x_tim.o(.text)
    TIM_ClearOC2Ref                          0x08005cff   Thumb Code    24  stm32f10x_tim.o(.text)
    TIM_ClearOC3Ref                          0x08005d17   Thumb Code    18  stm32f10x_tim.o(.text)
    TIM_ClearOC4Ref                          0x08005d29   Thumb Code    24  stm32f10x_tim.o(.text)
    TIM_OC1PolarityConfig                    0x08005d41   Thumb Code    18  stm32f10x_tim.o(.text)
    TIM_OC1NPolarityConfig                   0x08005d53   Thumb Code    18  stm32f10x_tim.o(.text)
    TIM_OC2PolarityConfig                    0x08005d65   Thumb Code    26  stm32f10x_tim.o(.text)
    TIM_OC2NPolarityConfig                   0x08005d7f   Thumb Code    26  stm32f10x_tim.o(.text)
    TIM_OC3PolarityConfig                    0x08005d99   Thumb Code    26  stm32f10x_tim.o(.text)
    TIM_OC3NPolarityConfig                   0x08005db3   Thumb Code    26  stm32f10x_tim.o(.text)
    TIM_OC4PolarityConfig                    0x08005dcd   Thumb Code    26  stm32f10x_tim.o(.text)
    TIM_CCxCmd                               0x08005de7   Thumb Code    30  stm32f10x_tim.o(.text)
    TIM_CCxNCmd                              0x08005e05   Thumb Code    30  stm32f10x_tim.o(.text)
    TIM_SelectOCxM                           0x08005e23   Thumb Code    82  stm32f10x_tim.o(.text)
    TIM_UpdateDisableConfig                  0x08005e75   Thumb Code    24  stm32f10x_tim.o(.text)
    TIM_UpdateRequestConfig                  0x08005e8d   Thumb Code    24  stm32f10x_tim.o(.text)
    TIM_SelectHallSensor                     0x08005ea5   Thumb Code    24  stm32f10x_tim.o(.text)
    TIM_SelectOnePulseMode                   0x08005ebd   Thumb Code    18  stm32f10x_tim.o(.text)
    TIM_SelectOutputTrigger                  0x08005ecf   Thumb Code    18  stm32f10x_tim.o(.text)
    TIM_SelectSlaveMode                      0x08005ee1   Thumb Code    18  stm32f10x_tim.o(.text)
    TIM_SelectMasterSlaveMode                0x08005ef3   Thumb Code    18  stm32f10x_tim.o(.text)
    TIM_SetCounter                           0x08005f05   Thumb Code     4  stm32f10x_tim.o(.text)
    TIM_SetAutoreload                        0x08005f09   Thumb Code     4  stm32f10x_tim.o(.text)
    TIM_SetCompare1                          0x08005f0d   Thumb Code     4  stm32f10x_tim.o(.text)
    TIM_SetCompare2                          0x08005f11   Thumb Code     4  stm32f10x_tim.o(.text)
    TIM_SetCompare3                          0x08005f15   Thumb Code     4  stm32f10x_tim.o(.text)
    TIM_SetCompare4                          0x08005f19   Thumb Code     6  stm32f10x_tim.o(.text)
    TIM_SetClockDivision                     0x08005f1f   Thumb Code    18  stm32f10x_tim.o(.text)
    TIM_GetCapture1                          0x08005f31   Thumb Code     6  stm32f10x_tim.o(.text)
    TIM_GetCapture2                          0x08005f37   Thumb Code     6  stm32f10x_tim.o(.text)
    TIM_GetCapture3                          0x08005f3d   Thumb Code     6  stm32f10x_tim.o(.text)
    TIM_GetCapture4                          0x08005f43   Thumb Code     8  stm32f10x_tim.o(.text)
    TIM_GetCounter                           0x08005f4b   Thumb Code     6  stm32f10x_tim.o(.text)
    TIM_GetPrescaler                         0x08005f51   Thumb Code     6  stm32f10x_tim.o(.text)
    TIM_GetFlagStatus                        0x08005f57   Thumb Code    18  stm32f10x_tim.o(.text)
    TIM_ClearFlag                            0x08005f69   Thumb Code     6  stm32f10x_tim.o(.text)
    TIM_GetITStatus                          0x08005f6f   Thumb Code    34  stm32f10x_tim.o(.text)
    TIM_ClearITPendingBit                    0x08005f91   Thumb Code     6  stm32f10x_tim.o(.text)
    Reset_Handler                            0x08005f99   Thumb Code     8  startup_stm32f10x_md.o(.text)
    NMI_Handler                              0x08005fa1   Thumb Code     2  startup_stm32f10x_md.o(.text)
    HardFault_Handler                        0x08005fa3   Thumb Code     2  startup_stm32f10x_md.o(.text)
    MemManage_Handler                        0x08005fa5   Thumb Code     2  startup_stm32f10x_md.o(.text)
    BusFault_Handler                         0x08005fa7   Thumb Code     2  startup_stm32f10x_md.o(.text)
    UsageFault_Handler                       0x08005fa9   Thumb Code     2  startup_stm32f10x_md.o(.text)
    SVC_Handler                              0x08005fab   Thumb Code     2  startup_stm32f10x_md.o(.text)
    DebugMon_Handler                         0x08005fad   Thumb Code     2  startup_stm32f10x_md.o(.text)
    PendSV_Handler                           0x08005faf   Thumb Code     2  startup_stm32f10x_md.o(.text)
    ADC1_2_IRQHandler                        0x08005fb3   Thumb Code     0  startup_stm32f10x_md.o(.text)
    CAN1_RX1_IRQHandler                      0x08005fb3   Thumb Code     0  startup_stm32f10x_md.o(.text)
    CAN1_SCE_IRQHandler                      0x08005fb3   Thumb Code     0  startup_stm32f10x_md.o(.text)
    DMA1_Channel1_IRQHandler                 0x08005fb3   Thumb Code     0  startup_stm32f10x_md.o(.text)
    DMA1_Channel2_IRQHandler                 0x08005fb3   Thumb Code     0  startup_stm32f10x_md.o(.text)
    DMA1_Channel3_IRQHandler                 0x08005fb3   Thumb Code     0  startup_stm32f10x_md.o(.text)
    DMA1_Channel4_IRQHandler                 0x08005fb3   Thumb Code     0  startup_stm32f10x_md.o(.text)
    DMA1_Channel5_IRQHandler                 0x08005fb3   Thumb Code     0  startup_stm32f10x_md.o(.text)
    DMA1_Channel6_IRQHandler                 0x08005fb3   Thumb Code     0  startup_stm32f10x_md.o(.text)
    DMA1_Channel7_IRQHandler                 0x08005fb3   Thumb Code     0  startup_stm32f10x_md.o(.text)
    EXTI0_IRQHandler                         0x08005fb3   Thumb Code     0  startup_stm32f10x_md.o(.text)
    EXTI15_10_IRQHandler                     0x08005fb3   Thumb Code     0  startup_stm32f10x_md.o(.text)
    EXTI1_IRQHandler                         0x08005fb3   Thumb Code     0  startup_stm32f10x_md.o(.text)
    EXTI2_IRQHandler                         0x08005fb3   Thumb Code     0  startup_stm32f10x_md.o(.text)
    EXTI3_IRQHandler                         0x08005fb3   Thumb Code     0  startup_stm32f10x_md.o(.text)
    EXTI4_IRQHandler                         0x08005fb3   Thumb Code     0  startup_stm32f10x_md.o(.text)
    FLASH_IRQHandler                         0x08005fb3   Thumb Code     0  startup_stm32f10x_md.o(.text)
    I2C1_ER_IRQHandler                       0x08005fb3   Thumb Code     0  startup_stm32f10x_md.o(.text)
    I2C1_EV_IRQHandler                       0x08005fb3   Thumb Code     0  startup_stm32f10x_md.o(.text)
    I2C2_ER_IRQHandler                       0x08005fb3   Thumb Code     0  startup_stm32f10x_md.o(.text)
    I2C2_EV_IRQHandler                       0x08005fb3   Thumb Code     0  startup_stm32f10x_md.o(.text)
    PVD_IRQHandler                           0x08005fb3   Thumb Code     0  startup_stm32f10x_md.o(.text)
    RCC_IRQHandler                           0x08005fb3   Thumb Code     0  startup_stm32f10x_md.o(.text)
    RTCAlarm_IRQHandler                      0x08005fb3   Thumb Code     0  startup_stm32f10x_md.o(.text)
    RTC_IRQHandler                           0x08005fb3   Thumb Code     0  startup_stm32f10x_md.o(.text)
    SPI1_IRQHandler                          0x08005fb3   Thumb Code     0  startup_stm32f10x_md.o(.text)
    SPI2_IRQHandler                          0x08005fb3   Thumb Code     0  startup_stm32f10x_md.o(.text)
    TAMPER_IRQHandler                        0x08005fb3   Thumb Code     0  startup_stm32f10x_md.o(.text)
    TIM1_BRK_IRQHandler                      0x08005fb3   Thumb Code     0  startup_stm32f10x_md.o(.text)
    TIM1_CC_IRQHandler                       0x08005fb3   Thumb Code     0  startup_stm32f10x_md.o(.text)
    TIM1_TRG_COM_IRQHandler                  0x08005fb3   Thumb Code     0  startup_stm32f10x_md.o(.text)
    TIM2_IRQHandler                          0x08005fb3   Thumb Code     0  startup_stm32f10x_md.o(.text)
    TIM3_IRQHandler                          0x08005fb3   Thumb Code     0  startup_stm32f10x_md.o(.text)
    TIM4_IRQHandler                          0x08005fb3   Thumb Code     0  startup_stm32f10x_md.o(.text)
    USART1_IRQHandler                        0x08005fb3   Thumb Code     0  startup_stm32f10x_md.o(.text)
    USART2_IRQHandler                        0x08005fb3   Thumb Code     0  startup_stm32f10x_md.o(.text)
    USART3_IRQHandler                        0x08005fb3   Thumb Code     0  startup_stm32f10x_md.o(.text)
    USB_HP_CAN1_TX_IRQHandler                0x08005fb3   Thumb Code     0  startup_stm32f10x_md.o(.text)
    WWDG_IRQHandler                          0x08005fb3   Thumb Code     0  startup_stm32f10x_md.o(.text)
    SystemInit                               0x0800609b   Thumb Code    78  system_stm32f10x.o(.text)
    SystemCoreClockUpdate                    0x080060e9   Thumb Code   142  system_stm32f10x.o(.text)
    FLASH_SetLatency                         0x0800619d   Thumb Code    18  stm32f10x_flash.o(.text)
    FLASH_HalfCycleAccessCmd                 0x080061af   Thumb Code    22  stm32f10x_flash.o(.text)
    FLASH_PrefetchBufferCmd                  0x080061c5   Thumb Code    22  stm32f10x_flash.o(.text)
    FLASH_Unlock                             0x080061db   Thumb Code    12  stm32f10x_flash.o(.text)
    FLASH_UnlockBank1                        0x080061e7   Thumb Code    12  stm32f10x_flash.o(.text)
    FLASH_Lock                               0x080061f3   Thumb Code    14  stm32f10x_flash.o(.text)
    FLASH_LockBank1                          0x08006201   Thumb Code    14  stm32f10x_flash.o(.text)
    FLASH_GetBank1Status                     0x0800620f   Thumb Code    48  stm32f10x_flash.o(.text)
    FLASH_WaitForLastOperation               0x0800623f   Thumb Code    38  stm32f10x_flash.o(.text)
    FLASH_ErasePage                          0x08006265   Thumb Code    72  stm32f10x_flash.o(.text)
    FLASH_EraseAllPages                      0x080062ad   Thumb Code    68  stm32f10x_flash.o(.text)
    FLASH_WaitForLastBank1Operation          0x080062f1   Thumb Code    38  stm32f10x_flash.o(.text)
    FLASH_EraseAllBank1Pages                 0x08006317   Thumb Code    68  stm32f10x_flash.o(.text)
    FLASH_GetReadOutProtectionStatus         0x0800635b   Thumb Code    20  stm32f10x_flash.o(.text)
    FLASH_EraseOptionBytes                   0x0800636f   Thumb Code   150  stm32f10x_flash.o(.text)
    FLASH_ProgramWord                        0x08006405   Thumb Code   102  stm32f10x_flash.o(.text)
    FLASH_ProgramHalfWord                    0x0800646b   Thumb Code    60  stm32f10x_flash.o(.text)
    FLASH_ProgramOptionByteData              0x080064a7   Thumb Code    72  stm32f10x_flash.o(.text)
    FLASH_EnableWriteProtection              0x080064ef   Thumb Code   200  stm32f10x_flash.o(.text)
    FLASH_ReadOutProtection                  0x080065b7   Thumb Code   156  stm32f10x_flash.o(.text)
    FLASH_UserOptionByteConfig               0x08006653   Thumb Code    88  stm32f10x_flash.o(.text)
    FLASH_GetUserOptionByte                  0x080066ab   Thumb Code     8  stm32f10x_flash.o(.text)
    FLASH_GetWriteProtectionOptionByte       0x080066b3   Thumb Code     6  stm32f10x_flash.o(.text)
    FLASH_GetPrefetchBufferStatus            0x080066b9   Thumb Code    20  stm32f10x_flash.o(.text)
    FLASH_ITConfig                           0x080066cd   Thumb Code    26  stm32f10x_flash.o(.text)
    FLASH_GetFlagStatus                      0x080066e7   Thumb Code    42  stm32f10x_flash.o(.text)
    FLASH_ClearFlag                          0x08006711   Thumb Code     6  stm32f10x_flash.o(.text)
    FLASH_GetStatus                          0x08006717   Thumb Code    48  stm32f10x_flash.o(.text)
    EXTI_DeInit                              0x08006759   Thumb Code    28  stm32f10x_exti.o(.text)
    EXTI_Init                                0x08006775   Thumb Code   142  stm32f10x_exti.o(.text)
    EXTI_StructInit                          0x08006803   Thumb Code    16  stm32f10x_exti.o(.text)
    EXTI_GenerateSWInterrupt                 0x08006813   Thumb Code    16  stm32f10x_exti.o(.text)
    EXTI_GetFlagStatus                       0x08006823   Thumb Code    22  stm32f10x_exti.o(.text)
    EXTI_ClearFlag                           0x08006839   Thumb Code     8  stm32f10x_exti.o(.text)
    EXTI_GetITStatus                         0x08006841   Thumb Code    34  stm32f10x_exti.o(.text)
    EXTI_ClearITPendingBit                   0x08006863   Thumb Code     8  stm32f10x_exti.o(.text)
    NVIC_PriorityGroupConfig                 0x08006875   Thumb Code    10  misc.o(.text)
    NVIC_Init                                0x0800687f   Thumb Code   100  misc.o(.text)
    NVIC_SetVectorTable                      0x080068e3   Thumb Code    14  misc.o(.text)
    NVIC_SystemLPConfig                      0x080068f1   Thumb Code    34  misc.o(.text)
    SysTick_CLKSourceConfig                  0x08006913   Thumb Code    40  misc.o(.text)
    __aeabi_memcpy                           0x08006951   Thumb Code    36  memcpya.o(.text)
    __aeabi_memcpy4                          0x08006951   Thumb Code     0  memcpya.o(.text)
    __aeabi_memcpy8                          0x08006951   Thumb Code     0  memcpya.o(.text)
    __aeabi_fadd                             0x08006975   Thumb Code   164  fadd.o(.text)
    __aeabi_fsub                             0x08006a19   Thumb Code     6  fadd.o(.text)
    __aeabi_frsub                            0x08006a1f   Thumb Code     6  fadd.o(.text)
    __aeabi_fmul                             0x08006a25   Thumb Code   100  fmul.o(.text)
    __aeabi_fdiv                             0x08006a89   Thumb Code   124  fdiv.o(.text)
    __aeabi_dadd                             0x08006b05   Thumb Code   322  dadd.o(.text)
    __aeabi_dsub                             0x08006c47   Thumb Code     6  dadd.o(.text)
    __aeabi_drsub                            0x08006c4d   Thumb Code     6  dadd.o(.text)
    __aeabi_dmul                             0x08006c53   Thumb Code   228  dmul.o(.text)
    __aeabi_ddiv                             0x08006d37   Thumb Code   222  ddiv.o(.text)
    __aeabi_i2f                              0x08006e15   Thumb Code    18  fflti.o(.text)
    __aeabi_ui2f                             0x08006e27   Thumb Code    10  ffltui.o(.text)
    __aeabi_l2f                              0x08006e31   Thumb Code    44  ffltl.o(.text)
    __aeabi_i2d                              0x08006e5d   Thumb Code    34  dflti.o(.text)
    __aeabi_ui2d                             0x08006e7f   Thumb Code    26  dfltui.o(.text)
    __aeabi_f2uiz                            0x08006e99   Thumb Code    40  ffixui.o(.text)
    __aeabi_d2uiz                            0x08006ec1   Thumb Code    50  dfixui.o(.text)
    __aeabi_f2d                              0x08006ef3   Thumb Code    38  f2d.o(.text)
    __aeabi_d2f                              0x08006f19   Thumb Code    56  d2f.o(.text)
    __aeabi_cfcmpeq                          0x08006f51   Thumb Code     0  cfcmple.o(.text)
    __aeabi_cfcmple                          0x08006f51   Thumb Code    20  cfcmple.o(.text)
    __aeabi_llsl                             0x08006f65   Thumb Code    30  llshl.o(.text)
    _ll_shift_l                              0x08006f65   Thumb Code     0  llshl.o(.text)
    __aeabi_llsr                             0x08006f83   Thumb Code    32  llushr.o(.text)
    _ll_ushift_r                             0x08006f83   Thumb Code     0  llushr.o(.text)
    __aeabi_lasr                             0x08006fa3   Thumb Code    36  llsshr.o(.text)
    _ll_sshift_r                             0x08006fa3   Thumb Code     0  llsshr.o(.text)
    __I$use$fp                               0x08006fc7   Thumb Code     0  iusefp.o(.text)
    _float_round                             0x08006fc7   Thumb Code    18  fepilogue.o(.text)
    _float_epilogue                          0x08006fd9   Thumb Code    92  fepilogue.o(.text)
    _double_round                            0x08007035   Thumb Code    26  depilogue.o(.text)
    _double_epilogue                         0x0800704f   Thumb Code   156  depilogue.o(.text)
    __ARM_scalbn                             0x080070eb   Thumb Code    46  dscalb.o(.text)
    scalbn                                   0x080070eb   Thumb Code     0  dscalb.o(.text)
    __aeabi_cdrcmple                         0x08007119   Thumb Code    38  cdrcmple.o(.text)
    __scatterload                            0x08007141   Thumb Code    28  init.o(.text)
    __scatterload_rt2                        0x08007141   Thumb Code     0  init.o(.text)
    __ARM_scalbnf                            0x08007165   Thumb Code    24  fscalb.o(.text)
    scalbnf                                  0x08007165   Thumb Code     0  fscalb.o(.text)
    _dsqrt                                   0x0800717d   Thumb Code   162  dsqrt.o(.text)
    __decompress                             0x0800721f   Thumb Code     0  __dczerorl2.o(.text)
    __decompress1                            0x0800721f   Thumb Code    86  __dczerorl2.o(.text)
    __ARM_fpclassify                         0x08007275   Thumb Code    40  fpclassify.o(i.__ARM_fpclassify)
    __ARM_fpclassifyf                        0x0800729d   Thumb Code    38  fpclassifyf.o(i.__ARM_fpclassifyf)
    __kernel_poly                            0x080072c3   Thumb Code   170  poly.o(i.__kernel_poly)
    __mathlib_dbl_underflow                  0x0800736d   Thumb Code    10  dunder.o(i.__mathlib_dbl_underflow)
    __mathlib_flt_underflow                  0x0800737d   Thumb Code    10  funder.o(i.__mathlib_flt_underflow)
    __scatterload_copy                       0x08007387   Thumb Code    14  handlers.o(i.__scatterload_copy)
    __scatterload_null                       0x08007395   Thumb Code     2  handlers.o(i.__scatterload_null)
    __scatterload_zeroinit                   0x08007397   Thumb Code    14  handlers.o(i.__scatterload_zeroinit)
    __set_errno                              0x080073a5   Thumb Code     6  errno.o(i.__set_errno)
    asin                                     0x080073b1   Thumb Code   584  asin.o(i.asin)
    atan                                     0x0800762d   Thumb Code   478  atan.o(i.atan)
    atan2                                    0x08007851   Thumb Code   346  atan2.o(i.atan2)
    atan2f                                   0x080079d1   Thumb Code   528  atan2f.o(i.atan2f)
    pow                                      0x08007c2d   Thumb Code  2510  pow.o(i.pow)
    sqrt                                     0x0800860d   Thumb Code    76  sqrt.o(i.sqrt)
    Virtual_Com_Port_DeviceDescriptor        0x080086e8   Data          18  usb_desc.o(.constdata)
    Virtual_Com_Port_ConfigDescriptor        0x080086fa   Data          67  usb_desc.o(.constdata)
    Virtual_Com_Port_StringLangID            0x0800873d   Data           4  usb_desc.o(.constdata)
    Virtual_Com_Port_StringVendor            0x08008741   Data          24  usb_desc.o(.constdata)
    Virtual_Com_Port_StringProduct           0x08008759   Data          38  usb_desc.o(.constdata)
    __mathlib_zero                           0x080088f0   Data           8  qnan.o(.constdata)
    Region$$Table$$Base                      0x080088f8   Number         0  anon$$obj.o(Region$$Table)
    Region$$Table$$Limit                     0x08008918   Number         0  anon$$obj.o(Region$$Table)
    magStatus                                0x20000000   Data           1  main.o(.data)
    presStatus                               0x20000001   Data           1  main.o(.data)
    txFailCount                              0x20000002   Data           1  main.o(.data)
    rxFailCount                              0x20000003   Data           1  main.o(.data)
    NrfState                                 0x20000004   Data           1  main.o(.data)
    RX_ADDRESS                               0x20000005   Data           5  main.o(.data)
    TX_ADDRESS                               0x2000000a   Data           5  main.o(.data)
    lostControlFlag                          0x2000000f   Data           1  main.o(.data)
    timeOutMaxFlag                           0x20000010   Data           1  main.o(.data)
    ACCELDATA                                0x20000012   Data           6  main.o(.data)
    GYRODATA                                 0x20000018   Data           6  main.o(.data)
    MAGDATA                                  0x2000001e   Data           6  main.o(.data)
    BBCom                                    0x20000038   Data          36  systeminit.o(.data)
    BBMess                                   0x2000005c   Data          32  systeminit.o(.data)
    radioFlag                                0x2000007c   Data           1  system_loop.o(.data)
    attitudeUpdateFlag                       0x2000007d   Data           1  system_loop.o(.data)
    rxTimeOutFlag                            0x2000007e   Data           1  system_loop.o(.data)
    radioPeriodCount                         0x20000080   Data           2  system_loop.o(.data)
    attitudeUpdatePeriodCount                0x20000082   Data           2  system_loop.o(.data)
    rxTimeOutCount                           0x20000084   Data           2  system_loop.o(.data)
    q0                                       0x20000088   Data           4  imucal.o(.data)
    q1                                       0x2000008c   Data           4  imucal.o(.data)
    q2                                       0x20000090   Data           4  imucal.o(.data)
    q3                                       0x20000094   Data           4  imucal.o(.data)
    exInt                                    0x20000098   Data           4  imucal.o(.data)
    eyInt                                    0x2000009c   Data           4  imucal.o(.data)
    ezInt                                    0x200000a0   Data           4  imucal.o(.data)
    gx                                       0x200000a4   Data           4  imucal.o(.data)
    gy                                       0x200000a8   Data           4  imucal.o(.data)
    gz                                       0x200000ac   Data           4  imucal.o(.data)
    ax                                       0x200000b0   Data           4  imucal.o(.data)
    ay                                       0x200000b4   Data           4  imucal.o(.data)
    az                                       0x200000b8   Data           4  imucal.o(.data)
    TimingDelay                              0x200000bc   Data           4  delay.o(.data)
    sysTickUptime                            0x200000c4   Data           4  delay.o(.data)
    HSEStartUpStatus                         0x200000cc   Data           1  hw_config.o(.data)
    EXTI_InitStructure                       0x200000d0   Data           8  hw_config.o(.data)
    Virtual_Com_Port_StringSerial            0x200000d8   Data          38  usb_desc.o(.data)
    wIstr                                    0x20000108   Data           2  usb_istr.o(.data)
    bIntPackSOF                              0x2000010a   Data           1  usb_istr.o(.data)
    esof_counter                             0x2000010c   Data           4  usb_istr.o(.data)
    wCNTR                                    0x20000110   Data           4  usb_istr.o(.data)
    pEpInt_IN                                0x20000114   Data          28  usb_istr.o(.data)
    pEpInt_OUT                               0x20000130   Data          28  usb_istr.o(.data)
    Request                                  0x2000014c   Data           1  usb_prop.o(.data)
    linecoding                               0x20000150   Data           8  usb_prop.o(.data)
    Device_Table                             0x20000158   Data           2  usb_prop.o(.data)
    Device_Property                          0x2000015c   Data          48  usb_prop.o(.data)
    User_Standard_Requests                   0x2000018c   Data          36  usb_prop.o(.data)
    Device_Descriptor                        0x200001b0   Data           8  usb_prop.o(.data)
    Config_Descriptor                        0x200001b8   Data           8  usb_prop.o(.data)
    String_Descriptor                        0x200001c0   Data          32  usb_prop.o(.data)
    bDeviceState                             0x200001e0   Data           4  usb_pwr.o(.data)
    fSuspendEnabled                          0x200001e4   Data           1  usb_pwr.o(.data)
    ResumeS                                  0x200001e5   Data           2  usb_pwr.o(.data)
    remotewakeupon                           0x200001e8   Data           4  usb_pwr.o(.data)
    StatusInfo                               0x200001ec   Data           2  usb_core.o(.data)
    Data_Mul_MaxPacketSize                   0x200001ee   Data           1  usb_core.o(.data)
    EPindex                                  0x200001f0   Data           1  usb_init.o(.data)
    pInformation                             0x200001f4   Data           4  usb_init.o(.data)
    pProperty                                0x200001f8   Data           4  usb_init.o(.data)
    SaveState                                0x200001fc   Data           2  usb_init.o(.data)
    wInterrupt_Mask                          0x200001fe   Data           2  usb_init.o(.data)
    pUser_Standard_Requests                  0x20000200   Data           4  usb_init.o(.data)
    SaveRState                               0x20000204   Data           2  usb_int.o(.data)
    SaveTState                               0x20000206   Data           2  usb_int.o(.data)
    SystemCoreClock                          0x2000021c   Data           4  system_stm32f10x.o(.data)
    AHBPrescTable                            0x20000220   Data          16  system_stm32f10x.o(.data)
    NRF_RXBUFFER                             0x20000234   Data          32  main.o(.bss)
    NRF_TXBUFFER                             0x20000254   Data          32  main.o(.bss)
    BBImu                                    0x20000284   Data          68  systeminit.o(.bss)
    BBSYSTEM                                 0x200002c8   Data          16  systeminit.o(.bss)
    BATTERY_0                                0x200002d8   Data          16  adc.o(.bss)
    CURRENT_0                                0x200002e8   Data          16  adc.o(.bss)
    USART_InitStructure                      0x200002f8   Data          16  hw_config.o(.bss)
    EP                                       0x20000da8   Data          32  usb_pwr.o(.bss)
    Device_Info                              0x20000dc8   Data          28  usb_init.o(.bss)
    __initial_sp                             0x200011e8   Data           0  startup_stm32f10x_md.o(STACK)



==============================================================================

Memory Map of the image

  Image Entry point : 0x080000ed

  Load Region LR_IROM1 (Base: 0x08000000, Size: 0x00008b4c, Max: 0x00010000, ABSOLUTE, COMPRESSED[0x000089d8])

    Execution Region ER_IROM1 (Base: 0x08000000, Size: 0x00008918, Max: 0x00010000, ABSOLUTE)

    Base Addr    Size         Type   Attr      Idx    E Section Name        Object

    0x08000000   0x000000ec   Data   RO          992    RESET               startup_stm32f10x_md.o
    0x080000ec   0x00000000   Code   RO         1139  * .ARM.Collect$$$$00000000  mc_w.l(entry.o)
    0x080000ec   0x00000004   Code   RO         1237    .ARM.Collect$$$$00000001  mc_w.l(entry2.o)
    0x080000f0   0x00000004   Code   RO         1240    .ARM.Collect$$$$00000004  mc_w.l(entry5.o)
    0x080000f4   0x00000000   Code   RO         1242    .ARM.Collect$$$$00000008  mc_w.l(entry7b.o)
    0x080000f4   0x00000000   Code   RO         1244    .ARM.Collect$$$$0000000A  mc_w.l(entry8b.o)
    0x080000f4   0x00000008   Code   RO         1245    .ARM.Collect$$$$0000000B  mc_w.l(entry9a.o)
    0x080000fc   0x00000000   Code   RO         1247    .ARM.Collect$$$$0000000D  mc_w.l(entry10a.o)
    0x080000fc   0x00000000   Code   RO         1249    .ARM.Collect$$$$0000000F  mc_w.l(entry11a.o)
    0x080000fc   0x00000004   Code   RO         1238    .ARM.Collect$$$$00002712  mc_w.l(entry2.o)
    0x08000100   0x0000042c   Code   RO            3    .text               main.o
    0x0800052c   0x0000010c   Code   RO          131    .text               systeminit.o
    0x08000638   0x000000e4   Code   RO          162    .text               system_loop.o
    0x0800071c   0x00000704   Code   RO          188    .text               imucal.o
    0x08000e20   0x000000e8   Code   RO          234    .text               delay.o
    0x08000f08   0x0000028c   Code   RO          257    .text               spinrf.o
    0x08001194   0x00000140   Code   RO          280    .text               pwm.o
    0x080012d4   0x0000019c   Code   RO          325    .text               adc.o
    0x08001470   0x000001dc   Code   RO          354    .text               mpu9250.o
    0x0800164c   0x000003fc   Code   RO          374    .text               ms5611.o
    0x08001a48   0x0000033c   Code   RO          395    .text               i2c.o
    0x08001d84   0x000001dc   Code   RO          415    .text               hw_config.o
    0x08001f60   0x000000c8   Code   RO          508    .text               usb_endp.o
    0x08002028   0x000001d0   Code   RO          534    .text               usb_istr.o
    0x080021f8   0x0000023c   Code   RO          560    .text               usb_prop.o
    0x08002434   0x00000240   Code   RO          591    .text               usb_pwr.o
    0x08002674   0x00000014   Code   RO          618    .text               usb_it.o
    0x08002688   0x000004ea   Code   RO          660    .text               queue.o
    0x08002b72   0x00000002   PAD
    0x08002b74   0x00000b50   Code   RO          684    .text               usb_core.o
    0x080036c4   0x0000003c   Code   RO          707    .text               usb_init.o
    0x08003700   0x0000033c   Code   RO          738    .text               usb_int.o
    0x08003a3c   0x0000005c   Code   RO          770    .text               usb_mem.o
    0x08003a98   0x00000808   Code   RO          790    .text               usb_regs.o
    0x080042a0   0x00000080   Code   RO          810    .text               usb_sil.o
    0x08004320   0x0000044e   Code   RO          830    .text               stm32f10x_adc.o
    0x0800476e   0x00000002   PAD
    0x08004770   0x0000035c   Code   RO          850    .text               stm32f10x_gpio.o
    0x08004acc   0x000003a4   Code   RO          910    .text               stm32f10x_rcc.o
    0x08004e70   0x0000030c   Code   RO          932    .text               stm32f10x_spi.o
    0x0800517c   0x00000e1a   Code   RO          952    .text               stm32f10x_tim.o
    0x08005f96   0x00000002   PAD
    0x08005f98   0x00000024   Code   RO          993    .text               startup_stm32f10x_md.o
    0x08005fbc   0x000001e0   Code   RO          999    .text               system_stm32f10x.o
    0x0800619c   0x000005bc   Code   RO         1025    .text               stm32f10x_flash.o
    0x08006758   0x0000011c   Code   RO         1045    .text               stm32f10x_exti.o
    0x08006874   0x000000dc   Code   RO         1065    .text               misc.o
    0x08006950   0x00000024   Code   RO         1142    .text               mc_w.l(memcpya.o)
    0x08006974   0x000000b0   Code   RO         1176    .text               mf_w.l(fadd.o)
    0x08006a24   0x00000064   Code   RO         1178    .text               mf_w.l(fmul.o)
    0x08006a88   0x0000007c   Code   RO         1180    .text               mf_w.l(fdiv.o)
    0x08006b04   0x0000014e   Code   RO         1182    .text               mf_w.l(dadd.o)
    0x08006c52   0x000000e4   Code   RO         1184    .text               mf_w.l(dmul.o)
    0x08006d36   0x000000de   Code   RO         1186    .text               mf_w.l(ddiv.o)
    0x08006e14   0x00000012   Code   RO         1188    .text               mf_w.l(fflti.o)
    0x08006e26   0x0000000a   Code   RO         1190    .text               mf_w.l(ffltui.o)
    0x08006e30   0x0000002c   Code   RO         1192    .text               mf_w.l(ffltl.o)
    0x08006e5c   0x00000022   Code   RO         1194    .text               mf_w.l(dflti.o)
    0x08006e7e   0x0000001a   Code   RO         1196    .text               mf_w.l(dfltui.o)
    0x08006e98   0x00000028   Code   RO         1198    .text               mf_w.l(ffixui.o)
    0x08006ec0   0x00000032   Code   RO         1200    .text               mf_w.l(dfixui.o)
    0x08006ef2   0x00000026   Code   RO         1202    .text               mf_w.l(f2d.o)
    0x08006f18   0x00000038   Code   RO         1204    .text               mf_w.l(d2f.o)
    0x08006f50   0x00000014   Code   RO         1206    .text               mf_w.l(cfcmple.o)
    0x08006f64   0x0000001e   Code   RO         1258    .text               mc_w.l(llshl.o)
    0x08006f82   0x00000020   Code   RO         1260    .text               mc_w.l(llushr.o)
    0x08006fa2   0x00000024   Code   RO         1262    .text               mc_w.l(llsshr.o)
    0x08006fc6   0x00000000   Code   RO         1271    .text               mc_w.l(iusefp.o)
    0x08006fc6   0x0000006e   Code   RO         1272    .text               mf_w.l(fepilogue.o)
    0x08007034   0x000000b6   Code   RO         1274    .text               mf_w.l(depilogue.o)
    0x080070ea   0x0000002e   Code   RO         1276    .text               mf_w.l(dscalb.o)
    0x08007118   0x00000028   Code   RO         1280    .text               mf_w.l(cdrcmple.o)
    0x08007140   0x00000024   Code   RO         1282    .text               mc_w.l(init.o)
    0x08007164   0x00000018   Code   RO         1286    .text               mf_w.l(fscalb.o)
    0x0800717c   0x000000a2   Code   RO         1288    .text               mf_w.l(dsqrt.o)
    0x0800721e   0x00000056   Code   RO         1300    .text               mc_w.l(__dczerorl2.o)
    0x08007274   0x00000028   Code   RO         1220    i.__ARM_fpclassify  m_ws.l(fpclassify.o)
    0x0800729c   0x00000026   Code   RO         1222    i.__ARM_fpclassifyf  m_ws.l(fpclassifyf.o)
    0x080072c2   0x000000aa   Code   RO         1226    i.__kernel_poly     m_ws.l(poly.o)
    0x0800736c   0x00000010   Code   RO         1218    i.__mathlib_dbl_underflow  m_ws.l(dunder.o)
    0x0800737c   0x0000000a   Code   RO         1224    i.__mathlib_flt_underflow  m_ws.l(funder.o)
    0x08007386   0x0000000e   Code   RO         1294    i.__scatterload_copy  mc_w.l(handlers.o)
    0x08007394   0x00000002   Code   RO         1295    i.__scatterload_null  mc_w.l(handlers.o)
    0x08007396   0x0000000e   Code   RO         1296    i.__scatterload_zeroinit  mc_w.l(handlers.o)
    0x080073a4   0x0000000c   Code   RO         1266    i.__set_errno       mc_w.l(errno.o)
    0x080073b0   0x0000027c   Code   RO         1104    i.asin              m_ws.l(asin.o)
    0x0800762c   0x00000224   Code   RO         1209    i.atan              m_ws.l(atan.o)
    0x08007850   0x00000180   Code   RO         1114    i.atan2             m_ws.l(atan2.o)
    0x080079d0   0x0000025c   Code   RO         1122    i.atan2f            m_ws.l(atan2f.o)
    0x08007c2c   0x000009e0   Code   RO         1130    i.pow               m_ws.l(pow.o)
    0x0800860c   0x0000004c   Code   RO         1230    i.sqrt              m_ws.l(sqrt.o)
    0x08008658   0x00000090   Data   RO          281    .constdata          pwm.o
    0x080086e8   0x00000097   Data   RO          487    .constdata          usb_desc.o
    0x0800877f   0x00000001   PAD
    0x08008780   0x00000050   Data   RO         1105    .constdata          m_ws.l(asin.o)
    0x080087d0   0x00000088   Data   RO         1131    .constdata          m_ws.l(pow.o)
    0x08008858   0x00000098   Data   RO         1210    .constdata          m_ws.l(atan.o)
    0x080088f0   0x00000008   Data   RO         1228    .constdata          m_ws.l(qnan.o)
    0x080088f8   0x00000020   Data   RO         1292    Region$$Table       anon$$obj.o


    Execution Region RW_IRAM1 (Base: 0x20000000, Size: 0x000011e8, Max: 0x00005000, ABSOLUTE, COMPRESSED[0x000000c0])

    Base Addr    Size         Type   Attr      Idx    E Section Name        Object

    0x20000000   0x00000038   Data   RW            5    .data               main.o
    0x20000038   0x00000044   Data   RW          133    .data               systeminit.o
    0x2000007c   0x0000000a   Data   RW          163    .data               system_loop.o
    0x20000086   0x00000002   PAD
    0x20000088   0x00000034   Data   RW          189    .data               imucal.o
    0x200000bc   0x0000000c   Data   RW          235    .data               delay.o
    0x200000c8   0x00000001   Data   RW          375    .data               ms5611.o
    0x200000c9   0x00000003   PAD
    0x200000cc   0x0000000c   Data   RW          417    .data               hw_config.o
    0x200000d8   0x00000026   Data   RW          488    .data               usb_desc.o
    0x200000fe   0x00000002   PAD
    0x20000100   0x00000008   Data   RW          510    .data               usb_endp.o
    0x20000108   0x00000044   Data   RW          535    .data               usb_istr.o
    0x2000014c   0x00000094   Data   RW          561    .data               usb_prop.o
    0x200001e0   0x0000000c   Data   RW          593    .data               usb_pwr.o
    0x200001ec   0x00000003   Data   RW          685    .data               usb_core.o
    0x200001ef   0x00000001   PAD
    0x200001f0   0x00000014   Data   RW          709    .data               usb_init.o
    0x20000204   0x00000004   Data   RW          739    .data               usb_int.o
    0x20000208   0x00000014   Data   RW          911    .data               stm32f10x_rcc.o
    0x2000021c   0x00000014   Data   RW         1000    .data               system_stm32f10x.o
    0x20000230   0x00000004   Data   RW         1267    .data               mc_w.l(errno.o)
    0x20000234   0x0000004e   Zero   RW            4    .bss                main.o
    0x20000282   0x00000002   PAD
    0x20000284   0x00000054   Zero   RW          132    .bss                systeminit.o
    0x200002d8   0x00000020   Zero   RW          326    .bss                adc.o
    0x200002f8   0x00000a30   Zero   RW          416    .bss                hw_config.o
    0x20000d28   0x00000080   Zero   RW          509    .bss                usb_endp.o
    0x20000da8   0x00000020   Zero   RW          592    .bss                usb_pwr.o
    0x20000dc8   0x0000001c   Zero   RW          708    .bss                usb_init.o
    0x20000de4   0x00000004   PAD
    0x20000de8   0x00000400   Zero   RW          990    STACK               startup_stm32f10x_md.o


==============================================================================

Image component sizes


      Code (inc. data)   RO Data    RW Data    ZI Data      Debug   Object Name

       412         20          0          0         32       2097   adc.o
       232         18          0         12          0       2178   delay.o
       476         42          0         12       2608      17421   hw_config.o
       828          4          0          0          0       3099   i2c.o
      1796         86          0         52          0       2586   imucal.o
      1068         98          0         56         78     281925   main.o
       220         22          0          0          0       2001   misc.o
       476          8          0          0          0       2430   mpu9250.o
      1020         52          0          1          0       2923   ms5611.o
       320         26        144          0          0       2218   pwm.o
      1258          0          0          0          0       6419   queue.o
       652         20          0          0          0       2662   spinrf.o
        36          8        236          0       1024        800   startup_stm32f10x_md.o
      1102         26          0          0          0      11037   stm32f10x_adc.o
       284         10          0          0          0       2439   stm32f10x_exti.o
      1468         34          0          0          0       8230   stm32f10x_flash.o
       860         38          0          0          0       5845   stm32f10x_gpio.o
       932         36          0         20          0       9020   stm32f10x_rcc.o
       780         14          0          0          0       6730   stm32f10x_spi.o
      3610         88          0          0          0      22336   stm32f10x_tim.o
       228         28          0         10          0       1495   system_loop.o
       480         38          0         20          0       1859   system_stm32f10x.o
       268         14          0         68         84      24972   systeminit.o
      2896        114          0          3          0       8071   usb_core.o
         0          0        151         38          0       1035   usb_desc.o
       200         22          0          8        128       1544   usb_endp.o
        60         24          0         20         28       4110   usb_init.o
       828         34          0          4          0       1919   usb_int.o
       464         38          0         68          0       1547   usb_istr.o
        20          0          0          0          0        582   usb_it.o
        92          6          0          0          0       1410   usb_mem.o
       572         42          0        148          0       7219   usb_prop.o
       576         40          0         12         32       2827   usb_pwr.o
      2056         20          0          0          0      11721   usb_regs.o
       128          8          0          0          0       1430   usb_sil.o

    ----------------------------------------------------------------------
     26704       1078        564        560       4020     466137   Object Totals
         0          0         32          0          0          0   (incl. Generated)
         6          0          1          8          6          0   (incl. Padding)

    ----------------------------------------------------------------------

      Code (inc. data)   RO Data    RW Data    ZI Data      Debug   Library Member Name

       636         52         80          0          0        168   asin.o
       548         70        152          0          0        124   atan.o
       384         38          0          0          0        144   atan2.o
       604         76          0          0          0        116   atan2f.o
        16          6          0          0          0         68   dunder.o
        40          0          0          0          0         68   fpclassify.o
        38          0          0          0          0         68   fpclassifyf.o
        10          0          0          0          0         68   funder.o
       170          0          0          0          0         96   poly.o
      2528        190        136          0          0        332   pow.o
         0          0          8          0          0          0   qnan.o
        76          0          0          0          0         84   sqrt.o
        86          0          0          0          0          0   __dczerorl2.o
         0          0          0          0          0          0   entry.o
         0          0          0          0          0          0   entry10a.o
         0          0          0          0          0          0   entry11a.o
         8          4          0          0          0          0   entry2.o
         4          0          0          0          0          0   entry5.o
         0          0          0          0          0          0   entry7b.o
         0          0          0          0          0          0   entry8b.o
         8          4          0          0          0          0   entry9a.o
        12          6          0          4          0         68   errno.o
        30          0          0          0          0          0   handlers.o
        36          8          0          0          0         68   init.o
         0          0          0          0          0          0   iusefp.o
        30          0          0          0          0         68   llshl.o
        36          0          0          0          0         68   llsshr.o
        32          0          0          0          0         68   llushr.o
        36          0          0          0          0         68   memcpya.o
        40          2          0          0          0         68   cdrcmple.o
        20          0          0          0          0         68   cfcmple.o
        56          0          0          0          0         88   d2f.o
       334          0          0          0          0        148   dadd.o
       222          0          0          0          0        100   ddiv.o
       182          0          0          0          0        176   depilogue.o
        50          0          0          0          0         76   dfixui.o
        34          0          0          0          0         76   dflti.o
        26          0          0          0          0         76   dfltui.o
       228          0          0          0          0         96   dmul.o
        46          0          0          0          0         80   dscalb.o
       162          0          0          0          0        100   dsqrt.o
        38          0          0          0          0         68   f2d.o
       176          0          0          0          0        140   fadd.o
       124          0          0          0          0         88   fdiv.o
       110          0          0          0          0        168   fepilogue.o
        40          0          0          0          0         68   ffixui.o
        18          0          0          0          0         68   fflti.o
        44          0          0          0          0         92   ffltl.o
        10          0          0          0          0         68   ffltui.o
       100          0          0          0          0         76   fmul.o
        24          0          0          0          0         68   fscalb.o

    ----------------------------------------------------------------------
      7452        456        376          4          0       3800   Library Totals
         0          0          0          0          0          0   (incl. Padding)

    ----------------------------------------------------------------------

      Code (inc. data)   RO Data    RW Data    ZI Data      Debug   Library Name

      5050        432        376          0          0       1336   m_ws.l
       318         22          0          4          0        408   mc_w.l
      2084          2          0          0          0       2056   mf_w.l

    ----------------------------------------------------------------------
      7452        456        376          4          0       3800   Library Totals

    ----------------------------------------------------------------------

==============================================================================


      Code (inc. data)   RO Data    RW Data    ZI Data      Debug   

     34156       1534        940        564       4020     465177   Grand Totals
     34156       1534        940        192       4020     465177   ELF Image Totals (compressed)
     34156       1534        940        192          0          0   ROM Totals

==============================================================================

    Total RO  Size (Code + RO Data)                35096 (  34.27kB)
    Total RW  Size (RW Data + ZI Data)              4584 (   4.48kB)
    Total ROM Size (Code + RO Data + RW Data)      35288 (  34.46kB)

==============================================================================

