Product: MDK-ARM Professional 5.10
Component: ARM Compiler 5.04 update 1 (build 49)
Tool: armlink [5040049]

==============================================================================

Section Cross References

    main.o(.text) refers to memcpya.o(.text) for __aeabi_memcpy
    main.o(.text) refers to fflti.o(.text) for __aeabi_i2f
    main.o(.text) refers to systeminit.o(.text) for sysclockInit
    main.o(.text) refers to delay.o(.text) for cycleCounterInit
    main.o(.text) refers to spinrf.o(.text) for spi2NrfInit
    main.o(.text) refers to adc.o(.text) for adcInit
    main.o(.text) refers to i2c.o(.text) for i2cInit
    main.o(.text) refers to mpu9250.o(.text) for mpu9250Init
    main.o(.text) refers to ms5611.o(.text) for ms5611Init
    main.o(.text) refers to pwm.o(.text) for pwmInit
    main.o(.text) refers to system_loop.o(.text) for systemLoopTim1Init
    main.o(.text) refers to memseta.o(.text) for __aeabi_memclr4
    main.o(.text) refers to filter.o(.text) for LPF2pSetCutoffFreq_1
    main.o(.text) refers to stm32f10x_gpio.o(.text) for GPIO_ResetBits
    main.o(.text) refers to fadd.o(.text) for __aeabi_fsub
    main.o(.text) refers to fdiv.o(.text) for __aeabi_fdiv
    main.o(.text) refers to main.o(.data) for rxFailCount
    main.o(.text) refers to main.o(.bss) for NRF_RXBUFFER
    main.o(.text) refers to systeminit.o(.bss) for BBCom
    main.o(.text) refers to systeminit.o(.data) for BBMess
    main.o(.text) refers to system_loop.o(.data) for radioFlag
    main.o(.text) refers to imucal_px.o(.text) for IMUSO3Thread
    main.o(.text) refers to control.o(.text) for pidControl
    main.o(.text) refers to stm32f10x_exti.o(.text) for EXTI_GetITStatus
    main.o(.text) refers to dflti.o(.text) for __aeabi_i2d
    main.o(.text) refers to ddiv.o(.text) for __aeabi_ddiv
    main.o(.text) refers to dmul.o(.text) for __aeabi_dmul
    main.o(.text) refers to dfixui.o(.text) for __aeabi_d2uiz
    control.o(.text) refers to fadd.o(.text) for __aeabi_fsub
    control.o(.text) refers to fmul.o(.text) for __aeabi_fmul
    control.o(.text) refers to fflti.o(.text) for __aeabi_i2f
    control.o(.text) refers to fdiv.o(.text) for __aeabi_fdiv
    control.o(.text) refers to f2d.o(.text) for __aeabi_f2d
    control.o(.text) refers to cdcmple.o(.text) for __aeabi_cdcmple
    control.o(.text) refers to cdrcmple.o(.text) for __aeabi_cdrcmple
    control.o(.text) refers to ffixui.o(.text) for __aeabi_f2uiz
    control.o(.text) refers to pwm.o(.text) for motorPwmFlash
    imucal_px.o(.text) refers to fmul.o(.text) for __aeabi_fmul
    imucal_px.o(.text) refers to fadd.o(.text) for __aeabi_frsub
    imucal_px.o(.text) refers to f2d.o(.text) for __aeabi_f2d
    imucal_px.o(.text) refers to atan2.o(i.atan2) for atan2
    imucal_px.o(.text) refers to d2f.o(.text) for __aeabi_d2f
    imucal_px.o(.text) refers to cosf.o(i.cosf) for cosf
    imucal_px.o(.text) refers to sinf.o(i.sinf) for sinf
    imucal_px.o(.text) refers to atan2f.o(i.atan2f) for atan2f
    imucal_px.o(.text) refers to cfcmple.o(.text) for __aeabi_cfcmpeq
    imucal_px.o(.text) refers to imucal_px.o(.data) for q0
    imucal_px.o(.text) refers to sqrt.o(i.sqrt) for sqrt
    imucal_px.o(.text) refers to cfrcmple.o(.text) for __aeabi_cfrcmple
    imucal_px.o(.text) refers to imucal_px.o(.bss) for gyro_bias
    imucal_px.o(.text) refers to memcpya.o(.text) for __aeabi_memcpy4
    imucal_px.o(.text) refers to delay.o(.text) for currentTime
    imucal_px.o(.text) refers to dfltui.o(.text) for __aeabi_ui2d
    imucal_px.o(.text) refers to ddiv.o(.text) for __aeabi_ddiv
    imucal_px.o(.text) refers to fdiv.o(.text) for __aeabi_fdiv
    imucal_px.o(.text) refers to imucal_px.o(.constdata) for .constdata
    imucal_px.o(.text) refers to asinf.o(i.asinf) for asinf
    system_loop.o(.text) refers to stm32f10x_tim.o(.text) for TIM_ClearITPendingBit
    system_loop.o(.text) refers to stm32f10x_rcc.o(.text) for RCC_APB2PeriphClockCmd
    system_loop.o(.text) refers to misc.o(.text) for NVIC_PriorityGroupConfig
    system_loop.o(.text) refers to system_loop.o(.data) for rxTimeOutCount
    systeminit.o(.text) refers to stm32f10x_rcc.o(.text) for RCC_DeInit
    systeminit.o(.text) refers to stm32f10x_flash.o(.text) for FLASH_SetLatency
    systeminit.o(.text) refers to stm32f10x_gpio.o(.text) for GPIO_Init
    adc.o(.text) refers to stm32f10x_rcc.o(.text) for RCC_APB2PeriphClockCmd
    adc.o(.text) refers to stm32f10x_gpio.o(.text) for GPIO_Init
    adc.o(.text) refers to stm32f10x_adc.o(.text) for ADC_DeInit
    adc.o(.text) refers to fflti.o(.text) for __aeabi_i2f
    adc.o(.text) refers to fdiv.o(.text) for __aeabi_fdiv
    adc.o(.text) refers to ffixui.o(.text) for __aeabi_f2uiz
    adc.o(.text) refers to adc.o(.bss) for BATTERY_0
    delay.o(.text) refers to stm32f10x_rcc.o(.text) for RCC_GetClocksFreq
    delay.o(.text) refers to delay.o(.data) for TimingDelay
    filter.o(.text) refers to fdiv.o(.text) for __aeabi_fdiv
[...]
    _cutoff_freq3                            0x20000110   Data           4  filter.o(.data)
    _a13                                     0x20000114   Data           4  filter.o(.data)
    _a23                                     0x20000118   Data           4  filter.o(.data)
    _b03                                     0x2000011c   Data           4  filter.o(.data)
    _b13                                     0x20000120   Data           4  filter.o(.data)
    _b23                                     0x20000124   Data           4  filter.o(.data)
    _delay_element_13                        0x20000128   Data           4  filter.o(.data)
    _delay_element_23                        0x2000012c   Data           4  filter.o(.data)
    _cutoff_freq4                            0x20000130   Data           4  filter.o(.data)
    _a14                                     0x20000134   Data           4  filter.o(.data)
    _a24                                     0x20000138   Data           4  filter.o(.data)
    _b04                                     0x2000013c   Data           4  filter.o(.data)
    _b14                                     0x20000140   Data           4  filter.o(.data)
    _b24                                     0x20000144   Data           4  filter.o(.data)
    _delay_element_14                        0x20000148   Data           4  filter.o(.data)
    _delay_element_24                        0x2000014c   Data           4  filter.o(.data)
    _cutoff_freq5                            0x20000150   Data           4  filter.o(.data)
    _a15                                     0x20000154   Data           4  filter.o(.data)
    _a25                                     0x20000158   Data           4  filter.o(.data)
    _b05                                     0x2000015c   Data           4  filter.o(.data)
    _b15                                     0x20000160   Data           4  filter.o(.data)
    _b25                                     0x20000164   Data           4  filter.o(.data)
    _delay_element_15                        0x20000168   Data           4  filter.o(.data)
    _delay_element_25                        0x2000016c   Data           4  filter.o(.data)
    _cutoff_freq6                            0x20000170   Data           4  filter.o(.data)
    _a16                                     0x20000174   Data           4  filter.o(.data)
    _a26                                     0x20000178   Data           4  filter.o(.data)
    _b06                                     0x2000017c   Data           4  filter.o(.data)
    _b16                                     0x20000180   Data           4  filter.o(.data)
    _b26                                     0x20000184   Data           4  filter.o(.data)
    _delay_element_16                        0x20000188   Data           4  filter.o(.data)
    _delay_element_26                        0x2000018c   Data           4  filter.o(.data)
    .data                                    0x20000190   Section        1  ms5611.o(.data)
    Filtercount                              0x20000190   Data           1  ms5611.o(.data)
    .data                                    0x20000194   Section       12  hw_config.o(.data)
    .data                                    0x200001a0   Section       38  usb_desc.o(.data)
    .data                                    0x200001c8   Section        8  usb_endp.o(.data)
    txFlg                                    0x200001c8   Data           1  usb_endp.o(.data)
    FrameCount                               0x200001cc   Data           4  usb_endp.o(.data)
    .data                                    0x200001d0   Section       68  usb_istr.o(.data)
    .data                                    0x20000214   Section      148  usb_prop.o(.data)
    .data                                    0x200002a8   Section       12  usb_pwr.o(.data)
    .data                                    0x200002b4   Section        3  usb_core.o(.data)
    .data                                    0x200002b8   Section       20  usb_init.o(.data)
    .data                                    0x200002cc   Section        4  usb_int.o(.data)
    .data                                    0x200002d0   Section       20  stm32f10x_rcc.o(.data)
    APBAHBPrescTable                         0x200002d0   Data          16  stm32f10x_rcc.o(.data)
    ADCPrescTable                            0x200002e0   Data           4  stm32f10x_rcc.o(.data)
    .data                                    0x200002e4   Section       20  system_stm32f10x.o(.data)
    .data                                    0x200002f8   Section        4  errno.o(.data)
    _errno                                   0x200002f8   Data           4  errno.o(.data)
    .bss                                     0x200002fc   Section       78  main.o(.bss)
    MS5611_PROM                              0x2000033c   Data          14  main.o(.bss)
    .bss                                     0x2000034c   Section       12  imucal_px.o(.bss)
    gyro_bias                                0x2000034c   Data          12  imucal_px.o(.bss)
    .bss                                     0x20000358   Section      284  systeminit.o(.bss)
    .bss                                     0x20000474   Section       32  adc.o(.bss)
    .bss                                     0x20000494   Section     2608  hw_config.o(.bss)
    m_QueueUsbComRx                          0x200004a4   Data          16  hw_config.o(.bss)
    m_QueueUsbComTx                          0x200004b4   Data          16  hw_config.o(.bss)
    m_UsbComRxBuf                            0x200004c4   Data        1280  hw_config.o(.bss)
    m_UsbComTxBuf                            0x200009c4   Data        1280  hw_config.o(.bss)
    .bss                                     0x20000ec4   Section      128  usb_endp.o(.bss)
    txBuffter                                0x20000ec4   Data          64  usb_endp.o(.bss)
    buffter                                  0x20000f04   Data          64  usb_endp.o(.bss)
    .bss                                     0x20000f44   Section       32  usb_pwr.o(.bss)
    .bss                                     0x20000f64   Section       28  usb_init.o(.bss)
    STACK                                    0x20000f80   Section     1024  startup_stm32f10x_md.o(STACK)

    Global Symbols

    Symbol Name                              Value     Ov Type        Size  Object(Section)

    BuildAttributes$$THM_ISAv4$P$D$K$B$S$PE$A:L22UL41UL21$X:L11$S22US41US21$IEEE1$IW$USESV6$~STKCKD$USESV7$~SHL$OTIME$ROPI$IEEEX$EBA8$MICROLIB$REQ8$PRES8$EABIv2 0x00000000   Number         0  anon$$obj.o ABSOLUTE
    __ARM_use_no_argv                        0x00000000   Number         0  main.o ABSOLUTE
    __cpp_initialize__aeabi_                  - Undefined Weak Reference
    __cxa_finalize                            - Undefined Weak Reference
    _clock_init                               - Undefined Weak Reference
    _microlib_exit                            - Undefined Weak Reference
    __Vectors_Size                           0x000000ec   Number         0  startup_stm32f10x_md.o ABSOLUTE
    __Vectors                                0x08000000   Data           4  startup_stm32f10x_md.o(RESET)
    __Vectors_End                            0x080000ec   Data           0  startup_stm32f10x_md.o(RESET)
    __main                                   0x080000ed   Thumb Code     0  entry.o(.ARM.Collect$$$$00000000)
    _main_stk                                0x080000ed   Thumb Code     0  entry2.o(.ARM.Collect$$$$00000001)
    _main_scatterload                        0x080000f1   Thumb Code     0  entry5.o(.ARM.Collect$$$$00000004)
    __main_after_scatterload                 0x080000f5   Thumb Code     0  entry5.o(.ARM.Collect$$$$00000004)
    _main_clock                              0x080000f5   Thumb Code     0  entry7b.o(.ARM.Collect$$$$00000008)
    _main_cpp_init                           0x080000f5   Thumb Code     0  entry8b.o(.ARM.Collect$$$$0000000A)
    _main_init                               0x080000f5   Thumb Code     0  entry9a.o(.ARM.Collect$$$$0000000B)
    __rt_final_cpp                           0x080000fd   Thumb Code     0  entry10a.o(.ARM.Collect$$$$0000000D)
    __rt_final_exit                          0x080000fd   Thumb Code     0  entry11a.o(.ARM.Collect$$$$0000000F)
    nrfReceiveResult                         0x08000101   Thumb Code   314  main.o(.text)
    main                                     0x0800023b   Thumb Code   952  main.o(.text)
    nrfTransmitResult                        0x080005f3   Thumb Code    46  main.o(.text)
    EXTI9_5_IRQHandler                       0x08000621   Thumb Code   232  main.o(.text)
    pidControl                               0x0800073d   Thumb Code   186  control.o(.text)
    motorUpdate                              0x080007f7   Thumb Code   478  control.o(.text)
    invSqrt                                  0x080009e5   Thumb Code    86  imucal_px.o(.text)
    NonlinearSO3AHRSinit                     0x08000a3b   Thumb Code   684  imucal_px.o(.text)
    NonlinearSO3AHRSupdate                   0x08000ce7   Thumb Code  2148  imucal_px.o(.text)
    IMUSO3Thread                             0x0800154b   Thumb Code   756  imucal_px.o(.text)
    TIM1_UP_IRQHandler                       0x08001865   Thumb Code   140  system_loop.o(.text)
    systemLoopTim1Init                       0x080018f1   Thumb Code   112  system_loop.o(.text)
    sysclockInit                             0x0800198d   Thumb Code   106  systeminit.o(.text)
    systickInit                              0x080019f7   Thumb Code    76  systeminit.o(.text)
    ledInit                                  0x08001a43   Thumb Code    72  systeminit.o(.text)
    adcInit                                  0x08001a99   Thumb Code   178  adc.o(.text)
    adcGetChannelValue                       0x08001b4b   Thumb Code    46  adc.o(.text)
    adcBatteryConversion                     0x08001b79   Thumb Code    70  adc.o(.text)
    adcCurrentConversion                     0x08001bbf   Thumb Code    98  adc.o(.text)
    delay_us                                 0x08001c35   Thumb Code    20  delay.o(.text)
    delay_ms                                 0x08001c49   Thumb Code    26  delay.o(.text)
    cycleCounterInit                         0x08001c63   Thumb Code    26  delay.o(.text)
    SysTick_Handler                          0x08001c7d   Thumb Code    28  delay.o(.text)
    currentTime                              0x08001c99   Thumb Code    38  delay.o(.text)
    delay_current_us                         0x08001cbf   Thumb Code    24  delay.o(.text)
    delay_current_ms                         0x08001cd7   Thumb Code    34  delay.o(.text)
    delay_noInt_ms                           0x08001cf9   Thumb Code    18  delay.o(.text)
    LPF2pSetCutoffFreq_1                     0x08001d1d   Thumb Code   280  filter.o(.text)
    LPF2pApply_1                             0x08001e35   Thumb Code   162  filter.o(.text)
    LPF2pSetCutoffFreq_2                     0x08001ed7   Thumb Code   280  filter.o(.text)
    LPF2pApply_2                             0x08001fef   Thumb Code   162  filter.o(.text)
    LPF2pSetCutoffFreq_3                     0x08002091   Thumb Code   374  filter.o(.text)
    LPF2pApply_3                             0x08002207   Thumb Code   162  filter.o(.text)
    LPF2pSetCutoffFreq_4                     0x080022a9   Thumb Code   280  filter.o(.text)
    LPF2pApply_4                             0x080023c1   Thumb Code   162  filter.o(.text)
    LPF2pSetCutoffFreq_5                     0x08002463   Thumb Code   280  filter.o(.text)
    LPF2pApply_5                             0x0800257b   Thumb Code   274  filter.o(.text)
    LPF2pSetCutoffFreq_6                     0x0800268d   Thumb Code   280  filter.o(.text)
    LPF2pApply_6                             0x080027a5   Thumb Code   162  filter.o(.text)
    i2cInit                                  0x08002889   Thumb Code    38  i2c.o(.text)
    I2C_Start                                0x080028af   Thumb Code    92  i2c.o(.text)
    I2C_Stop                                 0x0800290b   Thumb Code    60  i2c.o(.text)
    I2C_Ack                                  0x08002947   Thumb Code    60  i2c.o(.text)
    I2C_NoAck                                0x08002983   Thumb Code    60  i2c.o(.text)
    I2C_WaitAck                              0x080029bf   Thumb Code    80  i2c.o(.text)
    I2C_SendByte                             0x08002a0f   Thumb Code    90  i2c.o(.text)
    I2C_ReceiveByte                          0x08002a69   Thumb Code    86  i2c.o(.text)
    Single_Write                             0x08002abf   Thumb Code    72  i2c.o(.text)
    Single_Read                              0x08002b07   Thumb Code    80  i2c.o(.text)
    Multiple_Read                            0x08002b57   Thumb Code   106  i2c.o(.text)
    mpu9250Init                              0x08002bc5   Thumb Code   144  mpu9250.o(.text)
    Get_MPU9250_ID                           0x08002c55   Thumb Code    12  mpu9250.o(.text)
    Get_AK8963_ID_Bypass                     0x08002c61   Thumb Code    28  mpu9250.o(.text)
    MPU9250_Check                            0x08002c7d   Thumb Code    18  mpu9250.o(.text)
    AK8963_Check_Bypass                      0x08002c8f   Thumb Code    18  mpu9250.o(.text)
    READ_MPU9250_ACCEL_RAW                   0x08002ca1   Thumb Code    66  mpu9250.o(.text)
    READ_MPU9250_GYRO_RAW                    0x08002ce3   Thumb Code    66  mpu9250.o(.text)
    READ_MPU9250_TEMP_RAW                    0x08002d25   Thumb Code    32  mpu9250.o(.text)
    READ_MPU9250_Bypass_MAG_RAW              0x08002d45   Thumb Code    82  mpu9250.o(.text)
    accelAndGyroOffset                       0x08002d97   Thumb Code   180  mpu9250.o(.text)
    MS5611_Reset                             0x08002e55   Thumb Code    32  ms5611.o(.text)
    ms5611Init                               0x08002e75   Thumb Code     8  ms5611.o(.text)
    MS5611_PROM_READ                         0x08002e7d   Thumb Code   128  ms5611.o(.text)
    MS5611_SendCmd_StartConversionAndGetIt   0x08002efd   Thumb Code   148  ms5611.o(.text)
    MS5611_GetTempture                       0x08002f91   Thumb Code    68  ms5611.o(.text)
    MS5611_GetPressure                       0x08002fd5   Thumb Code   406  ms5611.o(.text)
    MS5611_GetAltitude                       0x0800316b   Thumb Code   178  ms5611.o(.text)
    MOTO_Init                                0x08003251   Thumb Code   168  pwm.o(.text)
    pwmInit                                  0x080032f9   Thumb Code    30  pwm.o(.text)
    motorPwmFlash                            0x08003317   Thumb Code    96  pwm.o(.text)
    spi2NrfInit                              0x08003391   Thumb Code   292  spinrf.o(.text)
    SPI_RW                                   0x080034b5   Thumb Code    50  spinrf.o(.text)
    NRF_Write_Buf                            0x080034e7   Thumb Code    62  spinrf.o(.text)
    NRF_Read_Buf                             0x08003525   Thumb Code    74  spinrf.o(.text)
    NRF24L01_Check                           0x0800356f   Thumb Code    68  spinrf.o(.text)
    NRF_Write_Reg                            0x080035b3   Thumb Code    44  spinrf.o(.text)
    NRF_Read_Reg                             0x080035df   Thumb Code    42  spinrf.o(.text)
    Set_System                               0x0800361d   Thumb Code    94  hw_config.o(.text)
    Set_USBClock                             0x0800367b   Thumb Code    18  hw_config.o(.text)
    Enter_LowPowerMode                       0x0800368d   Thumb Code     8  hw_config.o(.text)
    Leave_LowPowerMode                       0x08003695   Thumb Code    22  hw_config.o(.text)
    USB_Interrupts_Config                    0x080036ab   Thumb Code    66  hw_config.o(.text)
    USB_Cable_Config                         0x080036ed   Thumb Code    30  hw_config.o(.text)
    USB_Config                               0x0800370b   Thumb Code    20  hw_config.o(.text)
    USB_RxRead                               0x0800371f   Thumb Code    18  hw_config.o(.text)
    USB_RxWrite                              0x08003731   Thumb Code    18  hw_config.o(.text)
    USB_TxRead                               0x08003743   Thumb Code    18  hw_config.o(.text)
    USB_TxWrite                              0x08003755   Thumb Code    18  hw_config.o(.text)
    Get_SerialNum                            0x080037a5   Thumb Code    42  hw_config.o(.text)
    EP1_IN_Callback                          0x080037f9   Thumb Code    66  usb_endp.o(.text)
    EP3_OUT_Callback                         0x0800383b   Thumb Code    28  usb_endp.o(.text)
    SOF_Callback                             0x08003857   Thumb Code    84  usb_endp.o(.text)
    USB_Istr                                 0x080038c1   Thumb Code   426  usb_istr.o(.text)
    Virtual_Com_Port_init                    0x08003a91   Thumb Code    30  usb_prop.o(.text)
    Virtual_Com_Port_Reset                   0x08003aaf   Thumb Code   216  usb_prop.o(.text)
    Virtual_Com_Port_SetConfiguration        0x08003b87   Thumb Code    14  usb_prop.o(.text)
    Virtual_Com_Port_SetDeviceAddress        0x08003b95   Thumb Code     8  usb_prop.o(.text)
    Virtual_Com_Port_Status_In               0x08003b9d   Thumb Code    16  usb_prop.o(.text)
    Virtual_Com_Port_Status_Out              0x08003bad   Thumb Code     2  usb_prop.o(.text)
    Virtual_Com_Port_SetLineCoding           0x08003baf   Thumb Code    20  usb_prop.o(.text)
    Virtual_Com_Port_GetLineCoding           0x08003bc3   Thumb Code    20  usb_prop.o(.text)
    Virtual_Com_Port_Data_Setup              0x08003bd7   Thumb Code    86  usb_prop.o(.text)
    Virtual_Com_Port_NoData_Setup            0x08003c2d   Thumb Code    36  usb_prop.o(.text)
    Virtual_Com_Port_GetDeviceDescriptor     0x08003c51   Thumb Code    14  usb_prop.o(.text)
    Virtual_Com_Port_GetConfigDescriptor     0x08003c5f   Thumb Code    14  usb_prop.o(.text)
    Virtual_Com_Port_GetStringDescriptor     0x08003c6d   Thumb Code    32  usb_prop.o(.text)
    Virtual_Com_Port_Get_Interface_Setting   0x08003c8d   Thumb Code    22  usb_prop.o(.text)
    PowerOn                                  0x08003ccd   Thumb Code    54  usb_pwr.o(.text)
    PowerOff                                 0x08003d03   Thumb Code    28  usb_pwr.o(.text)
    Suspend                                  0x08003d1f   Thumb Code   238  usb_pwr.o(.text)
    Resume_Init                              0x08003e0d   Thumb Code    30  usb_pwr.o(.text)
    Resume                                   0x08003e2b   Thumb Code   194  usb_pwr.o(.text)
    USB_LP_CAN1_RX0_IRQHandler               0x08003f0d   Thumb Code     8  usb_it.o(.text)
    USBWakeUp_IRQHandler                     0x08003f15   Thumb Code    12  usb_it.o(.text)
    QUEUE_PacketCreate                       0x08003f21   Thumb Code    14  queue.o(.text)
    QUEUE_PacketIn                           0x08003f2f   Thumb Code    60  queue.o(.text)
    QUEUE_PacketOut                          0x08003f6b   Thumb Code    58  queue.o(.text)
    QUEUE_PacketLengthGet                    0x08003fa5   Thumb Code    44  queue.o(.text)
    QUEUE_PacketStartEndDifferentCharSplit   0x08003fd1   Thumb Code   246  queue.o(.text)
    QUEUE_PacketStartEndCharSplit            0x080040c7   Thumb Code   270  queue.o(.text)
    QUEUE_PacketCharSplit                    0x080041d5   Thumb Code   164  queue.o(.text)
    QUEUE_PacketDoubleEndCharSplit           0x08004279   Thumb Code   180  queue.o(.text)
    QUEUE_StructCreate                       0x0800432d   Thumb Code    22  queue.o(.text)
    QUEUE_StructIn                           0x08004343   Thumb Code    80  queue.o(.text)
    QUEUE_StructOut                          0x08004393   Thumb Code    80  queue.o(.text)
    QUEUE_StructCountGet                     0x080043e3   Thumb Code    40  queue.o(.text)
    Standard_GetConfiguration                0x0800440d   Thumb Code    34  usb_core.o(.text)
    Standard_SetConfiguration                0x0800442f   Thumb Code    60  usb_core.o(.text)
    Standard_GetInterface                    0x0800446b   Thumb Code    34  usb_core.o(.text)
    Standard_SetInterface                    0x0800448d   Thumb Code    96  usb_core.o(.text)
    Standard_GetStatus                       0x080044ed   Thumb Code   238  usb_core.o(.text)
    Standard_ClearFeature                    0x080045db   Thumb Code   342  usb_core.o(.text)
    Standard_SetEndPointFeature              0x08004731   Thumb Code   220  usb_core.o(.text)
    Standard_SetDeviceFeature                0x0800480d   Thumb Code    30  usb_core.o(.text)
    Standard_GetDescriptorData               0x0800482b   Thumb Code    32  usb_core.o(.text)
    Post0_Process                            0x08004d5f   Thumb Code    54  usb_core.o(.text)
    Setup0_Process                           0x08004d95   Thumb Code   170  usb_core.o(.text)
    SetDeviceAddress                         0x08004e3f   Thumb Code    70  usb_core.o(.text)
    In0_Process                              0x08004e85   Thumb Code    98  usb_core.o(.text)
    Out0_Process                             0x08004ee7   Thumb Code    70  usb_core.o(.text)
    NOP_Process                              0x08004f2d   Thumb Code     2  usb_core.o(.text)
    USB_Init                                 0x08004f5d   Thumb Code    36  usb_init.o(.text)
    CTR_LP                                   0x08004f99   Thumb Code   616  usb_int.o(.text)
    CTR_HP                                   0x08005201   Thumb Code   178  usb_int.o(.text)
    UserToPMABufferCopy                      0x080052d5   Thumb Code    52  usb_mem.o(.text)
    PMAToUserBufferCopy                      0x08005309   Thumb Code    34  usb_mem.o(.text)
    SetCNTR                                  0x08005331   Thumb Code     6  usb_regs.o(.text)
    GetCNTR                                  0x08005337   Thumb Code     8  usb_regs.o(.text)
    SetISTR                                  0x0800533f   Thumb Code     8  usb_regs.o(.text)
    GetISTR                                  0x08005347   Thumb Code    10  usb_regs.o(.text)
    GetFNR                                   0x08005351   Thumb Code    10  usb_regs.o(.text)
    SetDADDR                                 0x0800535b   Thumb Code     8  usb_regs.o(.text)
    GetDADDR                                 0x08005363   Thumb Code    10  usb_regs.o(.text)
    SetBTABLE                                0x0800536d   Thumb Code    14  usb_regs.o(.text)
    GetBTABLE                                0x0800537b   Thumb Code    10  usb_regs.o(.text)
    SetENDPOINT                              0x08005385   Thumb Code    12  usb_regs.o(.text)
    GetENDPOINT                              0x08005391   Thumb Code    16  usb_regs.o(.text)
    SetEPType                                0x080053a1   Thumb Code    32  usb_regs.o(.text)
    GetEPType                                0x080053c1   Thumb Code    18  usb_regs.o(.text)
    SetEPTxStatus                            0x080053d3   Thumb Code    60  usb_regs.o(.text)
    SetEPRxStatus                            0x0800540f   Thumb Code    60  usb_regs.o(.text)
    SetDouBleBuffEPStall                     0x0800544b   Thumb Code    54  usb_regs.o(.text)
    GetEPTxStatus                            0x08005481   Thumb Code    18  usb_regs.o(.text)
    GetEPRxStatus                            0x08005493   Thumb Code    18  usb_regs.o(.text)
    SetEPTxValid                             0x080054a5   Thumb Code    48  usb_regs.o(.text)
    SetEPRxValid                             0x080054d5   Thumb Code    48  usb_regs.o(.text)
    SetEP_KIND                               0x08005505   Thumb Code    38  usb_regs.o(.text)
    ClearEP_KIND                             0x0800552b   Thumb Code    34  usb_regs.o(.text)
    Clear_Status_Out                         0x0800554d   Thumb Code    34  usb_regs.o(.text)
    Set_Status_Out                           0x0800556f   Thumb Code    38  usb_regs.o(.text)
    SetEPDoubleBuff                          0x08005595   Thumb Code    38  usb_regs.o(.text)
    ClearEPDoubleBuff                        0x080055bb   Thumb Code    34  usb_regs.o(.text)
    GetTxStallStatus                         0x080055dd   Thumb Code    28  usb_regs.o(.text)
    GetRxStallStatus                         0x080055f9   Thumb Code    30  usb_regs.o(.text)
    ClearEP_CTR_RX                           0x08005617   Thumb Code    32  usb_regs.o(.text)
    ClearEP_CTR_TX                           0x08005637   Thumb Code    28  usb_regs.o(.text)
    ToggleDTOG_RX                            0x08005653   Thumb Code    34  usb_regs.o(.text)
    ToggleDTOG_TX                            0x08005675   Thumb Code    34  usb_regs.o(.text)
    ClearDTOG_RX                             0x08005697   Thumb Code    48  usb_regs.o(.text)
    ClearDTOG_TX                             0x080056c7   Thumb Code    48  usb_regs.o(.text)
    SetEPAddress                             0x080056f7   Thumb Code    46  usb_regs.o(.text)
    GetEPAddress                             0x08005725   Thumb Code    18  usb_regs.o(.text)
    SetEPTxAddr                              0x08005737   Thumb Code    24  usb_regs.o(.text)
    SetEPRxAddr                              0x0800574f   Thumb Code    26  usb_regs.o(.text)
    GetEPTxAddr                              0x08005769   Thumb Code    22  usb_regs.o(.text)
    GetEPRxAddr                              0x0800577f   Thumb Code    24  usb_regs.o(.text)
    SetEPTxCount                             0x08005797   Thumb Code    20  usb_regs.o(.text)
    SetEPCountRxReg                          0x080057ab   Thumb Code    48  usb_regs.o(.text)
    SetEPRxCount                             0x080057db   Thumb Code    68  usb_regs.o(.text)
    GetEPTxCount                             0x0800581f   Thumb Code    26  usb_regs.o(.text)
    GetEPRxCount                             0x08005839   Thumb Code    26  usb_regs.o(.text)
    SetEPDblBuffAddr                         0x08005853   Thumb Code    44  usb_regs.o(.text)
    SetEPDblBuf0Addr                         0x0800587f   Thumb Code    24  usb_regs.o(.text)
    SetEPDblBuf1Addr                         0x08005897   Thumb Code    26  usb_regs.o(.text)
    GetEPDblBuf0Addr                         0x080058b1   Thumb Code    22  usb_regs.o(.text)
    GetEPDblBuf1Addr                         0x080058c7   Thumb Code    24  usb_regs.o(.text)
    SetEPDblBuffCount                        0x080058df   Thumb Code   186  usb_regs.o(.text)
    SetEPDblBuf0Count                        0x08005999   Thumb Code    96  usb_regs.o(.text)
    SetEPDblBuf1Count                        0x080059f9   Thumb Code    96  usb_regs.o(.text)
    GetEPDblBuf0Count                        0x08005a59   Thumb Code    26  usb_regs.o(.text)
    GetEPDblBuf1Count                        0x08005a73   Thumb Code    26  usb_regs.o(.text)
    GetEPDblBufDir                           0x08005a8d   Thumb Code    62  usb_regs.o(.text)
    FreeUserBuffer                           0x08005acb   Thumb Code    90  usb_regs.o(.text)
    ToWord                                   0x08005b25   Thumb Code     8  usb_regs.o(.text)
    ByteSwap                                 0x08005b2d   Thumb Code    12  usb_regs.o(.text)
    USB_SIL_Init                             0x08005b39   Thumb Code    28  usb_sil.o(.text)
    USB_SIL_Write                            0x08005b55   Thumb Code    46  usb_sil.o(.text)
    USB_SIL_Read                             0x08005b83   Thumb Code    46  usb_sil.o(.text)
    ADC_DeInit                               0x08005bb9   Thumb Code    78  stm32f10x_adc.o(.text)
    ADC_Init                                 0x08005c07   Thumb Code    70  stm32f10x_adc.o(.text)
    ADC_StructInit                           0x08005c4d   Thumb Code    18  stm32f10x_adc.o(.text)
    ADC_Cmd                                  0x08005c5f   Thumb Code    22  stm32f10x_adc.o(.text)
    ADC_DMACmd                               0x08005c75   Thumb Code    22  stm32f10x_adc.o(.text)
    ADC_ITConfig                             0x08005c8b   Thumb Code    24  stm32f10x_adc.o(.text)
    ADC_ResetCalibration                     0x08005ca3   Thumb Code    10  stm32f10x_adc.o(.text)
    ADC_GetResetCalibrationStatus            0x08005cad   Thumb Code    20  stm32f10x_adc.o(.text)
    ADC_StartCalibration                     0x08005cc1   Thumb Code    10  stm32f10x_adc.o(.text)
    ADC_GetCalibrationStatus                 0x08005ccb   Thumb Code    20  stm32f10x_adc.o(.text)
    ADC_SoftwareStartConvCmd                 0x08005cdf   Thumb Code    22  stm32f10x_adc.o(.text)
    ADC_GetSoftwareStartConvStatus           0x08005cf5   Thumb Code    20  stm32f10x_adc.o(.text)
    ADC_DiscModeChannelCountConfig           0x08005d09   Thumb Code    24  stm32f10x_adc.o(.text)
    ADC_DiscModeCmd                          0x08005d21   Thumb Code    22  stm32f10x_adc.o(.text)
    ADC_RegularChannelConfig                 0x08005d37   Thumb Code   184  stm32f10x_adc.o(.text)
    ADC_ExternalTrigConvCmd                  0x08005def   Thumb Code    22  stm32f10x_adc.o(.text)
    ADC_GetConversionValue                   0x08005e05   Thumb Code     8  stm32f10x_adc.o(.text)
    ADC_GetDualModeConversionValue           0x08005e0d   Thumb Code     8  stm32f10x_adc.o(.text)
    ADC_AutoInjectedConvCmd                  0x08005e15   Thumb Code    22  stm32f10x_adc.o(.text)
    ADC_InjectedDiscModeCmd                  0x08005e2b   Thumb Code    22  stm32f10x_adc.o(.text)
    ADC_ExternalTrigInjectedConvConfig       0x08005e41   Thumb Code    16  stm32f10x_adc.o(.text)
    ADC_ExternalTrigInjectedConvCmd          0x08005e51   Thumb Code    22  stm32f10x_adc.o(.text)
    ADC_SoftwareStartInjectedConvCmd         0x08005e67   Thumb Code    22  stm32f10x_adc.o(.text)
    ADC_GetSoftwareStartInjectedConvCmdStatus 0x08005e7d   Thumb Code    20  stm32f10x_adc.o(.text)
    ADC_InjectedChannelConfig                0x08005e91   Thumb Code   130  stm32f10x_adc.o(.text)
    ADC_InjectedSequencerLengthConfig        0x08005f13   Thumb Code    24  stm32f10x_adc.o(.text)
    ADC_SetInjectedOffset                    0x08005f2b   Thumb Code    20  stm32f10x_adc.o(.text)
    ADC_GetInjectedConversionValue           0x08005f3f   Thumb Code    28  stm32f10x_adc.o(.text)
    ADC_AnalogWatchdogCmd                    0x08005f5b   Thumb Code    16  stm32f10x_adc.o(.text)
    ADC_AnalogWatchdogThresholdsConfig       0x08005f6b   Thumb Code     6  stm32f10x_adc.o(.text)
    ADC_AnalogWatchdogSingleChannelConfig    0x08005f71   Thumb Code    16  stm32f10x_adc.o(.text)
    ADC_TempSensorVrefintCmd                 0x08005f81   Thumb Code    64  stm32f10x_adc.o(.text)
    ADC_GetFlagStatus                        0x08005fc1   Thumb Code    18  stm32f10x_adc.o(.text)
    ADC_ClearFlag                            0x08005fd3   Thumb Code     6  stm32f10x_adc.o(.text)
    ADC_GetITStatus                          0x08005fd9   Thumb Code    36  stm32f10x_adc.o(.text)
    ADC_ClearITPendingBit                    0x08005ffd   Thumb Code    10  stm32f10x_adc.o(.text)
    GPIO_DeInit                              0x08006009   Thumb Code   172  stm32f10x_gpio.o(.text)
    GPIO_AFIODeInit                          0x080060b5   Thumb Code    20  stm32f10x_gpio.o(.text)
    GPIO_Init                                0x080060c9   Thumb Code   278  stm32f10x_gpio.o(.text)
    GPIO_StructInit                          0x080061df   Thumb Code    16  stm32f10x_gpio.o(.text)
    GPIO_ReadInputDataBit                    0x080061ef   Thumb Code    18  stm32f10x_gpio.o(.text)
    GPIO_ReadInputData                       0x08006201   Thumb Code     8  stm32f10x_gpio.o(.text)
    GPIO_ReadOutputDataBit                   0x08006209   Thumb Code    18  stm32f10x_gpio.o(.text)
    GPIO_ReadOutputData                      0x0800621b   Thumb Code     8  stm32f10x_gpio.o(.text)
    GPIO_SetBits                             0x08006223   Thumb Code     4  stm32f10x_gpio.o(.text)
    GPIO_ResetBits                           0x08006227   Thumb Code     4  stm32f10x_gpio.o(.text)
    GPIO_WriteBit                            0x0800622b   Thumb Code    10  stm32f10x_gpio.o(.text)
    GPIO_Write                               0x08006235   Thumb Code     4  stm32f10x_gpio.o(.text)
    GPIO_PinLockConfig                       0x08006239   Thumb Code    18  stm32f10x_gpio.o(.text)
    GPIO_EventOutputConfig                   0x0800624b   Thumb Code    26  stm32f10x_gpio.o(.text)
    GPIO_EventOutputCmd                      0x08006265   Thumb Code     6  stm32f10x_gpio.o(.text)
    GPIO_PinRemapConfig                      0x0800626b   Thumb Code   138  stm32f10x_gpio.o(.text)
    GPIO_EXTILineConfig                      0x080062f5   Thumb Code    66  stm32f10x_gpio.o(.text)
    GPIO_ETH_MediaInterfaceConfig            0x08006337   Thumb Code     8  stm32f10x_gpio.o(.text)
    RCC_DeInit                               0x08006365   Thumb Code    64  stm32f10x_rcc.o(.text)
    RCC_HSEConfig                            0x080063a5   Thumb Code    70  stm32f10x_rcc.o(.text)
    RCC_GetFlagStatus                        0x080063eb   Thumb Code    56  stm32f10x_rcc.o(.text)
    RCC_WaitForHSEStartUp                    0x08006423   Thumb Code    56  stm32f10x_rcc.o(.text)
    RCC_AdjustHSICalibrationValue            0x0800645b   Thumb Code    20  stm32f10x_rcc.o(.text)
    RCC_HSICmd                               0x0800646f   Thumb Code     6  stm32f10x_rcc.o(.text)
    RCC_PLLConfig                            0x08006475   Thumb Code    24  stm32f10x_rcc.o(.text)
    RCC_PLLCmd                               0x0800648d   Thumb Code     6  stm32f10x_rcc.o(.text)
    RCC_SYSCLKConfig                         0x08006493   Thumb Code    18  stm32f10x_rcc.o(.text)
    RCC_GetSYSCLKSource                      0x080064a5   Thumb Code    10  stm32f10x_rcc.o(.text)
    RCC_HCLKConfig                           0x080064af   Thumb Code    18  stm32f10x_rcc.o(.text)
    RCC_PCLK1Config                          0x080064c1   Thumb Code    18  stm32f10x_rcc.o(.text)
    RCC_PCLK2Config                          0x080064d3   Thumb Code    20  stm32f10x_rcc.o(.text)
    RCC_ITConfig                             0x080064e7   Thumb Code    26  stm32f10x_rcc.o(.text)
    RCC_USBCLKConfig                         0x08006501   Thumb Code     8  stm32f10x_rcc.o(.text)
    RCC_ADCCLKConfig                         0x08006509   Thumb Code    18  stm32f10x_rcc.o(.text)
    RCC_LSEConfig                            0x0800651b   Thumb Code    50  stm32f10x_rcc.o(.text)
    RCC_LSICmd                               0x0800654d   Thumb Code     6  stm32f10x_rcc.o(.text)
    RCC_RTCCLKConfig                         0x08006553   Thumb Code    12  stm32f10x_rcc.o(.text)
    RCC_RTCCLKCmd                            0x0800655f   Thumb Code     8  stm32f10x_rcc.o(.text)
    RCC_GetClocksFreq                        0x08006567   Thumb Code   192  stm32f10x_rcc.o(.text)
    RCC_AHBPeriphClockCmd                    0x08006627   Thumb Code    26  stm32f10x_rcc.o(.text)
    RCC_APB2PeriphClockCmd                   0x08006641   Thumb Code    26  stm32f10x_rcc.o(.text)
    RCC_APB1PeriphClockCmd                   0x0800665b   Thumb Code    26  stm32f10x_rcc.o(.text)
    RCC_APB2PeriphResetCmd                   0x08006675   Thumb Code    26  stm32f10x_rcc.o(.text)
    RCC_APB1PeriphResetCmd                   0x0800668f   Thumb Code    26  stm32f10x_rcc.o(.text)
    RCC_BackupResetCmd                       0x080066a9   Thumb Code     8  stm32f10x_rcc.o(.text)
    RCC_ClockSecuritySystemCmd               0x080066b1   Thumb Code     6  stm32f10x_rcc.o(.text)
    RCC_MCOConfig                            0x080066b7   Thumb Code     6  stm32f10x_rcc.o(.text)
    RCC_ClearFlag                            0x080066bd   Thumb Code    14  stm32f10x_rcc.o(.text)
    RCC_GetITStatus                          0x080066cb   Thumb Code    20  stm32f10x_rcc.o(.text)
    RCC_ClearITPendingBit                    0x080066df   Thumb Code     6  stm32f10x_rcc.o(.text)
    SPI_I2S_DeInit                           0x08006709   Thumb Code    76  stm32f10x_spi.o(.text)
    SPI_Init                                 0x08006755   Thumb Code    60  stm32f10x_spi.o(.text)
    I2S_Init                                 0x08006791   Thumb Code   226  stm32f10x_spi.o(.text)
    SPI_StructInit                           0x08006873   Thumb Code    24  stm32f10x_spi.o(.text)
    I2S_StructInit                           0x0800688b   Thumb Code    20  stm32f10x_spi.o(.text)
    SPI_Cmd                                  0x0800689f   Thumb Code    24  stm32f10x_spi.o(.text)
    I2S_Cmd                                  0x080068b7   Thumb Code    24  stm32f10x_spi.o(.text)
    SPI_I2S_ITConfig                         0x080068cf   Thumb Code    32  stm32f10x_spi.o(.text)
    SPI_I2S_DMACmd                           0x080068ef   Thumb Code    18  stm32f10x_spi.o(.text)
    SPI_I2S_SendData                         0x08006901   Thumb Code     4  stm32f10x_spi.o(.text)
    SPI_I2S_ReceiveData                      0x08006905   Thumb Code     6  stm32f10x_spi.o(.text)
    SPI_NSSInternalSoftwareConfig            0x0800690b   Thumb Code    30  stm32f10x_spi.o(.text)
    SPI_SSOutputCmd                          0x08006929   Thumb Code    24  stm32f10x_spi.o(.text)
    SPI_DataSizeConfig                       0x08006941   Thumb Code    18  stm32f10x_spi.o(.text)
    SPI_TransmitCRC                          0x08006953   Thumb Code    10  stm32f10x_spi.o(.text)
    SPI_CalculateCRC                         0x0800695d   Thumb Code    24  stm32f10x_spi.o(.text)
    SPI_GetCRC                               0x08006975   Thumb Code    16  stm32f10x_spi.o(.text)
    SPI_GetCRCPolynomial                     0x08006985   Thumb Code     6  stm32f10x_spi.o(.text)
    SPI_BiDirectionalLineConfig              0x0800698b   Thumb Code    28  stm32f10x_spi.o(.text)
    SPI_I2S_GetFlagStatus                    0x080069a7   Thumb Code    18  stm32f10x_spi.o(.text)
    SPI_I2S_ClearFlag                        0x080069b9   Thumb Code     6  stm32f10x_spi.o(.text)
    SPI_I2S_GetITStatus                      0x080069bf   Thumb Code    52  stm32f10x_spi.o(.text)
    SPI_I2S_ClearITPendingBit                0x080069f3   Thumb Code    20  stm32f10x_spi.o(.text)
    TIM_DeInit                               0x08006a15   Thumb Code   424  stm32f10x_tim.o(.text)
    TIM_TimeBaseInit                         0x08006bbd   Thumb Code   122  stm32f10x_tim.o(.text)
    TIM_OC1Init                              0x08006c37   Thumb Code   132  stm32f10x_tim.o(.text)
    TIM_OC2Init                              0x08006cbb   Thumb Code   154  stm32f10x_tim.o(.text)
    TIM_OC3Init                              0x08006d55   Thumb Code   150  stm32f10x_tim.o(.text)
    TIM_OC4Init                              0x08006deb   Thumb Code   182  stm32f10x_tim.o(.text)
    TIM_SetIC4Prescaler                      0x08006ea1   Thumb Code    26  stm32f10x_tim.o(.text)
    TIM_SetIC3Prescaler                      0x08006f3d   Thumb Code    18  stm32f10x_tim.o(.text)
    TIM_SetIC2Prescaler                      0x08006fc9   Thumb Code    26  stm32f10x_tim.o(.text)
    TIM_SetIC1Prescaler                      0x08007065   Thumb Code    18  stm32f10x_tim.o(.text)
    TIM_ICInit                               0x080070e3   Thumb Code   150  stm32f10x_tim.o(.text)
    TIM_PWMIConfig                           0x08007179   Thumb Code   124  stm32f10x_tim.o(.text)
    TIM_BDTRConfig                           0x080071f5   Thumb Code    32  stm32f10x_tim.o(.text)
    TIM_TimeBaseStructInit                   0x08007215   Thumb Code    18  stm32f10x_tim.o(.text)
    TIM_OCStructInit                         0x08007227   Thumb Code    20  stm32f10x_tim.o(.text)
    TIM_ICStructInit                         0x0800723b   Thumb Code    18  stm32f10x_tim.o(.text)
    TIM_BDTRStructInit                       0x0800724d   Thumb Code    40  stm32f10x_tim.o(.text)
    TIM_Cmd                                  0x08007275   Thumb Code    24  stm32f10x_tim.o(.text)
    TIM_CtrlPWMOutputs                       0x0800728d   Thumb Code    30  stm32f10x_tim.o(.text)
    TIM_ITConfig                             0x080072ab   Thumb Code    18  stm32f10x_tim.o(.text)
    TIM_GenerateEvent                        0x080072bd   Thumb Code     4  stm32f10x_tim.o(.text)
    TIM_DMAConfig                            0x080072c1   Thumb Code    10  stm32f10x_tim.o(.text)
    TIM_DMACmd                               0x080072cb   Thumb Code    18  stm32f10x_tim.o(.text)
    TIM_InternalClockConfig                  0x080072dd   Thumb Code    12  stm32f10x_tim.o(.text)
    TIM_SelectInputTrigger                   0x080072e9   Thumb Code    18  stm32f10x_tim.o(.text)
    TIM_ITRxExternalClockConfig              0x080072fb   Thumb Code    24  stm32f10x_tim.o(.text)
    TIM_TIxExternalClockConfig               0x08007313   Thumb Code    62  stm32f10x_tim.o(.text)
    TIM_ETRConfig                            0x08007351   Thumb Code    28  stm32f10x_tim.o(.text)
    TIM_ETRClockMode1Config                  0x0800736d   Thumb Code    54  stm32f10x_tim.o(.text)
    TIM_ETRClockMode2Config                  0x080073a3   Thumb Code    32  stm32f10x_tim.o(.text)
    TIM_PrescalerConfig                      0x080073c3   Thumb Code     6  stm32f10x_tim.o(.text)
    TIM_CounterModeConfig                    0x080073c9   Thumb Code    18  stm32f10x_tim.o(.text)
    TIM_EncoderInterfaceConfig               0x080073db   Thumb Code    66  stm32f10x_tim.o(.text)
    TIM_ForcedOC1Config                      0x0800741d   Thumb Code    18  stm32f10x_tim.o(.text)
    TIM_ForcedOC2Config                      0x0800742f   Thumb Code    26  stm32f10x_tim.o(.text)
    TIM_ForcedOC3Config                      0x08007449   Thumb Code    18  stm32f10x_tim.o(.text)
    TIM_ForcedOC4Config                      0x0800745b   Thumb Code    26  stm32f10x_tim.o(.text)
    TIM_ARRPreloadConfig                     0x08007475   Thumb Code    24  stm32f10x_tim.o(.text)
    TIM_SelectCOM                            0x0800748d   Thumb Code    24  stm32f10x_tim.o(.text)
    TIM_SelectCCDMA                          0x080074a5   Thumb Code    24  stm32f10x_tim.o(.text)
    TIM_CCPreloadControl                     0x080074bd   Thumb Code    24  stm32f10x_tim.o(.text)
    TIM_OC1PreloadConfig                     0x080074d5   Thumb Code    18  stm32f10x_tim.o(.text)
    TIM_OC2PreloadConfig                     0x080074e7   Thumb Code    26  stm32f10x_tim.o(.text)
    TIM_OC3PreloadConfig                     0x08007501   Thumb Code    18  stm32f10x_tim.o(.text)
    TIM_OC4PreloadConfig                     0x08007513   Thumb Code    26  stm32f10x_tim.o(.text)
    TIM_OC1FastConfig                        0x0800752d   Thumb Code    18  stm32f10x_tim.o(.text)
    TIM_OC2FastConfig                        0x0800753f   Thumb Code    26  stm32f10x_tim.o(.text)
    TIM_OC3FastConfig                        0x08007559   Thumb Code    18  stm32f10x_tim.o(.text)
    TIM_OC4FastConfig                        0x0800756b   Thumb Code    26  stm32f10x_tim.o(.text)
    TIM_ClearOC1Ref                          0x08007585   Thumb Code    18  stm32f10x_tim.o(.text)
    TIM_ClearOC2Ref                          0x08007597   Thumb Code    24  stm32f10x_tim.o(.text)
    TIM_ClearOC3Ref                          0x080075af   Thumb Code    18  stm32f10x_tim.o(.text)
    TIM_ClearOC4Ref                          0x080075c1   Thumb Code    24  stm32f10x_tim.o(.text)
    TIM_OC1PolarityConfig                    0x080075d9   Thumb Code    18  stm32f10x_tim.o(.text)
    TIM_OC1NPolarityConfig                   0x080075eb   Thumb Code    18  stm32f10x_tim.o(.text)
    TIM_OC2PolarityConfig                    0x080075fd   Thumb Code    26  stm32f10x_tim.o(.text)
    TIM_OC2NPolarityConfig                   0x08007617   Thumb Code    26  stm32f10x_tim.o(.text)
    TIM_OC3PolarityConfig                    0x08007631   Thumb Code    26  stm32f10x_tim.o(.text)
    TIM_OC3NPolarityConfig                   0x0800764b   Thumb Code    26  stm32f10x_tim.o(.text)
    TIM_OC4PolarityConfig                    0x08007665   Thumb Code    26  stm32f10x_tim.o(.text)
    TIM_CCxCmd                               0x0800767f   Thumb Code    30  stm32f10x_tim.o(.text)
    TIM_CCxNCmd                              0x0800769d   Thumb Code    30  stm32f10x_tim.o(.text)
    TIM_SelectOCxM                           0x080076bb   Thumb Code    82  stm32f10x_tim.o(.text)
    TIM_UpdateDisableConfig                  0x0800770d   Thumb Code    24  stm32f10x_tim.o(.text)
    TIM_UpdateRequestConfig                  0x08007725   Thumb Code    24  stm32f10x_tim.o(.text)
    TIM_SelectHallSensor                     0x0800773d   Thumb Code    24  stm32f10x_tim.o(.text)
    TIM_SelectOnePulseMode                   0x08007755   Thumb Code    18  stm32f10x_tim.o(.text)
    TIM_SelectOutputTrigger                  0x08007767   Thumb Code    18  stm32f10x_tim.o(.text)
    TIM_SelectSlaveMode                      0x08007779   Thumb Code    18  stm32f10x_tim.o(.text)
    TIM_SelectMasterSlaveMode                0x0800778b   Thumb Code    18  stm32f10x_tim.o(.text)
    TIM_SetCounter                           0x0800779d   Thumb Code     4  stm32f10x_tim.o(.text)
    TIM_SetAutoreload                        0x080077a1   Thumb Code     4  stm32f10x_tim.o(.text)
    TIM_SetCompare1                          0x080077a5   Thumb Code     4  stm32f10x_tim.o(.text)
    TIM_SetCompare2                          0x080077a9   Thumb Code     4  stm32f10x_tim.o(.text)
    TIM_SetCompare3                          0x080077ad   Thumb Code     4  stm32f10x_tim.o(.text)
    TIM_SetCompare4                          0x080077b1   Thumb Code     6  stm32f10x_tim.o(.text)
    TIM_SetClockDivision                     0x080077b7   Thumb Code    18  stm32f10x_tim.o(.text)
    TIM_GetCapture1                          0x080077c9   Thumb Code     6  stm32f10x_tim.o(.text)
    TIM_GetCapture2                          0x080077cf   Thumb Code     6  stm32f10x_tim.o(.text)
    TIM_GetCapture3                          0x080077d5   Thumb Code     6  stm32f10x_tim.o(.text)
    TIM_GetCapture4                          0x080077db   Thumb Code     8  stm32f10x_tim.o(.text)
    TIM_GetCounter                           0x080077e3   Thumb Code     6  stm32f10x_tim.o(.text)
    TIM_GetPrescaler                         0x080077e9   Thumb Code     6  stm32f10x_tim.o(.text)
    TIM_GetFlagStatus                        0x080077ef   Thumb Code    18  stm32f10x_tim.o(.text)
    TIM_ClearFlag                            0x08007801   Thumb Code     6  stm32f10x_tim.o(.text)
    TIM_GetITStatus                          0x08007807   Thumb Code    34  stm32f10x_tim.o(.text)
    TIM_ClearITPendingBit                    0x08007829   Thumb Code     6  stm32f10x_tim.o(.text)
    Reset_Handler                            0x08007831   Thumb Code     8  startup_stm32f10x_md.o(.text)
    NMI_Handler                              0x08007839   Thumb Code     2  startup_stm32f10x_md.o(.text)
    HardFault_Handler                        0x0800783b   Thumb Code     2  startup_stm32f10x_md.o(.text)
    MemManage_Handler                        0x0800783d   Thumb Code     2  startup_stm32f10x_md.o(.text)
    BusFault_Handler                         0x0800783f   Thumb Code     2  startup_stm32f10x_md.o(.text)
    UsageFault_Handler                       0x08007841   Thumb Code     2  startup_stm32f10x_md.o(.text)
    SVC_Handler                              0x08007843   Thumb Code     2  startup_stm32f10x_md.o(.text)
    DebugMon_Handler                         0x08007845   Thumb Code     2  startup_stm32f10x_md.o(.text)
    PendSV_Handler                           0x08007847   Thumb Code     2  startup_stm32f10x_md.o(.text)
    ADC1_2_IRQHandler                        0x0800784b   Thumb Code     0  startup_stm32f10x_md.o(.text)
    CAN1_RX1_IRQHandler                      0x0800784b   Thumb Code     0  startup_stm32f10x_md.o(.text)
    CAN1_SCE_IRQHandler                      0x0800784b   Thumb Code     0  startup_stm32f10x_md.o(.text)
    DMA1_Channel1_IRQHandler                 0x0800784b   Thumb Code     0  startup_stm32f10x_md.o(.text)
    DMA1_Channel2_IRQHandler                 0x0800784b   Thumb Code     0  startup_stm32f10x_md.o(.text)
    DMA1_Channel3_IRQHandler                 0x0800784b   Thumb Code     0  startup_stm32f10x_md.o(.text)
    DMA1_Channel4_IRQHandler                 0x0800784b   Thumb Code     0  startup_stm32f10x_md.o(.text)
    DMA1_Channel5_IRQHandler                 0x0800784b   Thumb Code     0  startup_stm32f10x_md.o(.text)
    DMA1_Channel6_IRQHandler                 0x0800784b   Thumb Code     0  startup_stm32f10x_md.o(.text)
    DMA1_Channel7_IRQHandler                 0x0800784b   Thumb Code     0  startup_stm32f10x_md.o(.text)
    EXTI0_IRQHandler                         0x0800784b   Thumb Code     0  startup_stm32f10x_md.o(.text)
    EXTI15_10_IRQHandler                     0x0800784b   Thumb Code     0  startup_stm32f10x_md.o(.text)
    EXTI1_IRQHandler                         0x0800784b   Thumb Code     0  startup_stm32f10x_md.o(.text)
    EXTI2_IRQHandler                         0x0800784b   Thumb Code     0  startup_stm32f10x_md.o(.text)
    EXTI3_IRQHandler                         0x0800784b   Thumb Code     0  startup_stm32f10x_md.o(.text)
    EXTI4_IRQHandler                         0x0800784b   Thumb Code     0  startup_stm32f10x_md.o(.text)
    FLASH_IRQHandler                         0x0800784b   Thumb Code     0  startup_stm32f10x_md.o(.text)
    I2C1_ER_IRQHandler                       0x0800784b   Thumb Code     0  startup_stm32f10x_md.o(.text)
    I2C1_EV_IRQHandler                       0x0800784b   Thumb Code     0  startup_stm32f10x_md.o(.text)
    I2C2_ER_IRQHandler                       0x0800784b   Thumb Code     0  startup_stm32f10x_md.o(.text)
    I2C2_EV_IRQHandler                       0x0800784b   Thumb Code     0  startup_stm32f10x_md.o(.text)
    PVD_IRQHandler                           0x0800784b   Thumb Code     0  startup_stm32f10x_md.o(.text)
    RCC_IRQHandler                           0x0800784b   Thumb Code     0  startup_stm32f10x_md.o(.text)
    RTCAlarm_IRQHandler                      0x0800784b   Thumb Code     0  startup_stm32f10x_md.o(.text)
    RTC_IRQHandler                           0x0800784b   Thumb Code     0  startup_stm32f10x_md.o(.text)
    SPI1_IRQHandler                          0x0800784b   Thumb Code     0  startup_stm32f10x_md.o(.text)
    SPI2_IRQHandler                          0x0800784b   Thumb Code     0  startup_stm32f10x_md.o(.text)
    TAMPER_IRQHandler                        0x0800784b   Thumb Code     0  startup_stm32f10x_md.o(.text)
    TIM1_BRK_IRQHandler                      0x0800784b   Thumb Code     0  startup_stm32f10x_md.o(.text)
    TIM1_CC_IRQHandler                       0x0800784b   Thumb Code     0  startup_stm32f10x_md.o(.text)
    TIM1_TRG_COM_IRQHandler                  0x0800784b   Thumb Code     0  startup_stm32f10x_md.o(.text)
    TIM2_IRQHandler                          0x0800784b   Thumb Code     0  startup_stm32f10x_md.o(.text)
    TIM3_IRQHandler                          0x0800784b   Thumb Code     0  startup_stm32f10x_md.o(.text)
    TIM4_IRQHandler                          0x0800784b   Thumb Code     0  startup_stm32f10x_md.o(.text)
    USART1_IRQHandler                        0x0800784b   Thumb Code     0  startup_stm32f10x_md.o(.text)
    USART2_IRQHandler                        0x0800784b   Thumb Code     0  startup_stm32f10x_md.o(.text)
    USART3_IRQHandler                        0x0800784b   Thumb Code     0  startup_stm32f10x_md.o(.text)
    USB_HP_CAN1_TX_IRQHandler                0x0800784b   Thumb Code     0  startup_stm32f10x_md.o(.text)
    WWDG_IRQHandler                          0x0800784b   Thumb Code     0  startup_stm32f10x_md.o(.text)
    SystemInit                               0x08007933   Thumb Code    78  system_stm32f10x.o(.text)
    SystemCoreClockUpdate                    0x08007981   Thumb Code   142  system_stm32f10x.o(.text)
    FLASH_SetLatency                         0x08007a35   Thumb Code    18  stm32f10x_flash.o(.text)
    FLASH_HalfCycleAccessCmd                 0x08007a47   Thumb Code    22  stm32f10x_flash.o(.text)
    FLASH_PrefetchBufferCmd                  0x08007a5d   Thumb Code    22  stm32f10x_flash.o(.text)
    FLASH_Unlock                             0x08007a73   Thumb Code    12  stm32f10x_flash.o(.text)
    FLASH_UnlockBank1                        0x08007a7f   Thumb Code    12  stm32f10x_flash.o(.text)
    FLASH_Lock                               0x08007a8b   Thumb Code    14  stm32f10x_flash.o(.text)
    FLASH_LockBank1                          0x08007a99   Thumb Code    14  stm32f10x_flash.o(.text)
    FLASH_GetBank1Status                     0x08007aa7   Thumb Code    48  stm32f10x_flash.o(.text)
    FLASH_WaitForLastOperation               0x08007ad7   Thumb Code    38  stm32f10x_flash.o(.text)
    FLASH_ErasePage                          0x08007afd   Thumb Code    72  stm32f10x_flash.o(.text)
    FLASH_EraseAllPages                      0x08007b45   Thumb Code    68  stm32f10x_flash.o(.text)
    FLASH_WaitForLastBank1Operation          0x08007b89   Thumb Code    38  stm32f10x_flash.o(.text)
    FLASH_EraseAllBank1Pages                 0x08007baf   Thumb Code    68  stm32f10x_flash.o(.text)
    FLASH_GetReadOutProtectionStatus         0x08007bf3   Thumb Code    20  stm32f10x_flash.o(.text)
    FLASH_EraseOptionBytes                   0x08007c07   Thumb Code   150  stm32f10x_flash.o(.text)
    FLASH_ProgramWord                        0x08007c9d   Thumb Code   102  stm32f10x_flash.o(.text)
    FLASH_ProgramHalfWord                    0x08007d03   Thumb Code    60  stm32f10x_flash.o(.text)
    FLASH_ProgramOptionByteData              0x08007d3f   Thumb Code    72  stm32f10x_flash.o(.text)
    FLASH_EnableWriteProtection              0x08007d87   Thumb Code   200  stm32f10x_flash.o(.text)
    FLASH_ReadOutProtection                  0x08007e4f   Thumb Code   156  stm32f10x_flash.o(.text)
    FLASH_UserOptionByteConfig               0x08007eeb   Thumb Code    88  stm32f10x_flash.o(.text)
    FLASH_GetUserOptionByte                  0x08007f43   Thumb Code     8  stm32f10x_flash.o(.text)
    FLASH_GetWriteProtectionOptionByte       0x08007f4b   Thumb Code     6  stm32f10x_flash.o(.text)
    FLASH_GetPrefetchBufferStatus            0x08007f51   Thumb Code    20  stm32f10x_flash.o(.text)
    FLASH_ITConfig                           0x08007f65   Thumb Code    26  stm32f10x_flash.o(.text)
    FLASH_GetFlagStatus                      0x08007f7f   Thumb Code    42  stm32f10x_flash.o(.text)
    FLASH_ClearFlag                          0x08007fa9   Thumb Code     6  stm32f10x_flash.o(.text)
    FLASH_GetStatus                          0x08007faf   Thumb Code    48  stm32f10x_flash.o(.text)
    EXTI_DeInit                              0x08007ff1   Thumb Code    28  stm32f10x_exti.o(.text)
    EXTI_Init                                0x0800800d   Thumb Code   142  stm32f10x_exti.o(.text)
    EXTI_StructInit                          0x0800809b   Thumb Code    16  stm32f10x_exti.o(.text)
    EXTI_GenerateSWInterrupt                 0x080080ab   Thumb Code    16  stm32f10x_exti.o(.text)
    EXTI_GetFlagStatus                       0x080080bb   Thumb Code    22  stm32f10x_exti.o(.text)
    EXTI_ClearFlag                           0x080080d1   Thumb Code     8  stm32f10x_exti.o(.text)
    EXTI_GetITStatus                         0x080080d9   Thumb Code    34  stm32f10x_exti.o(.text)
    EXTI_ClearITPendingBit                   0x080080fb   Thumb Code     8  stm32f10x_exti.o(.text)
    NVIC_PriorityGroupConfig                 0x0800810d   Thumb Code    10  misc.o(.text)
    NVIC_Init                                0x08008117   Thumb Code   100  misc.o(.text)
    NVIC_SetVectorTable                      0x0800817b   Thumb Code    14  misc.o(.text)
    NVIC_SystemLPConfig                      0x08008189   Thumb Code    34  misc.o(.text)
    SysTick_CLKSourceConfig                  0x080081ab   Thumb Code    40  misc.o(.text)
    __aeabi_memcpy                           0x080081e9   Thumb Code    36  memcpya.o(.text)
    __aeabi_memcpy4                          0x080081e9   Thumb Code     0  memcpya.o(.text)
    __aeabi_memcpy8                          0x080081e9   Thumb Code     0  memcpya.o(.text)
    __aeabi_memset                           0x0800820d   Thumb Code    14  memseta.o(.text)
    __aeabi_memset4                          0x0800820d   Thumb Code     0  memseta.o(.text)
    __aeabi_memset8                          0x0800820d   Thumb Code     0  memseta.o(.text)
    __aeabi_memclr                           0x0800821b   Thumb Code     4  memseta.o(.text)
    __aeabi_memclr4                          0x0800821b   Thumb Code     0  memseta.o(.text)
    __aeabi_memclr8                          0x0800821b   Thumb Code     0  memseta.o(.text)
    _memset$wrapper                          0x0800821f   Thumb Code    18  memseta.o(.text)
    __aeabi_fadd                             0x08008231   Thumb Code   164  fadd.o(.text)
    __aeabi_fsub                             0x080082d5   Thumb Code     6  fadd.o(.text)
    __aeabi_frsub                            0x080082db   Thumb Code     6  fadd.o(.text)
    __aeabi_fmul                             0x080082e1   Thumb Code   100  fmul.o(.text)
    __aeabi_fdiv                             0x08008345   Thumb Code   124  fdiv.o(.text)
    __aeabi_dadd                             0x080083c1   Thumb Code   322  dadd.o(.text)
    __aeabi_dsub                             0x08008503   Thumb Code     6  dadd.o(.text)
    __aeabi_drsub                            0x08008509   Thumb Code     6  dadd.o(.text)
    __aeabi_dmul                             0x0800850f   Thumb Code   228  dmul.o(.text)
    __aeabi_ddiv                             0x080085f3   Thumb Code   222  ddiv.o(.text)
    __aeabi_i2f                              0x080086d1   Thumb Code    18  fflti.o(.text)
    __aeabi_ui2f                             0x080086e3   Thumb Code    10  ffltui.o(.text)
    __aeabi_l2f                              0x080086ed   Thumb Code    44  ffltl.o(.text)
    __aeabi_i2d                              0x08008719   Thumb Code    34  dflti.o(.text)
    __aeabi_ui2d                             0x0800873b   Thumb Code    26  dfltui.o(.text)
    __aeabi_f2uiz                            0x08008755   Thumb Code    40  ffixui.o(.text)
    __aeabi_d2uiz                            0x0800877d   Thumb Code    50  dfixui.o(.text)
    __aeabi_f2d                              0x080087af   Thumb Code    38  f2d.o(.text)
    __aeabi_cdcmpeq                          0x080087d5   Thumb Code     0  cdcmple.o(.text)
    __aeabi_cdcmple                          0x080087d5   Thumb Code    38  cdcmple.o(.text)
    __aeabi_cdrcmple                         0x080087fd   Thumb Code    38  cdrcmple.o(.text)
    __aeabi_d2f                              0x08008825   Thumb Code    56  d2f.o(.text)
    __aeabi_cfcmpeq                          0x0800885d   Thumb Code     0  cfcmple.o(.text)
    __aeabi_cfcmple                          0x0800885d   Thumb Code    20  cfcmple.o(.text)
    __aeabi_cfrcmple                         0x08008871   Thumb Code    20  cfrcmple.o(.text)
    __aeabi_llsl                             0x08008885   Thumb Code    30  llshl.o(.text)
    _ll_shift_l                              0x08008885   Thumb Code     0  llshl.o(.text)
    __aeabi_llsr                             0x080088a3   Thumb Code    32  llushr.o(.text)
    _ll_ushift_r                             0x080088a3   Thumb Code     0  llushr.o(.text)
    __aeabi_lasr                             0x080088c3   Thumb Code    36  llsshr.o(.text)
    _ll_sshift_r                             0x080088c3   Thumb Code     0  llsshr.o(.text)
    __I$use$fp                               0x080088e7   Thumb Code     0  iusefp.o(.text)
    _float_round                             0x080088e7   Thumb Code    18  fepilogue.o(.text)
    _float_epilogue                          0x080088f9   Thumb Code    92  fepilogue.o(.text)
    __ARM_scalbnf                            0x08008955   Thumb Code    24  fscalb.o(.text)
    scalbnf                                  0x08008955   Thumb Code     0  fscalb.o(.text)
    _frnd                                    0x0800896d   Thumb Code    60  frnd.o(.text)
    _double_round                            0x080089a9   Thumb Code    26  depilogue.o(.text)
    _double_epilogue                         0x080089c3   Thumb Code   156  depilogue.o(.text)
    __ARM_scalbn                             0x08008a5f   Thumb Code    46  dscalb.o(.text)
    scalbn                                   0x08008a5f   Thumb Code     0  dscalb.o(.text)
    _dsqrt                                   0x08008a8d   Thumb Code   162  dsqrt.o(.text)
    __aeabi_f2iz                             0x08008b2f   Thumb Code    50  ffixi.o(.text)
    __scatterload                            0x08008b61   Thumb Code    28  init.o(.text)
    __scatterload_rt2                        0x08008b61   Thumb Code     0  init.o(.text)
    _fsqrt                                   0x08008b85   Thumb Code    94  fsqrt.o(.text)
    __decompress                             0x08008be3   Thumb Code     0  __dczerorl2.o(.text)
    __decompress1                            0x08008be3   Thumb Code    86  __dczerorl2.o(.text)
    __ARM_fpclassify                         0x08008c39   Thumb Code    40  fpclassify.o(i.__ARM_fpclassify)
    __ARM_fpclassifyf                        0x08008c61   Thumb Code    38  fpclassifyf.o(i.__ARM_fpclassifyf)
    __ARM_isinff                             0x08008c87   Thumb Code    20  filter.o(i.__ARM_isinff)
    __ARM_isnanf                             0x08008c9b   Thumb Code    14  filter.o(i.__ARM_isnanf)
    __kernel_poly                            0x08008ca9   Thumb Code   170  poly.o(i.__kernel_poly)
    __mathlib_dbl_underflow                  0x08008d55   Thumb Code    10  dunder.o(i.__mathlib_dbl_underflow)
    __mathlib_flt_underflow                  0x08008d65   Thumb Code    10  funder.o(i.__mathlib_flt_underflow)
    __mathlib_rredf2                         0x08008d71   Thumb Code   326  rredf.o(i.__mathlib_rredf2)
    __scatterload_copy                       0x08008ec9   Thumb Code    14  handlers.o(i.__scatterload_copy)
    __scatterload_null                       0x08008ed7   Thumb Code     2  handlers.o(i.__scatterload_null)
    __scatterload_zeroinit                   0x08008ed9   Thumb Code    14  handlers.o(i.__scatterload_zeroinit)
    __set_errno                              0x08008ee9   Thumb Code     6  errno.o(i.__set_errno)
    asinf                                    0x08008ef5   Thumb Code   260  asinf.o(i.asinf)
    atan                                     0x0800901d   Thumb Code   478  atan.o(i.atan)
    atan2                                    0x08009241   Thumb Code   346  atan2.o(i.atan2)
    atan2f                                   0x080093c1   Thumb Code   528  atan2f.o(i.atan2f)
    cosf                                     0x0800961d   Thumb Code   334  cosf.o(i.cosf)
    pow                                      0x080097a1   Thumb Code  2510  pow.o(i.pow)
    sinf                                     0x0800a181   Thumb Code   344  sinf.o(i.sinf)
    sqrt                                     0x0800a30d   Thumb Code    76  sqrt.o(i.sqrt)
    sqrtf                                    0x0800a359   Thumb Code    44  sqrtf.o(i.sqrtf)
    tanf                                     0x0800a385   Thumb Code   320  tanf.o(i.tanf)
    Virtual_Com_Port_DeviceDescriptor        0x0800a5b0   Data          18  usb_desc.o(.constdata)
    Virtual_Com_Port_ConfigDescriptor        0x0800a5c2   Data          67  usb_desc.o(.constdata)
    Virtual_Com_Port_StringLangID            0x0800a605   Data           4  usb_desc.o(.constdata)
    Virtual_Com_Port_StringVendor            0x0800a609   Data          24  usb_desc.o(.constdata)
    Virtual_Com_Port_StringProduct           0x0800a621   Data          38  usb_desc.o(.constdata)
    __mathlib_zero                           0x0800a768   Data           8  qnan.o(.constdata)
    Region$$Table$$Base                      0x0800a790   Number         0  anon$$obj.o(Region$$Table)
    Region$$Table$$Limit                     0x0800a7b0   Number         0  anon$$obj.o(Region$$Table)
    magStatus                                0x20000000   Data           1  main.o(.data)
    presStatus                               0x20000001   Data           1  main.o(.data)
    txFailCount                              0x20000002   Data           1  main.o(.data)
    rxFailCount                              0x20000003   Data           1  main.o(.data)
    NrfState                                 0x20000004   Data           1  main.o(.data)
    RX_ADDRESS                               0x20000005   Data           5  main.o(.data)
    TX_ADDRESS                               0x2000000a   Data           5  main.o(.data)
    lostControlFlag                          0x2000000f   Data           1  main.o(.data)
    timeOutMaxFlag                           0x20000010   Data           1  main.o(.data)
    ACCELDATA                                0x20000012   Data           6  main.o(.data)
    GYRODATA                                 0x20000018   Data           6  main.o(.data)
    MAGDATA                                  0x2000001e   Data           6  main.o(.data)
    radioFlag                                0x20000094   Data           1  system_loop.o(.data)
    attitudeUpdateFlag                       0x20000095   Data           1  system_loop.o(.data)
    rxTimeOutFlag                            0x20000096   Data           1  system_loop.o(.data)
    batteryCheckFlag                         0x20000097   Data           1  system_loop.o(.data)
    motorUpdateFlag                          0x20000098   Data           1  system_loop.o(.data)
    radioPeriodCount                         0x2000009a   Data           2  system_loop.o(.data)
    attitudeUpdatePeriodCount                0x2000009c   Data           2  system_loop.o(.data)
    rxTimeOutCount                           0x2000009e   Data           2  system_loop.o(.data)
    batteryCheckCount                        0x200000a0   Data           2  system_loop.o(.data)
    motorUpdateCount                         0x200000a2   Data           2  system_loop.o(.data)
    BBMess                                   0x200000a4   Data          32  systeminit.o(.data)
    TimingDelay                              0x200000c4   Data           4  delay.o(.data)
    sysTickUptime                            0x200000cc   Data           4  delay.o(.data)
    HSEStartUpStatus                         0x20000194   Data           1  hw_config.o(.data)
    EXTI_InitStructure                       0x20000198   Data           8  hw_config.o(.data)
    Virtual_Com_Port_StringSerial            0x200001a0   Data          38  usb_desc.o(.data)
    wIstr                                    0x200001d0   Data           2  usb_istr.o(.data)
    bIntPackSOF                              0x200001d2   Data           1  usb_istr.o(.data)
    esof_counter                             0x200001d4   Data           4  usb_istr.o(.data)
    wCNTR                                    0x200001d8   Data           4  usb_istr.o(.data)
    pEpInt_IN                                0x200001dc   Data          28  usb_istr.o(.data)
    pEpInt_OUT                               0x200001f8   Data          28  usb_istr.o(.data)
    Request                                  0x20000214   Data           1  usb_prop.o(.data)
    linecoding                               0x20000218   Data           8  usb_prop.o(.data)
    Device_Table                             0x20000220   Data           2  usb_prop.o(.data)
    Device_Property                          0x20000224   Data          48  usb_prop.o(.data)
    User_Standard_Requests                   0x20000254   Data          36  usb_prop.o(.data)
    Device_Descriptor                        0x20000278   Data           8  usb_prop.o(.data)
    Config_Descriptor                        0x20000280   Data           8  usb_prop.o(.data)
    String_Descriptor                        0x20000288   Data          32  usb_prop.o(.data)
    bDeviceState                             0x200002a8   Data           4  usb_pwr.o(.data)
    fSuspendEnabled                          0x200002ac   Data           1  usb_pwr.o(.data)
    ResumeS                                  0x200002ad   Data           2  usb_pwr.o(.data)
    remotewakeupon                           0x200002b0   Data           4  usb_pwr.o(.data)
    StatusInfo                               0x200002b4   Data           2  usb_core.o(.data)
    Data_Mul_MaxPacketSize                   0x200002b6   Data           1  usb_core.o(.data)
    EPindex                                  0x200002b8   Data           1  usb_init.o(.data)
    pInformation                             0x200002bc   Data           4  usb_init.o(.data)
    pProperty                                0x200002c0   Data           4  usb_init.o(.data)
    SaveState                                0x200002c4   Data           2  usb_init.o(.data)
    wInterrupt_Mask                          0x200002c6   Data           2  usb_init.o(.data)
    pUser_Standard_Requests                  0x200002c8   Data           4  usb_init.o(.data)
    SaveRState                               0x200002cc   Data           2  usb_int.o(.data)
    SaveTState                               0x200002ce   Data           2  usb_int.o(.data)
    SystemCoreClock                          0x200002e4   Data           4  system_stm32f10x.o(.data)
    AHBPrescTable                            0x200002e8   Data          16  system_stm32f10x.o(.data)
    NRF_RXBUFFER                             0x200002fc   Data          32  main.o(.bss)
    NRF_TXBUFFER                             0x2000031c   Data          32  main.o(.bss)
    BBCom                                    0x20000358   Data          32  systeminit.o(.bss)
    BBImu                                    0x20000378   Data         236  systeminit.o(.bss)
    BBSYSTEM                                 0x20000464   Data          16  systeminit.o(.bss)
    BATTERY_0                                0x20000474   Data          16  adc.o(.bss)
    CURRENT_0                                0x20000484   Data          16  adc.o(.bss)
    USART_InitStructure                      0x20000494   Data          16  hw_config.o(.bss)
    EP                                       0x20000f44   Data          32  usb_pwr.o(.bss)
    Device_Info                              0x20000f64   Data          28  usb_init.o(.bss)
    __initial_sp                             0x20001380   Data           0  startup_stm32f10x_md.o(STACK)



==============================================================================

Memory Map of the image

  Image Entry point : 0x080000ed

  Load Region LR_IROM1 (Base: 0x08000000, Size: 0x0000aaac, Max: 0x00010000, ABSOLUTE, COMPRESSED[0x0000a86c])

    Execution Region ER_IROM1 (Base: 0x08000000, Size: 0x0000a7b0, Max: 0x00010000, ABSOLUTE)

    Base Addr    Size         Type   Attr      Idx    E Section Name        Object

    0x08000000   0x000000ec   Data   RO         1073    RESET               startup_stm32f10x_md.o
    0x080000ec   0x00000000   Code   RO         1250  * .ARM.Collect$$$$00000000  mc_w.l(entry.o)
    0x080000ec   0x00000004   Code   RO         1357    .ARM.Collect$$$$00000001  mc_w.l(entry2.o)
    0x080000f0   0x00000004   Code   RO         1360    .ARM.Collect$$$$00000004  mc_w.l(entry5.o)
    0x080000f4   0x00000000   Code   RO         1362    .ARM.Collect$$$$00000008  mc_w.l(entry7b.o)
    0x080000f4   0x00000000   Code   RO         1364    .ARM.Collect$$$$0000000A  mc_w.l(entry8b.o)
    0x080000f4   0x00000008   Code   RO         1365    .ARM.Collect$$$$0000000B  mc_w.l(entry9a.o)
    0x080000fc   0x00000000   Code   RO         1367    .ARM.Collect$$$$0000000D  mc_w.l(entry10a.o)
    0x080000fc   0x00000000   Code   RO         1369    .ARM.Collect$$$$0000000F  mc_w.l(entry11a.o)
    0x080000fc   0x00000004   Code   RO         1358    .ARM.Collect$$$$00002712  mc_w.l(entry2.o)
    0x08000100   0x0000063c   Code   RO            3    .text               main.o
    0x0800073c   0x000002a8   Code   RO          157    .text               control.o
    0x080009e4   0x00000e80   Code   RO          184    .text               imucal_px.o
    0x08001864   0x00000128   Code   RO          211    .text               system_loop.o
    0x0800198c   0x0000010c   Code   RO          240    .text               systeminit.o
    0x08001a98   0x0000019c   Code   RO          271    .text               adc.o
    0x08001c34   0x000000e8   Code   RO          300    .text               delay.o
    0x08001d1c   0x00000b6c   Code   RO          321    .text               filter.o
    0x08002888   0x0000033c   Code   RO          357    .text               i2c.o
    0x08002bc4   0x00000290   Code   RO          380    .text               mpu9250.o
    0x08002e54   0x000003fc   Code   RO          400    .text               ms5611.o
    0x08003250   0x00000140   Code   RO          424    .text               pwm.o
    0x08003390   0x0000028c   Code   RO          449    .text               spinrf.o
    0x0800361c   0x000001dc   Code   RO          496    .text               hw_config.o
    0x080037f8   0x000000c8   Code   RO          589    .text               usb_endp.o
    0x080038c0   0x000001d0   Code   RO          615    .text               usb_istr.o
    0x08003a90   0x0000023c   Code   RO          641    .text               usb_prop.o
    0x08003ccc   0x00000240   Code   RO          672    .text               usb_pwr.o
    0x08003f0c   0x00000014   Code   RO          699    .text               usb_it.o
    0x08003f20   0x000004ea   Code   RO          741    .text               queue.o
    0x0800440a   0x00000002   PAD
    0x0800440c   0x00000b50   Code   RO          765    .text               usb_core.o
    0x08004f5c   0x0000003c   Code   RO          788    .text               usb_init.o
    0x08004f98   0x0000033c   Code   RO          819    .text               usb_int.o
    0x080052d4   0x0000005c   Code   RO          851    .text               usb_mem.o
    0x08005330   0x00000808   Code   RO          871    .text               usb_regs.o
    0x08005b38   0x00000080   Code   RO          891    .text               usb_sil.o
    0x08005bb8   0x0000044e   Code   RO          911    .text               stm32f10x_adc.o
    0x08006006   0x00000002   PAD
    0x08006008   0x0000035c   Code   RO          931    .text               stm32f10x_gpio.o
    0x08006364   0x000003a4   Code   RO          991    .text               stm32f10x_rcc.o
    0x08006708   0x0000030c   Code   RO         1013    .text               stm32f10x_spi.o
    0x08006a14   0x00000e1a   Code   RO         1033    .text               stm32f10x_tim.o
    0x0800782e   0x00000002   PAD
    0x08007830   0x00000024   Code   RO         1074    .text               startup_stm32f10x_md.o
    0x08007854   0x000001e0   Code   RO         1080    .text               system_stm32f10x.o
    0x08007a34   0x000005bc   Code   RO         1106    .text               stm32f10x_flash.o
    0x08007ff0   0x0000011c   Code   RO         1126    .text               stm32f10x_exti.o
    0x0800810c   0x000000dc   Code   RO         1146    .text               misc.o
    0x080081e8   0x00000024   Code   RO         1253    .text               mc_w.l(memcpya.o)
    0x0800820c   0x00000024   Code   RO         1255    .text               mc_w.l(memseta.o)
    0x08008230   0x000000b0   Code   RO         1287    .text               mf_w.l(fadd.o)
    0x080082e0   0x00000064   Code   RO         1289    .text               mf_w.l(fmul.o)
    0x08008344   0x0000007c   Code   RO         1291    .text               mf_w.l(fdiv.o)
    0x080083c0   0x0000014e   Code   RO         1293    .text               mf_w.l(dadd.o)
    0x0800850e   0x000000e4   Code   RO         1295    .text               mf_w.l(dmul.o)
    0x080085f2   0x000000de   Code   RO         1297    .text               mf_w.l(ddiv.o)
    0x080086d0   0x00000012   Code   RO         1299    .text               mf_w.l(fflti.o)
    0x080086e2   0x0000000a   Code   RO         1301    .text               mf_w.l(ffltui.o)
    0x080086ec   0x0000002c   Code   RO         1303    .text               mf_w.l(ffltl.o)
    0x08008718   0x00000022   Code   RO         1305    .text               mf_w.l(dflti.o)
    0x0800873a   0x0000001a   Code   RO         1307    .text               mf_w.l(dfltui.o)
    0x08008754   0x00000028   Code   RO         1309    .text               mf_w.l(ffixui.o)
    0x0800877c   0x00000032   Code   RO         1311    .text               mf_w.l(dfixui.o)
    0x080087ae   0x00000026   Code   RO         1313    .text               mf_w.l(f2d.o)
    0x080087d4   0x00000028   Code   RO         1315    .text               mf_w.l(cdcmple.o)
    0x080087fc   0x00000028   Code   RO         1317    .text               mf_w.l(cdrcmple.o)
    0x08008824   0x00000038   Code   RO         1319    .text               mf_w.l(d2f.o)
    0x0800885c   0x00000014   Code   RO         1321    .text               mf_w.l(cfcmple.o)
    0x08008870   0x00000014   Code   RO         1323    .text               mf_w.l(cfrcmple.o)
    0x08008884   0x0000001e   Code   RO         1378    .text               mc_w.l(llshl.o)
    0x080088a2   0x00000020   Code   RO         1380    .text               mc_w.l(llushr.o)
    0x080088c2   0x00000024   Code   RO         1382    .text               mc_w.l(llsshr.o)
    0x080088e6   0x00000000   Code   RO         1391    .text               mc_w.l(iusefp.o)
    0x080088e6   0x0000006e   Code   RO         1392    .text               mf_w.l(fepilogue.o)
    0x08008954   0x00000018   Code   RO         1394    .text               mf_w.l(fscalb.o)
    0x0800896c   0x0000003c   Code   RO         1396    .text               mf_w.l(frnd.o)
    0x080089a8   0x000000b6   Code   RO         1398    .text               mf_w.l(depilogue.o)
    0x08008a5e   0x0000002e   Code   RO         1400    .text               mf_w.l(dscalb.o)
    0x08008a8c   0x000000a2   Code   RO         1402    .text               mf_w.l(dsqrt.o)
    0x08008b2e   0x00000032   Code   RO         1404    .text               mf_w.l(ffixi.o)
    0x08008b60   0x00000024   Code   RO         1408    .text               mc_w.l(init.o)
    0x08008b84   0x0000005e   Code   RO         1412    .text               mf_w.l(fsqrt.o)
    0x08008be2   0x00000056   Code   RO         1422    .text               mc_w.l(__dczerorl2.o)
    0x08008c38   0x00000028   Code   RO         1337    i.__ARM_fpclassify  m_ws.l(fpclassify.o)
    0x08008c60   0x00000026   Code   RO         1339    i.__ARM_fpclassifyf  m_ws.l(fpclassifyf.o)
    0x08008c86   0x00000014   Code   RO          332    i.__ARM_isinff      filter.o
    0x08008c9a   0x0000000e   Code   RO          337    i.__ARM_isnanf      filter.o
    0x08008ca8   0x000000aa   Code   RO         1343    i.__kernel_poly     m_ws.l(poly.o)
    0x08008d52   0x00000002   PAD
    0x08008d54   0x00000010   Code   RO         1335    i.__mathlib_dbl_underflow  m_ws.l(dunder.o)
    0x08008d64   0x0000000a   Code   RO         1341    i.__mathlib_flt_underflow  m_ws.l(funder.o)
    0x08008d6e   0x00000002   PAD
    0x08008d70   0x00000158   Code   RO         1346    i.__mathlib_rredf2  m_ws.l(rredf.o)
    0x08008ec8   0x0000000e   Code   RO         1416    i.__scatterload_copy  mc_w.l(handlers.o)
    0x08008ed6   0x00000002   Code   RO         1417    i.__scatterload_null  mc_w.l(handlers.o)
    0x08008ed8   0x0000000e   Code   RO         1418    i.__scatterload_zeroinit  mc_w.l(handlers.o)
    0x08008ee6   0x00000002   PAD
    0x08008ee8   0x0000000c   Code   RO         1386    i.__set_errno       mc_w.l(errno.o)
    0x08008ef4   0x00000128   Code   RO         1185    i.asinf             m_ws.l(asinf.o)
    0x0800901c   0x00000224   Code   RO         1326    i.atan              m_ws.l(atan.o)
    0x08009240   0x00000180   Code   RO         1193    i.atan2             m_ws.l(atan2.o)
    0x080093c0   0x0000025c   Code   RO         1201    i.atan2f            m_ws.l(atan2f.o)
    0x0800961c   0x00000184   Code   RO         1209    i.cosf              m_ws.l(cosf.o)
    0x080097a0   0x000009e0   Code   RO         1217    i.pow               m_ws.l(pow.o)
    0x0800a180   0x0000018c   Code   RO         1227    i.sinf              m_ws.l(sinf.o)
    0x0800a30c   0x0000004c   Code   RO         1235    i.sqrt              m_ws.l(sqrt.o)
    0x0800a358   0x0000002c   Code   RO         1350    i.sqrtf             m_ws.l(sqrtf.o)
    0x0800a384   0x00000178   Code   RO         1243    i.tanf              m_ws.l(tanf.o)
    0x0800a4fc   0x00000024   Data   RO          186    .constdata          imucal_px.o
    0x0800a520   0x00000090   Data   RO          425    .constdata          pwm.o
    0x0800a5b0   0x00000097   Data   RO          568    .constdata          usb_desc.o
    0x0800a647   0x00000001   PAD
    0x0800a648   0x00000088   Data   RO         1218    .constdata          m_ws.l(pow.o)
    0x0800a6d0   0x00000098   Data   RO         1327    .constdata          m_ws.l(atan.o)
    0x0800a768   0x00000008   Data   RO         1345    .constdata          m_ws.l(qnan.o)
    0x0800a770   0x00000020   Data   RO         1347    .constdata          m_ws.l(rredf.o)
    0x0800a790   0x00000020   Data   RO         1414    Region$$Table       anon$$obj.o


    Execution Region RW_IRAM1 (Base: 0x20000000, Size: 0x00001380, Max: 0x00005000, ABSOLUTE, COMPRESSED[0x000000bc])

    Base Addr    Size         Type   Attr      Idx    E Section Name        Object

    0x20000000   0x00000038   Data   RW            5    .data               main.o
    0x20000038   0x0000005c   Data   RW          187    .data               imucal_px.o
    0x20000094   0x00000010   Data   RW          212    .data               system_loop.o
    0x200000a4   0x00000020   Data   RW          242    .data               systeminit.o
    0x200000c4   0x0000000c   Data   RW          301    .data               delay.o
    0x200000d0   0x000000c0   Data   RW          322    .data               filter.o
    0x20000190   0x00000001   Data   RW          401    .data               ms5611.o
    0x20000191   0x00000003   PAD
    0x20000194   0x0000000c   Data   RW          498    .data               hw_config.o
    0x200001a0   0x00000026   Data   RW          569    .data               usb_desc.o
    0x200001c6   0x00000002   PAD
    0x200001c8   0x00000008   Data   RW          591    .data               usb_endp.o
    0x200001d0   0x00000044   Data   RW          616    .data               usb_istr.o
    0x20000214   0x00000094   Data   RW          642    .data               usb_prop.o
    0x200002a8   0x0000000c   Data   RW          674    .data               usb_pwr.o
    0x200002b4   0x00000003   Data   RW          766    .data               usb_core.o
    0x200002b7   0x00000001   PAD
    0x200002b8   0x00000014   Data   RW          790    .data               usb_init.o
    0x200002cc   0x00000004   Data   RW          820    .data               usb_int.o
    0x200002d0   0x00000014   Data   RW          992    .data               stm32f10x_rcc.o
    0x200002e4   0x00000014   Data   RW         1081    .data               system_stm32f10x.o
    0x200002f8   0x00000004   Data   RW         1387    .data               mc_w.l(errno.o)
    0x200002fc   0x0000004e   Zero   RW            4    .bss                main.o
    0x2000034a   0x00000002   PAD
    0x2000034c   0x0000000c   Zero   RW          185    .bss                imucal_px.o
    0x20000358   0x0000011c   Zero   RW          241    .bss                systeminit.o
    0x20000474   0x00000020   Zero   RW          272    .bss                adc.o
    0x20000494   0x00000a30   Zero   RW          497    .bss                hw_config.o
    0x20000ec4   0x00000080   Zero   RW          590    .bss                usb_endp.o
    0x20000f44   0x00000020   Zero   RW          673    .bss                usb_pwr.o
    0x20000f64   0x0000001c   Zero   RW          789    .bss                usb_init.o
    0x20000f80   0x00000400   Zero   RW         1071    STACK               startup_stm32f10x_md.o


==============================================================================

Image component sizes


      Code (inc. data)   RO Data    RW Data    ZI Data      Debug   Object Name

       412         20          0          0         32       2141   adc.o
       680         16          0          0          0       3451   control.o
       232         18          0         12          0       2198   delay.o
      2958        268          0        192          0       7268   filter.o
       476         42          0         12       2608      17421   hw_config.o
       828          4          0          0          0       3511   i2c.o
      3712        248         36         92         12       4183   imucal_px.o
      1596        158          0         56         78     280659   main.o
       220         22          0          0          0       2001   misc.o
       656         10          0          0          0       2758   mpu9250.o
      1020         52          0          1          0       2939   ms5611.o
       320         26        144          0          0       2270   pwm.o
      1258          0          0          0          0       6419   queue.o
       652         20          0          0          0       2690   spinrf.o
        36          8        236          0       1024        800   startup_stm32f10x_md.o
      1102         26          0          0          0      11037   stm32f10x_adc.o
       284         10          0          0          0       2439   stm32f10x_exti.o
      1468         34          0          0          0       8230   stm32f10x_flash.o
       860         38          0          0          0       5845   stm32f10x_gpio.o
       932         36          0         20          0       9020   stm32f10x_rcc.o
       780         14          0          0          0       6730   stm32f10x_spi.o
      3610         88          0          0          0      22336   stm32f10x_tim.o
       296         44          0         16          0       1763   system_loop.o
       480         38          0         20          0       1859   system_stm32f10x.o
       268         14          0         32        284      25744   systeminit.o
      2896        114          0          3          0       8071   usb_core.o
         0          0        151         38          0       1035   usb_desc.o
       200         22          0          8        128       1544   usb_endp.o
        60         24          0         20         28       4110   usb_init.o
       828         34          0          4          0       1919   usb_int.o
       464         38          0         68          0       1547   usb_istr.o
        20          0          0          0          0        582   usb_it.o
        92          6          0          0          0       1410   usb_mem.o
       572         42          0        148          0       7219   usb_prop.o
       576         40          0         12         32       2827   usb_pwr.o
      2056         20          0          0          0      11721   usb_regs.o
       128          8          0          0          0       1430   usb_sil.o

    ----------------------------------------------------------------------
     33034       1602        600        760       4228     479127   Object Totals
         0          0         32          0          0          0   (incl. Generated)
         6          0          1          6          2          0   (incl. Padding)

    ----------------------------------------------------------------------

      Code (inc. data)   RO Data    RW Data    ZI Data      Debug   Library Member Name

       296         36          0          0          0        120   asinf.o
       548         70        152          0          0        124   atan.o
       384         38          0          0          0        144   atan2.o
       604         76          0          0          0        116   atan2f.o
       388         54          0          0          0        124   cosf.o
        16          6          0          0          0         68   dunder.o
        40          0          0          0          0         68   fpclassify.o
        38          0          0          0          0         68   fpclassifyf.o
        10          0          0          0          0         68   funder.o
       170          0          0          0          0         96   poly.o
      2528        190        136          0          0        332   pow.o
         0          0          8          0          0          0   qnan.o
       344         18         32          0          0         88   rredf.o
       396         52          0          0          0        124   sinf.o
        76          0          0          0          0         84   sqrt.o
        44          0          0          0          0         80   sqrtf.o
       376         56          0          0          0        124   tanf.o
        86          0          0          0          0          0   __dczerorl2.o
         0          0          0          0          0          0   entry.o
         0          0          0          0          0          0   entry10a.o
         0          0          0          0          0          0   entry11a.o
         8          4          0          0          0          0   entry2.o
         4          0          0          0          0          0   entry5.o
         0          0          0          0          0          0   entry7b.o
         0          0          0          0          0          0   entry8b.o
         8          4          0          0          0          0   entry9a.o
        12          6          0          4          0         68   errno.o
        30          0          0          0          0          0   handlers.o
        36          8          0          0          0         68   init.o
         0          0          0          0          0          0   iusefp.o
        30          0          0          0          0         68   llshl.o
        36          0          0          0          0         68   llsshr.o
        32          0          0          0          0         68   llushr.o
        36          0          0          0          0         68   memcpya.o
        36          0          0          0          0        108   memseta.o
        40          2          0          0          0         68   cdcmple.o
        40          2          0          0          0         68   cdrcmple.o
        20          0          0          0          0         68   cfcmple.o
        20          0          0          0          0         68   cfrcmple.o
        56          0          0          0          0         88   d2f.o
       334          0          0          0          0        148   dadd.o
       222          0          0          0          0        100   ddiv.o
       182          0          0          0          0        176   depilogue.o
        50          0          0          0          0         76   dfixui.o
        34          0          0          0          0         76   dflti.o
        26          0          0          0          0         76   dfltui.o
       228          0          0          0          0         96   dmul.o
        46          0          0          0          0         80   dscalb.o
       162          0          0          0          0        100   dsqrt.o
        38          0          0          0          0         68   f2d.o
       176          0          0          0          0        140   fadd.o
       124          0          0          0          0         88   fdiv.o
       110          0          0          0          0        168   fepilogue.o
        50          0          0          0          0         68   ffixi.o
        40          0          0          0          0         68   ffixui.o
        18          0          0          0          0         68   fflti.o
        44          0          0          0          0         92   ffltl.o
        10          0          0          0          0         68   ffltui.o
       100          0          0          0          0         76   fmul.o
        60          0          0          0          0         76   frnd.o
        24          0          0          0          0         68   fscalb.o
        94          0          0          0          0         96   fsqrt.o

    ----------------------------------------------------------------------
      8966        622        328          4          0       4776   Library Totals
         6          0          0          0          0          0   (incl. Padding)

    ----------------------------------------------------------------------

      Code (inc. data)   RO Data    RW Data    ZI Data      Debug   Library Name

      6258        596        328          0          0       1828   m_ws.l
       354         22          0          4          0        516   mc_w.l
      2348          4          0          0          0       2432   mf_w.l

    ----------------------------------------------------------------------
      8966        622        328          4          0       4776   Library Totals

    ----------------------------------------------------------------------

==============================================================================


      Code (inc. data)   RO Data    RW Data    ZI Data      Debug   

     42000       2224        928        764       4228     478415   Grand Totals
     42000       2224        928        188       4228     478415   ELF Image Totals (compressed)
     42000       2224        928        188          0          0   ROM Totals

==============================================================================

    Total RO  Size (Code + RO Data)                42928 (  41.92kB)
    Total RW  Size (RW Data + ZI Data)              4992 (   4.88kB)
    Total ROM Size (Code + RO Data + RW Data)      43116 (  42.11kB)

==============================================================================

