Product: MDK-ARM Professional 5.10
Component: ARM Compiler 5.04 update 1 (build 49)
Tool: armlink [5040049]

==============================================================================

Section Cross References

    main.o(.text) refers to memcpya.o(.text) for __aeabi_memcpy
    main.o(.text) refers to systeminit.o(.text) for sysclockInit
    main.o(.text) refers to delay.o(.text) for cycleCounterInit
    main.o(.text) refers to spinrf.o(.text) for spi2NrfInit
    main.o(.text) refers to adc.o(.text) for adcInit
    main.o(.text) refers to i2c.o(.text) for i2cInit
    main.o(.text) refers to mpu9250.o(.text) for mpu9250Init
    main.o(.text) refers to ms5611.o(.text) for ms5611Init
    main.o(.text) refers to pwm.o(.text) for pwmInit
    main.o(.text) refers to system_loop.o(.text) for systemLoopTim1Init
    main.o(.text) refers to stm32f10x_gpio.o(.text) for GPIO_ResetBits
    main.o(.text) refers to fflti.o(.text) for __aeabi_i2f
    main.o(.text) refers to fdiv.o(.text) for __aeabi_fdiv
    main.o(.text) refers to imucal.o(.text) for imuUpdate
    main.o(.text) refers to stm32f10x_exti.o(.text) for EXTI_GetITStatus
    main.o(.text) refers to dflti.o(.text) for __aeabi_i2d
    main.o(.text) refers to ddiv.o(.text) for __aeabi_ddiv
    main.o(.text) refers to dmul.o(.text) for __aeabi_dmul
    main.o(.text) refers to dfixui.o(.text) for __aeabi_d2uiz
    main.o(.text) refers to main.o(.data) for rxFailCount
    main.o(.text) refers to main.o(.bss) for NRF_RXBUFFER
    main.o(.text) refers to systeminit.o(.data) for BBCom
    main.o(.text) refers to systeminit.o(.bss) for BBImu
    main.o(.text) refers to system_loop.o(.data) for radioFlag
    systeminit.o(.text) refers to stm32f10x_rcc.o(.text) for RCC_DeInit
    systeminit.o(.text) refers to stm32f10x_flash.o(.text) for FLASH_SetLatency
    systeminit.o(.text) refers to stm32f10x_gpio.o(.text) for GPIO_Init
    system_loop.o(.text) refers to stm32f10x_tim.o(.text) for TIM_ClearITPendingBit
    system_loop.o(.text) refers to stm32f10x_rcc.o(.text) for RCC_APB2PeriphClockCmd
    system_loop.o(.text) refers to misc.o(.text) for NVIC_PriorityGroupConfig
    system_loop.o(.text) refers to system_loop.o(.data) for rxTimeOutCount
    imucal.o(.text) refers to fmul.o(.text) for __aeabi_fmul
    imucal.o(.text) refers to fadd.o(.text) for __aeabi_frsub
    imucal.o(.text) refers to cfrcmple.o(.text) for __aeabi_cfrcmple
    imucal.o(.text) refers to cfcmple.o(.text) for __aeabi_cfcmple
    imucal.o(.text) refers to imucal.o(.data) for q2
    imucal.o(.text) refers to f2d.o(.text) for __aeabi_f2d
    imucal.o(.text) refers to asin.o(i.asin) for asin
    imucal.o(.text) refers to dmul.o(.text) for __aeabi_dmul
    imucal.o(.text) refers to d2f.o(.text) for __aeabi_d2f
    imucal.o(.text) refers to atan2.o(i.atan2) for atan2
    imucal.o(.text) refers to atan2f.o(i.atan2f) for atan2f
    imucal.o(.text) refers to sqrt.o(i.sqrt) for sqrt
    imucal.o(.text) refers to fflti.o(.text) for __aeabi_i2f
    imucal.o(.text) refers to fdiv.o(.text) for __aeabi_fdiv
    imucal.o(.text) refers to ffixui.o(.text) for __aeabi_f2uiz
    imucal.o(.text) refers to pwm.o(.text) for motorPwmFlash
    delay.o(.text) refers to stm32f10x_rcc.o(.text) for RCC_GetClocksFreq
    delay.o(.text) refers to delay.o(.data) for TimingDelay
    spinrf.o(.text) refers to stm32f10x_rcc.o(.text) for RCC_APB2PeriphClockCmd
    spinrf.o(.text) refers to stm32f10x_gpio.o(.text) for GPIO_Init
    spinrf.o(.text) refers to stm32f10x_exti.o(.text) for EXTI_Init
    spinrf.o(.text) refers to misc.o(.text) for NVIC_PriorityGroupConfig
    spinrf.o(.text) refers to stm32f10x_spi.o(.text) for SPI_Init
    pwm.o(.text) refers to stm32f10x_rcc.o(.text) for RCC_APB2PeriphClockCmd
    pwm.o(.text) refers to stm32f10x_gpio.o(.text) for GPIO_Init
    pwm.o(.text) refers to stm32f10x_tim.o(.text) for TIM_TimeBaseInit
    pwm.o(.text) refers to pwm.o(.constdata) for MOTO_A
    pwm.o(.constdata) refers to stm32f10x_tim.o(.text) for TIM_OC4Init
    usb2com.o(.text) refers to hw_config.o(.text) for USB_Config
    usb2com.o(.text) refers to memseta.o(.text) for __aeabi_memclr4
    usb2com.o(.text) refers to printfa.o(i.__0vsprintf) for __c89vsprintf
    adc.o(.text) refers to stm32f10x_rcc.o(.text) for RCC_APB2PeriphClockCmd
    adc.o(.text) refers to stm32f10x_gpio.o(.text) for GPIO_Init
    adc.o(.text) refers to stm32f10x_adc.o(.text) for ADC_DeInit
    adc.o(.text) refers to fflti.o(.text) for __aeabi_i2f
    adc.o(.text) refers to fdiv.o(.text) for __aeabi_fdiv
    adc.o(.text) refers to ffixui.o(.text) for __aeabi_f2uiz
    adc.o(.text) refers to adc.o(.bss) for BATTERY_0
    mpu9250.o(.text) refers to stm32f10x_rcc.o(.text) for RCC_APB2PeriphClockCmd
    mpu9250.o(.text) refers to stm32f10x_gpio.o(.text) for GPIO_PinRemapConfig
    mpu9250.o(.text) refers to i2c.o(.text) for Single_Write
    mpu9250.o(.text) refers to delay.o(.text) for delay_ms
    ms5611.o(.text) refers to i2c.o(.text) for I2C_Start
[...]
    TI3_Config                               0x08006213   Thumb Code   122  stm32f10x_tim.o(.text)
    TI2_Config                               0x080062a7   Thumb Code   130  stm32f10x_tim.o(.text)
    TI1_Config                               0x0800633b   Thumb Code   108  stm32f10x_tim.o(.text)
    .text                                    0x08006af4   Section       36  startup_stm32f10x_md.o(.text)
    .text                                    0x08006b18   Section        0  system_stm32f10x.o(.text)
    SetSysClockTo72                          0x08006b19   Thumb Code   214  system_stm32f10x.o(.text)
    SetSysClock                              0x08006bef   Thumb Code     8  system_stm32f10x.o(.text)
    .text                                    0x08006cf8   Section        0  stm32f10x_flash.o(.text)
    .text                                    0x080072b4   Section        0  stm32f10x_exti.o(.text)
    .text                                    0x080073d0   Section        0  misc.o(.text)
    .text                                    0x080074ac   Section        0  memcpya.o(.text)
    .text                                    0x080074d0   Section        0  fadd.o(.text)
    .text                                    0x08007580   Section        0  fmul.o(.text)
    .text                                    0x080075e4   Section        0  fdiv.o(.text)
    .text                                    0x08007660   Section        0  dadd.o(.text)
    .text                                    0x080077ae   Section        0  dmul.o(.text)
    .text                                    0x08007892   Section        0  ddiv.o(.text)
    .text                                    0x08007970   Section        0  fflti.o(.text)
    .text                                    0x08007982   Section        0  ffltui.o(.text)
    .text                                    0x0800798c   Section        0  ffltl.o(.text)
    .text                                    0x080079b8   Section        0  dflti.o(.text)
    .text                                    0x080079da   Section        0  dfltui.o(.text)
    .text                                    0x080079f4   Section        0  ffixui.o(.text)
    .text                                    0x08007a1c   Section        0  dfixui.o(.text)
    .text                                    0x08007a4e   Section        0  f2d.o(.text)
    .text                                    0x08007a74   Section        0  d2f.o(.text)
    .text                                    0x08007aac   Section       20  cfcmple.o(.text)
    .text                                    0x08007ac0   Section       20  cfrcmple.o(.text)
    .text                                    0x08007ad4   Section        0  llshl.o(.text)
    .text                                    0x08007af2   Section        0  llushr.o(.text)
    .text                                    0x08007b12   Section        0  llsshr.o(.text)
    .text                                    0x08007b36   Section        0  iusefp.o(.text)
    .text                                    0x08007b36   Section        0  fepilogue.o(.text)
    .text                                    0x08007ba4   Section        0  depilogue.o(.text)
    .text                                    0x08007c5a   Section        0  dscalb.o(.text)
    .text                                    0x08007c88   Section        0  dsqrt.o(.text)
    .text                                    0x08007d2c   Section       40  cdrcmple.o(.text)
    .text                                    0x08007d54   Section       36  init.o(.text)
    .text                                    0x08007d78   Section        0  fscalb.o(.text)
    .text                                    0x08007d90   Section        0  __dczerorl2.o(.text)
    i.__ARM_fpclassify                       0x08007de6   Section        0  fpclassify.o(i.__ARM_fpclassify)
    i.__ARM_fpclassifyf                      0x08007e0e   Section        0  fpclassifyf.o(i.__ARM_fpclassifyf)
    i.__kernel_poly                          0x08007e34   Section        0  poly.o(i.__kernel_poly)
    i.__mathlib_dbl_underflow                0x08007ee0   Section        0  dunder.o(i.__mathlib_dbl_underflow)
    i.__mathlib_flt_underflow                0x08007ef0   Section        0  funder.o(i.__mathlib_flt_underflow)
    i.__scatterload_copy                     0x08007efa   Section       14  handlers.o(i.__scatterload_copy)
    i.__scatterload_null                     0x08007f08   Section        2  handlers.o(i.__scatterload_null)
    i.__scatterload_zeroinit                 0x08007f0a   Section       14  handlers.o(i.__scatterload_zeroinit)
    i.__set_errno                            0x08007f18   Section        0  errno.o(i.__set_errno)
    i.asin                                   0x08007f24   Section        0  asin.o(i.asin)
    i.atan                                   0x080081a0   Section        0  atan.o(i.atan)
    i.atan2                                  0x080083c4   Section        0  atan2.o(i.atan2)
    i.atan2f                                 0x08008544   Section        0  atan2f.o(i.atan2f)
    i.pow                                    0x080087a0   Section        0  pow.o(i.pow)
    i.sqrt                                   0x08009180   Section        0  sqrt.o(i.sqrt)
    .constdata                               0x080091cc   Section      144  pwm.o(.constdata)
    MOTO_A                                   0x080091cc   Data          36  pwm.o(.constdata)
    MOTO_B                                   0x080091f0   Data          36  pwm.o(.constdata)
    MOTO_C                                   0x08009214   Data          36  pwm.o(.constdata)
    MOTO_D                                   0x08009238   Data          36  pwm.o(.constdata)
    .constdata                               0x0800925c   Section      151  usb_desc.o(.constdata)
    .constdata                               0x080092f8   Section       80  asin.o(.constdata)
    pS                                       0x080092f8   Data          48  asin.o(.constdata)
    qS                                       0x08009328   Data          32  asin.o(.constdata)
    .constdata                               0x08009348   Section      136  pow.o(.constdata)
    bp                                       0x08009348   Data          16  pow.o(.constdata)
    dp_h                                     0x08009358   Data          16  pow.o(.constdata)
    dp_l                                     0x08009368   Data          16  pow.o(.constdata)
    L                                        0x08009378   Data          48  pow.o(.constdata)
    P                                        0x080093a8   Data          40  pow.o(.constdata)
    .constdata                               0x080093d0   Section      152  atan.o(.constdata)
    atanhi                                   0x080093d0   Data          32  atan.o(.constdata)
    atanlo                                   0x080093f0   Data          32  atan.o(.constdata)
    aTodd                                    0x08009410   Data          40  atan.o(.constdata)
    aTeven                                   0x08009438   Data          48  atan.o(.constdata)
    .constdata                               0x08009468   Section        8  qnan.o(.constdata)
    .data                                    0x20000000   Section       56  main.o(.data)
    MS5611_TEMP_NoOffset                     0x20000024   Data           8  main.o(.data)
    MS5611_TaPAfterOffset                    0x2000002c   Data           8  main.o(.data)
    PRESSUREDATA                             0x20000034   Data           4  main.o(.data)
    .data                                    0x20000038   Section       68  systeminit.o(.data)
    .data                                    0x2000007c   Section       12  system_loop.o(.data)
    .data                                    0x20000088   Section       28  imucal.o(.data)
    q0                                       0x20000088   Data           4  imucal.o(.data)
    q1                                       0x2000008c   Data           4  imucal.o(.data)
    q2                                       0x20000090   Data           4  imucal.o(.data)
    q3                                       0x20000094   Data           4  imucal.o(.data)
    integralFBx                              0x20000098   Data           4  imucal.o(.data)
    integralFBy                              0x2000009c   Data           4  imucal.o(.data)
    integralFBz                              0x200000a0   Data           4  imucal.o(.data)
    .data                                    0x200000a4   Section       12  delay.o(.data)
    usTicks                                  0x200000a8   Data           4  delay.o(.data)
    .data                                    0x200000b0   Section        1  ms5611.o(.data)
    Filtercount                              0x200000b0   Data           1  ms5611.o(.data)
    .data                                    0x200000b4   Section       12  hw_config.o(.data)
    .data                                    0x200000c0   Section       38  usb_desc.o(.data)
    .data                                    0x200000e8   Section        8  usb_endp.o(.data)
    txFlg                                    0x200000e8   Data           1  usb_endp.o(.data)
    FrameCount                               0x200000ec   Data           4  usb_endp.o(.data)
    .data                                    0x200000f0   Section       68  usb_istr.o(.data)
    .data                                    0x20000134   Section      148  usb_prop.o(.data)
    .data                                    0x200001c8   Section       12  usb_pwr.o(.data)
    .data                                    0x200001d4   Section        3  usb_core.o(.data)
    .data                                    0x200001d8   Section       20  usb_init.o(.data)
    .data                                    0x200001ec   Section        4  usb_int.o(.data)
    .data                                    0x200001f0   Section       20  stm32f10x_rcc.o(.data)
    APBAHBPrescTable                         0x200001f0   Data          16  stm32f10x_rcc.o(.data)
    ADCPrescTable                            0x20000200   Data           4  stm32f10x_rcc.o(.data)
    .data                                    0x20000204   Section       20  system_stm32f10x.o(.data)
    .data                                    0x20000218   Section        4  errno.o(.data)
    _errno                                   0x20000218   Data           4  errno.o(.data)
    .bss                                     0x2000021c   Section       78  main.o(.bss)
    MS5611_PROM                              0x2000025c   Data          14  main.o(.bss)
    .bss                                     0x2000026c   Section      180  systeminit.o(.bss)
    .bss                                     0x20000320   Section       32  adc.o(.bss)
    .bss                                     0x20000340   Section     2608  hw_config.o(.bss)
    m_QueueUsbComRx                          0x20000350   Data          16  hw_config.o(.bss)
    m_QueueUsbComTx                          0x20000360   Data          16  hw_config.o(.bss)
    m_UsbComRxBuf                            0x20000370   Data        1280  hw_config.o(.bss)
    m_UsbComTxBuf                            0x20000870   Data        1280  hw_config.o(.bss)
    .bss                                     0x20000d70   Section      128  usb_endp.o(.bss)
    txBuffter                                0x20000d70   Data          64  usb_endp.o(.bss)
    buffter                                  0x20000db0   Data          64  usb_endp.o(.bss)
    .bss                                     0x20000df0   Section       32  usb_pwr.o(.bss)
    .bss                                     0x20000e10   Section       28  usb_init.o(.bss)
    STACK                                    0x20000e30   Section     1024  startup_stm32f10x_md.o(STACK)

    Global Symbols

    Symbol Name                              Value     Ov Type        Size  Object(Section)

    BuildAttributes$$THM_ISAv4$P$D$K$B$S$PE$A:L22UL41UL21$X:L11$S22US41US21$IEEE1$IW$USESV6$~STKCKD$USESV7$~SHL$OTIME$ROPI$IEEEX$EBA8$MICROLIB$REQ8$PRES8$EABIv2 0x00000000   Number         0  anon$$obj.o ABSOLUTE
    __ARM_use_no_argv                        0x00000000   Number         0  main.o ABSOLUTE
    __cpp_initialize__aeabi_                  - Undefined Weak Reference
    __cxa_finalize                            - Undefined Weak Reference
    _clock_init                               - Undefined Weak Reference
    _microlib_exit                            - Undefined Weak Reference
    __Vectors_Size                           0x000000ec   Number         0  startup_stm32f10x_md.o ABSOLUTE
    __Vectors                                0x08000000   Data           4  startup_stm32f10x_md.o(RESET)
    __Vectors_End                            0x080000ec   Data           0  startup_stm32f10x_md.o(RESET)
    __main                                   0x080000ed   Thumb Code     0  entry.o(.ARM.Collect$$$$00000000)
    _main_stk                                0x080000ed   Thumb Code     0  entry2.o(.ARM.Collect$$$$00000001)
    _main_scatterload                        0x080000f1   Thumb Code     0  entry5.o(.ARM.Collect$$$$00000004)
    __main_after_scatterload                 0x080000f5   Thumb Code     0  entry5.o(.ARM.Collect$$$$00000004)
    _main_clock                              0x080000f5   Thumb Code     0  entry7b.o(.ARM.Collect$$$$00000008)
    _main_cpp_init                           0x080000f5   Thumb Code     0  entry8b.o(.ARM.Collect$$$$0000000A)
    _main_init                               0x080000f5   Thumb Code     0  entry9a.o(.ARM.Collect$$$$0000000B)
    __rt_final_cpp                           0x080000fd   Thumb Code     0  entry10a.o(.ARM.Collect$$$$0000000D)
    __rt_final_exit                          0x080000fd   Thumb Code     0  entry11a.o(.ARM.Collect$$$$0000000F)
    nrfReceiveResult                         0x08000101   Thumb Code   124  main.o(.text)
    main                                     0x0800017d   Thumb Code   686  main.o(.text)
    nrfTransmitResult                        0x0800042b   Thumb Code    46  main.o(.text)
    EXTI9_5_IRQHandler                       0x08000459   Thumb Code   342  main.o(.text)
    sysclockInit                             0x080005bd   Thumb Code   106  systeminit.o(.text)
    systickInit                              0x08000627   Thumb Code    76  systeminit.o(.text)
    ledInit                                  0x08000673   Thumb Code    72  systeminit.o(.text)
    TIM1_UP_IRQHandler                       0x080006c9   Thumb Code   114  system_loop.o(.text)
    systemLoopTim1Init                       0x0800073b   Thumb Code   112  system_loop.o(.text)
    invSqrt                                  0x080007d1   Thumb Code    86  imucal.o(.text)
    imuUpdate                                0x08000827   Thumb Code  1498  imucal.o(.text)
    imuUpdateWithMag                         0x08000e01   Thumb Code  2330  imucal.o(.text)
    pidControl                               0x0800171b   Thumb Code   170  imucal.o(.text)
    motorUpdate                              0x080017c5   Thumb Code   420  imucal.o(.text)
    delay_us                                 0x0800197d   Thumb Code    20  delay.o(.text)
    delay_ms                                 0x08001991   Thumb Code    26  delay.o(.text)
    cycleCounterInit                         0x080019ab   Thumb Code    26  delay.o(.text)
    SysTick_Handler                          0x080019c5   Thumb Code    28  delay.o(.text)
    currentTime                              0x080019e1   Thumb Code    38  delay.o(.text)
    delay_current_us                         0x08001a07   Thumb Code    24  delay.o(.text)
    delay_current_ms                         0x08001a1f   Thumb Code    34  delay.o(.text)
    delay_noInt_ms                           0x08001a41   Thumb Code    18  delay.o(.text)
    spi2NrfInit                              0x08001a65   Thumb Code   292  spinrf.o(.text)
    SPI_RW                                   0x08001b89   Thumb Code    50  spinrf.o(.text)
    NRF_Write_Buf                            0x08001bbb   Thumb Code    62  spinrf.o(.text)
    NRF_Read_Buf                             0x08001bf9   Thumb Code    74  spinrf.o(.text)
    NRF24L01_Check                           0x08001c43   Thumb Code    68  spinrf.o(.text)
    NRF_Write_Reg                            0x08001c87   Thumb Code    44  spinrf.o(.text)
    NRF_Read_Reg                             0x08001cb3   Thumb Code    42  spinrf.o(.text)
    MOTO_Init                                0x08001cf1   Thumb Code   168  pwm.o(.text)
    pwmInit                                  0x08001d99   Thumb Code    30  pwm.o(.text)
    motorPwmFlash                            0x08001db7   Thumb Code    96  pwm.o(.text)
    adcInit                                  0x08001e31   Thumb Code   178  adc.o(.text)
    adcGetChannelValue                       0x08001ee3   Thumb Code    46  adc.o(.text)
    adcBatteryConversion                     0x08001f11   Thumb Code    70  adc.o(.text)
    adcCurrentConversion                     0x08001f57   Thumb Code    98  adc.o(.text)
    mpu9250Init                              0x08001fcd   Thumb Code   144  mpu9250.o(.text)
    Get_MPU9250_ID                           0x0800205d   Thumb Code    12  mpu9250.o(.text)
    Get_AK8963_ID_Bypass                     0x08002069   Thumb Code    28  mpu9250.o(.text)
    MPU9250_Check                            0x08002085   Thumb Code    18  mpu9250.o(.text)
    AK8963_Check_Bypass                      0x08002097   Thumb Code    18  mpu9250.o(.text)
    READ_MPU9250_ACCEL_RAW                   0x080020a9   Thumb Code    66  mpu9250.o(.text)
    READ_MPU9250_GYRO_RAW                    0x080020eb   Thumb Code    66  mpu9250.o(.text)
    READ_MPU9250_TEMP_RAW                    0x0800212d   Thumb Code    32  mpu9250.o(.text)
    READ_MPU9250_Bypass_MAG_RAW              0x0800214d   Thumb Code    82  mpu9250.o(.text)
    MPU9250_OFFSET                           0x0800219f   Thumb Code     2  mpu9250.o(.text)
    MS5611_Reset                             0x080021a9   Thumb Code    32  ms5611.o(.text)
    ms5611Init                               0x080021c9   Thumb Code     8  ms5611.o(.text)
    MS5611_PROM_READ                         0x080021d1   Thumb Code   128  ms5611.o(.text)
    MS5611_SendCmd_StartConversionAndGetIt   0x08002251   Thumb Code   148  ms5611.o(.text)
    MS5611_GetTempture                       0x080022e5   Thumb Code    68  ms5611.o(.text)
    MS5611_GetPressure                       0x08002329   Thumb Code   406  ms5611.o(.text)
    MS5611_GetAltitude                       0x080024bf   Thumb Code   178  ms5611.o(.text)
    i2cInit                                  0x080025a5   Thumb Code    38  i2c.o(.text)
    I2C_Start                                0x080025cb   Thumb Code    92  i2c.o(.text)
    I2C_Stop                                 0x08002627   Thumb Code    60  i2c.o(.text)
    I2C_Ack                                  0x08002663   Thumb Code    60  i2c.o(.text)
    I2C_NoAck                                0x0800269f   Thumb Code    60  i2c.o(.text)
    I2C_WaitAck                              0x080026db   Thumb Code    80  i2c.o(.text)
    I2C_SendByte                             0x0800272b   Thumb Code    90  i2c.o(.text)
    I2C_ReceiveByte                          0x08002785   Thumb Code    86  i2c.o(.text)
    Single_Write                             0x080027db   Thumb Code    72  i2c.o(.text)
    Single_Read                              0x08002823   Thumb Code    80  i2c.o(.text)
    Multiple_Read                            0x08002873   Thumb Code   106  i2c.o(.text)
    Set_System                               0x080028e1   Thumb Code    94  hw_config.o(.text)
    Set_USBClock                             0x0800293f   Thumb Code    18  hw_config.o(.text)
    Enter_LowPowerMode                       0x08002951   Thumb Code     8  hw_config.o(.text)
    Leave_LowPowerMode                       0x08002959   Thumb Code    22  hw_config.o(.text)
    USB_Interrupts_Config                    0x0800296f   Thumb Code    66  hw_config.o(.text)
    USB_Cable_Config                         0x080029b1   Thumb Code    30  hw_config.o(.text)
    USB_Config                               0x080029cf   Thumb Code    20  hw_config.o(.text)
    USB_RxRead                               0x080029e3   Thumb Code    18  hw_config.o(.text)
    USB_RxWrite                              0x080029f5   Thumb Code    18  hw_config.o(.text)
    USB_TxRead                               0x08002a07   Thumb Code    18  hw_config.o(.text)
    USB_TxWrite                              0x08002a19   Thumb Code    18  hw_config.o(.text)
    Get_SerialNum                            0x08002a69   Thumb Code    42  hw_config.o(.text)
    EP1_IN_Callback                          0x08002abd   Thumb Code    66  usb_endp.o(.text)
    EP3_OUT_Callback                         0x08002aff   Thumb Code    28  usb_endp.o(.text)
    SOF_Callback                             0x08002b1b   Thumb Code    84  usb_endp.o(.text)
    USB_Istr                                 0x08002b85   Thumb Code   426  usb_istr.o(.text)
    Virtual_Com_Port_init                    0x08002d55   Thumb Code    30  usb_prop.o(.text)
    Virtual_Com_Port_Reset                   0x08002d73   Thumb Code   216  usb_prop.o(.text)
    Virtual_Com_Port_SetConfiguration        0x08002e4b   Thumb Code    14  usb_prop.o(.text)
    Virtual_Com_Port_SetDeviceAddress        0x08002e59   Thumb Code     8  usb_prop.o(.text)
    Virtual_Com_Port_Status_In               0x08002e61   Thumb Code    16  usb_prop.o(.text)
    Virtual_Com_Port_Status_Out              0x08002e71   Thumb Code     2  usb_prop.o(.text)
    Virtual_Com_Port_SetLineCoding           0x08002e73   Thumb Code    20  usb_prop.o(.text)
    Virtual_Com_Port_GetLineCoding           0x08002e87   Thumb Code    20  usb_prop.o(.text)
    Virtual_Com_Port_Data_Setup              0x08002e9b   Thumb Code    86  usb_prop.o(.text)
    Virtual_Com_Port_NoData_Setup            0x08002ef1   Thumb Code    36  usb_prop.o(.text)
    Virtual_Com_Port_GetDeviceDescriptor     0x08002f15   Thumb Code    14  usb_prop.o(.text)
    Virtual_Com_Port_GetConfigDescriptor     0x08002f23   Thumb Code    14  usb_prop.o(.text)
    Virtual_Com_Port_GetStringDescriptor     0x08002f31   Thumb Code    32  usb_prop.o(.text)
    Virtual_Com_Port_Get_Interface_Setting   0x08002f51   Thumb Code    22  usb_prop.o(.text)
    PowerOn                                  0x08002f91   Thumb Code    54  usb_pwr.o(.text)
    PowerOff                                 0x08002fc7   Thumb Code    28  usb_pwr.o(.text)
    Suspend                                  0x08002fe3   Thumb Code   238  usb_pwr.o(.text)
    Resume_Init                              0x080030d1   Thumb Code    30  usb_pwr.o(.text)
    Resume                                   0x080030ef   Thumb Code   194  usb_pwr.o(.text)
    USB_LP_CAN1_RX0_IRQHandler               0x080031d1   Thumb Code     8  usb_it.o(.text)
    USBWakeUp_IRQHandler                     0x080031d9   Thumb Code    12  usb_it.o(.text)
    QUEUE_PacketCreate                       0x080031e5   Thumb Code    14  queue.o(.text)
    QUEUE_PacketIn                           0x080031f3   Thumb Code    60  queue.o(.text)
    QUEUE_PacketOut                          0x0800322f   Thumb Code    58  queue.o(.text)
    QUEUE_PacketLengthGet                    0x08003269   Thumb Code    44  queue.o(.text)
    QUEUE_PacketStartEndDifferentCharSplit   0x08003295   Thumb Code   246  queue.o(.text)
    QUEUE_PacketStartEndCharSplit            0x0800338b   Thumb Code   270  queue.o(.text)
    QUEUE_PacketCharSplit                    0x08003499   Thumb Code   164  queue.o(.text)
    QUEUE_PacketDoubleEndCharSplit           0x0800353d   Thumb Code   180  queue.o(.text)
    QUEUE_StructCreate                       0x080035f1   Thumb Code    22  queue.o(.text)
    QUEUE_StructIn                           0x08003607   Thumb Code    80  queue.o(.text)
    QUEUE_StructOut                          0x08003657   Thumb Code    80  queue.o(.text)
    QUEUE_StructCountGet                     0x080036a7   Thumb Code    40  queue.o(.text)
    Standard_GetConfiguration                0x080036d1   Thumb Code    34  usb_core.o(.text)
    Standard_SetConfiguration                0x080036f3   Thumb Code    60  usb_core.o(.text)
    Standard_GetInterface                    0x0800372f   Thumb Code    34  usb_core.o(.text)
    Standard_SetInterface                    0x08003751   Thumb Code    96  usb_core.o(.text)
    Standard_GetStatus                       0x080037b1   Thumb Code   238  usb_core.o(.text)
    Standard_ClearFeature                    0x0800389f   Thumb Code   342  usb_core.o(.text)
    Standard_SetEndPointFeature              0x080039f5   Thumb Code   220  usb_core.o(.text)
    Standard_SetDeviceFeature                0x08003ad1   Thumb Code    30  usb_core.o(.text)
    Standard_GetDescriptorData               0x08003aef   Thumb Code    32  usb_core.o(.text)
    Post0_Process                            0x08004023   Thumb Code    54  usb_core.o(.text)
    Setup0_Process                           0x08004059   Thumb Code   170  usb_core.o(.text)
    SetDeviceAddress                         0x08004103   Thumb Code    70  usb_core.o(.text)
    In0_Process                              0x08004149   Thumb Code    98  usb_core.o(.text)
    Out0_Process                             0x080041ab   Thumb Code    70  usb_core.o(.text)
    NOP_Process                              0x080041f1   Thumb Code     2  usb_core.o(.text)
    USB_Init                                 0x08004221   Thumb Code    36  usb_init.o(.text)
    CTR_LP                                   0x0800425d   Thumb Code   616  usb_int.o(.text)
    CTR_HP                                   0x080044c5   Thumb Code   178  usb_int.o(.text)
    UserToPMABufferCopy                      0x08004599   Thumb Code    52  usb_mem.o(.text)
    PMAToUserBufferCopy                      0x080045cd   Thumb Code    34  usb_mem.o(.text)
    SetCNTR                                  0x080045f5   Thumb Code     6  usb_regs.o(.text)
    GetCNTR                                  0x080045fb   Thumb Code     8  usb_regs.o(.text)
    SetISTR                                  0x08004603   Thumb Code     8  usb_regs.o(.text)
    GetISTR                                  0x0800460b   Thumb Code    10  usb_regs.o(.text)
    GetFNR                                   0x08004615   Thumb Code    10  usb_regs.o(.text)
    SetDADDR                                 0x0800461f   Thumb Code     8  usb_regs.o(.text)
    GetDADDR                                 0x08004627   Thumb Code    10  usb_regs.o(.text)
    SetBTABLE                                0x08004631   Thumb Code    14  usb_regs.o(.text)
    GetBTABLE                                0x0800463f   Thumb Code    10  usb_regs.o(.text)
    SetENDPOINT                              0x08004649   Thumb Code    12  usb_regs.o(.text)
    GetENDPOINT                              0x08004655   Thumb Code    16  usb_regs.o(.text)
    SetEPType                                0x08004665   Thumb Code    32  usb_regs.o(.text)
    GetEPType                                0x08004685   Thumb Code    18  usb_regs.o(.text)
    SetEPTxStatus                            0x08004697   Thumb Code    60  usb_regs.o(.text)
    SetEPRxStatus                            0x080046d3   Thumb Code    60  usb_regs.o(.text)
    SetDouBleBuffEPStall                     0x0800470f   Thumb Code    54  usb_regs.o(.text)
    GetEPTxStatus                            0x08004745   Thumb Code    18  usb_regs.o(.text)
    GetEPRxStatus                            0x08004757   Thumb Code    18  usb_regs.o(.text)
    SetEPTxValid                             0x08004769   Thumb Code    48  usb_regs.o(.text)
    SetEPRxValid                             0x08004799   Thumb Code    48  usb_regs.o(.text)
    SetEP_KIND                               0x080047c9   Thumb Code    38  usb_regs.o(.text)
    ClearEP_KIND                             0x080047ef   Thumb Code    34  usb_regs.o(.text)
    Clear_Status_Out                         0x08004811   Thumb Code    34  usb_regs.o(.text)
    Set_Status_Out                           0x08004833   Thumb Code    38  usb_regs.o(.text)
    SetEPDoubleBuff                          0x08004859   Thumb Code    38  usb_regs.o(.text)
    ClearEPDoubleBuff                        0x0800487f   Thumb Code    34  usb_regs.o(.text)
    GetTxStallStatus                         0x080048a1   Thumb Code    28  usb_regs.o(.text)
    GetRxStallStatus                         0x080048bd   Thumb Code    30  usb_regs.o(.text)
    ClearEP_CTR_RX                           0x080048db   Thumb Code    32  usb_regs.o(.text)
    ClearEP_CTR_TX                           0x080048fb   Thumb Code    28  usb_regs.o(.text)
    ToggleDTOG_RX                            0x08004917   Thumb Code    34  usb_regs.o(.text)
    ToggleDTOG_TX                            0x08004939   Thumb Code    34  usb_regs.o(.text)
    ClearDTOG_RX                             0x0800495b   Thumb Code    48  usb_regs.o(.text)
    ClearDTOG_TX                             0x0800498b   Thumb Code    48  usb_regs.o(.text)
    SetEPAddress                             0x080049bb   Thumb Code    46  usb_regs.o(.text)
    GetEPAddress                             0x080049e9   Thumb Code    18  usb_regs.o(.text)
    SetEPTxAddr                              0x080049fb   Thumb Code    24  usb_regs.o(.text)
    SetEPRxAddr                              0x08004a13   Thumb Code    26  usb_regs.o(.text)
    GetEPTxAddr                              0x08004a2d   Thumb Code    22  usb_regs.o(.text)
    GetEPRxAddr                              0x08004a43   Thumb Code    24  usb_regs.o(.text)
    SetEPTxCount                             0x08004a5b   Thumb Code    20  usb_regs.o(.text)
    SetEPCountRxReg                          0x08004a6f   Thumb Code    48  usb_regs.o(.text)
    SetEPRxCount                             0x08004a9f   Thumb Code    68  usb_regs.o(.text)
    GetEPTxCount                             0x08004ae3   Thumb Code    26  usb_regs.o(.text)
    GetEPRxCount                             0x08004afd   Thumb Code    26  usb_regs.o(.text)
    SetEPDblBuffAddr                         0x08004b17   Thumb Code    44  usb_regs.o(.text)
    SetEPDblBuf0Addr                         0x08004b43   Thumb Code    24  usb_regs.o(.text)
    SetEPDblBuf1Addr                         0x08004b5b   Thumb Code    26  usb_regs.o(.text)
    GetEPDblBuf0Addr                         0x08004b75   Thumb Code    22  usb_regs.o(.text)
    GetEPDblBuf1Addr                         0x08004b8b   Thumb Code    24  usb_regs.o(.text)
    SetEPDblBuffCount                        0x08004ba3   Thumb Code   186  usb_regs.o(.text)
    SetEPDblBuf0Count                        0x08004c5d   Thumb Code    96  usb_regs.o(.text)
    SetEPDblBuf1Count                        0x08004cbd   Thumb Code    96  usb_regs.o(.text)
    GetEPDblBuf0Count                        0x08004d1d   Thumb Code    26  usb_regs.o(.text)
    GetEPDblBuf1Count                        0x08004d37   Thumb Code    26  usb_regs.o(.text)
    GetEPDblBufDir                           0x08004d51   Thumb Code    62  usb_regs.o(.text)
    FreeUserBuffer                           0x08004d8f   Thumb Code    90  usb_regs.o(.text)
    ToWord                                   0x08004de9   Thumb Code     8  usb_regs.o(.text)
    ByteSwap                                 0x08004df1   Thumb Code    12  usb_regs.o(.text)
    USB_SIL_Init                             0x08004dfd   Thumb Code    28  usb_sil.o(.text)
    USB_SIL_Write                            0x08004e19   Thumb Code    46  usb_sil.o(.text)
    USB_SIL_Read                             0x08004e47   Thumb Code    46  usb_sil.o(.text)
    ADC_DeInit                               0x08004e7d   Thumb Code    78  stm32f10x_adc.o(.text)
    ADC_Init                                 0x08004ecb   Thumb Code    70  stm32f10x_adc.o(.text)
    ADC_StructInit                           0x08004f11   Thumb Code    18  stm32f10x_adc.o(.text)
    ADC_Cmd                                  0x08004f23   Thumb Code    22  stm32f10x_adc.o(.text)
    ADC_DMACmd                               0x08004f39   Thumb Code    22  stm32f10x_adc.o(.text)
    ADC_ITConfig                             0x08004f4f   Thumb Code    24  stm32f10x_adc.o(.text)
    ADC_ResetCalibration                     0x08004f67   Thumb Code    10  stm32f10x_adc.o(.text)
    ADC_GetResetCalibrationStatus            0x08004f71   Thumb Code    20  stm32f10x_adc.o(.text)
    ADC_StartCalibration                     0x08004f85   Thumb Code    10  stm32f10x_adc.o(.text)
    ADC_GetCalibrationStatus                 0x08004f8f   Thumb Code    20  stm32f10x_adc.o(.text)
    ADC_SoftwareStartConvCmd                 0x08004fa3   Thumb Code    22  stm32f10x_adc.o(.text)
    ADC_GetSoftwareStartConvStatus           0x08004fb9   Thumb Code    20  stm32f10x_adc.o(.text)
    ADC_DiscModeChannelCountConfig           0x08004fcd   Thumb Code    24  stm32f10x_adc.o(.text)
    ADC_DiscModeCmd                          0x08004fe5   Thumb Code    22  stm32f10x_adc.o(.text)
    ADC_RegularChannelConfig                 0x08004ffb   Thumb Code   184  stm32f10x_adc.o(.text)
    ADC_ExternalTrigConvCmd                  0x080050b3   Thumb Code    22  stm32f10x_adc.o(.text)
    ADC_GetConversionValue                   0x080050c9   Thumb Code     8  stm32f10x_adc.o(.text)
    ADC_GetDualModeConversionValue           0x080050d1   Thumb Code     8  stm32f10x_adc.o(.text)
    ADC_AutoInjectedConvCmd                  0x080050d9   Thumb Code    22  stm32f10x_adc.o(.text)
    ADC_InjectedDiscModeCmd                  0x080050ef   Thumb Code    22  stm32f10x_adc.o(.text)
    ADC_ExternalTrigInjectedConvConfig       0x08005105   Thumb Code    16  stm32f10x_adc.o(.text)
    ADC_ExternalTrigInjectedConvCmd          0x08005115   Thumb Code    22  stm32f10x_adc.o(.text)
    ADC_SoftwareStartInjectedConvCmd         0x0800512b   Thumb Code    22  stm32f10x_adc.o(.text)
    ADC_GetSoftwareStartInjectedConvCmdStatus 0x08005141   Thumb Code    20  stm32f10x_adc.o(.text)
    ADC_InjectedChannelConfig                0x08005155   Thumb Code   130  stm32f10x_adc.o(.text)
    ADC_InjectedSequencerLengthConfig        0x080051d7   Thumb Code    24  stm32f10x_adc.o(.text)
    ADC_SetInjectedOffset                    0x080051ef   Thumb Code    20  stm32f10x_adc.o(.text)
    ADC_GetInjectedConversionValue           0x08005203   Thumb Code    28  stm32f10x_adc.o(.text)
    ADC_AnalogWatchdogCmd                    0x0800521f   Thumb Code    16  stm32f10x_adc.o(.text)
    ADC_AnalogWatchdogThresholdsConfig       0x0800522f   Thumb Code     6  stm32f10x_adc.o(.text)
    ADC_AnalogWatchdogSingleChannelConfig    0x08005235   Thumb Code    16  stm32f10x_adc.o(.text)
    ADC_TempSensorVrefintCmd                 0x08005245   Thumb Code    64  stm32f10x_adc.o(.text)
    ADC_GetFlagStatus                        0x08005285   Thumb Code    18  stm32f10x_adc.o(.text)
    ADC_ClearFlag                            0x08005297   Thumb Code     6  stm32f10x_adc.o(.text)
    ADC_GetITStatus                          0x0800529d   Thumb Code    36  stm32f10x_adc.o(.text)
    ADC_ClearITPendingBit                    0x080052c1   Thumb Code    10  stm32f10x_adc.o(.text)
    GPIO_DeInit                              0x080052cd   Thumb Code   172  stm32f10x_gpio.o(.text)
    GPIO_AFIODeInit                          0x08005379   Thumb Code    20  stm32f10x_gpio.o(.text)
    GPIO_Init                                0x0800538d   Thumb Code   278  stm32f10x_gpio.o(.text)
    GPIO_StructInit                          0x080054a3   Thumb Code    16  stm32f10x_gpio.o(.text)
    GPIO_ReadInputDataBit                    0x080054b3   Thumb Code    18  stm32f10x_gpio.o(.text)
    GPIO_ReadInputData                       0x080054c5   Thumb Code     8  stm32f10x_gpio.o(.text)
    GPIO_ReadOutputDataBit                   0x080054cd   Thumb Code    18  stm32f10x_gpio.o(.text)
    GPIO_ReadOutputData                      0x080054df   Thumb Code     8  stm32f10x_gpio.o(.text)
    GPIO_SetBits                             0x080054e7   Thumb Code     4  stm32f10x_gpio.o(.text)
    GPIO_ResetBits                           0x080054eb   Thumb Code     4  stm32f10x_gpio.o(.text)
    GPIO_WriteBit                            0x080054ef   Thumb Code    10  stm32f10x_gpio.o(.text)
    GPIO_Write                               0x080054f9   Thumb Code     4  stm32f10x_gpio.o(.text)
    GPIO_PinLockConfig                       0x080054fd   Thumb Code    18  stm32f10x_gpio.o(.text)
    GPIO_EventOutputConfig                   0x0800550f   Thumb Code    26  stm32f10x_gpio.o(.text)
    GPIO_EventOutputCmd                      0x08005529   Thumb Code     6  stm32f10x_gpio.o(.text)
    GPIO_PinRemapConfig                      0x0800552f   Thumb Code   138  stm32f10x_gpio.o(.text)
    GPIO_EXTILineConfig                      0x080055b9   Thumb Code    66  stm32f10x_gpio.o(.text)
    GPIO_ETH_MediaInterfaceConfig            0x080055fb   Thumb Code     8  stm32f10x_gpio.o(.text)
    RCC_DeInit                               0x08005629   Thumb Code    64  stm32f10x_rcc.o(.text)
    RCC_HSEConfig                            0x08005669   Thumb Code    70  stm32f10x_rcc.o(.text)
    RCC_GetFlagStatus                        0x080056af   Thumb Code    56  stm32f10x_rcc.o(.text)
    RCC_WaitForHSEStartUp                    0x080056e7   Thumb Code    56  stm32f10x_rcc.o(.text)
    RCC_AdjustHSICalibrationValue            0x0800571f   Thumb Code    20  stm32f10x_rcc.o(.text)
    RCC_HSICmd                               0x08005733   Thumb Code     6  stm32f10x_rcc.o(.text)
    RCC_PLLConfig                            0x08005739   Thumb Code    24  stm32f10x_rcc.o(.text)
    RCC_PLLCmd                               0x08005751   Thumb Code     6  stm32f10x_rcc.o(.text)
    RCC_SYSCLKConfig                         0x08005757   Thumb Code    18  stm32f10x_rcc.o(.text)
    RCC_GetSYSCLKSource                      0x08005769   Thumb Code    10  stm32f10x_rcc.o(.text)
    RCC_HCLKConfig                           0x08005773   Thumb Code    18  stm32f10x_rcc.o(.text)
    RCC_PCLK1Config                          0x08005785   Thumb Code    18  stm32f10x_rcc.o(.text)
    RCC_PCLK2Config                          0x08005797   Thumb Code    20  stm32f10x_rcc.o(.text)
    RCC_ITConfig                             0x080057ab   Thumb Code    26  stm32f10x_rcc.o(.text)
    RCC_USBCLKConfig                         0x080057c5   Thumb Code     8  stm32f10x_rcc.o(.text)
    RCC_ADCCLKConfig                         0x080057cd   Thumb Code    18  stm32f10x_rcc.o(.text)
    RCC_LSEConfig                            0x080057df   Thumb Code    50  stm32f10x_rcc.o(.text)
    RCC_LSICmd                               0x08005811   Thumb Code     6  stm32f10x_rcc.o(.text)
    RCC_RTCCLKConfig                         0x08005817   Thumb Code    12  stm32f10x_rcc.o(.text)
    RCC_RTCCLKCmd                            0x08005823   Thumb Code     8  stm32f10x_rcc.o(.text)
    RCC_GetClocksFreq                        0x0800582b   Thumb Code   192  stm32f10x_rcc.o(.text)
    RCC_AHBPeriphClockCmd                    0x080058eb   Thumb Code    26  stm32f10x_rcc.o(.text)
    RCC_APB2PeriphClockCmd                   0x08005905   Thumb Code    26  stm32f10x_rcc.o(.text)
    RCC_APB1PeriphClockCmd                   0x0800591f   Thumb Code    26  stm32f10x_rcc.o(.text)
    RCC_APB2PeriphResetCmd                   0x08005939   Thumb Code    26  stm32f10x_rcc.o(.text)
    RCC_APB1PeriphResetCmd                   0x08005953   Thumb Code    26  stm32f10x_rcc.o(.text)
    RCC_BackupResetCmd                       0x0800596d   Thumb Code     8  stm32f10x_rcc.o(.text)
    RCC_ClockSecuritySystemCmd               0x08005975   Thumb Code     6  stm32f10x_rcc.o(.text)
    RCC_MCOConfig                            0x0800597b   Thumb Code     6  stm32f10x_rcc.o(.text)
    RCC_ClearFlag                            0x08005981   Thumb Code    14  stm32f10x_rcc.o(.text)
    RCC_GetITStatus                          0x0800598f   Thumb Code    20  stm32f10x_rcc.o(.text)
    RCC_ClearITPendingBit                    0x080059a3   Thumb Code     6  stm32f10x_rcc.o(.text)
    SPI_I2S_DeInit                           0x080059cd   Thumb Code    76  stm32f10x_spi.o(.text)
    SPI_Init                                 0x08005a19   Thumb Code    60  stm32f10x_spi.o(.text)
    I2S_Init                                 0x08005a55   Thumb Code   226  stm32f10x_spi.o(.text)
    SPI_StructInit                           0x08005b37   Thumb Code    24  stm32f10x_spi.o(.text)
    I2S_StructInit                           0x08005b4f   Thumb Code    20  stm32f10x_spi.o(.text)
    SPI_Cmd                                  0x08005b63   Thumb Code    24  stm32f10x_spi.o(.text)
    I2S_Cmd                                  0x08005b7b   Thumb Code    24  stm32f10x_spi.o(.text)
    SPI_I2S_ITConfig                         0x08005b93   Thumb Code    32  stm32f10x_spi.o(.text)
    SPI_I2S_DMACmd                           0x08005bb3   Thumb Code    18  stm32f10x_spi.o(.text)
    SPI_I2S_SendData                         0x08005bc5   Thumb Code     4  stm32f10x_spi.o(.text)
    SPI_I2S_ReceiveData                      0x08005bc9   Thumb Code     6  stm32f10x_spi.o(.text)
    SPI_NSSInternalSoftwareConfig            0x08005bcf   Thumb Code    30  stm32f10x_spi.o(.text)
    SPI_SSOutputCmd                          0x08005bed   Thumb Code    24  stm32f10x_spi.o(.text)
    SPI_DataSizeConfig                       0x08005c05   Thumb Code    18  stm32f10x_spi.o(.text)
    SPI_TransmitCRC                          0x08005c17   Thumb Code    10  stm32f10x_spi.o(.text)
    SPI_CalculateCRC                         0x08005c21   Thumb Code    24  stm32f10x_spi.o(.text)
    SPI_GetCRC                               0x08005c39   Thumb Code    16  stm32f10x_spi.o(.text)
    SPI_GetCRCPolynomial                     0x08005c49   Thumb Code     6  stm32f10x_spi.o(.text)
    SPI_BiDirectionalLineConfig              0x08005c4f   Thumb Code    28  stm32f10x_spi.o(.text)
    SPI_I2S_GetFlagStatus                    0x08005c6b   Thumb Code    18  stm32f10x_spi.o(.text)
    SPI_I2S_ClearFlag                        0x08005c7d   Thumb Code     6  stm32f10x_spi.o(.text)
    SPI_I2S_GetITStatus                      0x08005c83   Thumb Code    52  stm32f10x_spi.o(.text)
    SPI_I2S_ClearITPendingBit                0x08005cb7   Thumb Code    20  stm32f10x_spi.o(.text)
    TIM_DeInit                               0x08005cd9   Thumb Code   424  stm32f10x_tim.o(.text)
    TIM_TimeBaseInit                         0x08005e81   Thumb Code   122  stm32f10x_tim.o(.text)
    TIM_OC1Init                              0x08005efb   Thumb Code   132  stm32f10x_tim.o(.text)
    TIM_OC2Init                              0x08005f7f   Thumb Code   154  stm32f10x_tim.o(.text)
    TIM_OC3Init                              0x08006019   Thumb Code   150  stm32f10x_tim.o(.text)
    TIM_OC4Init                              0x080060af   Thumb Code   182  stm32f10x_tim.o(.text)
    TIM_SetIC4Prescaler                      0x08006165   Thumb Code    26  stm32f10x_tim.o(.text)
    TIM_SetIC3Prescaler                      0x08006201   Thumb Code    18  stm32f10x_tim.o(.text)
    TIM_SetIC2Prescaler                      0x0800628d   Thumb Code    26  stm32f10x_tim.o(.text)
    TIM_SetIC1Prescaler                      0x08006329   Thumb Code    18  stm32f10x_tim.o(.text)
    TIM_ICInit                               0x080063a7   Thumb Code   150  stm32f10x_tim.o(.text)
    TIM_PWMIConfig                           0x0800643d   Thumb Code   124  stm32f10x_tim.o(.text)
    TIM_BDTRConfig                           0x080064b9   Thumb Code    32  stm32f10x_tim.o(.text)
    TIM_TimeBaseStructInit                   0x080064d9   Thumb Code    18  stm32f10x_tim.o(.text)
    TIM_OCStructInit                         0x080064eb   Thumb Code    20  stm32f10x_tim.o(.text)
    TIM_ICStructInit                         0x080064ff   Thumb Code    18  stm32f10x_tim.o(.text)
    TIM_BDTRStructInit                       0x08006511   Thumb Code    40  stm32f10x_tim.o(.text)
    TIM_Cmd                                  0x08006539   Thumb Code    24  stm32f10x_tim.o(.text)
    TIM_CtrlPWMOutputs                       0x08006551   Thumb Code    30  stm32f10x_tim.o(.text)
    TIM_ITConfig                             0x0800656f   Thumb Code    18  stm32f10x_tim.o(.text)
    TIM_GenerateEvent                        0x08006581   Thumb Code     4  stm32f10x_tim.o(.text)
    TIM_DMAConfig                            0x08006585   Thumb Code    10  stm32f10x_tim.o(.text)
    TIM_DMACmd                               0x0800658f   Thumb Code    18  stm32f10x_tim.o(.text)
    TIM_InternalClockConfig                  0x080065a1   Thumb Code    12  stm32f10x_tim.o(.text)
    TIM_SelectInputTrigger                   0x080065ad   Thumb Code    18  stm32f10x_tim.o(.text)
    TIM_ITRxExternalClockConfig              0x080065bf   Thumb Code    24  stm32f10x_tim.o(.text)
    TIM_TIxExternalClockConfig               0x080065d7   Thumb Code    62  stm32f10x_tim.o(.text)
    TIM_ETRConfig                            0x08006615   Thumb Code    28  stm32f10x_tim.o(.text)
    TIM_ETRClockMode1Config                  0x08006631   Thumb Code    54  stm32f10x_tim.o(.text)
    TIM_ETRClockMode2Config                  0x08006667   Thumb Code    32  stm32f10x_tim.o(.text)
    TIM_PrescalerConfig                      0x08006687   Thumb Code     6  stm32f10x_tim.o(.text)
    TIM_CounterModeConfig                    0x0800668d   Thumb Code    18  stm32f10x_tim.o(.text)
    TIM_EncoderInterfaceConfig               0x0800669f   Thumb Code    66  stm32f10x_tim.o(.text)
    TIM_ForcedOC1Config                      0x080066e1   Thumb Code    18  stm32f10x_tim.o(.text)
    TIM_ForcedOC2Config                      0x080066f3   Thumb Code    26  stm32f10x_tim.o(.text)
    TIM_ForcedOC3Config                      0x0800670d   Thumb Code    18  stm32f10x_tim.o(.text)
    TIM_ForcedOC4Config                      0x0800671f   Thumb Code    26  stm32f10x_tim.o(.text)
    TIM_ARRPreloadConfig                     0x08006739   Thumb Code    24  stm32f10x_tim.o(.text)
    TIM_SelectCOM                            0x08006751   Thumb Code    24  stm32f10x_tim.o(.text)
    TIM_SelectCCDMA                          0x08006769   Thumb Code    24  stm32f10x_tim.o(.text)
    TIM_CCPreloadControl                     0x08006781   Thumb Code    24  stm32f10x_tim.o(.text)
    TIM_OC1PreloadConfig                     0x08006799   Thumb Code    18  stm32f10x_tim.o(.text)
    TIM_OC2PreloadConfig                     0x080067ab   Thumb Code    26  stm32f10x_tim.o(.text)
    TIM_OC3PreloadConfig                     0x080067c5   Thumb Code    18  stm32f10x_tim.o(.text)
    TIM_OC4PreloadConfig                     0x080067d7   Thumb Code    26  stm32f10x_tim.o(.text)
    TIM_OC1FastConfig                        0x080067f1   Thumb Code    18  stm32f10x_tim.o(.text)
    TIM_OC2FastConfig                        0x08006803   Thumb Code    26  stm32f10x_tim.o(.text)
    TIM_OC3FastConfig                        0x0800681d   Thumb Code    18  stm32f10x_tim.o(.text)
    TIM_OC4FastConfig                        0x0800682f   Thumb Code    26  stm32f10x_tim.o(.text)
    TIM_ClearOC1Ref                          0x08006849   Thumb Code    18  stm32f10x_tim.o(.text)
    TIM_ClearOC2Ref                          0x0800685b   Thumb Code    24  stm32f10x_tim.o(.text)
    TIM_ClearOC3Ref                          0x08006873   Thumb Code    18  stm32f10x_tim.o(.text)
    TIM_ClearOC4Ref                          0x08006885   Thumb Code    24  stm32f10x_tim.o(.text)
    TIM_OC1PolarityConfig                    0x0800689d   Thumb Code    18  stm32f10x_tim.o(.text)
    TIM_OC1NPolarityConfig                   0x080068af   Thumb Code    18  stm32f10x_tim.o(.text)
    TIM_OC2PolarityConfig                    0x080068c1   Thumb Code    26  stm32f10x_tim.o(.text)
    TIM_OC2NPolarityConfig                   0x080068db   Thumb Code    26  stm32f10x_tim.o(.text)
    TIM_OC3PolarityConfig                    0x080068f5   Thumb Code    26  stm32f10x_tim.o(.text)
    TIM_OC3NPolarityConfig                   0x0800690f   Thumb Code    26  stm32f10x_tim.o(.text)
    TIM_OC4PolarityConfig                    0x08006929   Thumb Code    26  stm32f10x_tim.o(.text)
    TIM_CCxCmd                               0x08006943   Thumb Code    30  stm32f10x_tim.o(.text)
    TIM_CCxNCmd                              0x08006961   Thumb Code    30  stm32f10x_tim.o(.text)
    TIM_SelectOCxM                           0x0800697f   Thumb Code    82  stm32f10x_tim.o(.text)
    TIM_UpdateDisableConfig                  0x080069d1   Thumb Code    24  stm32f10x_tim.o(.text)
    TIM_UpdateRequestConfig                  0x080069e9   Thumb Code    24  stm32f10x_tim.o(.text)
    TIM_SelectHallSensor                     0x08006a01   Thumb Code    24  stm32f10x_tim.o(.text)
    TIM_SelectOnePulseMode                   0x08006a19   Thumb Code    18  stm32f10x_tim.o(.text)
    TIM_SelectOutputTrigger                  0x08006a2b   Thumb Code    18  stm32f10x_tim.o(.text)
    TIM_SelectSlaveMode                      0x08006a3d   Thumb Code    18  stm32f10x_tim.o(.text)
    TIM_SelectMasterSlaveMode                0x08006a4f   Thumb Code    18  stm32f10x_tim.o(.text)
    TIM_SetCounter                           0x08006a61   Thumb Code     4  stm32f10x_tim.o(.text)
    TIM_SetAutoreload                        0x08006a65   Thumb Code     4  stm32f10x_tim.o(.text)
    TIM_SetCompare1                          0x08006a69   Thumb Code     4  stm32f10x_tim.o(.text)
    TIM_SetCompare2                          0x08006a6d   Thumb Code     4  stm32f10x_tim.o(.text)
    TIM_SetCompare3                          0x08006a71   Thumb Code     4  stm32f10x_tim.o(.text)
    TIM_SetCompare4                          0x08006a75   Thumb Code     6  stm32f10x_tim.o(.text)
    TIM_SetClockDivision                     0x08006a7b   Thumb Code    18  stm32f10x_tim.o(.text)
    TIM_GetCapture1                          0x08006a8d   Thumb Code     6  stm32f10x_tim.o(.text)
    TIM_GetCapture2                          0x08006a93   Thumb Code     6  stm32f10x_tim.o(.text)
    TIM_GetCapture3                          0x08006a99   Thumb Code     6  stm32f10x_tim.o(.text)
    TIM_GetCapture4                          0x08006a9f   Thumb Code     8  stm32f10x_tim.o(.text)
    TIM_GetCounter                           0x08006aa7   Thumb Code     6  stm32f10x_tim.o(.text)
    TIM_GetPrescaler                         0x08006aad   Thumb Code     6  stm32f10x_tim.o(.text)
    TIM_GetFlagStatus                        0x08006ab3   Thumb Code    18  stm32f10x_tim.o(.text)
    TIM_ClearFlag                            0x08006ac5   Thumb Code     6  stm32f10x_tim.o(.text)
    TIM_GetITStatus                          0x08006acb   Thumb Code    34  stm32f10x_tim.o(.text)
    TIM_ClearITPendingBit                    0x08006aed   Thumb Code     6  stm32f10x_tim.o(.text)
    Reset_Handler                            0x08006af5   Thumb Code     8  startup_stm32f10x_md.o(.text)
    NMI_Handler                              0x08006afd   Thumb Code     2  startup_stm32f10x_md.o(.text)
    HardFault_Handler                        0x08006aff   Thumb Code     2  startup_stm32f10x_md.o(.text)
    MemManage_Handler                        0x08006b01   Thumb Code     2  startup_stm32f10x_md.o(.text)
    BusFault_Handler                         0x08006b03   Thumb Code     2  startup_stm32f10x_md.o(.text)
    UsageFault_Handler                       0x08006b05   Thumb Code     2  startup_stm32f10x_md.o(.text)
    SVC_Handler                              0x08006b07   Thumb Code     2  startup_stm32f10x_md.o(.text)
    DebugMon_Handler                         0x08006b09   Thumb Code     2  startup_stm32f10x_md.o(.text)
    PendSV_Handler                           0x08006b0b   Thumb Code     2  startup_stm32f10x_md.o(.text)
    ADC1_2_IRQHandler                        0x08006b0f   Thumb Code     0  startup_stm32f10x_md.o(.text)
    CAN1_RX1_IRQHandler                      0x08006b0f   Thumb Code     0  startup_stm32f10x_md.o(.text)
    CAN1_SCE_IRQHandler                      0x08006b0f   Thumb Code     0  startup_stm32f10x_md.o(.text)
    DMA1_Channel1_IRQHandler                 0x08006b0f   Thumb Code     0  startup_stm32f10x_md.o(.text)
    DMA1_Channel2_IRQHandler                 0x08006b0f   Thumb Code     0  startup_stm32f10x_md.o(.text)
    DMA1_Channel3_IRQHandler                 0x08006b0f   Thumb Code     0  startup_stm32f10x_md.o(.text)
    DMA1_Channel4_IRQHandler                 0x08006b0f   Thumb Code     0  startup_stm32f10x_md.o(.text)
    DMA1_Channel5_IRQHandler                 0x08006b0f   Thumb Code     0  startup_stm32f10x_md.o(.text)
    DMA1_Channel6_IRQHandler                 0x08006b0f   Thumb Code     0  startup_stm32f10x_md.o(.text)
    DMA1_Channel7_IRQHandler                 0x08006b0f   Thumb Code     0  startup_stm32f10x_md.o(.text)
    EXTI0_IRQHandler                         0x08006b0f   Thumb Code     0  startup_stm32f10x_md.o(.text)
    EXTI15_10_IRQHandler                     0x08006b0f   Thumb Code     0  startup_stm32f10x_md.o(.text)
    EXTI1_IRQHandler                         0x08006b0f   Thumb Code     0  startup_stm32f10x_md.o(.text)
    EXTI2_IRQHandler                         0x08006b0f   Thumb Code     0  startup_stm32f10x_md.o(.text)
    EXTI3_IRQHandler                         0x08006b0f   Thumb Code     0  startup_stm32f10x_md.o(.text)
    EXTI4_IRQHandler                         0x08006b0f   Thumb Code     0  startup_stm32f10x_md.o(.text)
    FLASH_IRQHandler                         0x08006b0f   Thumb Code     0  startup_stm32f10x_md.o(.text)
    I2C1_ER_IRQHandler                       0x08006b0f   Thumb Code     0  startup_stm32f10x_md.o(.text)
    I2C1_EV_IRQHandler                       0x08006b0f   Thumb Code     0  startup_stm32f10x_md.o(.text)
    I2C2_ER_IRQHandler                       0x08006b0f   Thumb Code     0  startup_stm32f10x_md.o(.text)
    I2C2_EV_IRQHandler                       0x08006b0f   Thumb Code     0  startup_stm32f10x_md.o(.text)
    PVD_IRQHandler                           0x08006b0f   Thumb Code     0  startup_stm32f10x_md.o(.text)
    RCC_IRQHandler                           0x08006b0f   Thumb Code     0  startup_stm32f10x_md.o(.text)
    RTCAlarm_IRQHandler                      0x08006b0f   Thumb Code     0  startup_stm32f10x_md.o(.text)
    RTC_IRQHandler                           0x08006b0f   Thumb Code     0  startup_stm32f10x_md.o(.text)
    SPI1_IRQHandler                          0x08006b0f   Thumb Code     0  startup_stm32f10x_md.o(.text)
    SPI2_IRQHandler                          0x08006b0f   Thumb Code     0  startup_stm32f10x_md.o(.text)
    TAMPER_IRQHandler                        0x08006b0f   Thumb Code     0  startup_stm32f10x_md.o(.text)
    TIM1_BRK_IRQHandler                      0x08006b0f   Thumb Code     0  startup_stm32f10x_md.o(.text)
    TIM1_CC_IRQHandler                       0x08006b0f   Thumb Code     0  startup_stm32f10x_md.o(.text)
    TIM1_TRG_COM_IRQHandler                  0x08006b0f   Thumb Code     0  startup_stm32f10x_md.o(.text)
    TIM2_IRQHandler                          0x08006b0f   Thumb Code     0  startup_stm32f10x_md.o(.text)
    TIM3_IRQHandler                          0x08006b0f   Thumb Code     0  startup_stm32f10x_md.o(.text)
    TIM4_IRQHandler                          0x08006b0f   Thumb Code     0  startup_stm32f10x_md.o(.text)
    USART1_IRQHandler                        0x08006b0f   Thumb Code     0  startup_stm32f10x_md.o(.text)
    USART2_IRQHandler                        0x08006b0f   Thumb Code     0  startup_stm32f10x_md.o(.text)
    USART3_IRQHandler                        0x08006b0f   Thumb Code     0  startup_stm32f10x_md.o(.text)
    USB_HP_CAN1_TX_IRQHandler                0x08006b0f   Thumb Code     0  startup_stm32f10x_md.o(.text)
    WWDG_IRQHandler                          0x08006b0f   Thumb Code     0  startup_stm32f10x_md.o(.text)
    SystemInit                               0x08006bf7   Thumb Code    78  system_stm32f10x.o(.text)
    SystemCoreClockUpdate                    0x08006c45   Thumb Code   142  system_stm32f10x.o(.text)
    FLASH_SetLatency                         0x08006cf9   Thumb Code    18  stm32f10x_flash.o(.text)
    FLASH_HalfCycleAccessCmd                 0x08006d0b   Thumb Code    22  stm32f10x_flash.o(.text)
    FLASH_PrefetchBufferCmd                  0x08006d21   Thumb Code    22  stm32f10x_flash.o(.text)
    FLASH_Unlock                             0x08006d37   Thumb Code    12  stm32f10x_flash.o(.text)
    FLASH_UnlockBank1                        0x08006d43   Thumb Code    12  stm32f10x_flash.o(.text)
    FLASH_Lock                               0x08006d4f   Thumb Code    14  stm32f10x_flash.o(.text)
    FLASH_LockBank1                          0x08006d5d   Thumb Code    14  stm32f10x_flash.o(.text)
    FLASH_GetBank1Status                     0x08006d6b   Thumb Code    48  stm32f10x_flash.o(.text)
    FLASH_WaitForLastOperation               0x08006d9b   Thumb Code    38  stm32f10x_flash.o(.text)
    FLASH_ErasePage                          0x08006dc1   Thumb Code    72  stm32f10x_flash.o(.text)
    FLASH_EraseAllPages                      0x08006e09   Thumb Code    68  stm32f10x_flash.o(.text)
    FLASH_WaitForLastBank1Operation          0x08006e4d   Thumb Code    38  stm32f10x_flash.o(.text)
    FLASH_EraseAllBank1Pages                 0x08006e73   Thumb Code    68  stm32f10x_flash.o(.text)
    FLASH_GetReadOutProtectionStatus         0x08006eb7   Thumb Code    20  stm32f10x_flash.o(.text)
    FLASH_EraseOptionBytes                   0x08006ecb   Thumb Code   150  stm32f10x_flash.o(.text)
    FLASH_ProgramWord                        0x08006f61   Thumb Code   102  stm32f10x_flash.o(.text)
    FLASH_ProgramHalfWord                    0x08006fc7   Thumb Code    60  stm32f10x_flash.o(.text)
    FLASH_ProgramOptionByteData              0x08007003   Thumb Code    72  stm32f10x_flash.o(.text)
    FLASH_EnableWriteProtection              0x0800704b   Thumb Code   200  stm32f10x_flash.o(.text)
    FLASH_ReadOutProtection                  0x08007113   Thumb Code   156  stm32f10x_flash.o(.text)
    FLASH_UserOptionByteConfig               0x080071af   Thumb Code    88  stm32f10x_flash.o(.text)
    FLASH_GetUserOptionByte                  0x08007207   Thumb Code     8  stm32f10x_flash.o(.text)
    FLASH_GetWriteProtectionOptionByte       0x0800720f   Thumb Code     6  stm32f10x_flash.o(.text)
    FLASH_GetPrefetchBufferStatus            0x08007215   Thumb Code    20  stm32f10x_flash.o(.text)
    FLASH_ITConfig                           0x08007229   Thumb Code    26  stm32f10x_flash.o(.text)
    FLASH_GetFlagStatus                      0x08007243   Thumb Code    42  stm32f10x_flash.o(.text)
    FLASH_ClearFlag                          0x0800726d   Thumb Code     6  stm32f10x_flash.o(.text)
    FLASH_GetStatus                          0x08007273   Thumb Code    48  stm32f10x_flash.o(.text)
    EXTI_DeInit                              0x080072b5   Thumb Code    28  stm32f10x_exti.o(.text)
    EXTI_Init                                0x080072d1   Thumb Code   142  stm32f10x_exti.o(.text)
    EXTI_StructInit                          0x0800735f   Thumb Code    16  stm32f10x_exti.o(.text)
    EXTI_GenerateSWInterrupt                 0x0800736f   Thumb Code    16  stm32f10x_exti.o(.text)
    EXTI_GetFlagStatus                       0x0800737f   Thumb Code    22  stm32f10x_exti.o(.text)
    EXTI_ClearFlag                           0x08007395   Thumb Code     8  stm32f10x_exti.o(.text)
    EXTI_GetITStatus                         0x0800739d   Thumb Code    34  stm32f10x_exti.o(.text)
    EXTI_ClearITPendingBit                   0x080073bf   Thumb Code     8  stm32f10x_exti.o(.text)
    NVIC_PriorityGroupConfig                 0x080073d1   Thumb Code    10  misc.o(.text)
    NVIC_Init                                0x080073db   Thumb Code   100  misc.o(.text)
    NVIC_SetVectorTable                      0x0800743f   Thumb Code    14  misc.o(.text)
    NVIC_SystemLPConfig                      0x0800744d   Thumb Code    34  misc.o(.text)
    SysTick_CLKSourceConfig                  0x0800746f   Thumb Code    40  misc.o(.text)
    __aeabi_memcpy                           0x080074ad   Thumb Code    36  memcpya.o(.text)
    __aeabi_memcpy4                          0x080074ad   Thumb Code     0  memcpya.o(.text)
    __aeabi_memcpy8                          0x080074ad   Thumb Code     0  memcpya.o(.text)
    __aeabi_fadd                             0x080074d1   Thumb Code   164  fadd.o(.text)
    __aeabi_fsub                             0x08007575   Thumb Code     6  fadd.o(.text)
    __aeabi_frsub                            0x0800757b   Thumb Code     6  fadd.o(.text)
    __aeabi_fmul                             0x08007581   Thumb Code   100  fmul.o(.text)
    __aeabi_fdiv                             0x080075e5   Thumb Code   124  fdiv.o(.text)
    __aeabi_dadd                             0x08007661   Thumb Code   322  dadd.o(.text)
    __aeabi_dsub                             0x080077a3   Thumb Code     6  dadd.o(.text)
    __aeabi_drsub                            0x080077a9   Thumb Code     6  dadd.o(.text)
    __aeabi_dmul                             0x080077af   Thumb Code   228  dmul.o(.text)
    __aeabi_ddiv                             0x08007893   Thumb Code   222  ddiv.o(.text)
    __aeabi_i2f                              0x08007971   Thumb Code    18  fflti.o(.text)
    __aeabi_ui2f                             0x08007983   Thumb Code    10  ffltui.o(.text)
    __aeabi_l2f                              0x0800798d   Thumb Code    44  ffltl.o(.text)
    __aeabi_i2d                              0x080079b9   Thumb Code    34  dflti.o(.text)
    __aeabi_ui2d                             0x080079db   Thumb Code    26  dfltui.o(.text)
    __aeabi_f2uiz                            0x080079f5   Thumb Code    40  ffixui.o(.text)
    __aeabi_d2uiz                            0x08007a1d   Thumb Code    50  dfixui.o(.text)
    __aeabi_f2d                              0x08007a4f   Thumb Code    38  f2d.o(.text)
    __aeabi_d2f                              0x08007a75   Thumb Code    56  d2f.o(.text)
    __aeabi_cfcmpeq                          0x08007aad   Thumb Code     0  cfcmple.o(.text)
    __aeabi_cfcmple                          0x08007aad   Thumb Code    20  cfcmple.o(.text)
    __aeabi_cfrcmple                         0x08007ac1   Thumb Code    20  cfrcmple.o(.text)
    __aeabi_llsl                             0x08007ad5   Thumb Code    30  llshl.o(.text)
    _ll_shift_l                              0x08007ad5   Thumb Code     0  llshl.o(.text)
    __aeabi_llsr                             0x08007af3   Thumb Code    32  llushr.o(.text)
    _ll_ushift_r                             0x08007af3   Thumb Code     0  llushr.o(.text)
    __aeabi_lasr                             0x08007b13   Thumb Code    36  llsshr.o(.text)
    _ll_sshift_r                             0x08007b13   Thumb Code     0  llsshr.o(.text)
    __I$use$fp                               0x08007b37   Thumb Code     0  iusefp.o(.text)
    _float_round                             0x08007b37   Thumb Code    18  fepilogue.o(.text)
    _float_epilogue                          0x08007b49   Thumb Code    92  fepilogue.o(.text)
    _double_round                            0x08007ba5   Thumb Code    26  depilogue.o(.text)
    _double_epilogue                         0x08007bbf   Thumb Code   156  depilogue.o(.text)
    __ARM_scalbn                             0x08007c5b   Thumb Code    46  dscalb.o(.text)
    scalbn                                   0x08007c5b   Thumb Code     0  dscalb.o(.text)
    _dsqrt                                   0x08007c89   Thumb Code   162  dsqrt.o(.text)
    __aeabi_cdrcmple                         0x08007d2d   Thumb Code    38  cdrcmple.o(.text)
    __scatterload                            0x08007d55   Thumb Code    28  init.o(.text)
    __scatterload_rt2                        0x08007d55   Thumb Code     0  init.o(.text)
    __ARM_scalbnf                            0x08007d79   Thumb Code    24  fscalb.o(.text)
    scalbnf                                  0x08007d79   Thumb Code     0  fscalb.o(.text)
    __decompress                             0x08007d91   Thumb Code     0  __dczerorl2.o(.text)
    __decompress1                            0x08007d91   Thumb Code    86  __dczerorl2.o(.text)
    __ARM_fpclassify                         0x08007de7   Thumb Code    40  fpclassify.o(i.__ARM_fpclassify)
    __ARM_fpclassifyf                        0x08007e0f   Thumb Code    38  fpclassifyf.o(i.__ARM_fpclassifyf)
    __kernel_poly                            0x08007e35   Thumb Code   170  poly.o(i.__kernel_poly)
    __mathlib_dbl_underflow                  0x08007ee1   Thumb Code    10  dunder.o(i.__mathlib_dbl_underflow)
    __mathlib_flt_underflow                  0x08007ef1   Thumb Code    10  funder.o(i.__mathlib_flt_underflow)
    __scatterload_copy                       0x08007efb   Thumb Code    14  handlers.o(i.__scatterload_copy)
    __scatterload_null                       0x08007f09   Thumb Code     2  handlers.o(i.__scatterload_null)
    __scatterload_zeroinit                   0x08007f0b   Thumb Code    14  handlers.o(i.__scatterload_zeroinit)
    __set_errno                              0x08007f19   Thumb Code     6  errno.o(i.__set_errno)
    asin                                     0x08007f25   Thumb Code   584  asin.o(i.asin)
    atan                                     0x080081a1   Thumb Code   478  atan.o(i.atan)
    atan2                                    0x080083c5   Thumb Code   346  atan2.o(i.atan2)
    atan2f                                   0x08008545   Thumb Code   528  atan2f.o(i.atan2f)
    pow                                      0x080087a1   Thumb Code  2510  pow.o(i.pow)
    sqrt                                     0x08009181   Thumb Code    76  sqrt.o(i.sqrt)
    Virtual_Com_Port_DeviceDescriptor        0x0800925c   Data          18  usb_desc.o(.constdata)
    Virtual_Com_Port_ConfigDescriptor        0x0800926e   Data          67  usb_desc.o(.constdata)
    Virtual_Com_Port_StringLangID            0x080092b1   Data           4  usb_desc.o(.constdata)
    Virtual_Com_Port_StringVendor            0x080092b5   Data          24  usb_desc.o(.constdata)
    Virtual_Com_Port_StringProduct           0x080092cd   Data          38  usb_desc.o(.constdata)
    __mathlib_zero                           0x08009468   Data           8  qnan.o(.constdata)
    Region$$Table$$Base                      0x08009470   Number         0  anon$$obj.o(Region$$Table)
    Region$$Table$$Limit                     0x08009490   Number         0  anon$$obj.o(Region$$Table)
    magStatus                                0x20000000   Data           1  main.o(.data)
    presStatus                               0x20000001   Data           1  main.o(.data)
    txFailCount                              0x20000002   Data           1  main.o(.data)
    rxFailCount                              0x20000003   Data           1  main.o(.data)
    NrfState                                 0x20000004   Data           1  main.o(.data)
    RX_ADDRESS                               0x20000005   Data           5  main.o(.data)
    TX_ADDRESS                               0x2000000a   Data           5  main.o(.data)
    lostControlFlag                          0x2000000f   Data           1  main.o(.data)
    timeOutMaxFlag                           0x20000010   Data           1  main.o(.data)
    ACCELDATA                                0x20000012   Data           6  main.o(.data)
    GYRODATA                                 0x20000018   Data           6  main.o(.data)
    MAGDATA                                  0x2000001e   Data           6  main.o(.data)
    BBCom                                    0x20000038   Data          36  systeminit.o(.data)
    BBMess                                   0x2000005c   Data          32  systeminit.o(.data)
    radioFlag                                0x2000007c   Data           1  system_loop.o(.data)
    attitudeUpdateFlag                       0x2000007d   Data           1  system_loop.o(.data)
    rxTimeOutFlag                            0x2000007e   Data           1  system_loop.o(.data)
    batteryCheckFlag                         0x2000007f   Data           1  system_loop.o(.data)
    radioPeriodCount                         0x20000080   Data           2  system_loop.o(.data)
    attitudeUpdatePeriodCount                0x20000082   Data           2  system_loop.o(.data)
    rxTimeOutCount                           0x20000084   Data           2  system_loop.o(.data)
    batteryCheckCount                        0x20000086   Data           2  system_loop.o(.data)
    TimingDelay                              0x200000a4   Data           4  delay.o(.data)
    sysTickUptime                            0x200000ac   Data           4  delay.o(.data)
    HSEStartUpStatus                         0x200000b4   Data           1  hw_config.o(.data)
    EXTI_InitStructure                       0x200000b8   Data           8  hw_config.o(.data)
    Virtual_Com_Port_StringSerial            0x200000c0   Data          38  usb_desc.o(.data)
    wIstr                                    0x200000f0   Data           2  usb_istr.o(.data)
    bIntPackSOF                              0x200000f2   Data           1  usb_istr.o(.data)
    esof_counter                             0x200000f4   Data           4  usb_istr.o(.data)
    wCNTR                                    0x200000f8   Data           4  usb_istr.o(.data)
    pEpInt_IN                                0x200000fc   Data          28  usb_istr.o(.data)
    pEpInt_OUT                               0x20000118   Data          28  usb_istr.o(.data)
    Request                                  0x20000134   Data           1  usb_prop.o(.data)
    linecoding                               0x20000138   Data           8  usb_prop.o(.data)
    Device_Table                             0x20000140   Data           2  usb_prop.o(.data)
    Device_Property                          0x20000144   Data          48  usb_prop.o(.data)
    User_Standard_Requests                   0x20000174   Data          36  usb_prop.o(.data)
    Device_Descriptor                        0x20000198   Data           8  usb_prop.o(.data)
    Config_Descriptor                        0x200001a0   Data           8  usb_prop.o(.data)
    String_Descriptor                        0x200001a8   Data          32  usb_prop.o(.data)
    bDeviceState                             0x200001c8   Data           4  usb_pwr.o(.data)
    fSuspendEnabled                          0x200001cc   Data           1  usb_pwr.o(.data)
    ResumeS                                  0x200001cd   Data           2  usb_pwr.o(.data)
    remotewakeupon                           0x200001d0   Data           4  usb_pwr.o(.data)
    StatusInfo                               0x200001d4   Data           2  usb_core.o(.data)
    Data_Mul_MaxPacketSize                   0x200001d6   Data           1  usb_core.o(.data)
    EPindex                                  0x200001d8   Data           1  usb_init.o(.data)
    pInformation                             0x200001dc   Data           4  usb_init.o(.data)
    pProperty                                0x200001e0   Data           4  usb_init.o(.data)
    SaveState                                0x200001e4   Data           2  usb_init.o(.data)
    wInterrupt_Mask                          0x200001e6   Data           2  usb_init.o(.data)
    pUser_Standard_Requests                  0x200001e8   Data           4  usb_init.o(.data)
    SaveRState                               0x200001ec   Data           2  usb_int.o(.data)
    SaveTState                               0x200001ee   Data           2  usb_int.o(.data)
    SystemCoreClock                          0x20000204   Data           4  system_stm32f10x.o(.data)
    AHBPrescTable                            0x20000208   Data          16  system_stm32f10x.o(.data)
    NRF_RXBUFFER                             0x2000021c   Data          32  main.o(.bss)
    NRF_TXBUFFER                             0x2000023c   Data          32  main.o(.bss)
    BBImu                                    0x2000026c   Data         164  systeminit.o(.bss)
    BBSYSTEM                                 0x20000310   Data          16  systeminit.o(.bss)
    BATTERY_0                                0x20000320   Data          16  adc.o(.bss)
    CURRENT_0                                0x20000330   Data          16  adc.o(.bss)
    USART_InitStructure                      0x20000340   Data          16  hw_config.o(.bss)
    EP                                       0x20000df0   Data          32  usb_pwr.o(.bss)
    Device_Info                              0x20000e10   Data          28  usb_init.o(.bss)
    __initial_sp                             0x20001230   Data           0  startup_stm32f10x_md.o(STACK)



==============================================================================

Memory Map of the image

  Image Entry point : 0x080000ed

  Load Region LR_IROM1 (Base: 0x08000000, Size: 0x000096ac, Max: 0x00010000, ABSOLUTE, COMPRESSED[0x00009550])

    Execution Region ER_IROM1 (Base: 0x08000000, Size: 0x00009490, Max: 0x00010000, ABSOLUTE)

    Base Addr    Size         Type   Attr      Idx    E Section Name        Object

    0x08000000   0x000000ec   Data   RO          991    RESET               startup_stm32f10x_md.o
    0x080000ec   0x00000000   Code   RO         1146  * .ARM.Collect$$$$00000000  mc_w.l(entry.o)
    0x080000ec   0x00000004   Code   RO         1238    .ARM.Collect$$$$00000001  mc_w.l(entry2.o)
    0x080000f0   0x00000004   Code   RO         1241    .ARM.Collect$$$$00000004  mc_w.l(entry5.o)
    0x080000f4   0x00000000   Code   RO         1243    .ARM.Collect$$$$00000008  mc_w.l(entry7b.o)
    0x080000f4   0x00000000   Code   RO         1245    .ARM.Collect$$$$0000000A  mc_w.l(entry8b.o)
    0x080000f4   0x00000008   Code   RO         1246    .ARM.Collect$$$$0000000B  mc_w.l(entry9a.o)
    0x080000fc   0x00000000   Code   RO         1248    .ARM.Collect$$$$0000000D  mc_w.l(entry10a.o)
    0x080000fc   0x00000000   Code   RO         1250    .ARM.Collect$$$$0000000F  mc_w.l(entry11a.o)
    0x080000fc   0x00000004   Code   RO         1239    .ARM.Collect$$$$00002712  mc_w.l(entry2.o)
    0x08000100   0x000004bc   Code   RO            3    .text               main.o
    0x080005bc   0x0000010c   Code   RO          131    .text               systeminit.o
    0x080006c8   0x00000108   Code   RO          162    .text               system_loop.o
    0x080007d0   0x000011ac   Code   RO          188    .text               imucal.o
    0x0800197c   0x000000e8   Code   RO          214    .text               delay.o
    0x08001a64   0x0000028c   Code   RO          237    .text               spinrf.o
    0x08001cf0   0x00000140   Code   RO          260    .text               pwm.o
    0x08001e30   0x0000019c   Code   RO          324    .text               adc.o
    0x08001fcc   0x000001dc   Code   RO          353    .text               mpu9250.o
    0x080021a8   0x000003fc   Code   RO          373    .text               ms5611.o
    0x080025a4   0x0000033c   Code   RO          394    .text               i2c.o
    0x080028e0   0x000001dc   Code   RO          414    .text               hw_config.o
    0x08002abc   0x000000c8   Code   RO          507    .text               usb_endp.o
    0x08002b84   0x000001d0   Code   RO          533    .text               usb_istr.o
    0x08002d54   0x0000023c   Code   RO          559    .text               usb_prop.o
    0x08002f90   0x00000240   Code   RO          590    .text               usb_pwr.o
    0x080031d0   0x00000014   Code   RO          617    .text               usb_it.o
    0x080031e4   0x000004ea   Code   RO          659    .text               queue.o
    0x080036ce   0x00000002   PAD
    0x080036d0   0x00000b50   Code   RO          683    .text               usb_core.o
    0x08004220   0x0000003c   Code   RO          706    .text               usb_init.o
    0x0800425c   0x0000033c   Code   RO          737    .text               usb_int.o
    0x08004598   0x0000005c   Code   RO          769    .text               usb_mem.o
    0x080045f4   0x00000808   Code   RO          789    .text               usb_regs.o
    0x08004dfc   0x00000080   Code   RO          809    .text               usb_sil.o
    0x08004e7c   0x0000044e   Code   RO          829    .text               stm32f10x_adc.o
    0x080052ca   0x00000002   PAD
    0x080052cc   0x0000035c   Code   RO          849    .text               stm32f10x_gpio.o
    0x08005628   0x000003a4   Code   RO          909    .text               stm32f10x_rcc.o
    0x080059cc   0x0000030c   Code   RO          931    .text               stm32f10x_spi.o
    0x08005cd8   0x00000e1a   Code   RO          951    .text               stm32f10x_tim.o
    0x08006af2   0x00000002   PAD
    0x08006af4   0x00000024   Code   RO          992    .text               startup_stm32f10x_md.o
    0x08006b18   0x000001e0   Code   RO          998    .text               system_stm32f10x.o
    0x08006cf8   0x000005bc   Code   RO         1024    .text               stm32f10x_flash.o
    0x080072b4   0x0000011c   Code   RO         1044    .text               stm32f10x_exti.o
    0x080073d0   0x000000dc   Code   RO         1064    .text               misc.o
    0x080074ac   0x00000024   Code   RO         1149    .text               mc_w.l(memcpya.o)
    0x080074d0   0x000000b0   Code   RO         1183    .text               mf_w.l(fadd.o)
    0x08007580   0x00000064   Code   RO         1185    .text               mf_w.l(fmul.o)
    0x080075e4   0x0000007c   Code   RO         1187    .text               mf_w.l(fdiv.o)
    0x08007660   0x0000014e   Code   RO         1189    .text               mf_w.l(dadd.o)
    0x080077ae   0x000000e4   Code   RO         1191    .text               mf_w.l(dmul.o)
    0x08007892   0x000000de   Code   RO         1193    .text               mf_w.l(ddiv.o)
    0x08007970   0x00000012   Code   RO         1195    .text               mf_w.l(fflti.o)
    0x08007982   0x0000000a   Code   RO         1197    .text               mf_w.l(ffltui.o)
    0x0800798c   0x0000002c   Code   RO         1199    .text               mf_w.l(ffltl.o)
    0x080079b8   0x00000022   Code   RO         1201    .text               mf_w.l(dflti.o)
    0x080079da   0x0000001a   Code   RO         1203    .text               mf_w.l(dfltui.o)
    0x080079f4   0x00000028   Code   RO         1205    .text               mf_w.l(ffixui.o)
    0x08007a1c   0x00000032   Code   RO         1207    .text               mf_w.l(dfixui.o)
    0x08007a4e   0x00000026   Code   RO         1209    .text               mf_w.l(f2d.o)
    0x08007a74   0x00000038   Code   RO         1211    .text               mf_w.l(d2f.o)
    0x08007aac   0x00000014   Code   RO         1213    .text               mf_w.l(cfcmple.o)
    0x08007ac0   0x00000014   Code   RO         1215    .text               mf_w.l(cfrcmple.o)
    0x08007ad4   0x0000001e   Code   RO         1259    .text               mc_w.l(llshl.o)
    0x08007af2   0x00000020   Code   RO         1261    .text               mc_w.l(llushr.o)
    0x08007b12   0x00000024   Code   RO         1263    .text               mc_w.l(llsshr.o)
    0x08007b36   0x00000000   Code   RO         1272    .text               mc_w.l(iusefp.o)
    0x08007b36   0x0000006e   Code   RO         1273    .text               mf_w.l(fepilogue.o)
    0x08007ba4   0x000000b6   Code   RO         1275    .text               mf_w.l(depilogue.o)
    0x08007c5a   0x0000002e   Code   RO         1277    .text               mf_w.l(dscalb.o)
    0x08007c88   0x000000a2   Code   RO         1279    .text               mf_w.l(dsqrt.o)
    0x08007d2a   0x00000002   PAD
    0x08007d2c   0x00000028   Code   RO         1285    .text               mf_w.l(cdrcmple.o)
    0x08007d54   0x00000024   Code   RO         1287    .text               mc_w.l(init.o)
    0x08007d78   0x00000018   Code   RO         1291    .text               mf_w.l(fscalb.o)
    0x08007d90   0x00000056   Code   RO         1301    .text               mc_w.l(__dczerorl2.o)
    0x08007de6   0x00000028   Code   RO         1229    i.__ARM_fpclassify  m_ws.l(fpclassify.o)
    0x08007e0e   0x00000026   Code   RO         1231    i.__ARM_fpclassifyf  m_ws.l(fpclassifyf.o)
    0x08007e34   0x000000aa   Code   RO         1235    i.__kernel_poly     m_ws.l(poly.o)
    0x08007ede   0x00000002   PAD
    0x08007ee0   0x00000010   Code   RO         1227    i.__mathlib_dbl_underflow  m_ws.l(dunder.o)
    0x08007ef0   0x0000000a   Code   RO         1233    i.__mathlib_flt_underflow  m_ws.l(funder.o)
    0x08007efa   0x0000000e   Code   RO         1295    i.__scatterload_copy  mc_w.l(handlers.o)
    0x08007f08   0x00000002   Code   RO         1296    i.__scatterload_null  mc_w.l(handlers.o)
    0x08007f0a   0x0000000e   Code   RO         1297    i.__scatterload_zeroinit  mc_w.l(handlers.o)
    0x08007f18   0x0000000c   Code   RO         1267    i.__set_errno       mc_w.l(errno.o)
    0x08007f24   0x0000027c   Code   RO         1103    i.asin              m_ws.l(asin.o)
    0x080081a0   0x00000224   Code   RO         1218    i.atan              m_ws.l(atan.o)
    0x080083c4   0x00000180   Code   RO         1113    i.atan2             m_ws.l(atan2.o)
    0x08008544   0x0000025c   Code   RO         1121    i.atan2f            m_ws.l(atan2f.o)
    0x080087a0   0x000009e0   Code   RO         1129    i.pow               m_ws.l(pow.o)
    0x08009180   0x0000004c   Code   RO         1139    i.sqrt              m_ws.l(sqrt.o)
    0x080091cc   0x00000090   Data   RO          261    .constdata          pwm.o
    0x0800925c   0x00000097   Data   RO          486    .constdata          usb_desc.o
    0x080092f3   0x00000005   PAD
    0x080092f8   0x00000050   Data   RO         1104    .constdata          m_ws.l(asin.o)
    0x08009348   0x00000088   Data   RO         1130    .constdata          m_ws.l(pow.o)
    0x080093d0   0x00000098   Data   RO         1219    .constdata          m_ws.l(atan.o)
    0x08009468   0x00000008   Data   RO         1237    .constdata          m_ws.l(qnan.o)
    0x08009470   0x00000020   Data   RO         1293    Region$$Table       anon$$obj.o


    Execution Region RW_IRAM1 (Base: 0x20000000, Size: 0x00001230, Max: 0x00005000, ABSOLUTE, COMPRESSED[0x000000c0])

    Base Addr    Size         Type   Attr      Idx    E Section Name        Object

    0x20000000   0x00000038   Data   RW            5    .data               main.o
    0x20000038   0x00000044   Data   RW          133    .data               systeminit.o
    0x2000007c   0x0000000c   Data   RW          163    .data               system_loop.o
    0x20000088   0x0000001c   Data   RW          189    .data               imucal.o
    0x200000a4   0x0000000c   Data   RW          215    .data               delay.o
    0x200000b0   0x00000001   Data   RW          374    .data               ms5611.o
    0x200000b1   0x00000003   PAD
    0x200000b4   0x0000000c   Data   RW          416    .data               hw_config.o
    0x200000c0   0x00000026   Data   RW          487    .data               usb_desc.o
    0x200000e6   0x00000002   PAD
    0x200000e8   0x00000008   Data   RW          509    .data               usb_endp.o
    0x200000f0   0x00000044   Data   RW          534    .data               usb_istr.o
    0x20000134   0x00000094   Data   RW          560    .data               usb_prop.o
    0x200001c8   0x0000000c   Data   RW          592    .data               usb_pwr.o
    0x200001d4   0x00000003   Data   RW          684    .data               usb_core.o
    0x200001d7   0x00000001   PAD
    0x200001d8   0x00000014   Data   RW          708    .data               usb_init.o
    0x200001ec   0x00000004   Data   RW          738    .data               usb_int.o
    0x200001f0   0x00000014   Data   RW          910    .data               stm32f10x_rcc.o
    0x20000204   0x00000014   Data   RW          999    .data               system_stm32f10x.o
    0x20000218   0x00000004   Data   RW         1268    .data               mc_w.l(errno.o)
    0x2000021c   0x0000004e   Zero   RW            4    .bss                main.o
    0x2000026a   0x00000002   PAD
    0x2000026c   0x000000b4   Zero   RW          132    .bss                systeminit.o
    0x20000320   0x00000020   Zero   RW          325    .bss                adc.o
    0x20000340   0x00000a30   Zero   RW          415    .bss                hw_config.o
    0x20000d70   0x00000080   Zero   RW          508    .bss                usb_endp.o
    0x20000df0   0x00000020   Zero   RW          591    .bss                usb_pwr.o
    0x20000e10   0x0000001c   Zero   RW          707    .bss                usb_init.o
    0x20000e2c   0x00000004   PAD
    0x20000e30   0x00000400   Zero   RW          989    STACK               startup_stm32f10x_md.o


==============================================================================

Image component sizes


      Code (inc. data)   RO Data    RW Data    ZI Data      Debug   Object Name

       412         20          0          0         32       2097   adc.o
       232         18          0         12          0       2178   delay.o
       476         42          0         12       2608      17421   hw_config.o
       828          4          0          0          0       3099   i2c.o
      4524        136          0         28          0       5072   imucal.o
      1212        122          0         56         78     282405   main.o
       220         22          0          0          0       2001   misc.o
       476          8          0          0          0       2430   mpu9250.o
      1020         52          0          1          0       2923   ms5611.o
       320         26        144          0          0       2214   pwm.o
      1258          0          0          0          0       6419   queue.o
       652         20          0          0          0       2662   spinrf.o
        36          8        236          0       1024        800   startup_stm32f10x_md.o
      1102         26          0          0          0      11037   stm32f10x_adc.o
       284         10          0          0          0       2439   stm32f10x_exti.o
      1468         34          0          0          0       8230   stm32f10x_flash.o
       860         38          0          0          0       5845   stm32f10x_gpio.o
       932         36          0         20          0       9020   stm32f10x_rcc.o
       780         14          0          0          0       6730   stm32f10x_spi.o
      3610         88          0          0          0      22336   stm32f10x_tim.o
       264         38          0         12          0       1618   system_loop.o
       480         38          0         20          0       1859   system_stm32f10x.o
       268         14          0         68        180      25380   systeminit.o
         0          0          0          0          0        388   usb2com.o
      2896        114          0          3          0       8071   usb_core.o
         0          0        151         38          0       1035   usb_desc.o
       200         22          0          8        128       1544   usb_endp.o
        60         24          0         20         28       4110   usb_init.o
       828         34          0          4          0       1919   usb_int.o
       464         38          0         68          0       1547   usb_istr.o
        20          0          0          0          0        582   usb_it.o
        92          6          0          0          0       1410   usb_mem.o
       572         42          0        148          0       7219   usb_prop.o
       576         40          0         12         32       2827   usb_pwr.o
      2056         20          0          0          0      11721   usb_regs.o
       128          8          0          0          0       1430   usb_sil.o

    ----------------------------------------------------------------------
     29612       1162        568        536       4116     470018   Object Totals
         0          0         32          0          0          0   (incl. Generated)
         6          0          5          6          6          0   (incl. Padding)

    ----------------------------------------------------------------------

      Code (inc. data)   RO Data    RW Data    ZI Data      Debug   Library Member Name

       636         52         80          0          0        168   asin.o
       548         70        152          0          0        124   atan.o
       384         38          0          0          0        144   atan2.o
       604         76          0          0          0        116   atan2f.o
        16          6          0          0          0         68   dunder.o
        40          0          0          0          0         68   fpclassify.o
        38          0          0          0          0         68   fpclassifyf.o
        10          0          0          0          0         68   funder.o
       170          0          0          0          0         96   poly.o
      2528        190        136          0          0        332   pow.o
         0          0          8          0          0          0   qnan.o
        76          0          0          0          0         84   sqrt.o
        86          0          0          0          0          0   __dczerorl2.o
         0          0          0          0          0          0   entry.o
         0          0          0          0          0          0   entry10a.o
         0          0          0          0          0          0   entry11a.o
         8          4          0          0          0          0   entry2.o
         4          0          0          0          0          0   entry5.o
         0          0          0          0          0          0   entry7b.o
         0          0          0          0          0          0   entry8b.o
         8          4          0          0          0          0   entry9a.o
        12          6          0          4          0         68   errno.o
        30          0          0          0          0          0   handlers.o
        36          8          0          0          0         68   init.o
         0          0          0          0          0          0   iusefp.o
        30          0          0          0          0         68   llshl.o
        36          0          0          0          0         68   llsshr.o
        32          0          0          0          0         68   llushr.o
        36          0          0          0          0         68   memcpya.o
        40          2          0          0          0         68   cdrcmple.o
        20          0          0          0          0         68   cfcmple.o
        20          0          0          0          0         68   cfrcmple.o
        56          0          0          0          0         88   d2f.o
       334          0          0          0          0        148   dadd.o
       222          0          0          0          0        100   ddiv.o
       182          0          0          0          0        176   depilogue.o
        50          0          0          0          0         76   dfixui.o
        34          0          0          0          0         76   dflti.o
        26          0          0          0          0         76   dfltui.o
       228          0          0          0          0         96   dmul.o
        46          0          0          0          0         80   dscalb.o
       162          0          0          0          0        100   dsqrt.o
        38          0          0          0          0         68   f2d.o
       176          0          0          0          0        140   fadd.o
       124          0          0          0          0         88   fdiv.o
       110          0          0          0          0        168   fepilogue.o
        40          0          0          0          0         68   ffixui.o
        18          0          0          0          0         68   fflti.o
        44          0          0          0          0         92   ffltl.o
        10          0          0          0          0         68   ffltui.o
       100          0          0          0          0         76   fmul.o
        24          0          0          0          0         68   fscalb.o

    ----------------------------------------------------------------------
      7476        456        376          4          0       3868   Library Totals
         4          0          0          0          0          0   (incl. Padding)

    ----------------------------------------------------------------------

      Code (inc. data)   RO Data    RW Data    ZI Data      Debug   Library Name

      5050        432        376          0          0       1336   m_ws.l
       318         22          0          4          0        408   mc_w.l
      2104          2          0          0          0       2124   mf_w.l

    ----------------------------------------------------------------------
      7476        456        376          4          0       3868   Library Totals

    ----------------------------------------------------------------------

==============================================================================


      Code (inc. data)   RO Data    RW Data    ZI Data      Debug   

     37088       1618        944        540       4116     469074   Grand Totals
     37088       1618        944        192       4116     469074   ELF Image Totals (compressed)
     37088       1618        944        192          0          0   ROM Totals

==============================================================================

    Total RO  Size (Code + RO Data)                38032 (  37.14kB)
    Total RW  Size (RW Data + ZI Data)              4656 (   4.55kB)
    Total ROM Size (Code + RO Data + RW Data)      38224 (  37.33kB)

==============================================================================

