Product: MDK-ARM Professional 5.10
Component: ARM Compiler 5.04 update 1 (build 49)
Tool: armlink [5040049]

==============================================================================

Section Cross References

    main.o(.text) refers to systeminit.o(.text) for sysclockInit
    main.o(.text) refers to spinrf.o(.text) for spi2NrfInit
    main.o(.text) refers to adc.o(.text) for adcInit
    main.o(.text) refers to i2c.o(.text) for i2cInit
    main.o(.text) refers to mpu9250.o(.text) for mpu9250Init
    main.o(.text) refers to ms5611.o(.text) for ms5611Init
    main.o(.text) refers to pwm.o(.text) for pwmInit
    main.o(.text) refers to system_loop.o(.text) for systemLoopTim1Init
    main.o(.text) refers to stm32f10x_gpio.o(.text) for GPIO_SetBits
    main.o(.text) refers to fflti.o(.text) for __aeabi_i2f
    main.o(.text) refers to fdiv.o(.text) for __aeabi_fdiv
    main.o(.text) refers to stm32f10x_exti.o(.text) for EXTI_GetITStatus
    main.o(.text) refers to dflti.o(.text) for __aeabi_i2d
    main.o(.text) refers to ddiv.o(.text) for __aeabi_ddiv
    main.o(.text) refers to dmul.o(.text) for __aeabi_dmul
    main.o(.text) refers to dfixui.o(.text) for __aeabi_d2uiz
    main.o(.text) refers to systeminit.o(.data) for BBSYSTEM
    main.o(.text) refers to system_loop.o(.data) for radioFlag
    main.o(.text) refers to main.o(.data) for NrfState
    main.o(.text) refers to main.o(.bss) for NRF_TXBUFFER
    systeminit.o(.text) refers to stm32f10x_rcc.o(.text) for RCC_DeInit
    systeminit.o(.text) refers to stm32f10x_flash.o(.text) for FLASH_SetLatency
    systeminit.o(.text) refers to stm32f10x_gpio.o(.text) for GPIO_Init
    system_loop.o(.text) refers to stm32f10x_tim.o(.text) for TIM_ClearITPendingBit
    system_loop.o(.text) refers to stm32f10x_rcc.o(.text) for RCC_APB2PeriphClockCmd
    system_loop.o(.text) refers to misc.o(.text) for NVIC_PriorityGroupConfig
    system_loop.o(.text) refers to system_loop.o(.data) for radioPeriodCount
    delay.o(.text) refers to delay.o(.data) for TimingDelay
    spinrf.o(.text) refers to stm32f10x_rcc.o(.text) for RCC_APB2PeriphClockCmd
    spinrf.o(.text) refers to stm32f10x_gpio.o(.text) for GPIO_Init
    spinrf.o(.text) refers to stm32f10x_exti.o(.text) for EXTI_Init
    spinrf.o(.text) refers to misc.o(.text) for NVIC_PriorityGroupConfig
    spinrf.o(.text) refers to stm32f10x_spi.o(.text) for SPI_Init
    pwm.o(.text) refers to stm32f10x_rcc.o(.text) for RCC_APB2PeriphClockCmd
    pwm.o(.text) refers to stm32f10x_gpio.o(.text) for GPIO_Init
    pwm.o(.text) refers to stm32f10x_tim.o(.text) for TIM_TimeBaseInit
    pwm.o(.text) refers to pwm.o(.constdata) for MOTO_A
    pwm.o(.constdata) refers to stm32f10x_tim.o(.text) for TIM_OC4Init
    usb2com.o(.text) refers to hw_config.o(.text) for USB_Config
    usb2com.o(.text) refers to memseta.o(.text) for __aeabi_memclr4
    usb2com.o(.text) refers to printfa.o(i.__0vsprintf) for __c89vsprintf
    adc.o(.text) refers to stm32f10x_rcc.o(.text) for RCC_APB2PeriphClockCmd
    adc.o(.text) refers to stm32f10x_gpio.o(.text) for GPIO_Init
    adc.o(.text) refers to stm32f10x_adc.o(.text) for ADC_DeInit
    adc.o(.text) refers to fflti.o(.text) for __aeabi_i2f
    adc.o(.text) refers to fdiv.o(.text) for __aeabi_fdiv
    adc.o(.text) refers to ffixui.o(.text) for __aeabi_f2uiz
    adc.o(.text) refers to adc.o(.bss) for BATTERY_0
    mpu9250.o(.text) refers to stm32f10x_rcc.o(.text) for RCC_APB2PeriphClockCmd
    mpu9250.o(.text) refers to stm32f10x_gpio.o(.text) for GPIO_PinRemapConfig
    mpu9250.o(.text) refers to i2c.o(.text) for Single_Write
    mpu9250.o(.text) refers to delay.o(.text) for delay_ms
    ms5611.o(.text) refers to i2c.o(.text) for I2C_Start
    ms5611.o(.text) refers to delay.o(.text) for delay_us
    ms5611.o(.text) refers to ffltui.o(.text) for __aeabi_ui2f
    ms5611.o(.text) refers to fflti.o(.text) for __aeabi_i2f
    ms5611.o(.text) refers to fmul.o(.text) for __aeabi_fmul
    ms5611.o(.text) refers to fdiv.o(.text) for __aeabi_fdiv
    ms5611.o(.text) refers to fadd.o(.text) for __aeabi_fadd
    ms5611.o(.text) refers to ffltl.o(.text) for __aeabi_l2f
    ms5611.o(.text) refers to f2d.o(.text) for __aeabi_f2d
    ms5611.o(.text) refers to cfcmple.o(.text) for __aeabi_cfcmple
    ms5611.o(.text) refers to dmul.o(.text) for __aeabi_dmul
    ms5611.o(.text) refers to d2f.o(.text) for __aeabi_d2f
    ms5611.o(.text) refers to dadd.o(.text) for __aeabi_drsub
    ms5611.o(.text) refers to dfltui.o(.text) for __aeabi_ui2d
    ms5611.o(.text) refers to ddiv.o(.text) for __aeabi_ddiv
    ms5611.o(.text) refers to pow.o(i.pow) for pow
    ms5611.o(.text) refers to ms5611.o(.data) for Filtercount
    i2c.o(.text) refers to stm32f10x_rcc.o(.text) for RCC_APB2PeriphClockCmd
    i2c.o(.text) refers to stm32f10x_gpio.o(.text) for GPIO_Init
    i2c.o(.text) refers to delay.o(.text) for delay_us
    mpu6050.o(.text) refers to i2c.o(.text) for Single_Write
    mpu6050.o(.text) refers to delay.o(.text) for delay_ms
[...]
    User\\usb2com.c                          0x00000000   Number         0  usb2com.o ABSOLUTE
    User\adc.c                               0x00000000   Number         0  adc.o ABSOLUTE
    User\delay.c                             0x00000000   Number         0  delay.o ABSOLUTE
    User\i2c.c                               0x00000000   Number         0  i2c.o ABSOLUTE
    User\main.c                              0x00000000   Number         0  main.o ABSOLUTE
    User\mpu6050.c                           0x00000000   Number         0  mpu6050.o ABSOLUTE
    User\mpu9250.c                           0x00000000   Number         0  mpu9250.o ABSOLUTE
    User\ms5611.c                            0x00000000   Number         0  ms5611.o ABSOLUTE
    User\pwm.c                               0x00000000   Number         0  pwm.o ABSOLUTE
    User\spinrf.c                            0x00000000   Number         0  spinrf.o ABSOLUTE
    User\system_loop.c                       0x00000000   Number         0  system_loop.o ABSOLUTE
    User\systeminit.c                        0x00000000   Number         0  systeminit.o ABSOLUTE
    User\usb2com.c                           0x00000000   Number         0  usb2com.o ABSOLUTE
    cdcmple.s                                0x00000000   Number         0  cdcmple.o ABSOLUTE
    cdrcmple.s                               0x00000000   Number         0  cdrcmple.o ABSOLUTE
    cfcmple.s                                0x00000000   Number         0  cfcmple.o ABSOLUTE
    dc.s                                     0x00000000   Number         0  dc.o ABSOLUTE
    handlers.s                               0x00000000   Number         0  handlers.o ABSOLUTE
    init.s                                   0x00000000   Number         0  init.o ABSOLUTE
    RESET                                    0x08000000   Section      236  startup_stm32f10x_md.o(RESET)
    .ARM.Collect$$$$00000000                 0x080000ec   Section        0  entry.o(.ARM.Collect$$$$00000000)
    .ARM.Collect$$$$00000001                 0x080000ec   Section        4  entry2.o(.ARM.Collect$$$$00000001)
    .ARM.Collect$$$$00000004                 0x080000f0   Section        4  entry5.o(.ARM.Collect$$$$00000004)
    .ARM.Collect$$$$00000008                 0x080000f4   Section        0  entry7b.o(.ARM.Collect$$$$00000008)
    .ARM.Collect$$$$0000000A                 0x080000f4   Section        0  entry8b.o(.ARM.Collect$$$$0000000A)
    .ARM.Collect$$$$0000000B                 0x080000f4   Section        8  entry9a.o(.ARM.Collect$$$$0000000B)
    .ARM.Collect$$$$0000000D                 0x080000fc   Section        0  entry10a.o(.ARM.Collect$$$$0000000D)
    .ARM.Collect$$$$0000000F                 0x080000fc   Section        0  entry11a.o(.ARM.Collect$$$$0000000F)
    .ARM.Collect$$$$00002712                 0x080000fc   Section        4  entry2.o(.ARM.Collect$$$$00002712)
    __lit__00000000                          0x080000fc   Data           4  entry2.o(.ARM.Collect$$$$00002712)
    .text                                    0x08000100   Section        0  main.o(.text)
    .text                                    0x08000494   Section        0  systeminit.o(.text)
    .text                                    0x080005a0   Section        0  system_loop.o(.text)
    .text                                    0x08000688   Section        0  delay.o(.text)
    .text                                    0x080006fc   Section        0  spinrf.o(.text)
    .text                                    0x08000988   Section        0  pwm.o(.text)
    .text                                    0x08000ac8   Section        0  adc.o(.text)
    .text                                    0x08000c64   Section        0  mpu9250.o(.text)
    .text                                    0x08000e60   Section        0  ms5611.o(.text)
    .text                                    0x0800125c   Section        0  i2c.o(.text)
    .text                                    0x08001598   Section        0  hw_config.o(.text)
    IntToUnicode                             0x080016e3   Thumb Code    62  hw_config.o(.text)
    .text                                    0x08001774   Section        0  usb_endp.o(.text)
    .text                                    0x0800183c   Section        0  usb_istr.o(.text)
    .text                                    0x08001a0c   Section        0  usb_prop.o(.text)
    .text                                    0x08001c48   Section        0  usb_pwr.o(.text)
    .text                                    0x08001e88   Section        0  usb_it.o(.text)
    .text                                    0x08001e9c   Section        0  queue.o(.text)
    .text                                    0x08002388   Section        0  usb_core.o(.text)
    DataStageOut                             0x080027c7   Thumb Code   166  usb_core.o(.text)
    DataStageIn                              0x0800286d   Thumb Code   166  usb_core.o(.text)
    NoData_Setup0                            0x08002913   Thumb Code   290  usb_core.o(.text)
    Data_Setup0                              0x08002a35   Thumb Code   678  usb_core.o(.text)
    .text                                    0x08002ed8   Section        0  usb_init.o(.text)
    .text                                    0x08002f14   Section        0  usb_int.o(.text)
    .text                                    0x08003250   Section        0  usb_mem.o(.text)
    .text                                    0x080032ac   Section        0  usb_regs.o(.text)
    .text                                    0x08003ab4   Section        0  usb_sil.o(.text)
    .text                                    0x08003b34   Section        0  stm32f10x_adc.o(.text)
    .text                                    0x08003f84   Section        0  stm32f10x_gpio.o(.text)
    .text                                    0x080042e0   Section        0  stm32f10x_rcc.o(.text)
    .text                                    0x08004684   Section        0  stm32f10x_spi.o(.text)
    .text                                    0x08004990   Section        0  stm32f10x_tim.o(.text)
    TI4_Config                               0x08004e37   Thumb Code   130  stm32f10x_tim.o(.text)
    TI3_Config                               0x08004ecb   Thumb Code   122  stm32f10x_tim.o(.text)
    TI2_Config                               0x08004f5f   Thumb Code   130  stm32f10x_tim.o(.text)
    TI1_Config                               0x08004ff3   Thumb Code   108  stm32f10x_tim.o(.text)
    .text                                    0x080057ac   Section       36  startup_stm32f10x_md.o(.text)
    .text                                    0x080057d0   Section        0  system_stm32f10x.o(.text)
    SetSysClockTo72                          0x080057d1   Thumb Code   214  system_stm32f10x.o(.text)
    SetSysClock                              0x080058a7   Thumb Code     8  system_stm32f10x.o(.text)
    .text                                    0x080059b0   Section        0  stm32f10x_flash.o(.text)
    .text                                    0x08005f6c   Section        0  stm32f10x_exti.o(.text)
    .text                                    0x08006088   Section        0  misc.o(.text)
    .text                                    0x08006164   Section        0  memcpya.o(.text)
    .text                                    0x08006188   Section        0  fadd.o(.text)
    .text                                    0x08006238   Section        0  fmul.o(.text)
    .text                                    0x0800629c   Section        0  fdiv.o(.text)
    .text                                    0x08006318   Section        0  dadd.o(.text)
    .text                                    0x08006466   Section        0  dmul.o(.text)
    .text                                    0x0800654a   Section        0  ddiv.o(.text)
    .text                                    0x08006628   Section        0  fflti.o(.text)
    .text                                    0x0800663a   Section        0  ffltui.o(.text)
    .text                                    0x08006644   Section        0  ffltl.o(.text)
    .text                                    0x08006670   Section        0  dflti.o(.text)
    .text                                    0x08006692   Section        0  dfltui.o(.text)
    .text                                    0x080066ac   Section        0  ffixui.o(.text)
    .text                                    0x080066d4   Section        0  dfixui.o(.text)
    .text                                    0x08006706   Section        0  f2d.o(.text)
    .text                                    0x0800672c   Section        0  d2f.o(.text)
    .text                                    0x08006764   Section       20  cfcmple.o(.text)
    .text                                    0x08006778   Section        0  llshl.o(.text)
    .text                                    0x08006796   Section        0  llushr.o(.text)
    .text                                    0x080067b6   Section        0  llsshr.o(.text)
    .text                                    0x080067da   Section        0  fepilogue.o(.text)
    .text                                    0x080067da   Section        0  iusefp.o(.text)
    .text                                    0x08006848   Section        0  depilogue.o(.text)
    .text                                    0x080068fe   Section        0  dscalb.o(.text)
    .text                                    0x0800692c   Section       40  cdrcmple.o(.text)
    .text                                    0x08006954   Section       36  init.o(.text)
    .text                                    0x08006978   Section        0  dsqrt.o(.text)
    .text                                    0x08006a1a   Section        0  __dczerorl2.o(.text)
    i.__ARM_fpclassify                       0x08006a70   Section        0  fpclassify.o(i.__ARM_fpclassify)
    i.__kernel_poly                          0x08006a98   Section        0  poly.o(i.__kernel_poly)
    i.__mathlib_dbl_underflow                0x08006b44   Section        0  dunder.o(i.__mathlib_dbl_underflow)
    i.__scatterload_copy                     0x08006b54   Section       14  handlers.o(i.__scatterload_copy)
    i.__scatterload_null                     0x08006b62   Section        2  handlers.o(i.__scatterload_null)
    i.__scatterload_zeroinit                 0x08006b64   Section       14  handlers.o(i.__scatterload_zeroinit)
    i.__set_errno                            0x08006b74   Section        0  errno.o(i.__set_errno)
    i.pow                                    0x08006b80   Section        0  pow.o(i.pow)
    i.sqrt                                   0x08007560   Section        0  sqrt.o(i.sqrt)
    .constdata                               0x080075ac   Section      144  pwm.o(.constdata)
    MOTO_A                                   0x080075ac   Data          36  pwm.o(.constdata)
    MOTO_B                                   0x080075d0   Data          36  pwm.o(.constdata)
    MOTO_C                                   0x080075f4   Data          36  pwm.o(.constdata)
    MOTO_D                                   0x08007618   Data          36  pwm.o(.constdata)
    .constdata                               0x0800763c   Section      151  usb_desc.o(.constdata)
    .constdata                               0x080076d8   Section      136  pow.o(.constdata)
    bp                                       0x080076d8   Data          16  pow.o(.constdata)
    dp_h                                     0x080076e8   Data          16  pow.o(.constdata)
    dp_l                                     0x080076f8   Data          16  pow.o(.constdata)
    L                                        0x08007708   Data          48  pow.o(.constdata)
    P                                        0x08007738   Data          40  pow.o(.constdata)
    .constdata                               0x08007760   Section        8  qnan.o(.constdata)
    .data                                    0x20000000   Section       60  main.o(.data)
    MS5611_TEMP_NoOffset                     0x20000028   Data           8  main.o(.data)
    MS5611_TaPAfterOffset                    0x20000030   Data           8  main.o(.data)
    PRESSUREDATA                             0x20000038   Data           4  main.o(.data)
    .data                                    0x2000003c   Section        3  systeminit.o(.data)
    .data                                    0x20000040   Section       10  system_loop.o(.data)
    .data                                    0x2000004c   Section       12  delay.o(.data)
    .data                                    0x20000058   Section        1  ms5611.o(.data)
    Filtercount                              0x20000058   Data           1  ms5611.o(.data)
    .data                                    0x2000005c   Section       12  hw_config.o(.data)
    .data                                    0x20000068   Section       38  usb_desc.o(.data)
    .data                                    0x20000090   Section        8  usb_endp.o(.data)
    txFlg                                    0x20000090   Data           1  usb_endp.o(.data)
    FrameCount                               0x20000094   Data           4  usb_endp.o(.data)
    .data                                    0x20000098   Section       68  usb_istr.o(.data)
    .data                                    0x200000dc   Section      148  usb_prop.o(.data)
    .data                                    0x20000170   Section       12  usb_pwr.o(.data)
    .data                                    0x2000017c   Section        3  usb_core.o(.data)
    .data                                    0x20000180   Section       20  usb_init.o(.data)
    .data                                    0x20000194   Section        4  usb_int.o(.data)
    .data                                    0x20000198   Section       20  stm32f10x_rcc.o(.data)
    APBAHBPrescTable                         0x20000198   Data          16  stm32f10x_rcc.o(.data)
    ADCPrescTable                            0x200001a8   Data           4  stm32f10x_rcc.o(.data)
    .data                                    0x200001ac   Section       20  system_stm32f10x.o(.data)
    .data                                    0x200001c0   Section        4  errno.o(.data)
    _errno                                   0x200001c0   Data           4  errno.o(.data)
    .bss                                     0x200001c4   Section      146  main.o(.bss)
    MS5611_PROM                              0x20000248   Data          14  main.o(.bss)
    .bss                                     0x20000258   Section       32  adc.o(.bss)
    .bss                                     0x20000278   Section     2608  hw_config.o(.bss)
    m_QueueUsbComRx                          0x20000288   Data          16  hw_config.o(.bss)
    m_QueueUsbComTx                          0x20000298   Data          16  hw_config.o(.bss)
    m_UsbComRxBuf                            0x200002a8   Data        1280  hw_config.o(.bss)
    m_UsbComTxBuf                            0x200007a8   Data        1280  hw_config.o(.bss)
    .bss                                     0x20000ca8   Section      128  usb_endp.o(.bss)
    txBuffter                                0x20000ca8   Data          64  usb_endp.o(.bss)
    buffter                                  0x20000ce8   Data          64  usb_endp.o(.bss)
    .bss                                     0x20000d28   Section       32  usb_pwr.o(.bss)
    .bss                                     0x20000d48   Section       28  usb_init.o(.bss)
    STACK                                    0x20000d68   Section     1024  startup_stm32f10x_md.o(STACK)

    Global Symbols

    Symbol Name                              Value     Ov Type        Size  Object(Section)

    BuildAttributes$$THM_ISAv4$P$D$K$B$S$PE$A:L22UL41UL21$X:L11$S22US41US21$IEEE1$IW$USESV6$~STKCKD$USESV7$~SHL$OTIME$ROPI$IEEEX$EBA8$MICROLIB$REQ8$PRES8$EABIv2 0x00000000   Number         0  anon$$obj.o ABSOLUTE
    __ARM_use_no_argv                        0x00000000   Number         0  main.o ABSOLUTE
    __cpp_initialize__aeabi_                  - Undefined Weak Reference
    __cxa_finalize                            - Undefined Weak Reference
    _clock_init                               - Undefined Weak Reference
    _microlib_exit                            - Undefined Weak Reference
    __Vectors_Size                           0x000000ec   Number         0  startup_stm32f10x_md.o ABSOLUTE
    __Vectors                                0x08000000   Data           4  startup_stm32f10x_md.o(RESET)
    __Vectors_End                            0x080000ec   Data           0  startup_stm32f10x_md.o(RESET)
    __main                                   0x080000ed   Thumb Code     0  entry.o(.ARM.Collect$$$$00000000)
    _main_stk                                0x080000ed   Thumb Code     0  entry2.o(.ARM.Collect$$$$00000001)
    _main_scatterload                        0x080000f1   Thumb Code     0  entry5.o(.ARM.Collect$$$$00000004)
    __main_after_scatterload                 0x080000f5   Thumb Code     0  entry5.o(.ARM.Collect$$$$00000004)
    _main_clock                              0x080000f5   Thumb Code     0  entry7b.o(.ARM.Collect$$$$00000008)
    _main_cpp_init                           0x080000f5   Thumb Code     0  entry8b.o(.ARM.Collect$$$$0000000A)
    _main_init                               0x080000f5   Thumb Code     0  entry9a.o(.ARM.Collect$$$$0000000B)
    __rt_final_cpp                           0x080000fd   Thumb Code     0  entry10a.o(.ARM.Collect$$$$0000000D)
    __rt_final_exit                          0x080000fd   Thumb Code     0  entry11a.o(.ARM.Collect$$$$0000000F)
    main                                     0x08000101   Thumb Code   502  main.o(.text)
    nrfTransmitResult                        0x080002f7   Thumb Code    40  main.o(.text)
    nrfReceiveResult                         0x0800031f   Thumb Code    54  main.o(.text)
    EXTI9_5_IRQHandler                       0x08000355   Thumb Code   232  main.o(.text)
    sysclockInit                             0x08000495   Thumb Code   106  systeminit.o(.text)
    systickInit                              0x080004ff   Thumb Code    76  systeminit.o(.text)
    ledInit                                  0x0800054b   Thumb Code    72  systeminit.o(.text)
    TIM1_UP_IRQHandler                       0x080005a1   Thumb Code    92  system_loop.o(.text)
    systemLoopTim1Init                       0x080005fd   Thumb Code   112  system_loop.o(.text)
    delay_us                                 0x08000689   Thumb Code    20  delay.o(.text)
    delay_ms                                 0x0800069d   Thumb Code    26  delay.o(.text)
    SysTick_Handler                          0x080006b7   Thumb Code    38  delay.o(.text)
    delay_noInt_ms                           0x080006dd   Thumb Code    18  delay.o(.text)
    spi2NrfInit                              0x080006fd   Thumb Code   292  spinrf.o(.text)
    SPI_RW                                   0x08000821   Thumb Code    50  spinrf.o(.text)
    NRF_Write_Buf                            0x08000853   Thumb Code    62  spinrf.o(.text)
    NRF_Read_Buf                             0x08000891   Thumb Code    74  spinrf.o(.text)
    NRF24L01_Check                           0x080008db   Thumb Code    68  spinrf.o(.text)
    NRF_Write_Reg                            0x0800091f   Thumb Code    44  spinrf.o(.text)
    NRF_Read_Reg                             0x0800094b   Thumb Code    42  spinrf.o(.text)
    MOTO_Init                                0x08000989   Thumb Code   168  pwm.o(.text)
    pwmInit                                  0x08000a31   Thumb Code    30  pwm.o(.text)
    MotorPwmFlash                            0x08000a4f   Thumb Code    96  pwm.o(.text)
    adcInit                                  0x08000ac9   Thumb Code   178  adc.o(.text)
    adcGetChannelValue                       0x08000b7b   Thumb Code    46  adc.o(.text)
    adcBatteryConversion                     0x08000ba9   Thumb Code    70  adc.o(.text)
    adcCurrentConversion                     0x08000bef   Thumb Code    98  adc.o(.text)
    mpu9250Init                              0x08000c65   Thumb Code   176  mpu9250.o(.text)
    Get_MPU9250_ID                           0x08000d15   Thumb Code    12  mpu9250.o(.text)
    Get_AK8963_ID_Bypass                     0x08000d21   Thumb Code    28  mpu9250.o(.text)
    MPU9250_Check                            0x08000d3d   Thumb Code    18  mpu9250.o(.text)
    AK8963_Check_Bypass                      0x08000d4f   Thumb Code    18  mpu9250.o(.text)
    READ_MPU9250_ACCEL_RAW                   0x08000d61   Thumb Code    66  mpu9250.o(.text)
    READ_MPU9250_GYRO_RAW                    0x08000da3   Thumb Code    66  mpu9250.o(.text)
    READ_MPU9250_TEMP_RAW                    0x08000de5   Thumb Code    32  mpu9250.o(.text)
    READ_MPU9250_Bypass_MAG_RAW              0x08000e05   Thumb Code    82  mpu9250.o(.text)
    MS5611_Reset                             0x08000e61   Thumb Code    32  ms5611.o(.text)
    ms5611Init                               0x08000e81   Thumb Code     8  ms5611.o(.text)
    MS5611_PROM_READ                         0x08000e89   Thumb Code   128  ms5611.o(.text)
    MS5611_SendCmd_StartConversionAndGetIt   0x08000f09   Thumb Code   148  ms5611.o(.text)
    MS5611_GetTempture                       0x08000f9d   Thumb Code    68  ms5611.o(.text)
    MS5611_GetPressure                       0x08000fe1   Thumb Code   406  ms5611.o(.text)
    MS5611_GetAltitude                       0x08001177   Thumb Code   178  ms5611.o(.text)
    i2cInit                                  0x0800125d   Thumb Code    38  i2c.o(.text)
    I2C_Start                                0x08001283   Thumb Code    92  i2c.o(.text)
    I2C_Stop                                 0x080012df   Thumb Code    60  i2c.o(.text)
    I2C_Ack                                  0x0800131b   Thumb Code    60  i2c.o(.text)
    I2C_NoAck                                0x08001357   Thumb Code    60  i2c.o(.text)
    I2C_WaitAck                              0x08001393   Thumb Code    80  i2c.o(.text)
    I2C_SendByte                             0x080013e3   Thumb Code    90  i2c.o(.text)
    I2C_ReceiveByte                          0x0800143d   Thumb Code    86  i2c.o(.text)
    Single_Write                             0x08001493   Thumb Code    72  i2c.o(.text)
    Single_Read                              0x080014db   Thumb Code    80  i2c.o(.text)
    Multiple_Read                            0x0800152b   Thumb Code   106  i2c.o(.text)
    Set_System                               0x08001599   Thumb Code    94  hw_config.o(.text)
    Set_USBClock                             0x080015f7   Thumb Code    18  hw_config.o(.text)
    Enter_LowPowerMode                       0x08001609   Thumb Code     8  hw_config.o(.text)
    Leave_LowPowerMode                       0x08001611   Thumb Code    22  hw_config.o(.text)
    USB_Interrupts_Config                    0x08001627   Thumb Code    66  hw_config.o(.text)
    USB_Cable_Config                         0x08001669   Thumb Code    30  hw_config.o(.text)
    USB_Config                               0x08001687   Thumb Code    20  hw_config.o(.text)
    USB_RxRead                               0x0800169b   Thumb Code    18  hw_config.o(.text)
    USB_RxWrite                              0x080016ad   Thumb Code    18  hw_config.o(.text)
    USB_TxRead                               0x080016bf   Thumb Code    18  hw_config.o(.text)
    USB_TxWrite                              0x080016d1   Thumb Code    18  hw_config.o(.text)
    Get_SerialNum                            0x08001721   Thumb Code    42  hw_config.o(.text)
    EP1_IN_Callback                          0x08001775   Thumb Code    66  usb_endp.o(.text)
    EP3_OUT_Callback                         0x080017b7   Thumb Code    28  usb_endp.o(.text)
    SOF_Callback                             0x080017d3   Thumb Code    84  usb_endp.o(.text)
    USB_Istr                                 0x0800183d   Thumb Code   426  usb_istr.o(.text)
    Virtual_Com_Port_init                    0x08001a0d   Thumb Code    30  usb_prop.o(.text)
    Virtual_Com_Port_Reset                   0x08001a2b   Thumb Code   216  usb_prop.o(.text)
    Virtual_Com_Port_SetConfiguration        0x08001b03   Thumb Code    14  usb_prop.o(.text)
    Virtual_Com_Port_SetDeviceAddress        0x08001b11   Thumb Code     8  usb_prop.o(.text)
    Virtual_Com_Port_Status_In               0x08001b19   Thumb Code    16  usb_prop.o(.text)
    Virtual_Com_Port_Status_Out              0x08001b29   Thumb Code     2  usb_prop.o(.text)
    Virtual_Com_Port_SetLineCoding           0x08001b2b   Thumb Code    20  usb_prop.o(.text)
    Virtual_Com_Port_GetLineCoding           0x08001b3f   Thumb Code    20  usb_prop.o(.text)
    Virtual_Com_Port_Data_Setup              0x08001b53   Thumb Code    86  usb_prop.o(.text)
    Virtual_Com_Port_NoData_Setup            0x08001ba9   Thumb Code    36  usb_prop.o(.text)
    Virtual_Com_Port_GetDeviceDescriptor     0x08001bcd   Thumb Code    14  usb_prop.o(.text)
    Virtual_Com_Port_GetConfigDescriptor     0x08001bdb   Thumb Code    14  usb_prop.o(.text)
    Virtual_Com_Port_GetStringDescriptor     0x08001be9   Thumb Code    32  usb_prop.o(.text)
    Virtual_Com_Port_Get_Interface_Setting   0x08001c09   Thumb Code    22  usb_prop.o(.text)
    PowerOn                                  0x08001c49   Thumb Code    54  usb_pwr.o(.text)
    PowerOff                                 0x08001c7f   Thumb Code    28  usb_pwr.o(.text)
    Suspend                                  0x08001c9b   Thumb Code   238  usb_pwr.o(.text)
    Resume_Init                              0x08001d89   Thumb Code    30  usb_pwr.o(.text)
    Resume                                   0x08001da7   Thumb Code   194  usb_pwr.o(.text)
    USB_LP_CAN1_RX0_IRQHandler               0x08001e89   Thumb Code     8  usb_it.o(.text)
    USBWakeUp_IRQHandler                     0x08001e91   Thumb Code    12  usb_it.o(.text)
    QUEUE_PacketCreate                       0x08001e9d   Thumb Code    14  queue.o(.text)
    QUEUE_PacketIn                           0x08001eab   Thumb Code    60  queue.o(.text)
    QUEUE_PacketOut                          0x08001ee7   Thumb Code    58  queue.o(.text)
    QUEUE_PacketLengthGet                    0x08001f21   Thumb Code    44  queue.o(.text)
    QUEUE_PacketStartEndDifferentCharSplit   0x08001f4d   Thumb Code   246  queue.o(.text)
    QUEUE_PacketStartEndCharSplit            0x08002043   Thumb Code   270  queue.o(.text)
    QUEUE_PacketCharSplit                    0x08002151   Thumb Code   164  queue.o(.text)
    QUEUE_PacketDoubleEndCharSplit           0x080021f5   Thumb Code   180  queue.o(.text)
    QUEUE_StructCreate                       0x080022a9   Thumb Code    22  queue.o(.text)
    QUEUE_StructIn                           0x080022bf   Thumb Code    80  queue.o(.text)
    QUEUE_StructOut                          0x0800230f   Thumb Code    80  queue.o(.text)
    QUEUE_StructCountGet                     0x0800235f   Thumb Code    40  queue.o(.text)
    Standard_GetConfiguration                0x08002389   Thumb Code    34  usb_core.o(.text)
    Standard_SetConfiguration                0x080023ab   Thumb Code    60  usb_core.o(.text)
    Standard_GetInterface                    0x080023e7   Thumb Code    34  usb_core.o(.text)
    Standard_SetInterface                    0x08002409   Thumb Code    96  usb_core.o(.text)
    Standard_GetStatus                       0x08002469   Thumb Code   238  usb_core.o(.text)
    Standard_ClearFeature                    0x08002557   Thumb Code   342  usb_core.o(.text)
    Standard_SetEndPointFeature              0x080026ad   Thumb Code   220  usb_core.o(.text)
    Standard_SetDeviceFeature                0x08002789   Thumb Code    30  usb_core.o(.text)
    Standard_GetDescriptorData               0x080027a7   Thumb Code    32  usb_core.o(.text)
    Post0_Process                            0x08002cdb   Thumb Code    54  usb_core.o(.text)
    Setup0_Process                           0x08002d11   Thumb Code   170  usb_core.o(.text)
    SetDeviceAddress                         0x08002dbb   Thumb Code    70  usb_core.o(.text)
    In0_Process                              0x08002e01   Thumb Code    98  usb_core.o(.text)
    Out0_Process                             0x08002e63   Thumb Code    70  usb_core.o(.text)
    NOP_Process                              0x08002ea9   Thumb Code     2  usb_core.o(.text)
    USB_Init                                 0x08002ed9   Thumb Code    36  usb_init.o(.text)
    CTR_LP                                   0x08002f15   Thumb Code   616  usb_int.o(.text)
    CTR_HP                                   0x0800317d   Thumb Code   178  usb_int.o(.text)
    UserToPMABufferCopy                      0x08003251   Thumb Code    52  usb_mem.o(.text)
    PMAToUserBufferCopy                      0x08003285   Thumb Code    34  usb_mem.o(.text)
    SetCNTR                                  0x080032ad   Thumb Code     6  usb_regs.o(.text)
    GetCNTR                                  0x080032b3   Thumb Code     8  usb_regs.o(.text)
    SetISTR                                  0x080032bb   Thumb Code     8  usb_regs.o(.text)
    GetISTR                                  0x080032c3   Thumb Code    10  usb_regs.o(.text)
    GetFNR                                   0x080032cd   Thumb Code    10  usb_regs.o(.text)
    SetDADDR                                 0x080032d7   Thumb Code     8  usb_regs.o(.text)
    GetDADDR                                 0x080032df   Thumb Code    10  usb_regs.o(.text)
    SetBTABLE                                0x080032e9   Thumb Code    14  usb_regs.o(.text)
    GetBTABLE                                0x080032f7   Thumb Code    10  usb_regs.o(.text)
    SetENDPOINT                              0x08003301   Thumb Code    12  usb_regs.o(.text)
    GetENDPOINT                              0x0800330d   Thumb Code    16  usb_regs.o(.text)
    SetEPType                                0x0800331d   Thumb Code    32  usb_regs.o(.text)
    GetEPType                                0x0800333d   Thumb Code    18  usb_regs.o(.text)
    SetEPTxStatus                            0x0800334f   Thumb Code    60  usb_regs.o(.text)
    SetEPRxStatus                            0x0800338b   Thumb Code    60  usb_regs.o(.text)
    SetDouBleBuffEPStall                     0x080033c7   Thumb Code    54  usb_regs.o(.text)
    GetEPTxStatus                            0x080033fd   Thumb Code    18  usb_regs.o(.text)
    GetEPRxStatus                            0x0800340f   Thumb Code    18  usb_regs.o(.text)
    SetEPTxValid                             0x08003421   Thumb Code    48  usb_regs.o(.text)
    SetEPRxValid                             0x08003451   Thumb Code    48  usb_regs.o(.text)
    SetEP_KIND                               0x08003481   Thumb Code    38  usb_regs.o(.text)
    ClearEP_KIND                             0x080034a7   Thumb Code    34  usb_regs.o(.text)
    Clear_Status_Out                         0x080034c9   Thumb Code    34  usb_regs.o(.text)
    Set_Status_Out                           0x080034eb   Thumb Code    38  usb_regs.o(.text)
    SetEPDoubleBuff                          0x08003511   Thumb Code    38  usb_regs.o(.text)
    ClearEPDoubleBuff                        0x08003537   Thumb Code    34  usb_regs.o(.text)
    GetTxStallStatus                         0x08003559   Thumb Code    28  usb_regs.o(.text)
    GetRxStallStatus                         0x08003575   Thumb Code    30  usb_regs.o(.text)
    ClearEP_CTR_RX                           0x08003593   Thumb Code    32  usb_regs.o(.text)
    ClearEP_CTR_TX                           0x080035b3   Thumb Code    28  usb_regs.o(.text)
    ToggleDTOG_RX                            0x080035cf   Thumb Code    34  usb_regs.o(.text)
    ToggleDTOG_TX                            0x080035f1   Thumb Code    34  usb_regs.o(.text)
    ClearDTOG_RX                             0x08003613   Thumb Code    48  usb_regs.o(.text)
    ClearDTOG_TX                             0x08003643   Thumb Code    48  usb_regs.o(.text)
    SetEPAddress                             0x08003673   Thumb Code    46  usb_regs.o(.text)
    GetEPAddress                             0x080036a1   Thumb Code    18  usb_regs.o(.text)
    SetEPTxAddr                              0x080036b3   Thumb Code    24  usb_regs.o(.text)
    SetEPRxAddr                              0x080036cb   Thumb Code    26  usb_regs.o(.text)
    GetEPTxAddr                              0x080036e5   Thumb Code    22  usb_regs.o(.text)
    GetEPRxAddr                              0x080036fb   Thumb Code    24  usb_regs.o(.text)
    SetEPTxCount                             0x08003713   Thumb Code    20  usb_regs.o(.text)
    SetEPCountRxReg                          0x08003727   Thumb Code    48  usb_regs.o(.text)
    SetEPRxCount                             0x08003757   Thumb Code    68  usb_regs.o(.text)
    GetEPTxCount                             0x0800379b   Thumb Code    26  usb_regs.o(.text)
    GetEPRxCount                             0x080037b5   Thumb Code    26  usb_regs.o(.text)
    SetEPDblBuffAddr                         0x080037cf   Thumb Code    44  usb_regs.o(.text)
    SetEPDblBuf0Addr                         0x080037fb   Thumb Code    24  usb_regs.o(.text)
    SetEPDblBuf1Addr                         0x08003813   Thumb Code    26  usb_regs.o(.text)
    GetEPDblBuf0Addr                         0x0800382d   Thumb Code    22  usb_regs.o(.text)
    GetEPDblBuf1Addr                         0x08003843   Thumb Code    24  usb_regs.o(.text)
    SetEPDblBuffCount                        0x0800385b   Thumb Code   186  usb_regs.o(.text)
    SetEPDblBuf0Count                        0x08003915   Thumb Code    96  usb_regs.o(.text)
    SetEPDblBuf1Count                        0x08003975   Thumb Code    96  usb_regs.o(.text)
    GetEPDblBuf0Count                        0x080039d5   Thumb Code    26  usb_regs.o(.text)
    GetEPDblBuf1Count                        0x080039ef   Thumb Code    26  usb_regs.o(.text)
    GetEPDblBufDir                           0x08003a09   Thumb Code    62  usb_regs.o(.text)
    FreeUserBuffer                           0x08003a47   Thumb Code    90  usb_regs.o(.text)
    ToWord                                   0x08003aa1   Thumb Code     8  usb_regs.o(.text)
    ByteSwap                                 0x08003aa9   Thumb Code    12  usb_regs.o(.text)
    USB_SIL_Init                             0x08003ab5   Thumb Code    28  usb_sil.o(.text)
    USB_SIL_Write                            0x08003ad1   Thumb Code    46  usb_sil.o(.text)
    USB_SIL_Read                             0x08003aff   Thumb Code    46  usb_sil.o(.text)
    ADC_DeInit                               0x08003b35   Thumb Code    78  stm32f10x_adc.o(.text)
    ADC_Init                                 0x08003b83   Thumb Code    70  stm32f10x_adc.o(.text)
    ADC_StructInit                           0x08003bc9   Thumb Code    18  stm32f10x_adc.o(.text)
    ADC_Cmd                                  0x08003bdb   Thumb Code    22  stm32f10x_adc.o(.text)
    ADC_DMACmd                               0x08003bf1   Thumb Code    22  stm32f10x_adc.o(.text)
    ADC_ITConfig                             0x08003c07   Thumb Code    24  stm32f10x_adc.o(.text)
    ADC_ResetCalibration                     0x08003c1f   Thumb Code    10  stm32f10x_adc.o(.text)
    ADC_GetResetCalibrationStatus            0x08003c29   Thumb Code    20  stm32f10x_adc.o(.text)
    ADC_StartCalibration                     0x08003c3d   Thumb Code    10  stm32f10x_adc.o(.text)
    ADC_GetCalibrationStatus                 0x08003c47   Thumb Code    20  stm32f10x_adc.o(.text)
    ADC_SoftwareStartConvCmd                 0x08003c5b   Thumb Code    22  stm32f10x_adc.o(.text)
    ADC_GetSoftwareStartConvStatus           0x08003c71   Thumb Code    20  stm32f10x_adc.o(.text)
    ADC_DiscModeChannelCountConfig           0x08003c85   Thumb Code    24  stm32f10x_adc.o(.text)
    ADC_DiscModeCmd                          0x08003c9d   Thumb Code    22  stm32f10x_adc.o(.text)
    ADC_RegularChannelConfig                 0x08003cb3   Thumb Code   184  stm32f10x_adc.o(.text)
    ADC_ExternalTrigConvCmd                  0x08003d6b   Thumb Code    22  stm32f10x_adc.o(.text)
    ADC_GetConversionValue                   0x08003d81   Thumb Code     8  stm32f10x_adc.o(.text)
    ADC_GetDualModeConversionValue           0x08003d89   Thumb Code     8  stm32f10x_adc.o(.text)
    ADC_AutoInjectedConvCmd                  0x08003d91   Thumb Code    22  stm32f10x_adc.o(.text)
    ADC_InjectedDiscModeCmd                  0x08003da7   Thumb Code    22  stm32f10x_adc.o(.text)
    ADC_ExternalTrigInjectedConvConfig       0x08003dbd   Thumb Code    16  stm32f10x_adc.o(.text)
    ADC_ExternalTrigInjectedConvCmd          0x08003dcd   Thumb Code    22  stm32f10x_adc.o(.text)
    ADC_SoftwareStartInjectedConvCmd         0x08003de3   Thumb Code    22  stm32f10x_adc.o(.text)
    ADC_GetSoftwareStartInjectedConvCmdStatus 0x08003df9   Thumb Code    20  stm32f10x_adc.o(.text)
    ADC_InjectedChannelConfig                0x08003e0d   Thumb Code   130  stm32f10x_adc.o(.text)
    ADC_InjectedSequencerLengthConfig        0x08003e8f   Thumb Code    24  stm32f10x_adc.o(.text)
    ADC_SetInjectedOffset                    0x08003ea7   Thumb Code    20  stm32f10x_adc.o(.text)
    ADC_GetInjectedConversionValue           0x08003ebb   Thumb Code    28  stm32f10x_adc.o(.text)
    ADC_AnalogWatchdogCmd                    0x08003ed7   Thumb Code    16  stm32f10x_adc.o(.text)
    ADC_AnalogWatchdogThresholdsConfig       0x08003ee7   Thumb Code     6  stm32f10x_adc.o(.text)
    ADC_AnalogWatchdogSingleChannelConfig    0x08003eed   Thumb Code    16  stm32f10x_adc.o(.text)
    ADC_TempSensorVrefintCmd                 0x08003efd   Thumb Code    64  stm32f10x_adc.o(.text)
    ADC_GetFlagStatus                        0x08003f3d   Thumb Code    18  stm32f10x_adc.o(.text)
    ADC_ClearFlag                            0x08003f4f   Thumb Code     6  stm32f10x_adc.o(.text)
    ADC_GetITStatus                          0x08003f55   Thumb Code    36  stm32f10x_adc.o(.text)
    ADC_ClearITPendingBit                    0x08003f79   Thumb Code    10  stm32f10x_adc.o(.text)
    GPIO_DeInit                              0x08003f85   Thumb Code   172  stm32f10x_gpio.o(.text)
    GPIO_AFIODeInit                          0x08004031   Thumb Code    20  stm32f10x_gpio.o(.text)
    GPIO_Init                                0x08004045   Thumb Code   278  stm32f10x_gpio.o(.text)
    GPIO_StructInit                          0x0800415b   Thumb Code    16  stm32f10x_gpio.o(.text)
    GPIO_ReadInputDataBit                    0x0800416b   Thumb Code    18  stm32f10x_gpio.o(.text)
    GPIO_ReadInputData                       0x0800417d   Thumb Code     8  stm32f10x_gpio.o(.text)
    GPIO_ReadOutputDataBit                   0x08004185   Thumb Code    18  stm32f10x_gpio.o(.text)
    GPIO_ReadOutputData                      0x08004197   Thumb Code     8  stm32f10x_gpio.o(.text)
    GPIO_SetBits                             0x0800419f   Thumb Code     4  stm32f10x_gpio.o(.text)
    GPIO_ResetBits                           0x080041a3   Thumb Code     4  stm32f10x_gpio.o(.text)
    GPIO_WriteBit                            0x080041a7   Thumb Code    10  stm32f10x_gpio.o(.text)
    GPIO_Write                               0x080041b1   Thumb Code     4  stm32f10x_gpio.o(.text)
    GPIO_PinLockConfig                       0x080041b5   Thumb Code    18  stm32f10x_gpio.o(.text)
    GPIO_EventOutputConfig                   0x080041c7   Thumb Code    26  stm32f10x_gpio.o(.text)
    GPIO_EventOutputCmd                      0x080041e1   Thumb Code     6  stm32f10x_gpio.o(.text)
    GPIO_PinRemapConfig                      0x080041e7   Thumb Code   138  stm32f10x_gpio.o(.text)
    GPIO_EXTILineConfig                      0x08004271   Thumb Code    66  stm32f10x_gpio.o(.text)
    GPIO_ETH_MediaInterfaceConfig            0x080042b3   Thumb Code     8  stm32f10x_gpio.o(.text)
    RCC_DeInit                               0x080042e1   Thumb Code    64  stm32f10x_rcc.o(.text)
    RCC_HSEConfig                            0x08004321   Thumb Code    70  stm32f10x_rcc.o(.text)
    RCC_GetFlagStatus                        0x08004367   Thumb Code    56  stm32f10x_rcc.o(.text)
    RCC_WaitForHSEStartUp                    0x0800439f   Thumb Code    56  stm32f10x_rcc.o(.text)
    RCC_AdjustHSICalibrationValue            0x080043d7   Thumb Code    20  stm32f10x_rcc.o(.text)
    RCC_HSICmd                               0x080043eb   Thumb Code     6  stm32f10x_rcc.o(.text)
    RCC_PLLConfig                            0x080043f1   Thumb Code    24  stm32f10x_rcc.o(.text)
    RCC_PLLCmd                               0x08004409   Thumb Code     6  stm32f10x_rcc.o(.text)
    RCC_SYSCLKConfig                         0x0800440f   Thumb Code    18  stm32f10x_rcc.o(.text)
    RCC_GetSYSCLKSource                      0x08004421   Thumb Code    10  stm32f10x_rcc.o(.text)
    RCC_HCLKConfig                           0x0800442b   Thumb Code    18  stm32f10x_rcc.o(.text)
    RCC_PCLK1Config                          0x0800443d   Thumb Code    18  stm32f10x_rcc.o(.text)
    RCC_PCLK2Config                          0x0800444f   Thumb Code    20  stm32f10x_rcc.o(.text)
    RCC_ITConfig                             0x08004463   Thumb Code    26  stm32f10x_rcc.o(.text)
    RCC_USBCLKConfig                         0x0800447d   Thumb Code     8  stm32f10x_rcc.o(.text)
    RCC_ADCCLKConfig                         0x08004485   Thumb Code    18  stm32f10x_rcc.o(.text)
    RCC_LSEConfig                            0x08004497   Thumb Code    50  stm32f10x_rcc.o(.text)
    RCC_LSICmd                               0x080044c9   Thumb Code     6  stm32f10x_rcc.o(.text)
    RCC_RTCCLKConfig                         0x080044cf   Thumb Code    12  stm32f10x_rcc.o(.text)
    RCC_RTCCLKCmd                            0x080044db   Thumb Code     8  stm32f10x_rcc.o(.text)
    RCC_GetClocksFreq                        0x080044e3   Thumb Code   192  stm32f10x_rcc.o(.text)
    RCC_AHBPeriphClockCmd                    0x080045a3   Thumb Code    26  stm32f10x_rcc.o(.text)
    RCC_APB2PeriphClockCmd                   0x080045bd   Thumb Code    26  stm32f10x_rcc.o(.text)
    RCC_APB1PeriphClockCmd                   0x080045d7   Thumb Code    26  stm32f10x_rcc.o(.text)
    RCC_APB2PeriphResetCmd                   0x080045f1   Thumb Code    26  stm32f10x_rcc.o(.text)
    RCC_APB1PeriphResetCmd                   0x0800460b   Thumb Code    26  stm32f10x_rcc.o(.text)
    RCC_BackupResetCmd                       0x08004625   Thumb Code     8  stm32f10x_rcc.o(.text)
    RCC_ClockSecuritySystemCmd               0x0800462d   Thumb Code     6  stm32f10x_rcc.o(.text)
    RCC_MCOConfig                            0x08004633   Thumb Code     6  stm32f10x_rcc.o(.text)
    RCC_ClearFlag                            0x08004639   Thumb Code    14  stm32f10x_rcc.o(.text)
    RCC_GetITStatus                          0x08004647   Thumb Code    20  stm32f10x_rcc.o(.text)
    RCC_ClearITPendingBit                    0x0800465b   Thumb Code     6  stm32f10x_rcc.o(.text)
    SPI_I2S_DeInit                           0x08004685   Thumb Code    76  stm32f10x_spi.o(.text)
    SPI_Init                                 0x080046d1   Thumb Code    60  stm32f10x_spi.o(.text)
    I2S_Init                                 0x0800470d   Thumb Code   226  stm32f10x_spi.o(.text)
    SPI_StructInit                           0x080047ef   Thumb Code    24  stm32f10x_spi.o(.text)
    I2S_StructInit                           0x08004807   Thumb Code    20  stm32f10x_spi.o(.text)
    SPI_Cmd                                  0x0800481b   Thumb Code    24  stm32f10x_spi.o(.text)
    I2S_Cmd                                  0x08004833   Thumb Code    24  stm32f10x_spi.o(.text)
    SPI_I2S_ITConfig                         0x0800484b   Thumb Code    32  stm32f10x_spi.o(.text)
    SPI_I2S_DMACmd                           0x0800486b   Thumb Code    18  stm32f10x_spi.o(.text)
    SPI_I2S_SendData                         0x0800487d   Thumb Code     4  stm32f10x_spi.o(.text)
    SPI_I2S_ReceiveData                      0x08004881   Thumb Code     6  stm32f10x_spi.o(.text)
    SPI_NSSInternalSoftwareConfig            0x08004887   Thumb Code    30  stm32f10x_spi.o(.text)
    SPI_SSOutputCmd                          0x080048a5   Thumb Code    24  stm32f10x_spi.o(.text)
    SPI_DataSizeConfig                       0x080048bd   Thumb Code    18  stm32f10x_spi.o(.text)
    SPI_TransmitCRC                          0x080048cf   Thumb Code    10  stm32f10x_spi.o(.text)
    SPI_CalculateCRC                         0x080048d9   Thumb Code    24  stm32f10x_spi.o(.text)
    SPI_GetCRC                               0x080048f1   Thumb Code    16  stm32f10x_spi.o(.text)
    SPI_GetCRCPolynomial                     0x08004901   Thumb Code     6  stm32f10x_spi.o(.text)
    SPI_BiDirectionalLineConfig              0x08004907   Thumb Code    28  stm32f10x_spi.o(.text)
    SPI_I2S_GetFlagStatus                    0x08004923   Thumb Code    18  stm32f10x_spi.o(.text)
    SPI_I2S_ClearFlag                        0x08004935   Thumb Code     6  stm32f10x_spi.o(.text)
    SPI_I2S_GetITStatus                      0x0800493b   Thumb Code    52  stm32f10x_spi.o(.text)
    SPI_I2S_ClearITPendingBit                0x0800496f   Thumb Code    20  stm32f10x_spi.o(.text)
    TIM_DeInit                               0x08004991   Thumb Code   424  stm32f10x_tim.o(.text)
    TIM_TimeBaseInit                         0x08004b39   Thumb Code   122  stm32f10x_tim.o(.text)
    TIM_OC1Init                              0x08004bb3   Thumb Code   132  stm32f10x_tim.o(.text)
    TIM_OC2Init                              0x08004c37   Thumb Code   154  stm32f10x_tim.o(.text)
    TIM_OC3Init                              0x08004cd1   Thumb Code   150  stm32f10x_tim.o(.text)
    TIM_OC4Init                              0x08004d67   Thumb Code   182  stm32f10x_tim.o(.text)
    TIM_SetIC4Prescaler                      0x08004e1d   Thumb Code    26  stm32f10x_tim.o(.text)
    TIM_SetIC3Prescaler                      0x08004eb9   Thumb Code    18  stm32f10x_tim.o(.text)
    TIM_SetIC2Prescaler                      0x08004f45   Thumb Code    26  stm32f10x_tim.o(.text)
    TIM_SetIC1Prescaler                      0x08004fe1   Thumb Code    18  stm32f10x_tim.o(.text)
    TIM_ICInit                               0x0800505f   Thumb Code   150  stm32f10x_tim.o(.text)
    TIM_PWMIConfig                           0x080050f5   Thumb Code   124  stm32f10x_tim.o(.text)
    TIM_BDTRConfig                           0x08005171   Thumb Code    32  stm32f10x_tim.o(.text)
    TIM_TimeBaseStructInit                   0x08005191   Thumb Code    18  stm32f10x_tim.o(.text)
    TIM_OCStructInit                         0x080051a3   Thumb Code    20  stm32f10x_tim.o(.text)
    TIM_ICStructInit                         0x080051b7   Thumb Code    18  stm32f10x_tim.o(.text)
    TIM_BDTRStructInit                       0x080051c9   Thumb Code    40  stm32f10x_tim.o(.text)
    TIM_Cmd                                  0x080051f1   Thumb Code    24  stm32f10x_tim.o(.text)
    TIM_CtrlPWMOutputs                       0x08005209   Thumb Code    30  stm32f10x_tim.o(.text)
    TIM_ITConfig                             0x08005227   Thumb Code    18  stm32f10x_tim.o(.text)
    TIM_GenerateEvent                        0x08005239   Thumb Code     4  stm32f10x_tim.o(.text)
    TIM_DMAConfig                            0x0800523d   Thumb Code    10  stm32f10x_tim.o(.text)
    TIM_DMACmd                               0x08005247   Thumb Code    18  stm32f10x_tim.o(.text)
    TIM_InternalClockConfig                  0x08005259   Thumb Code    12  stm32f10x_tim.o(.text)
    TIM_SelectInputTrigger                   0x08005265   Thumb Code    18  stm32f10x_tim.o(.text)
    TIM_ITRxExternalClockConfig              0x08005277   Thumb Code    24  stm32f10x_tim.o(.text)
    TIM_TIxExternalClockConfig               0x0800528f   Thumb Code    62  stm32f10x_tim.o(.text)
    TIM_ETRConfig                            0x080052cd   Thumb Code    28  stm32f10x_tim.o(.text)
    TIM_ETRClockMode1Config                  0x080052e9   Thumb Code    54  stm32f10x_tim.o(.text)
    TIM_ETRClockMode2Config                  0x0800531f   Thumb Code    32  stm32f10x_tim.o(.text)
    TIM_PrescalerConfig                      0x0800533f   Thumb Code     6  stm32f10x_tim.o(.text)
    TIM_CounterModeConfig                    0x08005345   Thumb Code    18  stm32f10x_tim.o(.text)
    TIM_EncoderInterfaceConfig               0x08005357   Thumb Code    66  stm32f10x_tim.o(.text)
    TIM_ForcedOC1Config                      0x08005399   Thumb Code    18  stm32f10x_tim.o(.text)
    TIM_ForcedOC2Config                      0x080053ab   Thumb Code    26  stm32f10x_tim.o(.text)
    TIM_ForcedOC3Config                      0x080053c5   Thumb Code    18  stm32f10x_tim.o(.text)
    TIM_ForcedOC4Config                      0x080053d7   Thumb Code    26  stm32f10x_tim.o(.text)
    TIM_ARRPreloadConfig                     0x080053f1   Thumb Code    24  stm32f10x_tim.o(.text)
    TIM_SelectCOM                            0x08005409   Thumb Code    24  stm32f10x_tim.o(.text)
    TIM_SelectCCDMA                          0x08005421   Thumb Code    24  stm32f10x_tim.o(.text)
    TIM_CCPreloadControl                     0x08005439   Thumb Code    24  stm32f10x_tim.o(.text)
    TIM_OC1PreloadConfig                     0x08005451   Thumb Code    18  stm32f10x_tim.o(.text)
    TIM_OC2PreloadConfig                     0x08005463   Thumb Code    26  stm32f10x_tim.o(.text)
    TIM_OC3PreloadConfig                     0x0800547d   Thumb Code    18  stm32f10x_tim.o(.text)
    TIM_OC4PreloadConfig                     0x0800548f   Thumb Code    26  stm32f10x_tim.o(.text)
    TIM_OC1FastConfig                        0x080054a9   Thumb Code    18  stm32f10x_tim.o(.text)
    TIM_OC2FastConfig                        0x080054bb   Thumb Code    26  stm32f10x_tim.o(.text)
    TIM_OC3FastConfig                        0x080054d5   Thumb Code    18  stm32f10x_tim.o(.text)
    TIM_OC4FastConfig                        0x080054e7   Thumb Code    26  stm32f10x_tim.o(.text)
    TIM_ClearOC1Ref                          0x08005501   Thumb Code    18  stm32f10x_tim.o(.text)
    TIM_ClearOC2Ref                          0x08005513   Thumb Code    24  stm32f10x_tim.o(.text)
    TIM_ClearOC3Ref                          0x0800552b   Thumb Code    18  stm32f10x_tim.o(.text)
    TIM_ClearOC4Ref                          0x0800553d   Thumb Code    24  stm32f10x_tim.o(.text)
    TIM_OC1PolarityConfig                    0x08005555   Thumb Code    18  stm32f10x_tim.o(.text)
    TIM_OC1NPolarityConfig                   0x08005567   Thumb Code    18  stm32f10x_tim.o(.text)
    TIM_OC2PolarityConfig                    0x08005579   Thumb Code    26  stm32f10x_tim.o(.text)
    TIM_OC2NPolarityConfig                   0x08005593   Thumb Code    26  stm32f10x_tim.o(.text)
    TIM_OC3PolarityConfig                    0x080055ad   Thumb Code    26  stm32f10x_tim.o(.text)
    TIM_OC3NPolarityConfig                   0x080055c7   Thumb Code    26  stm32f10x_tim.o(.text)
    TIM_OC4PolarityConfig                    0x080055e1   Thumb Code    26  stm32f10x_tim.o(.text)
    TIM_CCxCmd                               0x080055fb   Thumb Code    30  stm32f10x_tim.o(.text)
    TIM_CCxNCmd                              0x08005619   Thumb Code    30  stm32f10x_tim.o(.text)
    TIM_SelectOCxM                           0x08005637   Thumb Code    82  stm32f10x_tim.o(.text)
    TIM_UpdateDisableConfig                  0x08005689   Thumb Code    24  stm32f10x_tim.o(.text)
    TIM_UpdateRequestConfig                  0x080056a1   Thumb Code    24  stm32f10x_tim.o(.text)
    TIM_SelectHallSensor                     0x080056b9   Thumb Code    24  stm32f10x_tim.o(.text)
    TIM_SelectOnePulseMode                   0x080056d1   Thumb Code    18  stm32f10x_tim.o(.text)
    TIM_SelectOutputTrigger                  0x080056e3   Thumb Code    18  stm32f10x_tim.o(.text)
    TIM_SelectSlaveMode                      0x080056f5   Thumb Code    18  stm32f10x_tim.o(.text)
    TIM_SelectMasterSlaveMode                0x08005707   Thumb Code    18  stm32f10x_tim.o(.text)
    TIM_SetCounter                           0x08005719   Thumb Code     4  stm32f10x_tim.o(.text)
    TIM_SetAutoreload                        0x0800571d   Thumb Code     4  stm32f10x_tim.o(.text)
    TIM_SetCompare1                          0x08005721   Thumb Code     4  stm32f10x_tim.o(.text)
    TIM_SetCompare2                          0x08005725   Thumb Code     4  stm32f10x_tim.o(.text)
    TIM_SetCompare3                          0x08005729   Thumb Code     4  stm32f10x_tim.o(.text)
    TIM_SetCompare4                          0x0800572d   Thumb Code     6  stm32f10x_tim.o(.text)
    TIM_SetClockDivision                     0x08005733   Thumb Code    18  stm32f10x_tim.o(.text)
    TIM_GetCapture1                          0x08005745   Thumb Code     6  stm32f10x_tim.o(.text)
    TIM_GetCapture2                          0x0800574b   Thumb Code     6  stm32f10x_tim.o(.text)
    TIM_GetCapture3                          0x08005751   Thumb Code     6  stm32f10x_tim.o(.text)
    TIM_GetCapture4                          0x08005757   Thumb Code     8  stm32f10x_tim.o(.text)
    TIM_GetCounter                           0x0800575f   Thumb Code     6  stm32f10x_tim.o(.text)
    TIM_GetPrescaler                         0x08005765   Thumb Code     6  stm32f10x_tim.o(.text)
    TIM_GetFlagStatus                        0x0800576b   Thumb Code    18  stm32f10x_tim.o(.text)
    TIM_ClearFlag                            0x0800577d   Thumb Code     6  stm32f10x_tim.o(.text)
    TIM_GetITStatus                          0x08005783   Thumb Code    34  stm32f10x_tim.o(.text)
    TIM_ClearITPendingBit                    0x080057a5   Thumb Code     6  stm32f10x_tim.o(.text)
    Reset_Handler                            0x080057ad   Thumb Code     8  startup_stm32f10x_md.o(.text)
    NMI_Handler                              0x080057b5   Thumb Code     2  startup_stm32f10x_md.o(.text)
    HardFault_Handler                        0x080057b7   Thumb Code     2  startup_stm32f10x_md.o(.text)
    MemManage_Handler                        0x080057b9   Thumb Code     2  startup_stm32f10x_md.o(.text)
    BusFault_Handler                         0x080057bb   Thumb Code     2  startup_stm32f10x_md.o(.text)
    UsageFault_Handler                       0x080057bd   Thumb Code     2  startup_stm32f10x_md.o(.text)
    SVC_Handler                              0x080057bf   Thumb Code     2  startup_stm32f10x_md.o(.text)
    DebugMon_Handler                         0x080057c1   Thumb Code     2  startup_stm32f10x_md.o(.text)
    PendSV_Handler                           0x080057c3   Thumb Code     2  startup_stm32f10x_md.o(.text)
    ADC1_2_IRQHandler                        0x080057c7   Thumb Code     0  startup_stm32f10x_md.o(.text)
    CAN1_RX1_IRQHandler                      0x080057c7   Thumb Code     0  startup_stm32f10x_md.o(.text)
    CAN1_SCE_IRQHandler                      0x080057c7   Thumb Code     0  startup_stm32f10x_md.o(.text)
    DMA1_Channel1_IRQHandler                 0x080057c7   Thumb Code     0  startup_stm32f10x_md.o(.text)
    DMA1_Channel2_IRQHandler                 0x080057c7   Thumb Code     0  startup_stm32f10x_md.o(.text)
    DMA1_Channel3_IRQHandler                 0x080057c7   Thumb Code     0  startup_stm32f10x_md.o(.text)
    DMA1_Channel4_IRQHandler                 0x080057c7   Thumb Code     0  startup_stm32f10x_md.o(.text)
    DMA1_Channel5_IRQHandler                 0x080057c7   Thumb Code     0  startup_stm32f10x_md.o(.text)
    DMA1_Channel6_IRQHandler                 0x080057c7   Thumb Code     0  startup_stm32f10x_md.o(.text)
    DMA1_Channel7_IRQHandler                 0x080057c7   Thumb Code     0  startup_stm32f10x_md.o(.text)
    EXTI0_IRQHandler                         0x080057c7   Thumb Code     0  startup_stm32f10x_md.o(.text)
    EXTI15_10_IRQHandler                     0x080057c7   Thumb Code     0  startup_stm32f10x_md.o(.text)
    EXTI1_IRQHandler                         0x080057c7   Thumb Code     0  startup_stm32f10x_md.o(.text)
    EXTI2_IRQHandler                         0x080057c7   Thumb Code     0  startup_stm32f10x_md.o(.text)
    EXTI3_IRQHandler                         0x080057c7   Thumb Code     0  startup_stm32f10x_md.o(.text)
    EXTI4_IRQHandler                         0x080057c7   Thumb Code     0  startup_stm32f10x_md.o(.text)
    FLASH_IRQHandler                         0x080057c7   Thumb Code     0  startup_stm32f10x_md.o(.text)
    I2C1_ER_IRQHandler                       0x080057c7   Thumb Code     0  startup_stm32f10x_md.o(.text)
    I2C1_EV_IRQHandler                       0x080057c7   Thumb Code     0  startup_stm32f10x_md.o(.text)
    I2C2_ER_IRQHandler                       0x080057c7   Thumb Code     0  startup_stm32f10x_md.o(.text)
    I2C2_EV_IRQHandler                       0x080057c7   Thumb Code     0  startup_stm32f10x_md.o(.text)
    PVD_IRQHandler                           0x080057c7   Thumb Code     0  startup_stm32f10x_md.o(.text)
    RCC_IRQHandler                           0x080057c7   Thumb Code     0  startup_stm32f10x_md.o(.text)
    RTCAlarm_IRQHandler                      0x080057c7   Thumb Code     0  startup_stm32f10x_md.o(.text)
    RTC_IRQHandler                           0x080057c7   Thumb Code     0  startup_stm32f10x_md.o(.text)
    SPI1_IRQHandler                          0x080057c7   Thumb Code     0  startup_stm32f10x_md.o(.text)
    SPI2_IRQHandler                          0x080057c7   Thumb Code     0  startup_stm32f10x_md.o(.text)
    TAMPER_IRQHandler                        0x080057c7   Thumb Code     0  startup_stm32f10x_md.o(.text)
    TIM1_BRK_IRQHandler                      0x080057c7   Thumb Code     0  startup_stm32f10x_md.o(.text)
    TIM1_CC_IRQHandler                       0x080057c7   Thumb Code     0  startup_stm32f10x_md.o(.text)
    TIM1_TRG_COM_IRQHandler                  0x080057c7   Thumb Code     0  startup_stm32f10x_md.o(.text)
    TIM2_IRQHandler                          0x080057c7   Thumb Code     0  startup_stm32f10x_md.o(.text)
    TIM3_IRQHandler                          0x080057c7   Thumb Code     0  startup_stm32f10x_md.o(.text)
    TIM4_IRQHandler                          0x080057c7   Thumb Code     0  startup_stm32f10x_md.o(.text)
    USART1_IRQHandler                        0x080057c7   Thumb Code     0  startup_stm32f10x_md.o(.text)
    USART2_IRQHandler                        0x080057c7   Thumb Code     0  startup_stm32f10x_md.o(.text)
    USART3_IRQHandler                        0x080057c7   Thumb Code     0  startup_stm32f10x_md.o(.text)
    USB_HP_CAN1_TX_IRQHandler                0x080057c7   Thumb Code     0  startup_stm32f10x_md.o(.text)
    WWDG_IRQHandler                          0x080057c7   Thumb Code     0  startup_stm32f10x_md.o(.text)
    SystemInit                               0x080058af   Thumb Code    78  system_stm32f10x.o(.text)
    SystemCoreClockUpdate                    0x080058fd   Thumb Code   142  system_stm32f10x.o(.text)
    FLASH_SetLatency                         0x080059b1   Thumb Code    18  stm32f10x_flash.o(.text)
    FLASH_HalfCycleAccessCmd                 0x080059c3   Thumb Code    22  stm32f10x_flash.o(.text)
    FLASH_PrefetchBufferCmd                  0x080059d9   Thumb Code    22  stm32f10x_flash.o(.text)
    FLASH_Unlock                             0x080059ef   Thumb Code    12  stm32f10x_flash.o(.text)
    FLASH_UnlockBank1                        0x080059fb   Thumb Code    12  stm32f10x_flash.o(.text)
    FLASH_Lock                               0x08005a07   Thumb Code    14  stm32f10x_flash.o(.text)
    FLASH_LockBank1                          0x08005a15   Thumb Code    14  stm32f10x_flash.o(.text)
    FLASH_GetBank1Status                     0x08005a23   Thumb Code    48  stm32f10x_flash.o(.text)
    FLASH_WaitForLastOperation               0x08005a53   Thumb Code    38  stm32f10x_flash.o(.text)
    FLASH_ErasePage                          0x08005a79   Thumb Code    72  stm32f10x_flash.o(.text)
    FLASH_EraseAllPages                      0x08005ac1   Thumb Code    68  stm32f10x_flash.o(.text)
    FLASH_WaitForLastBank1Operation          0x08005b05   Thumb Code    38  stm32f10x_flash.o(.text)
    FLASH_EraseAllBank1Pages                 0x08005b2b   Thumb Code    68  stm32f10x_flash.o(.text)
    FLASH_GetReadOutProtectionStatus         0x08005b6f   Thumb Code    20  stm32f10x_flash.o(.text)
    FLASH_EraseOptionBytes                   0x08005b83   Thumb Code   150  stm32f10x_flash.o(.text)
    FLASH_ProgramWord                        0x08005c19   Thumb Code   102  stm32f10x_flash.o(.text)
    FLASH_ProgramHalfWord                    0x08005c7f   Thumb Code    60  stm32f10x_flash.o(.text)
    FLASH_ProgramOptionByteData              0x08005cbb   Thumb Code    72  stm32f10x_flash.o(.text)
    FLASH_EnableWriteProtection              0x08005d03   Thumb Code   200  stm32f10x_flash.o(.text)
    FLASH_ReadOutProtection                  0x08005dcb   Thumb Code   156  stm32f10x_flash.o(.text)
    FLASH_UserOptionByteConfig               0x08005e67   Thumb Code    88  stm32f10x_flash.o(.text)
    FLASH_GetUserOptionByte                  0x08005ebf   Thumb Code     8  stm32f10x_flash.o(.text)
    FLASH_GetWriteProtectionOptionByte       0x08005ec7   Thumb Code     6  stm32f10x_flash.o(.text)
    FLASH_GetPrefetchBufferStatus            0x08005ecd   Thumb Code    20  stm32f10x_flash.o(.text)
    FLASH_ITConfig                           0x08005ee1   Thumb Code    26  stm32f10x_flash.o(.text)
    FLASH_GetFlagStatus                      0x08005efb   Thumb Code    42  stm32f10x_flash.o(.text)
    FLASH_ClearFlag                          0x08005f25   Thumb Code     6  stm32f10x_flash.o(.text)
    FLASH_GetStatus                          0x08005f2b   Thumb Code    48  stm32f10x_flash.o(.text)
    EXTI_DeInit                              0x08005f6d   Thumb Code    28  stm32f10x_exti.o(.text)
    EXTI_Init                                0x08005f89   Thumb Code   142  stm32f10x_exti.o(.text)
    EXTI_StructInit                          0x08006017   Thumb Code    16  stm32f10x_exti.o(.text)
    EXTI_GenerateSWInterrupt                 0x08006027   Thumb Code    16  stm32f10x_exti.o(.text)
    EXTI_GetFlagStatus                       0x08006037   Thumb Code    22  stm32f10x_exti.o(.text)
    EXTI_ClearFlag                           0x0800604d   Thumb Code     8  stm32f10x_exti.o(.text)
    EXTI_GetITStatus                         0x08006055   Thumb Code    34  stm32f10x_exti.o(.text)
    EXTI_ClearITPendingBit                   0x08006077   Thumb Code     8  stm32f10x_exti.o(.text)
    NVIC_PriorityGroupConfig                 0x08006089   Thumb Code    10  misc.o(.text)
    NVIC_Init                                0x08006093   Thumb Code   100  misc.o(.text)
    NVIC_SetVectorTable                      0x080060f7   Thumb Code    14  misc.o(.text)
    NVIC_SystemLPConfig                      0x08006105   Thumb Code    34  misc.o(.text)
    SysTick_CLKSourceConfig                  0x08006127   Thumb Code    40  misc.o(.text)
    __aeabi_memcpy                           0x08006165   Thumb Code    36  memcpya.o(.text)
    __aeabi_memcpy4                          0x08006165   Thumb Code     0  memcpya.o(.text)
    __aeabi_memcpy8                          0x08006165   Thumb Code     0  memcpya.o(.text)
    __aeabi_fadd                             0x08006189   Thumb Code   164  fadd.o(.text)
    __aeabi_fsub                             0x0800622d   Thumb Code     6  fadd.o(.text)
    __aeabi_frsub                            0x08006233   Thumb Code     6  fadd.o(.text)
    __aeabi_fmul                             0x08006239   Thumb Code   100  fmul.o(.text)
    __aeabi_fdiv                             0x0800629d   Thumb Code   124  fdiv.o(.text)
    __aeabi_dadd                             0x08006319   Thumb Code   322  dadd.o(.text)
    __aeabi_dsub                             0x0800645b   Thumb Code     6  dadd.o(.text)
    __aeabi_drsub                            0x08006461   Thumb Code     6  dadd.o(.text)
    __aeabi_dmul                             0x08006467   Thumb Code   228  dmul.o(.text)
    __aeabi_ddiv                             0x0800654b   Thumb Code   222  ddiv.o(.text)
    __aeabi_i2f                              0x08006629   Thumb Code    18  fflti.o(.text)
    __aeabi_ui2f                             0x0800663b   Thumb Code    10  ffltui.o(.text)
    __aeabi_l2f                              0x08006645   Thumb Code    44  ffltl.o(.text)
    __aeabi_i2d                              0x08006671   Thumb Code    34  dflti.o(.text)
    __aeabi_ui2d                             0x08006693   Thumb Code    26  dfltui.o(.text)
    __aeabi_f2uiz                            0x080066ad   Thumb Code    40  ffixui.o(.text)
    __aeabi_d2uiz                            0x080066d5   Thumb Code    50  dfixui.o(.text)
    __aeabi_f2d                              0x08006707   Thumb Code    38  f2d.o(.text)
    __aeabi_d2f                              0x0800672d   Thumb Code    56  d2f.o(.text)
    __aeabi_cfcmpeq                          0x08006765   Thumb Code     0  cfcmple.o(.text)
    __aeabi_cfcmple                          0x08006765   Thumb Code    20  cfcmple.o(.text)
    __aeabi_llsl                             0x08006779   Thumb Code    30  llshl.o(.text)
    _ll_shift_l                              0x08006779   Thumb Code     0  llshl.o(.text)
    __aeabi_llsr                             0x08006797   Thumb Code    32  llushr.o(.text)
    _ll_ushift_r                             0x08006797   Thumb Code     0  llushr.o(.text)
    __aeabi_lasr                             0x080067b7   Thumb Code    36  llsshr.o(.text)
    _ll_sshift_r                             0x080067b7   Thumb Code     0  llsshr.o(.text)
    __I$use$fp                               0x080067db   Thumb Code     0  iusefp.o(.text)
    _float_round                             0x080067db   Thumb Code    18  fepilogue.o(.text)
    _float_epilogue                          0x080067ed   Thumb Code    92  fepilogue.o(.text)
    _double_round                            0x08006849   Thumb Code    26  depilogue.o(.text)
    _double_epilogue                         0x08006863   Thumb Code   156  depilogue.o(.text)
    __ARM_scalbn                             0x080068ff   Thumb Code    46  dscalb.o(.text)
    scalbn                                   0x080068ff   Thumb Code     0  dscalb.o(.text)
    __aeabi_cdrcmple                         0x0800692d   Thumb Code    38  cdrcmple.o(.text)
    __scatterload                            0x08006955   Thumb Code    28  init.o(.text)
    __scatterload_rt2                        0x08006955   Thumb Code     0  init.o(.text)
    _dsqrt                                   0x08006979   Thumb Code   162  dsqrt.o(.text)
    __decompress                             0x08006a1b   Thumb Code     0  __dczerorl2.o(.text)
    __decompress1                            0x08006a1b   Thumb Code    86  __dczerorl2.o(.text)
    __ARM_fpclassify                         0x08006a71   Thumb Code    40  fpclassify.o(i.__ARM_fpclassify)
    __kernel_poly                            0x08006a99   Thumb Code   170  poly.o(i.__kernel_poly)
    __mathlib_dbl_underflow                  0x08006b45   Thumb Code    10  dunder.o(i.__mathlib_dbl_underflow)
    __scatterload_copy                       0x08006b55   Thumb Code    14  handlers.o(i.__scatterload_copy)
    __scatterload_null                       0x08006b63   Thumb Code     2  handlers.o(i.__scatterload_null)
    __scatterload_zeroinit                   0x08006b65   Thumb Code    14  handlers.o(i.__scatterload_zeroinit)
    __set_errno                              0x08006b75   Thumb Code     6  errno.o(i.__set_errno)
    pow                                      0x08006b81   Thumb Code  2510  pow.o(i.pow)
    sqrt                                     0x08007561   Thumb Code    76  sqrt.o(i.sqrt)
    Virtual_Com_Port_DeviceDescriptor        0x0800763c   Data          18  usb_desc.o(.constdata)
    Virtual_Com_Port_ConfigDescriptor        0x0800764e   Data          67  usb_desc.o(.constdata)
    Virtual_Com_Port_StringLangID            0x08007691   Data           4  usb_desc.o(.constdata)
    Virtual_Com_Port_StringVendor            0x08007695   Data          24  usb_desc.o(.constdata)
    Virtual_Com_Port_StringProduct           0x080076ad   Data          38  usb_desc.o(.constdata)
    __mathlib_zero                           0x08007760   Data           8  qnan.o(.constdata)
    Region$$Table$$Base                      0x08007768   Number         0  anon$$obj.o(Region$$Table)
    Region$$Table$$Limit                     0x08007788   Number         0  anon$$obj.o(Region$$Table)
    magStatus                                0x20000000   Data           1  main.o(.data)
    presStatus                               0x20000001   Data           1  main.o(.data)
    timeCount                                0x20000004   Data           4  main.o(.data)
    txFailCount                              0x20000008   Data           1  main.o(.data)
    NrfState                                 0x20000009   Data           1  main.o(.data)
    RX_ADDRESS                               0x2000000a   Data           5  main.o(.data)
    TX_ADDRESS                               0x2000000f   Data           5  main.o(.data)
    lostControlFlag                          0x20000014   Data           1  main.o(.data)
    ACCELDATA                                0x20000016   Data           6  main.o(.data)
    GYRODATA                                 0x2000001c   Data           6  main.o(.data)
    MAGDATA                                  0x20000022   Data           6  main.o(.data)
    BBSYSTEM                                 0x2000003c   Data           3  systeminit.o(.data)
    radioFlag                                0x20000040   Data           1  system_loop.o(.data)
    attitudeUpdateFlag                       0x20000041   Data           1  system_loop.o(.data)
    radioPeriodCount                         0x20000042   Data           2  system_loop.o(.data)
    attitudeUpdatePeriodCount                0x20000044   Data           2  system_loop.o(.data)
    USB_DEBUG_flag                           0x20000046   Data           1  system_loop.o(.data)
    USB_DEBUG_flag_count                     0x20000048   Data           2  system_loop.o(.data)
    TimingDelay                              0x2000004c   Data           4  delay.o(.data)
    magdelaycount                            0x20000050   Data           4  delay.o(.data)
    presdelaycount                           0x20000054   Data           4  delay.o(.data)
    HSEStartUpStatus                         0x2000005c   Data           1  hw_config.o(.data)
    EXTI_InitStructure                       0x20000060   Data           8  hw_config.o(.data)
    Virtual_Com_Port_StringSerial            0x20000068   Data          38  usb_desc.o(.data)
    wIstr                                    0x20000098   Data           2  usb_istr.o(.data)
    bIntPackSOF                              0x2000009a   Data           1  usb_istr.o(.data)
    esof_counter                             0x2000009c   Data           4  usb_istr.o(.data)
    wCNTR                                    0x200000a0   Data           4  usb_istr.o(.data)
    pEpInt_IN                                0x200000a4   Data          28  usb_istr.o(.data)
    pEpInt_OUT                               0x200000c0   Data          28  usb_istr.o(.data)
    Request                                  0x200000dc   Data           1  usb_prop.o(.data)
    linecoding                               0x200000e0   Data           8  usb_prop.o(.data)
    Device_Table                             0x200000e8   Data           2  usb_prop.o(.data)
    Device_Property                          0x200000ec   Data          48  usb_prop.o(.data)
    User_Standard_Requests                   0x2000011c   Data          36  usb_prop.o(.data)
    Device_Descriptor                        0x20000140   Data           8  usb_prop.o(.data)
    Config_Descriptor                        0x20000148   Data           8  usb_prop.o(.data)
    String_Descriptor                        0x20000150   Data          32  usb_prop.o(.data)
    bDeviceState                             0x20000170   Data           4  usb_pwr.o(.data)
    fSuspendEnabled                          0x20000174   Data           1  usb_pwr.o(.data)
    ResumeS                                  0x20000175   Data           2  usb_pwr.o(.data)
    remotewakeupon                           0x20000178   Data           4  usb_pwr.o(.data)
    StatusInfo                               0x2000017c   Data           2  usb_core.o(.data)
    Data_Mul_MaxPacketSize                   0x2000017e   Data           1  usb_core.o(.data)
    EPindex                                  0x20000180   Data           1  usb_init.o(.data)
    pInformation                             0x20000184   Data           4  usb_init.o(.data)
    pProperty                                0x20000188   Data           4  usb_init.o(.data)
    SaveState                                0x2000018c   Data           2  usb_init.o(.data)
    wInterrupt_Mask                          0x2000018e   Data           2  usb_init.o(.data)
    pUser_Standard_Requests                  0x20000190   Data           4  usb_init.o(.data)
    SaveRState                               0x20000194   Data           2  usb_int.o(.data)
    SaveTState                               0x20000196   Data           2  usb_int.o(.data)
    SystemCoreClock                          0x200001ac   Data           4  system_stm32f10x.o(.data)
    AHBPrescTable                            0x200001b0   Data          16  system_stm32f10x.o(.data)
    BBMess                                   0x200001c4   Data          32  main.o(.bss)
    NRF_RXBUFFER                             0x200001e4   Data          32  main.o(.bss)
    NRF_TXBUFFER                             0x20000204   Data          32  main.o(.bss)
    ACCELDATA_F                              0x20000224   Data          12  main.o(.bss)
    GYRODATA_F                               0x20000230   Data          12  main.o(.bss)
    MAGDATA_F                                0x2000023c   Data          12  main.o(.bss)
    BATTERY_0                                0x20000258   Data          16  adc.o(.bss)
    CURRENT_0                                0x20000268   Data          16  adc.o(.bss)
    USART_InitStructure                      0x20000278   Data          16  hw_config.o(.bss)
    EP                                       0x20000d28   Data          32  usb_pwr.o(.bss)
    Device_Info                              0x20000d48   Data          28  usb_init.o(.bss)
    __initial_sp                             0x20001168   Data           0  startup_stm32f10x_md.o(STACK)



==============================================================================

Memory Map of the image

  Image Entry point : 0x080000ed

  Load Region LR_IROM1 (Base: 0x08000000, Size: 0x0000794c, Max: 0x00010000, ABSOLUTE, COMPRESSED[0x00007838])

    Execution Region ER_IROM1 (Base: 0x08000000, Size: 0x00007788, Max: 0x00010000, ABSOLUTE)

    Base Addr    Size         Type   Attr      Idx    E Section Name        Object

    0x08000000   0x000000ec   Data   RO          992    RESET               startup_stm32f10x_md.o
    0x080000ec   0x00000000   Code   RO         1113  * .ARM.Collect$$$$00000000  mc_w.l(entry.o)
    0x080000ec   0x00000004   Code   RO         1197    .ARM.Collect$$$$00000001  mc_w.l(entry2.o)
    0x080000f0   0x00000004   Code   RO         1200    .ARM.Collect$$$$00000004  mc_w.l(entry5.o)
    0x080000f4   0x00000000   Code   RO         1202    .ARM.Collect$$$$00000008  mc_w.l(entry7b.o)
    0x080000f4   0x00000000   Code   RO         1204    .ARM.Collect$$$$0000000A  mc_w.l(entry8b.o)
    0x080000f4   0x00000008   Code   RO         1205    .ARM.Collect$$$$0000000B  mc_w.l(entry9a.o)
    0x080000fc   0x00000000   Code   RO         1207    .ARM.Collect$$$$0000000D  mc_w.l(entry10a.o)
    0x080000fc   0x00000000   Code   RO         1209    .ARM.Collect$$$$0000000F  mc_w.l(entry11a.o)
    0x080000fc   0x00000004   Code   RO         1198    .ARM.Collect$$$$00002712  mc_w.l(entry2.o)
    0x08000100   0x00000394   Code   RO            3    .text               main.o
    0x08000494   0x0000010c   Code   RO          126    .text               systeminit.o
    0x080005a0   0x000000e8   Code   RO          162    .text               system_loop.o
    0x08000688   0x00000074   Code   RO          188    .text               delay.o
    0x080006fc   0x0000028c   Code   RO          214    .text               spinrf.o
    0x08000988   0x00000140   Code   RO          237    .text               pwm.o
    0x08000ac8   0x0000019c   Code   RO          298    .text               adc.o
    0x08000c64   0x000001fc   Code   RO          327    .text               mpu9250.o
    0x08000e60   0x000003fc   Code   RO          347    .text               ms5611.o
    0x0800125c   0x0000033c   Code   RO          372    .text               i2c.o
    0x08001598   0x000001dc   Code   RO          415    .text               hw_config.o
    0x08001774   0x000000c8   Code   RO          508    .text               usb_endp.o
    0x0800183c   0x000001d0   Code   RO          534    .text               usb_istr.o
    0x08001a0c   0x0000023c   Code   RO          560    .text               usb_prop.o
    0x08001c48   0x00000240   Code   RO          591    .text               usb_pwr.o
    0x08001e88   0x00000014   Code   RO          618    .text               usb_it.o
    0x08001e9c   0x000004ea   Code   RO          660    .text               queue.o
    0x08002386   0x00000002   PAD
    0x08002388   0x00000b50   Code   RO          684    .text               usb_core.o
    0x08002ed8   0x0000003c   Code   RO          707    .text               usb_init.o
    0x08002f14   0x0000033c   Code   RO          738    .text               usb_int.o
    0x08003250   0x0000005c   Code   RO          770    .text               usb_mem.o
    0x080032ac   0x00000808   Code   RO          790    .text               usb_regs.o
    0x08003ab4   0x00000080   Code   RO          810    .text               usb_sil.o
    0x08003b34   0x0000044e   Code   RO          830    .text               stm32f10x_adc.o
    0x08003f82   0x00000002   PAD
    0x08003f84   0x0000035c   Code   RO          850    .text               stm32f10x_gpio.o
    0x080042e0   0x000003a4   Code   RO          910    .text               stm32f10x_rcc.o
    0x08004684   0x0000030c   Code   RO          932    .text               stm32f10x_spi.o
    0x08004990   0x00000e1a   Code   RO          952    .text               stm32f10x_tim.o
    0x080057aa   0x00000002   PAD
    0x080057ac   0x00000024   Code   RO          993    .text               startup_stm32f10x_md.o
    0x080057d0   0x000001e0   Code   RO          999    .text               system_stm32f10x.o
    0x080059b0   0x000005bc   Code   RO         1025    .text               stm32f10x_flash.o
    0x08005f6c   0x0000011c   Code   RO         1045    .text               stm32f10x_exti.o
    0x08006088   0x000000dc   Code   RO         1065    .text               misc.o
    0x08006164   0x00000024   Code   RO         1116    .text               mc_w.l(memcpya.o)
    0x08006188   0x000000b0   Code   RO         1150    .text               mf_w.l(fadd.o)
    0x08006238   0x00000064   Code   RO         1152    .text               mf_w.l(fmul.o)
    0x0800629c   0x0000007c   Code   RO         1154    .text               mf_w.l(fdiv.o)
    0x08006318   0x0000014e   Code   RO         1156    .text               mf_w.l(dadd.o)
    0x08006466   0x000000e4   Code   RO         1158    .text               mf_w.l(dmul.o)
    0x0800654a   0x000000de   Code   RO         1160    .text               mf_w.l(ddiv.o)
    0x08006628   0x00000012   Code   RO         1162    .text               mf_w.l(fflti.o)
    0x0800663a   0x0000000a   Code   RO         1164    .text               mf_w.l(ffltui.o)
    0x08006644   0x0000002c   Code   RO         1166    .text               mf_w.l(ffltl.o)
    0x08006670   0x00000022   Code   RO         1168    .text               mf_w.l(dflti.o)
    0x08006692   0x0000001a   Code   RO         1170    .text               mf_w.l(dfltui.o)
    0x080066ac   0x00000028   Code   RO         1172    .text               mf_w.l(ffixui.o)
    0x080066d4   0x00000032   Code   RO         1174    .text               mf_w.l(dfixui.o)
    0x08006706   0x00000026   Code   RO         1176    .text               mf_w.l(f2d.o)
    0x0800672c   0x00000038   Code   RO         1178    .text               mf_w.l(d2f.o)
    0x08006764   0x00000014   Code   RO         1180    .text               mf_w.l(cfcmple.o)
    0x08006778   0x0000001e   Code   RO         1218    .text               mc_w.l(llshl.o)
    0x08006796   0x00000020   Code   RO         1220    .text               mc_w.l(llushr.o)
    0x080067b6   0x00000024   Code   RO         1222    .text               mc_w.l(llsshr.o)
    0x080067da   0x00000000   Code   RO         1231    .text               mc_w.l(iusefp.o)
    0x080067da   0x0000006e   Code   RO         1232    .text               mf_w.l(fepilogue.o)
    0x08006848   0x000000b6   Code   RO         1234    .text               mf_w.l(depilogue.o)
    0x080068fe   0x0000002e   Code   RO         1236    .text               mf_w.l(dscalb.o)
    0x0800692c   0x00000028   Code   RO         1240    .text               mf_w.l(cdrcmple.o)
    0x08006954   0x00000024   Code   RO         1242    .text               mc_w.l(init.o)
    0x08006978   0x000000a2   Code   RO         1246    .text               mf_w.l(dsqrt.o)
    0x08006a1a   0x00000056   Code   RO         1258    .text               mc_w.l(__dczerorl2.o)
    0x08006a70   0x00000028   Code   RO         1184    i.__ARM_fpclassify  m_ws.l(fpclassify.o)
    0x08006a98   0x000000aa   Code   RO         1186    i.__kernel_poly     m_ws.l(poly.o)
    0x08006b42   0x00000002   PAD
    0x08006b44   0x00000010   Code   RO         1182    i.__mathlib_dbl_underflow  m_ws.l(dunder.o)
    0x08006b54   0x0000000e   Code   RO         1252    i.__scatterload_copy  mc_w.l(handlers.o)
    0x08006b62   0x00000002   Code   RO         1253    i.__scatterload_null  mc_w.l(handlers.o)
    0x08006b64   0x0000000e   Code   RO         1254    i.__scatterload_zeroinit  mc_w.l(handlers.o)
    0x08006b72   0x00000002   PAD
    0x08006b74   0x0000000c   Code   RO         1226    i.__set_errno       mc_w.l(errno.o)
    0x08006b80   0x000009e0   Code   RO         1104    i.pow               m_ws.l(pow.o)
    0x08007560   0x0000004c   Code   RO         1190    i.sqrt              m_ws.l(sqrt.o)
    0x080075ac   0x00000090   Data   RO          238    .constdata          pwm.o
    0x0800763c   0x00000097   Data   RO          487    .constdata          usb_desc.o
    0x080076d3   0x00000005   PAD
    0x080076d8   0x00000088   Data   RO         1105    .constdata          m_ws.l(pow.o)
    0x08007760   0x00000008   Data   RO         1188    .constdata          m_ws.l(qnan.o)
    0x08007768   0x00000020   Data   RO         1250    Region$$Table       anon$$obj.o


    Execution Region RW_IRAM1 (Base: 0x20000000, Size: 0x00001168, Max: 0x00005000, ABSOLUTE, COMPRESSED[0x000000b0])

    Base Addr    Size         Type   Attr      Idx    E Section Name        Object

    0x20000000   0x0000003c   Data   RW            5    .data               main.o
    0x2000003c   0x00000003   Data   RW          127    .data               systeminit.o
    0x2000003f   0x00000001   PAD
    0x20000040   0x0000000a   Data   RW          163    .data               system_loop.o
    0x2000004a   0x00000002   PAD
    0x2000004c   0x0000000c   Data   RW          189    .data               delay.o
    0x20000058   0x00000001   Data   RW          348    .data               ms5611.o
    0x20000059   0x00000003   PAD
    0x2000005c   0x0000000c   Data   RW          417    .data               hw_config.o
    0x20000068   0x00000026   Data   RW          488    .data               usb_desc.o
    0x2000008e   0x00000002   PAD
    0x20000090   0x00000008   Data   RW          510    .data               usb_endp.o
    0x20000098   0x00000044   Data   RW          535    .data               usb_istr.o
    0x200000dc   0x00000094   Data   RW          561    .data               usb_prop.o
    0x20000170   0x0000000c   Data   RW          593    .data               usb_pwr.o
    0x2000017c   0x00000003   Data   RW          685    .data               usb_core.o
    0x2000017f   0x00000001   PAD
    0x20000180   0x00000014   Data   RW          709    .data               usb_init.o
    0x20000194   0x00000004   Data   RW          739    .data               usb_int.o
    0x20000198   0x00000014   Data   RW          911    .data               stm32f10x_rcc.o
    0x200001ac   0x00000014   Data   RW         1000    .data               system_stm32f10x.o
    0x200001c0   0x00000004   Data   RW         1227    .data               mc_w.l(errno.o)
    0x200001c4   0x00000092   Zero   RW            4    .bss                main.o
    0x20000256   0x00000002   PAD
    0x20000258   0x00000020   Zero   RW          299    .bss                adc.o
    0x20000278   0x00000a30   Zero   RW          416    .bss                hw_config.o
    0x20000ca8   0x00000080   Zero   RW          509    .bss                usb_endp.o
    0x20000d28   0x00000020   Zero   RW          592    .bss                usb_pwr.o
    0x20000d48   0x0000001c   Zero   RW          708    .bss                usb_init.o
    0x20000d64   0x00000004   PAD
    0x20000d68   0x00000400   Zero   RW          990    STACK               startup_stm32f10x_md.o


==============================================================================

Image component sizes


      Code (inc. data)   RO Data    RW Data    ZI Data      Debug   Object Name

       412         20          0          0         32       2109   adc.o
       116         14          0         12          0       1442   delay.o
       476         42          0         12       2608      17421   hw_config.o
       828          4          0          0          0       3103   i2c.o
       916         88          0         60        146     280982   main.o
       220         22          0          0          0       2001   misc.o
       508         10          0          0          0       2311   mpu9250.o
      1020         52          0          1          0       2943   ms5611.o
       320         26        144          0          0       2226   pwm.o
      1258          0          0          0          0       6419   queue.o
       652         20          0          0          0       2654   spinrf.o
        36          8        236          0       1024        800   startup_stm32f10x_md.o
      1102         26          0          0          0      11037   stm32f10x_adc.o
       284         10          0          0          0       2439   stm32f10x_exti.o
      1468         34          0          0          0       8230   stm32f10x_flash.o
       860         38          0          0          0       5845   stm32f10x_gpio.o
       932         36          0         20          0       9020   stm32f10x_rcc.o
       780         14          0          0          0       6730   stm32f10x_spi.o
      3610         88          0          0          0      22336   stm32f10x_tim.o
       232         28          0         10          0       1514   system_loop.o
       480         38          0         20          0       1859   system_stm32f10x.o
       268         14          0          3          0      23973   systeminit.o
      2896        114          0          3          0       8071   usb_core.o
         0          0        151         38          0       1035   usb_desc.o
       200         22          0          8        128       1544   usb_endp.o
        60         24          0         20         28       4110   usb_init.o
       828         34          0          4          0       1919   usb_int.o
       464         38          0         68          0       1547   usb_istr.o
        20          0          0          0          0        582   usb_it.o
        92          6          0          0          0       1410   usb_mem.o
       572         42          0        148          0       7219   usb_prop.o
       576         40          0         12         32       2827   usb_pwr.o
      2056         20          0          0          0      11721   usb_regs.o
       128          8          0          0          0       1430   usb_sil.o

    ----------------------------------------------------------------------
     24676        980        568        448       4004     460809   Object Totals
         0          0         32          0          0          0   (incl. Generated)
         6          0          5          9          6          0   (incl. Padding)

    ----------------------------------------------------------------------

      Code (inc. data)   RO Data    RW Data    ZI Data      Debug   Library Member Name

        16          6          0          0          0         68   dunder.o
        40          0          0          0          0         68   fpclassify.o
       170          0          0          0          0         96   poly.o
      2528        190        136          0          0        332   pow.o
         0          0          8          0          0          0   qnan.o
        76          0          0          0          0         84   sqrt.o
        86          0          0          0          0          0   __dczerorl2.o
         0          0          0          0          0          0   entry.o
         0          0          0          0          0          0   entry10a.o
         0          0          0          0          0          0   entry11a.o
         8          4          0          0          0          0   entry2.o
         4          0          0          0          0          0   entry5.o
         0          0          0          0          0          0   entry7b.o
         0          0          0          0          0          0   entry8b.o
         8          4          0          0          0          0   entry9a.o
        12          6          0          4          0         68   errno.o
        30          0          0          0          0          0   handlers.o
        36          8          0          0          0         68   init.o
         0          0          0          0          0          0   iusefp.o
        30          0          0          0          0         68   llshl.o
        36          0          0          0          0         68   llsshr.o
        32          0          0          0          0         68   llushr.o
        36          0          0          0          0         68   memcpya.o
        40          2          0          0          0         68   cdrcmple.o
        20          0          0          0          0         68   cfcmple.o
        56          0          0          0          0         88   d2f.o
       334          0          0          0          0        148   dadd.o
       222          0          0          0          0        100   ddiv.o
       182          0          0          0          0        176   depilogue.o
        50          0          0          0          0         76   dfixui.o
        34          0          0          0          0         76   dflti.o
        26          0          0          0          0         76   dfltui.o
       228          0          0          0          0         96   dmul.o
        46          0          0          0          0         80   dscalb.o
       162          0          0          0          0        100   dsqrt.o
        38          0          0          0          0         68   f2d.o
       176          0          0          0          0        140   fadd.o
       124          0          0          0          0         88   fdiv.o
       110          0          0          0          0        168   fepilogue.o
        40          0          0          0          0         68   ffixui.o
        18          0          0          0          0         68   fflti.o
        44          0          0          0          0         92   ffltl.o
        10          0          0          0          0         68   ffltui.o
       100          0          0          0          0         76   fmul.o

    ----------------------------------------------------------------------
      5212        220        144          4          0       3044   Library Totals
         4          0          0          0          0          0   (incl. Padding)

    ----------------------------------------------------------------------

      Code (inc. data)   RO Data    RW Data    ZI Data      Debug   Library Name

      2830        196        144          0          0        648   m_ws.l
       318         22          0          4          0        408   mc_w.l
      2060          2          0          0          0       1988   mf_w.l

    ----------------------------------------------------------------------
      5212        220        144          4          0       3044   Library Totals

    ----------------------------------------------------------------------

==============================================================================


      Code (inc. data)   RO Data    RW Data    ZI Data      Debug   

     29888       1200        712        452       4004     459613   Grand Totals
     29888       1200        712        176       4004     459613   ELF Image Totals (compressed)
     29888       1200        712        176          0          0   ROM Totals

==============================================================================

    Total RO  Size (Code + RO Data)                30600 (  29.88kB)
    Total RW  Size (RW Data + ZI Data)              4456 (   4.35kB)
    Total ROM Size (Code + RO Data + RW Data)      30776 (  30.05kB)

==============================================================================

