Product: MDK-ARM Professional 5.10
Component: ARM Compiler 5.04 update 1 (build 49)
Tool: armlink [5040049]

==============================================================================

Section Cross References

    main.o(.text) refers to memcpya.o(.text) for __aeabi_memcpy
    main.o(.text) refers to fflti.o(.text) for __aeabi_i2f
    main.o(.text) refers to systeminit.o(.text) for sysclockInit
    main.o(.text) refers to delay.o(.text) for cycleCounterInit
    main.o(.text) refers to spinrf.o(.text) for spi2NrfInit
    main.o(.text) refers to adc.o(.text) for adcInit
    main.o(.text) refers to i2c.o(.text) for i2cInit
    main.o(.text) refers to mpu9250.o(.text) for mpu9250Init
    main.o(.text) refers to ms5611.o(.text) for ms5611Init
    main.o(.text) refers to pwm.o(.text) for pwmInit
    main.o(.text) refers to system_loop.o(.text) for systemLoopTim1Init
    main.o(.text) refers to memseta.o(.text) for __aeabi_memclr4
    main.o(.text) refers to filter.o(.text) for LPF2pSetCutoffFreq_1
    main.o(.text) refers to stm32f10x_gpio.o(.text) for GPIO_ResetBits
    main.o(.text) refers to ffltui.o(.text) for __aeabi_ui2f
    main.o(.text) refers to fadd.o(.text) for __aeabi_fsub
    main.o(.text) refers to cfrcmple.o(.text) for __aeabi_cfrcmple
    main.o(.text) refers to main.o(.data) for rxFailCount
    main.o(.text) refers to main.o(.bss) for NRF_RXBUFFER
    main.o(.text) refers to systeminit.o(.data) for BBCom
    main.o(.text) refers to systeminit.o(.bss) for BBImu
    main.o(.text) refers to system_loop.o(.data) for radioFlag
    main.o(.text) refers to fmul.o(.text) for __aeabi_fmul
    main.o(.text) refers to fdiv.o(.text) for __aeabi_fdiv
    main.o(.text) refers to imucal_px.o(.text) for IMUSO3Thread
    main.o(.text) refers to control.o(.text) for pidControl
    main.o(.text) refers to stm32f10x_exti.o(.text) for EXTI_GetITStatus
    main.o(.text) refers to dflti.o(.text) for __aeabi_i2d
    main.o(.text) refers to ddiv.o(.text) for __aeabi_ddiv
    main.o(.text) refers to dmul.o(.text) for __aeabi_dmul
    main.o(.text) refers to dfixui.o(.text) for __aeabi_d2uiz
    control.o(.text) refers to delay.o(.text) for currentTime
    control.o(.text) refers to dfltui.o(.text) for __aeabi_ui2d
    control.o(.text) refers to ddiv.o(.text) for __aeabi_ddiv
    control.o(.text) refers to d2f.o(.text) for __aeabi_d2f
    control.o(.text) refers to fadd.o(.text) for __aeabi_fsub
    control.o(.text) refers to fmul.o(.text) for __aeabi_fmul
    control.o(.text) refers to fdiv.o(.text) for __aeabi_fdiv
    control.o(.text) refers to fflti.o(.text) for __aeabi_i2f
    control.o(.text) refers to f2d.o(.text) for __aeabi_f2d
    control.o(.text) refers to cdcmple.o(.text) for __aeabi_cdcmple
    control.o(.text) refers to cdrcmple.o(.text) for __aeabi_cdrcmple
    control.o(.text) refers to ffixui.o(.text) for __aeabi_f2uiz
    control.o(.text) refers to pwm.o(.text) for motorPwmFlash
    control.o(.text) refers to control.o(.data) for timeForYawCalculate
    imucal_px.o(.text) refers to fmul.o(.text) for __aeabi_fmul
    imucal_px.o(.text) refers to fadd.o(.text) for __aeabi_frsub
    imucal_px.o(.text) refers to f2d.o(.text) for __aeabi_f2d
    imucal_px.o(.text) refers to atan2.o(i.atan2) for atan2
    imucal_px.o(.text) refers to d2f.o(.text) for __aeabi_d2f
    imucal_px.o(.text) refers to cosf.o(i.cosf) for cosf
    imucal_px.o(.text) refers to sinf.o(i.sinf) for sinf
    imucal_px.o(.text) refers to atan2f.o(i.atan2f) for atan2f
    imucal_px.o(.text) refers to cfcmple.o(.text) for __aeabi_cfcmpeq
    imucal_px.o(.text) refers to imucal_px.o(.data) for q0
    imucal_px.o(.text) refers to sqrt.o(i.sqrt) for sqrt
    imucal_px.o(.text) refers to cfrcmple.o(.text) for __aeabi_cfrcmple
    imucal_px.o(.text) refers to imucal_px.o(.bss) for gyro_bias
    imucal_px.o(.text) refers to memcpya.o(.text) for __aeabi_memcpy4
    imucal_px.o(.text) refers to delay.o(.text) for currentTime
    imucal_px.o(.text) refers to dfltui.o(.text) for __aeabi_ui2d
    imucal_px.o(.text) refers to ddiv.o(.text) for __aeabi_ddiv
    imucal_px.o(.text) refers to fdiv.o(.text) for __aeabi_fdiv
    imucal_px.o(.text) refers to imucal_px.o(.constdata) for .constdata
    imucal_px.o(.text) refers to asinf.o(i.asinf) for asinf
    system_loop.o(.text) refers to stm32f10x_tim.o(.text) for TIM_ClearITPendingBit
    system_loop.o(.text) refers to stm32f10x_rcc.o(.text) for RCC_APB2PeriphClockCmd
    system_loop.o(.text) refers to misc.o(.text) for NVIC_PriorityGroupConfig
    system_loop.o(.text) refers to system_loop.o(.data) for rxTimeOutCount
    systeminit.o(.text) refers to stm32f10x_rcc.o(.text) for RCC_DeInit
    systeminit.o(.text) refers to stm32f10x_flash.o(.text) for FLASH_SetLatency
    systeminit.o(.text) refers to stm32f10x_gpio.o(.text) for GPIO_Init
    adc.o(.text) refers to stm32f10x_rcc.o(.text) for RCC_APB2PeriphClockCmd
    adc.o(.text) refers to stm32f10x_gpio.o(.text) for GPIO_Init
[...]
    _delay_element_16                        0x200001ac   Data           4  filter.o(.data)
    _delay_element_26                        0x200001b0   Data           4  filter.o(.data)
    _cutoff_freq7                            0x200001b4   Data           4  filter.o(.data)
    _a17                                     0x200001b8   Data           4  filter.o(.data)
    _a27                                     0x200001bc   Data           4  filter.o(.data)
    _b07                                     0x200001c0   Data           4  filter.o(.data)
    _b17                                     0x200001c4   Data           4  filter.o(.data)
    _b27                                     0x200001c8   Data           4  filter.o(.data)
    _delay_element_17                        0x200001cc   Data           4  filter.o(.data)
    _delay_element_27                        0x200001d0   Data           4  filter.o(.data)
    _cutoff_freq8                            0x200001d4   Data           4  filter.o(.data)
    _a18                                     0x200001d8   Data           4  filter.o(.data)
    _a28                                     0x200001dc   Data           4  filter.o(.data)
    _b08                                     0x200001e0   Data           4  filter.o(.data)
    _b18                                     0x200001e4   Data           4  filter.o(.data)
    _b28                                     0x200001e8   Data           4  filter.o(.data)
    _delay_element_18                        0x200001ec   Data           4  filter.o(.data)
    _delay_element_28                        0x200001f0   Data           4  filter.o(.data)
    _cutoff_freq9                            0x200001f4   Data           4  filter.o(.data)
    _a19                                     0x200001f8   Data           4  filter.o(.data)
    _a29                                     0x200001fc   Data           4  filter.o(.data)
    _b09                                     0x20000200   Data           4  filter.o(.data)
    _b19                                     0x20000204   Data           4  filter.o(.data)
    _b29                                     0x20000208   Data           4  filter.o(.data)
    _delay_element_19                        0x2000020c   Data           4  filter.o(.data)
    _delay_element_29                        0x20000210   Data           4  filter.o(.data)
    .data                                    0x20000214   Section       12  hw_config.o(.data)
    .data                                    0x20000220   Section       38  usb_desc.o(.data)
    .data                                    0x20000248   Section        8  usb_endp.o(.data)
    txFlg                                    0x20000248   Data           1  usb_endp.o(.data)
    FrameCount                               0x2000024c   Data           4  usb_endp.o(.data)
    .data                                    0x20000250   Section       68  usb_istr.o(.data)
    .data                                    0x20000294   Section      148  usb_prop.o(.data)
    .data                                    0x20000328   Section       12  usb_pwr.o(.data)
    .data                                    0x20000334   Section        3  usb_core.o(.data)
    .data                                    0x20000338   Section       20  usb_init.o(.data)
    .data                                    0x2000034c   Section        4  usb_int.o(.data)
    .data                                    0x20000350   Section       20  stm32f10x_rcc.o(.data)
    APBAHBPrescTable                         0x20000350   Data          16  stm32f10x_rcc.o(.data)
    ADCPrescTable                            0x20000360   Data           4  stm32f10x_rcc.o(.data)
    .data                                    0x20000364   Section       20  system_stm32f10x.o(.data)
    .data                                    0x20000378   Section        4  errno.o(.data)
    _errno                                   0x20000378   Data           4  errno.o(.data)
    .bss                                     0x2000037c   Section       78  main.o(.bss)
    .bss                                     0x200003cc   Section       12  imucal_px.o(.bss)
    gyro_bias                                0x200003cc   Data          12  imucal_px.o(.bss)
    .bss                                     0x200003d8   Section      256  systeminit.o(.bss)
    .bss                                     0x200004d8   Section       32  adc.o(.bss)
    .bss                                     0x200004f8   Section     2608  hw_config.o(.bss)
    m_QueueUsbComRx                          0x20000508   Data          16  hw_config.o(.bss)
    m_QueueUsbComTx                          0x20000518   Data          16  hw_config.o(.bss)
    m_UsbComRxBuf                            0x20000528   Data        1280  hw_config.o(.bss)
    m_UsbComTxBuf                            0x20000a28   Data        1280  hw_config.o(.bss)
    .bss                                     0x20000f28   Section      128  usb_endp.o(.bss)
    txBuffter                                0x20000f28   Data          64  usb_endp.o(.bss)
    buffter                                  0x20000f68   Data          64  usb_endp.o(.bss)
    .bss                                     0x20000fa8   Section       32  usb_pwr.o(.bss)
    .bss                                     0x20000fc8   Section       28  usb_init.o(.bss)
    STACK                                    0x20000fe8   Section     1024  startup_stm32f10x_md.o(STACK)

    Global Symbols

    Symbol Name                              Value     Ov Type        Size  Object(Section)

    BuildAttributes$$THM_ISAv4$P$D$K$B$S$PE$A:L22UL41UL21$X:L11$S22US41US21$IEEE1$IW$USESV6$~STKCKD$USESV7$~SHL$OTIME$ROPI$IEEEX$EBA8$MICROLIB$REQ8$PRES8$EABIv2 0x00000000   Number         0  anon$$obj.o ABSOLUTE
    __ARM_use_no_argv                        0x00000000   Number         0  main.o ABSOLUTE
    __cpp_initialize__aeabi_                  - Undefined Weak Reference
    __cxa_finalize                            - Undefined Weak Reference
    _clock_init                               - Undefined Weak Reference
    _microlib_exit                            - Undefined Weak Reference
    __Vectors_Size                           0x000000ec   Number         0  startup_stm32f10x_md.o ABSOLUTE
    __Vectors                                0x08000000   Data           4  startup_stm32f10x_md.o(RESET)
    __Vectors_End                            0x080000ec   Data           0  startup_stm32f10x_md.o(RESET)
    __main                                   0x080000ed   Thumb Code     0  entry.o(.ARM.Collect$$$$00000000)
    _main_stk                                0x080000ed   Thumb Code     0  entry2.o(.ARM.Collect$$$$00000001)
    _main_scatterload                        0x080000f1   Thumb Code     0  entry5.o(.ARM.Collect$$$$00000004)
    __main_after_scatterload                 0x080000f5   Thumb Code     0  entry5.o(.ARM.Collect$$$$00000004)
    _main_clock                              0x080000f5   Thumb Code     0  entry7b.o(.ARM.Collect$$$$00000008)
    _main_cpp_init                           0x080000f5   Thumb Code     0  entry8b.o(.ARM.Collect$$$$0000000A)
    _main_init                               0x080000f5   Thumb Code     0  entry9a.o(.ARM.Collect$$$$0000000B)
    __rt_final_cpp                           0x080000fd   Thumb Code     0  entry10a.o(.ARM.Collect$$$$0000000D)
    __rt_final_exit                          0x080000fd   Thumb Code     0  entry11a.o(.ARM.Collect$$$$0000000F)
    nrfReceiveResult                         0x08000101   Thumb Code   314  main.o(.text)
    main                                     0x0800023b   Thumb Code  1200  main.o(.text)
    nrfTransmitResult                        0x080006eb   Thumb Code    46  main.o(.text)
    EXTI9_5_IRQHandler                       0x08000719   Thumb Code   232  main.o(.text)
    pidControl                               0x0800085d   Thumb Code   322  control.o(.text)
    motorUpdate                              0x0800099f   Thumb Code   478  control.o(.text)
    invSqrt                                  0x08000b99   Thumb Code    86  imucal_px.o(.text)
    NonlinearSO3AHRSinit                     0x08000bef   Thumb Code   684  imucal_px.o(.text)
    NonlinearSO3AHRSupdate                   0x08000e9b   Thumb Code  2148  imucal_px.o(.text)
    IMUSO3Thread                             0x080016ff   Thumb Code   762  imucal_px.o(.text)
    TIM1_UP_IRQHandler                       0x08001a1d   Thumb Code   140  system_loop.o(.text)
    systemLoopTim1Init                       0x08001aa9   Thumb Code   112  system_loop.o(.text)
    sysclockInit                             0x08001b45   Thumb Code   106  systeminit.o(.text)
    systickInit                              0x08001baf   Thumb Code    76  systeminit.o(.text)
    ledInit                                  0x08001bfb   Thumb Code    72  systeminit.o(.text)
    adcInit                                  0x08001c51   Thumb Code   178  adc.o(.text)
    adcGetChannelValue                       0x08001d03   Thumb Code    46  adc.o(.text)
    adcBatteryConversion                     0x08001d31   Thumb Code    70  adc.o(.text)
    adcCurrentConversion                     0x08001d77   Thumb Code    98  adc.o(.text)
    delay_us                                 0x08001ded   Thumb Code    20  delay.o(.text)
    delay_ms                                 0x08001e01   Thumb Code    26  delay.o(.text)
    cycleCounterInit                         0x08001e1b   Thumb Code    26  delay.o(.text)
    SysTick_Handler                          0x08001e35   Thumb Code    28  delay.o(.text)
    currentTime                              0x08001e51   Thumb Code    38  delay.o(.text)
    delay_current_us                         0x08001e77   Thumb Code    24  delay.o(.text)
    delay_current_ms                         0x08001e8f   Thumb Code    34  delay.o(.text)
    delay_noInt_ms                           0x08001eb1   Thumb Code    18  delay.o(.text)
    LPF2pSetCutoffFreq_1                     0x08001ed5   Thumb Code   280  filter.o(.text)
    LPF2pApply_1                             0x08001fed   Thumb Code   162  filter.o(.text)
    LPF2pSetCutoffFreq_2                     0x0800208f   Thumb Code   280  filter.o(.text)
    LPF2pApply_2                             0x080021a7   Thumb Code   162  filter.o(.text)
    LPF2pSetCutoffFreq_3                     0x08002249   Thumb Code   374  filter.o(.text)
    LPF2pApply_3                             0x080023bf   Thumb Code   162  filter.o(.text)
    LPF2pSetCutoffFreq_4                     0x08002461   Thumb Code   280  filter.o(.text)
    LPF2pApply_4                             0x08002579   Thumb Code   162  filter.o(.text)
    LPF2pSetCutoffFreq_5                     0x0800261b   Thumb Code   280  filter.o(.text)
    LPF2pApply_5                             0x08002733   Thumb Code   274  filter.o(.text)
    LPF2pSetCutoffFreq_6                     0x08002845   Thumb Code   280  filter.o(.text)
    LPF2pApply_6                             0x0800295d   Thumb Code   162  filter.o(.text)
    LPF2pSetCutoffFreq_7                     0x080029ff   Thumb Code   280  filter.o(.text)
    LPF2pApply_7                             0x08002b17   Thumb Code   162  filter.o(.text)
    LPF2pSetCutoffFreq_8                     0x08002bb9   Thumb Code   378  filter.o(.text)
    LPF2pApply_8                             0x08002d33   Thumb Code   162  filter.o(.text)
    LPF2pSetCutoffFreq_9                     0x08002dd5   Thumb Code   280  filter.o(.text)
    LPF2pApply_9                             0x08002eed   Thumb Code   162  filter.o(.text)
    i2cInit                                  0x08002fdd   Thumb Code    38  i2c.o(.text)
    I2C_Start                                0x08003003   Thumb Code    92  i2c.o(.text)
    I2C_Stop                                 0x0800305f   Thumb Code    60  i2c.o(.text)
    I2C_Ack                                  0x0800309b   Thumb Code    60  i2c.o(.text)
    I2C_NoAck                                0x080030d7   Thumb Code    60  i2c.o(.text)
    I2C_WaitAck                              0x08003113   Thumb Code    80  i2c.o(.text)
    I2C_SendByte                             0x08003163   Thumb Code    90  i2c.o(.text)
    I2C_ReceiveByte                          0x080031bd   Thumb Code    86  i2c.o(.text)
    Single_Write                             0x08003213   Thumb Code    72  i2c.o(.text)
    Single_Read                              0x0800325b   Thumb Code    80  i2c.o(.text)
    Multiple_Read                            0x080032ab   Thumb Code   106  i2c.o(.text)
    mpu9250Init                              0x08003319   Thumb Code   160  mpu9250.o(.text)
    Get_MPU9250_ID                           0x080033b9   Thumb Code    12  mpu9250.o(.text)
    Get_AK8963_ID_Bypass                     0x080033c5   Thumb Code    28  mpu9250.o(.text)
    MPU9250_Check                            0x080033e1   Thumb Code    18  mpu9250.o(.text)
    AK8963_Check_Bypass                      0x080033f3   Thumb Code    18  mpu9250.o(.text)
    READ_MPU9250_ACCEL_RAW                   0x08003405   Thumb Code    66  mpu9250.o(.text)
    READ_MPU9250_GYRO_RAW                    0x08003447   Thumb Code    66  mpu9250.o(.text)
    READ_MPU9250_TEMP_RAW                    0x08003489   Thumb Code    32  mpu9250.o(.text)
    READ_MPU9250_Bypass_MAG_RAW              0x080034a9   Thumb Code    82  mpu9250.o(.text)
    readMpu9250BypassMagRawStateMachineReady 0x080034fb   Thumb Code    34  mpu9250.o(.text)
    readMpu9250BypassMagRawStateMachineRead  0x0800351d   Thumb Code    66  mpu9250.o(.text)
    accelAndGyroOffset                       0x0800355f   Thumb Code   180  mpu9250.o(.text)
    ms5611Reset                              0x0800361d   Thumb Code    32  ms5611.o(.text)
    ms5611Init                               0x0800363d   Thumb Code    14  ms5611.o(.text)
    ms5611PromRead                           0x0800364b   Thumb Code   128  ms5611.o(.text)
    ms5611StartConversion                    0x080036cb   Thumb Code    34  ms5611.o(.text)
    ms5611GetConversion                      0x080036ed   Thumb Code   110  ms5611.o(.text)
    ms5611FinalCalculation                   0x0800375b   Thumb Code   550  ms5611.o(.text)
    MOTO_Init                                0x080039a1   Thumb Code   168  pwm.o(.text)
    pwmInit                                  0x08003a49   Thumb Code    30  pwm.o(.text)
    motorPwmFlash                            0x08003a67   Thumb Code    96  pwm.o(.text)
    spi2NrfInit                              0x08003ae1   Thumb Code   292  spinrf.o(.text)
    SPI_RW                                   0x08003c05   Thumb Code    50  spinrf.o(.text)
    NRF_Write_Buf                            0x08003c37   Thumb Code    62  spinrf.o(.text)
    NRF_Read_Buf                             0x08003c75   Thumb Code    74  spinrf.o(.text)
    NRF24L01_Check                           0x08003cbf   Thumb Code    68  spinrf.o(.text)
    NRF_Write_Reg                            0x08003d03   Thumb Code    44  spinrf.o(.text)
    NRF_Read_Reg                             0x08003d2f   Thumb Code    42  spinrf.o(.text)
    Set_System                               0x08003d6d   Thumb Code    94  hw_config.o(.text)
    Set_USBClock                             0x08003dcb   Thumb Code    18  hw_config.o(.text)
    Enter_LowPowerMode                       0x08003ddd   Thumb Code     8  hw_config.o(.text)
    Leave_LowPowerMode                       0x08003de5   Thumb Code    22  hw_config.o(.text)
    USB_Interrupts_Config                    0x08003dfb   Thumb Code    66  hw_config.o(.text)
    USB_Cable_Config                         0x08003e3d   Thumb Code    30  hw_config.o(.text)
    USB_Config                               0x08003e5b   Thumb Code    20  hw_config.o(.text)
    USB_RxRead                               0x08003e6f   Thumb Code    18  hw_config.o(.text)
    USB_RxWrite                              0x08003e81   Thumb Code    18  hw_config.o(.text)
    USB_TxRead                               0x08003e93   Thumb Code    18  hw_config.o(.text)
    USB_TxWrite                              0x08003ea5   Thumb Code    18  hw_config.o(.text)
    Get_SerialNum                            0x08003ef5   Thumb Code    42  hw_config.o(.text)
    EP1_IN_Callback                          0x08003f49   Thumb Code    66  usb_endp.o(.text)
    EP3_OUT_Callback                         0x08003f8b   Thumb Code    28  usb_endp.o(.text)
    SOF_Callback                             0x08003fa7   Thumb Code    84  usb_endp.o(.text)
    USB_Istr                                 0x08004011   Thumb Code   426  usb_istr.o(.text)
    Virtual_Com_Port_init                    0x080041e1   Thumb Code    30  usb_prop.o(.text)
    Virtual_Com_Port_Reset                   0x080041ff   Thumb Code   216  usb_prop.o(.text)
    Virtual_Com_Port_SetConfiguration        0x080042d7   Thumb Code    14  usb_prop.o(.text)
    Virtual_Com_Port_SetDeviceAddress        0x080042e5   Thumb Code     8  usb_prop.o(.text)
    Virtual_Com_Port_Status_In               0x080042ed   Thumb Code    16  usb_prop.o(.text)
    Virtual_Com_Port_Status_Out              0x080042fd   Thumb Code     2  usb_prop.o(.text)
    Virtual_Com_Port_SetLineCoding           0x080042ff   Thumb Code    20  usb_prop.o(.text)
    Virtual_Com_Port_GetLineCoding           0x08004313   Thumb Code    20  usb_prop.o(.text)
    Virtual_Com_Port_Data_Setup              0x08004327   Thumb Code    86  usb_prop.o(.text)
    Virtual_Com_Port_NoData_Setup            0x0800437d   Thumb Code    36  usb_prop.o(.text)
    Virtual_Com_Port_GetDeviceDescriptor     0x080043a1   Thumb Code    14  usb_prop.o(.text)
    Virtual_Com_Port_GetConfigDescriptor     0x080043af   Thumb Code    14  usb_prop.o(.text)
    Virtual_Com_Port_GetStringDescriptor     0x080043bd   Thumb Code    32  usb_prop.o(.text)
    Virtual_Com_Port_Get_Interface_Setting   0x080043dd   Thumb Code    22  usb_prop.o(.text)
    PowerOn                                  0x0800441d   Thumb Code    54  usb_pwr.o(.text)
    PowerOff                                 0x08004453   Thumb Code    28  usb_pwr.o(.text)
    Suspend                                  0x0800446f   Thumb Code   238  usb_pwr.o(.text)
    Resume_Init                              0x0800455d   Thumb Code    30  usb_pwr.o(.text)
    Resume                                   0x0800457b   Thumb Code   194  usb_pwr.o(.text)
    USB_LP_CAN1_RX0_IRQHandler               0x0800465d   Thumb Code     8  usb_it.o(.text)
    USBWakeUp_IRQHandler                     0x08004665   Thumb Code    12  usb_it.o(.text)
    QUEUE_PacketCreate                       0x08004671   Thumb Code    14  queue.o(.text)
    QUEUE_PacketIn                           0x0800467f   Thumb Code    60  queue.o(.text)
    QUEUE_PacketOut                          0x080046bb   Thumb Code    58  queue.o(.text)
    QUEUE_PacketLengthGet                    0x080046f5   Thumb Code    44  queue.o(.text)
    QUEUE_PacketStartEndDifferentCharSplit   0x08004721   Thumb Code   246  queue.o(.text)
    QUEUE_PacketStartEndCharSplit            0x08004817   Thumb Code   270  queue.o(.text)
    QUEUE_PacketCharSplit                    0x08004925   Thumb Code   164  queue.o(.text)
    QUEUE_PacketDoubleEndCharSplit           0x080049c9   Thumb Code   180  queue.o(.text)
    QUEUE_StructCreate                       0x08004a7d   Thumb Code    22  queue.o(.text)
    QUEUE_StructIn                           0x08004a93   Thumb Code    80  queue.o(.text)
    QUEUE_StructOut                          0x08004ae3   Thumb Code    80  queue.o(.text)
    QUEUE_StructCountGet                     0x08004b33   Thumb Code    40  queue.o(.text)
    Standard_GetConfiguration                0x08004b5d   Thumb Code    34  usb_core.o(.text)
    Standard_SetConfiguration                0x08004b7f   Thumb Code    60  usb_core.o(.text)
    Standard_GetInterface                    0x08004bbb   Thumb Code    34  usb_core.o(.text)
    Standard_SetInterface                    0x08004bdd   Thumb Code    96  usb_core.o(.text)
    Standard_GetStatus                       0x08004c3d   Thumb Code   238  usb_core.o(.text)
    Standard_ClearFeature                    0x08004d2b   Thumb Code   342  usb_core.o(.text)
    Standard_SetEndPointFeature              0x08004e81   Thumb Code   220  usb_core.o(.text)
    Standard_SetDeviceFeature                0x08004f5d   Thumb Code    30  usb_core.o(.text)
    Standard_GetDescriptorData               0x08004f7b   Thumb Code    32  usb_core.o(.text)
    Post0_Process                            0x080054af   Thumb Code    54  usb_core.o(.text)
    Setup0_Process                           0x080054e5   Thumb Code   170  usb_core.o(.text)
    SetDeviceAddress                         0x0800558f   Thumb Code    70  usb_core.o(.text)
    In0_Process                              0x080055d5   Thumb Code    98  usb_core.o(.text)
    Out0_Process                             0x08005637   Thumb Code    70  usb_core.o(.text)
    NOP_Process                              0x0800567d   Thumb Code     2  usb_core.o(.text)
    USB_Init                                 0x080056ad   Thumb Code    36  usb_init.o(.text)
    CTR_LP                                   0x080056e9   Thumb Code   616  usb_int.o(.text)
    CTR_HP                                   0x08005951   Thumb Code   178  usb_int.o(.text)
    UserToPMABufferCopy                      0x08005a25   Thumb Code    52  usb_mem.o(.text)
    PMAToUserBufferCopy                      0x08005a59   Thumb Code    34  usb_mem.o(.text)
    SetCNTR                                  0x08005a81   Thumb Code     6  usb_regs.o(.text)
    GetCNTR                                  0x08005a87   Thumb Code     8  usb_regs.o(.text)
    SetISTR                                  0x08005a8f   Thumb Code     8  usb_regs.o(.text)
    GetISTR                                  0x08005a97   Thumb Code    10  usb_regs.o(.text)
    GetFNR                                   0x08005aa1   Thumb Code    10  usb_regs.o(.text)
    SetDADDR                                 0x08005aab   Thumb Code     8  usb_regs.o(.text)
    GetDADDR                                 0x08005ab3   Thumb Code    10  usb_regs.o(.text)
    SetBTABLE                                0x08005abd   Thumb Code    14  usb_regs.o(.text)
    GetBTABLE                                0x08005acb   Thumb Code    10  usb_regs.o(.text)
    SetENDPOINT                              0x08005ad5   Thumb Code    12  usb_regs.o(.text)
    GetENDPOINT                              0x08005ae1   Thumb Code    16  usb_regs.o(.text)
    SetEPType                                0x08005af1   Thumb Code    32  usb_regs.o(.text)
    GetEPType                                0x08005b11   Thumb Code    18  usb_regs.o(.text)
    SetEPTxStatus                            0x08005b23   Thumb Code    60  usb_regs.o(.text)
    SetEPRxStatus                            0x08005b5f   Thumb Code    60  usb_regs.o(.text)
    SetDouBleBuffEPStall                     0x08005b9b   Thumb Code    54  usb_regs.o(.text)
    GetEPTxStatus                            0x08005bd1   Thumb Code    18  usb_regs.o(.text)
    GetEPRxStatus                            0x08005be3   Thumb Code    18  usb_regs.o(.text)
    SetEPTxValid                             0x08005bf5   Thumb Code    48  usb_regs.o(.text)
    SetEPRxValid                             0x08005c25   Thumb Code    48  usb_regs.o(.text)
    SetEP_KIND                               0x08005c55   Thumb Code    38  usb_regs.o(.text)
    ClearEP_KIND                             0x08005c7b   Thumb Code    34  usb_regs.o(.text)
    Clear_Status_Out                         0x08005c9d   Thumb Code    34  usb_regs.o(.text)
    Set_Status_Out                           0x08005cbf   Thumb Code    38  usb_regs.o(.text)
    SetEPDoubleBuff                          0x08005ce5   Thumb Code    38  usb_regs.o(.text)
    ClearEPDoubleBuff                        0x08005d0b   Thumb Code    34  usb_regs.o(.text)
    GetTxStallStatus                         0x08005d2d   Thumb Code    28  usb_regs.o(.text)
    GetRxStallStatus                         0x08005d49   Thumb Code    30  usb_regs.o(.text)
    ClearEP_CTR_RX                           0x08005d67   Thumb Code    32  usb_regs.o(.text)
    ClearEP_CTR_TX                           0x08005d87   Thumb Code    28  usb_regs.o(.text)
    ToggleDTOG_RX                            0x08005da3   Thumb Code    34  usb_regs.o(.text)
    ToggleDTOG_TX                            0x08005dc5   Thumb Code    34  usb_regs.o(.text)
    ClearDTOG_RX                             0x08005de7   Thumb Code    48  usb_regs.o(.text)
    ClearDTOG_TX                             0x08005e17   Thumb Code    48  usb_regs.o(.text)
    SetEPAddress                             0x08005e47   Thumb Code    46  usb_regs.o(.text)
    GetEPAddress                             0x08005e75   Thumb Code    18  usb_regs.o(.text)
    SetEPTxAddr                              0x08005e87   Thumb Code    24  usb_regs.o(.text)
    SetEPRxAddr                              0x08005e9f   Thumb Code    26  usb_regs.o(.text)
    GetEPTxAddr                              0x08005eb9   Thumb Code    22  usb_regs.o(.text)
    GetEPRxAddr                              0x08005ecf   Thumb Code    24  usb_regs.o(.text)
    SetEPTxCount                             0x08005ee7   Thumb Code    20  usb_regs.o(.text)
    SetEPCountRxReg                          0x08005efb   Thumb Code    48  usb_regs.o(.text)
    SetEPRxCount                             0x08005f2b   Thumb Code    68  usb_regs.o(.text)
    GetEPTxCount                             0x08005f6f   Thumb Code    26  usb_regs.o(.text)
    GetEPRxCount                             0x08005f89   Thumb Code    26  usb_regs.o(.text)
    SetEPDblBuffAddr                         0x08005fa3   Thumb Code    44  usb_regs.o(.text)
    SetEPDblBuf0Addr                         0x08005fcf   Thumb Code    24  usb_regs.o(.text)
    SetEPDblBuf1Addr                         0x08005fe7   Thumb Code    26  usb_regs.o(.text)
    GetEPDblBuf0Addr                         0x08006001   Thumb Code    22  usb_regs.o(.text)
    GetEPDblBuf1Addr                         0x08006017   Thumb Code    24  usb_regs.o(.text)
    SetEPDblBuffCount                        0x0800602f   Thumb Code   186  usb_regs.o(.text)
    SetEPDblBuf0Count                        0x080060e9   Thumb Code    96  usb_regs.o(.text)
    SetEPDblBuf1Count                        0x08006149   Thumb Code    96  usb_regs.o(.text)
    GetEPDblBuf0Count                        0x080061a9   Thumb Code    26  usb_regs.o(.text)
    GetEPDblBuf1Count                        0x080061c3   Thumb Code    26  usb_regs.o(.text)
    GetEPDblBufDir                           0x080061dd   Thumb Code    62  usb_regs.o(.text)
    FreeUserBuffer                           0x0800621b   Thumb Code    90  usb_regs.o(.text)
    ToWord                                   0x08006275   Thumb Code     8  usb_regs.o(.text)
    ByteSwap                                 0x0800627d   Thumb Code    12  usb_regs.o(.text)
    USB_SIL_Init                             0x08006289   Thumb Code    28  usb_sil.o(.text)
    USB_SIL_Write                            0x080062a5   Thumb Code    46  usb_sil.o(.text)
    USB_SIL_Read                             0x080062d3   Thumb Code    46  usb_sil.o(.text)
    ADC_DeInit                               0x08006309   Thumb Code    78  stm32f10x_adc.o(.text)
    ADC_Init                                 0x08006357   Thumb Code    70  stm32f10x_adc.o(.text)
    ADC_StructInit                           0x0800639d   Thumb Code    18  stm32f10x_adc.o(.text)
    ADC_Cmd                                  0x080063af   Thumb Code    22  stm32f10x_adc.o(.text)
    ADC_DMACmd                               0x080063c5   Thumb Code    22  stm32f10x_adc.o(.text)
    ADC_ITConfig                             0x080063db   Thumb Code    24  stm32f10x_adc.o(.text)
    ADC_ResetCalibration                     0x080063f3   Thumb Code    10  stm32f10x_adc.o(.text)
    ADC_GetResetCalibrationStatus            0x080063fd   Thumb Code    20  stm32f10x_adc.o(.text)
    ADC_StartCalibration                     0x08006411   Thumb Code    10  stm32f10x_adc.o(.text)
    ADC_GetCalibrationStatus                 0x0800641b   Thumb Code    20  stm32f10x_adc.o(.text)
    ADC_SoftwareStartConvCmd                 0x0800642f   Thumb Code    22  stm32f10x_adc.o(.text)
    ADC_GetSoftwareStartConvStatus           0x08006445   Thumb Code    20  stm32f10x_adc.o(.text)
    ADC_DiscModeChannelCountConfig           0x08006459   Thumb Code    24  stm32f10x_adc.o(.text)
    ADC_DiscModeCmd                          0x08006471   Thumb Code    22  stm32f10x_adc.o(.text)
    ADC_RegularChannelConfig                 0x08006487   Thumb Code   184  stm32f10x_adc.o(.text)
    ADC_ExternalTrigConvCmd                  0x0800653f   Thumb Code    22  stm32f10x_adc.o(.text)
    ADC_GetConversionValue                   0x08006555   Thumb Code     8  stm32f10x_adc.o(.text)
    ADC_GetDualModeConversionValue           0x0800655d   Thumb Code     8  stm32f10x_adc.o(.text)
    ADC_AutoInjectedConvCmd                  0x08006565   Thumb Code    22  stm32f10x_adc.o(.text)
    ADC_InjectedDiscModeCmd                  0x0800657b   Thumb Code    22  stm32f10x_adc.o(.text)
    ADC_ExternalTrigInjectedConvConfig       0x08006591   Thumb Code    16  stm32f10x_adc.o(.text)
    ADC_ExternalTrigInjectedConvCmd          0x080065a1   Thumb Code    22  stm32f10x_adc.o(.text)
    ADC_SoftwareStartInjectedConvCmd         0x080065b7   Thumb Code    22  stm32f10x_adc.o(.text)
    ADC_GetSoftwareStartInjectedConvCmdStatus 0x080065cd   Thumb Code    20  stm32f10x_adc.o(.text)
    ADC_InjectedChannelConfig                0x080065e1   Thumb Code   130  stm32f10x_adc.o(.text)
    ADC_InjectedSequencerLengthConfig        0x08006663   Thumb Code    24  stm32f10x_adc.o(.text)
    ADC_SetInjectedOffset                    0x0800667b   Thumb Code    20  stm32f10x_adc.o(.text)
    ADC_GetInjectedConversionValue           0x0800668f   Thumb Code    28  stm32f10x_adc.o(.text)
    ADC_AnalogWatchdogCmd                    0x080066ab   Thumb Code    16  stm32f10x_adc.o(.text)
    ADC_AnalogWatchdogThresholdsConfig       0x080066bb   Thumb Code     6  stm32f10x_adc.o(.text)
    ADC_AnalogWatchdogSingleChannelConfig    0x080066c1   Thumb Code    16  stm32f10x_adc.o(.text)
    ADC_TempSensorVrefintCmd                 0x080066d1   Thumb Code    64  stm32f10x_adc.o(.text)
    ADC_GetFlagStatus                        0x08006711   Thumb Code    18  stm32f10x_adc.o(.text)
    ADC_ClearFlag                            0x08006723   Thumb Code     6  stm32f10x_adc.o(.text)
    ADC_GetITStatus                          0x08006729   Thumb Code    36  stm32f10x_adc.o(.text)
    ADC_ClearITPendingBit                    0x0800674d   Thumb Code    10  stm32f10x_adc.o(.text)
    GPIO_DeInit                              0x08006759   Thumb Code   172  stm32f10x_gpio.o(.text)
    GPIO_AFIODeInit                          0x08006805   Thumb Code    20  stm32f10x_gpio.o(.text)
    GPIO_Init                                0x08006819   Thumb Code   278  stm32f10x_gpio.o(.text)
    GPIO_StructInit                          0x0800692f   Thumb Code    16  stm32f10x_gpio.o(.text)
    GPIO_ReadInputDataBit                    0x0800693f   Thumb Code    18  stm32f10x_gpio.o(.text)
    GPIO_ReadInputData                       0x08006951   Thumb Code     8  stm32f10x_gpio.o(.text)
    GPIO_ReadOutputDataBit                   0x08006959   Thumb Code    18  stm32f10x_gpio.o(.text)
    GPIO_ReadOutputData                      0x0800696b   Thumb Code     8  stm32f10x_gpio.o(.text)
    GPIO_SetBits                             0x08006973   Thumb Code     4  stm32f10x_gpio.o(.text)
    GPIO_ResetBits                           0x08006977   Thumb Code     4  stm32f10x_gpio.o(.text)
    GPIO_WriteBit                            0x0800697b   Thumb Code    10  stm32f10x_gpio.o(.text)
    GPIO_Write                               0x08006985   Thumb Code     4  stm32f10x_gpio.o(.text)
    GPIO_PinLockConfig                       0x08006989   Thumb Code    18  stm32f10x_gpio.o(.text)
    GPIO_EventOutputConfig                   0x0800699b   Thumb Code    26  stm32f10x_gpio.o(.text)
    GPIO_EventOutputCmd                      0x080069b5   Thumb Code     6  stm32f10x_gpio.o(.text)
    GPIO_PinRemapConfig                      0x080069bb   Thumb Code   138  stm32f10x_gpio.o(.text)
    GPIO_EXTILineConfig                      0x08006a45   Thumb Code    66  stm32f10x_gpio.o(.text)
    GPIO_ETH_MediaInterfaceConfig            0x08006a87   Thumb Code     8  stm32f10x_gpio.o(.text)
    RCC_DeInit                               0x08006ab5   Thumb Code    64  stm32f10x_rcc.o(.text)
    RCC_HSEConfig                            0x08006af5   Thumb Code    70  stm32f10x_rcc.o(.text)
    RCC_GetFlagStatus                        0x08006b3b   Thumb Code    56  stm32f10x_rcc.o(.text)
    RCC_WaitForHSEStartUp                    0x08006b73   Thumb Code    56  stm32f10x_rcc.o(.text)
    RCC_AdjustHSICalibrationValue            0x08006bab   Thumb Code    20  stm32f10x_rcc.o(.text)
    RCC_HSICmd                               0x08006bbf   Thumb Code     6  stm32f10x_rcc.o(.text)
    RCC_PLLConfig                            0x08006bc5   Thumb Code    24  stm32f10x_rcc.o(.text)
    RCC_PLLCmd                               0x08006bdd   Thumb Code     6  stm32f10x_rcc.o(.text)
    RCC_SYSCLKConfig                         0x08006be3   Thumb Code    18  stm32f10x_rcc.o(.text)
    RCC_GetSYSCLKSource                      0x08006bf5   Thumb Code    10  stm32f10x_rcc.o(.text)
    RCC_HCLKConfig                           0x08006bff   Thumb Code    18  stm32f10x_rcc.o(.text)
    RCC_PCLK1Config                          0x08006c11   Thumb Code    18  stm32f10x_rcc.o(.text)
    RCC_PCLK2Config                          0x08006c23   Thumb Code    20  stm32f10x_rcc.o(.text)
    RCC_ITConfig                             0x08006c37   Thumb Code    26  stm32f10x_rcc.o(.text)
    RCC_USBCLKConfig                         0x08006c51   Thumb Code     8  stm32f10x_rcc.o(.text)
    RCC_ADCCLKConfig                         0x08006c59   Thumb Code    18  stm32f10x_rcc.o(.text)
    RCC_LSEConfig                            0x08006c6b   Thumb Code    50  stm32f10x_rcc.o(.text)
    RCC_LSICmd                               0x08006c9d   Thumb Code     6  stm32f10x_rcc.o(.text)
    RCC_RTCCLKConfig                         0x08006ca3   Thumb Code    12  stm32f10x_rcc.o(.text)
    RCC_RTCCLKCmd                            0x08006caf   Thumb Code     8  stm32f10x_rcc.o(.text)
    RCC_GetClocksFreq                        0x08006cb7   Thumb Code   192  stm32f10x_rcc.o(.text)
    RCC_AHBPeriphClockCmd                    0x08006d77   Thumb Code    26  stm32f10x_rcc.o(.text)
    RCC_APB2PeriphClockCmd                   0x08006d91   Thumb Code    26  stm32f10x_rcc.o(.text)
    RCC_APB1PeriphClockCmd                   0x08006dab   Thumb Code    26  stm32f10x_rcc.o(.text)
    RCC_APB2PeriphResetCmd                   0x08006dc5   Thumb Code    26  stm32f10x_rcc.o(.text)
    RCC_APB1PeriphResetCmd                   0x08006ddf   Thumb Code    26  stm32f10x_rcc.o(.text)
    RCC_BackupResetCmd                       0x08006df9   Thumb Code     8  stm32f10x_rcc.o(.text)
    RCC_ClockSecuritySystemCmd               0x08006e01   Thumb Code     6  stm32f10x_rcc.o(.text)
    RCC_MCOConfig                            0x08006e07   Thumb Code     6  stm32f10x_rcc.o(.text)
    RCC_ClearFlag                            0x08006e0d   Thumb Code    14  stm32f10x_rcc.o(.text)
    RCC_GetITStatus                          0x08006e1b   Thumb Code    20  stm32f10x_rcc.o(.text)
    RCC_ClearITPendingBit                    0x08006e2f   Thumb Code     6  stm32f10x_rcc.o(.text)
    SPI_I2S_DeInit                           0x08006e59   Thumb Code    76  stm32f10x_spi.o(.text)
    SPI_Init                                 0x08006ea5   Thumb Code    60  stm32f10x_spi.o(.text)
    I2S_Init                                 0x08006ee1   Thumb Code   226  stm32f10x_spi.o(.text)
    SPI_StructInit                           0x08006fc3   Thumb Code    24  stm32f10x_spi.o(.text)
    I2S_StructInit                           0x08006fdb   Thumb Code    20  stm32f10x_spi.o(.text)
    SPI_Cmd                                  0x08006fef   Thumb Code    24  stm32f10x_spi.o(.text)
    I2S_Cmd                                  0x08007007   Thumb Code    24  stm32f10x_spi.o(.text)
    SPI_I2S_ITConfig                         0x0800701f   Thumb Code    32  stm32f10x_spi.o(.text)
    SPI_I2S_DMACmd                           0x0800703f   Thumb Code    18  stm32f10x_spi.o(.text)
    SPI_I2S_SendData                         0x08007051   Thumb Code     4  stm32f10x_spi.o(.text)
    SPI_I2S_ReceiveData                      0x08007055   Thumb Code     6  stm32f10x_spi.o(.text)
    SPI_NSSInternalSoftwareConfig            0x0800705b   Thumb Code    30  stm32f10x_spi.o(.text)
    SPI_SSOutputCmd                          0x08007079   Thumb Code    24  stm32f10x_spi.o(.text)
    SPI_DataSizeConfig                       0x08007091   Thumb Code    18  stm32f10x_spi.o(.text)
    SPI_TransmitCRC                          0x080070a3   Thumb Code    10  stm32f10x_spi.o(.text)
    SPI_CalculateCRC                         0x080070ad   Thumb Code    24  stm32f10x_spi.o(.text)
    SPI_GetCRC                               0x080070c5   Thumb Code    16  stm32f10x_spi.o(.text)
    SPI_GetCRCPolynomial                     0x080070d5   Thumb Code     6  stm32f10x_spi.o(.text)
    SPI_BiDirectionalLineConfig              0x080070db   Thumb Code    28  stm32f10x_spi.o(.text)
    SPI_I2S_GetFlagStatus                    0x080070f7   Thumb Code    18  stm32f10x_spi.o(.text)
    SPI_I2S_ClearFlag                        0x08007109   Thumb Code     6  stm32f10x_spi.o(.text)
    SPI_I2S_GetITStatus                      0x0800710f   Thumb Code    52  stm32f10x_spi.o(.text)
    SPI_I2S_ClearITPendingBit                0x08007143   Thumb Code    20  stm32f10x_spi.o(.text)
    TIM_DeInit                               0x08007165   Thumb Code   424  stm32f10x_tim.o(.text)
    TIM_TimeBaseInit                         0x0800730d   Thumb Code   122  stm32f10x_tim.o(.text)
    TIM_OC1Init                              0x08007387   Thumb Code   132  stm32f10x_tim.o(.text)
    TIM_OC2Init                              0x0800740b   Thumb Code   154  stm32f10x_tim.o(.text)
    TIM_OC3Init                              0x080074a5   Thumb Code   150  stm32f10x_tim.o(.text)
    TIM_OC4Init                              0x0800753b   Thumb Code   182  stm32f10x_tim.o(.text)
    TIM_SetIC4Prescaler                      0x080075f1   Thumb Code    26  stm32f10x_tim.o(.text)
    TIM_SetIC3Prescaler                      0x0800768d   Thumb Code    18  stm32f10x_tim.o(.text)
    TIM_SetIC2Prescaler                      0x08007719   Thumb Code    26  stm32f10x_tim.o(.text)
    TIM_SetIC1Prescaler                      0x080077b5   Thumb Code    18  stm32f10x_tim.o(.text)
    TIM_ICInit                               0x08007833   Thumb Code   150  stm32f10x_tim.o(.text)
    TIM_PWMIConfig                           0x080078c9   Thumb Code   124  stm32f10x_tim.o(.text)
    TIM_BDTRConfig                           0x08007945   Thumb Code    32  stm32f10x_tim.o(.text)
    TIM_TimeBaseStructInit                   0x08007965   Thumb Code    18  stm32f10x_tim.o(.text)
    TIM_OCStructInit                         0x08007977   Thumb Code    20  stm32f10x_tim.o(.text)
    TIM_ICStructInit                         0x0800798b   Thumb Code    18  stm32f10x_tim.o(.text)
    TIM_BDTRStructInit                       0x0800799d   Thumb Code    40  stm32f10x_tim.o(.text)
    TIM_Cmd                                  0x080079c5   Thumb Code    24  stm32f10x_tim.o(.text)
    TIM_CtrlPWMOutputs                       0x080079dd   Thumb Code    30  stm32f10x_tim.o(.text)
    TIM_ITConfig                             0x080079fb   Thumb Code    18  stm32f10x_tim.o(.text)
    TIM_GenerateEvent                        0x08007a0d   Thumb Code     4  stm32f10x_tim.o(.text)
    TIM_DMAConfig                            0x08007a11   Thumb Code    10  stm32f10x_tim.o(.text)
    TIM_DMACmd                               0x08007a1b   Thumb Code    18  stm32f10x_tim.o(.text)
    TIM_InternalClockConfig                  0x08007a2d   Thumb Code    12  stm32f10x_tim.o(.text)
    TIM_SelectInputTrigger                   0x08007a39   Thumb Code    18  stm32f10x_tim.o(.text)
    TIM_ITRxExternalClockConfig              0x08007a4b   Thumb Code    24  stm32f10x_tim.o(.text)
    TIM_TIxExternalClockConfig               0x08007a63   Thumb Code    62  stm32f10x_tim.o(.text)
    TIM_ETRConfig                            0x08007aa1   Thumb Code    28  stm32f10x_tim.o(.text)
    TIM_ETRClockMode1Config                  0x08007abd   Thumb Code    54  stm32f10x_tim.o(.text)
    TIM_ETRClockMode2Config                  0x08007af3   Thumb Code    32  stm32f10x_tim.o(.text)
    TIM_PrescalerConfig                      0x08007b13   Thumb Code     6  stm32f10x_tim.o(.text)
    TIM_CounterModeConfig                    0x08007b19   Thumb Code    18  stm32f10x_tim.o(.text)
    TIM_EncoderInterfaceConfig               0x08007b2b   Thumb Code    66  stm32f10x_tim.o(.text)
    TIM_ForcedOC1Config                      0x08007b6d   Thumb Code    18  stm32f10x_tim.o(.text)
    TIM_ForcedOC2Config                      0x08007b7f   Thumb Code    26  stm32f10x_tim.o(.text)
    TIM_ForcedOC3Config                      0x08007b99   Thumb Code    18  stm32f10x_tim.o(.text)
    TIM_ForcedOC4Config                      0x08007bab   Thumb Code    26  stm32f10x_tim.o(.text)
    TIM_ARRPreloadConfig                     0x08007bc5   Thumb Code    24  stm32f10x_tim.o(.text)
    TIM_SelectCOM                            0x08007bdd   Thumb Code    24  stm32f10x_tim.o(.text)
    TIM_SelectCCDMA                          0x08007bf5   Thumb Code    24  stm32f10x_tim.o(.text)
    TIM_CCPreloadControl                     0x08007c0d   Thumb Code    24  stm32f10x_tim.o(.text)
    TIM_OC1PreloadConfig                     0x08007c25   Thumb Code    18  stm32f10x_tim.o(.text)
    TIM_OC2PreloadConfig                     0x08007c37   Thumb Code    26  stm32f10x_tim.o(.text)
    TIM_OC3PreloadConfig                     0x08007c51   Thumb Code    18  stm32f10x_tim.o(.text)
    TIM_OC4PreloadConfig                     0x08007c63   Thumb Code    26  stm32f10x_tim.o(.text)
    TIM_OC1FastConfig                        0x08007c7d   Thumb Code    18  stm32f10x_tim.o(.text)
    TIM_OC2FastConfig                        0x08007c8f   Thumb Code    26  stm32f10x_tim.o(.text)
    TIM_OC3FastConfig                        0x08007ca9   Thumb Code    18  stm32f10x_tim.o(.text)
    TIM_OC4FastConfig                        0x08007cbb   Thumb Code    26  stm32f10x_tim.o(.text)
    TIM_ClearOC1Ref                          0x08007cd5   Thumb Code    18  stm32f10x_tim.o(.text)
    TIM_ClearOC2Ref                          0x08007ce7   Thumb Code    24  stm32f10x_tim.o(.text)
    TIM_ClearOC3Ref                          0x08007cff   Thumb Code    18  stm32f10x_tim.o(.text)
    TIM_ClearOC4Ref                          0x08007d11   Thumb Code    24  stm32f10x_tim.o(.text)
    TIM_OC1PolarityConfig                    0x08007d29   Thumb Code    18  stm32f10x_tim.o(.text)
    TIM_OC1NPolarityConfig                   0x08007d3b   Thumb Code    18  stm32f10x_tim.o(.text)
    TIM_OC2PolarityConfig                    0x08007d4d   Thumb Code    26  stm32f10x_tim.o(.text)
    TIM_OC2NPolarityConfig                   0x08007d67   Thumb Code    26  stm32f10x_tim.o(.text)
    TIM_OC3PolarityConfig                    0x08007d81   Thumb Code    26  stm32f10x_tim.o(.text)
    TIM_OC3NPolarityConfig                   0x08007d9b   Thumb Code    26  stm32f10x_tim.o(.text)
    TIM_OC4PolarityConfig                    0x08007db5   Thumb Code    26  stm32f10x_tim.o(.text)
    TIM_CCxCmd                               0x08007dcf   Thumb Code    30  stm32f10x_tim.o(.text)
    TIM_CCxNCmd                              0x08007ded   Thumb Code    30  stm32f10x_tim.o(.text)
    TIM_SelectOCxM                           0x08007e0b   Thumb Code    82  stm32f10x_tim.o(.text)
    TIM_UpdateDisableConfig                  0x08007e5d   Thumb Code    24  stm32f10x_tim.o(.text)
    TIM_UpdateRequestConfig                  0x08007e75   Thumb Code    24  stm32f10x_tim.o(.text)
    TIM_SelectHallSensor                     0x08007e8d   Thumb Code    24  stm32f10x_tim.o(.text)
    TIM_SelectOnePulseMode                   0x08007ea5   Thumb Code    18  stm32f10x_tim.o(.text)
    TIM_SelectOutputTrigger                  0x08007eb7   Thumb Code    18  stm32f10x_tim.o(.text)
    TIM_SelectSlaveMode                      0x08007ec9   Thumb Code    18  stm32f10x_tim.o(.text)
    TIM_SelectMasterSlaveMode                0x08007edb   Thumb Code    18  stm32f10x_tim.o(.text)
    TIM_SetCounter                           0x08007eed   Thumb Code     4  stm32f10x_tim.o(.text)
    TIM_SetAutoreload                        0x08007ef1   Thumb Code     4  stm32f10x_tim.o(.text)
    TIM_SetCompare1                          0x08007ef5   Thumb Code     4  stm32f10x_tim.o(.text)
    TIM_SetCompare2                          0x08007ef9   Thumb Code     4  stm32f10x_tim.o(.text)
    TIM_SetCompare3                          0x08007efd   Thumb Code     4  stm32f10x_tim.o(.text)
    TIM_SetCompare4                          0x08007f01   Thumb Code     6  stm32f10x_tim.o(.text)
    TIM_SetClockDivision                     0x08007f07   Thumb Code    18  stm32f10x_tim.o(.text)
    TIM_GetCapture1                          0x08007f19   Thumb Code     6  stm32f10x_tim.o(.text)
    TIM_GetCapture2                          0x08007f1f   Thumb Code     6  stm32f10x_tim.o(.text)
    TIM_GetCapture3                          0x08007f25   Thumb Code     6  stm32f10x_tim.o(.text)
    TIM_GetCapture4                          0x08007f2b   Thumb Code     8  stm32f10x_tim.o(.text)
    TIM_GetCounter                           0x08007f33   Thumb Code     6  stm32f10x_tim.o(.text)
    TIM_GetPrescaler                         0x08007f39   Thumb Code     6  stm32f10x_tim.o(.text)
    TIM_GetFlagStatus                        0x08007f3f   Thumb Code    18  stm32f10x_tim.o(.text)
    TIM_ClearFlag                            0x08007f51   Thumb Code     6  stm32f10x_tim.o(.text)
    TIM_GetITStatus                          0x08007f57   Thumb Code    34  stm32f10x_tim.o(.text)
    TIM_ClearITPendingBit                    0x08007f79   Thumb Code     6  stm32f10x_tim.o(.text)
    Reset_Handler                            0x08007f81   Thumb Code     8  startup_stm32f10x_md.o(.text)
    NMI_Handler                              0x08007f89   Thumb Code     2  startup_stm32f10x_md.o(.text)
    HardFault_Handler                        0x08007f8b   Thumb Code     2  startup_stm32f10x_md.o(.text)
    MemManage_Handler                        0x08007f8d   Thumb Code     2  startup_stm32f10x_md.o(.text)
    BusFault_Handler                         0x08007f8f   Thumb Code     2  startup_stm32f10x_md.o(.text)
    UsageFault_Handler                       0x08007f91   Thumb Code     2  startup_stm32f10x_md.o(.text)
    SVC_Handler                              0x08007f93   Thumb Code     2  startup_stm32f10x_md.o(.text)
    DebugMon_Handler                         0x08007f95   Thumb Code     2  startup_stm32f10x_md.o(.text)
    PendSV_Handler                           0x08007f97   Thumb Code     2  startup_stm32f10x_md.o(.text)
    ADC1_2_IRQHandler                        0x08007f9b   Thumb Code     0  startup_stm32f10x_md.o(.text)
    CAN1_RX1_IRQHandler                      0x08007f9b   Thumb Code     0  startup_stm32f10x_md.o(.text)
    CAN1_SCE_IRQHandler                      0x08007f9b   Thumb Code     0  startup_stm32f10x_md.o(.text)
    DMA1_Channel1_IRQHandler                 0x08007f9b   Thumb Code     0  startup_stm32f10x_md.o(.text)
    DMA1_Channel2_IRQHandler                 0x08007f9b   Thumb Code     0  startup_stm32f10x_md.o(.text)
    DMA1_Channel3_IRQHandler                 0x08007f9b   Thumb Code     0  startup_stm32f10x_md.o(.text)
    DMA1_Channel4_IRQHandler                 0x08007f9b   Thumb Code     0  startup_stm32f10x_md.o(.text)
    DMA1_Channel5_IRQHandler                 0x08007f9b   Thumb Code     0  startup_stm32f10x_md.o(.text)
    DMA1_Channel6_IRQHandler                 0x08007f9b   Thumb Code     0  startup_stm32f10x_md.o(.text)
    DMA1_Channel7_IRQHandler                 0x08007f9b   Thumb Code     0  startup_stm32f10x_md.o(.text)
    EXTI0_IRQHandler                         0x08007f9b   Thumb Code     0  startup_stm32f10x_md.o(.text)
    EXTI15_10_IRQHandler                     0x08007f9b   Thumb Code     0  startup_stm32f10x_md.o(.text)
    EXTI1_IRQHandler                         0x08007f9b   Thumb Code     0  startup_stm32f10x_md.o(.text)
    EXTI2_IRQHandler                         0x08007f9b   Thumb Code     0  startup_stm32f10x_md.o(.text)
    EXTI3_IRQHandler                         0x08007f9b   Thumb Code     0  startup_stm32f10x_md.o(.text)
    EXTI4_IRQHandler                         0x08007f9b   Thumb Code     0  startup_stm32f10x_md.o(.text)
    FLASH_IRQHandler                         0x08007f9b   Thumb Code     0  startup_stm32f10x_md.o(.text)
    I2C1_ER_IRQHandler                       0x08007f9b   Thumb Code     0  startup_stm32f10x_md.o(.text)
    I2C1_EV_IRQHandler                       0x08007f9b   Thumb Code     0  startup_stm32f10x_md.o(.text)
    I2C2_ER_IRQHandler                       0x08007f9b   Thumb Code     0  startup_stm32f10x_md.o(.text)
    I2C2_EV_IRQHandler                       0x08007f9b   Thumb Code     0  startup_stm32f10x_md.o(.text)
    PVD_IRQHandler                           0x08007f9b   Thumb Code     0  startup_stm32f10x_md.o(.text)
    RCC_IRQHandler                           0x08007f9b   Thumb Code     0  startup_stm32f10x_md.o(.text)
    RTCAlarm_IRQHandler                      0x08007f9b   Thumb Code     0  startup_stm32f10x_md.o(.text)
    RTC_IRQHandler                           0x08007f9b   Thumb Code     0  startup_stm32f10x_md.o(.text)
    SPI1_IRQHandler                          0x08007f9b   Thumb Code     0  startup_stm32f10x_md.o(.text)
    SPI2_IRQHandler                          0x08007f9b   Thumb Code     0  startup_stm32f10x_md.o(.text)
    TAMPER_IRQHandler                        0x08007f9b   Thumb Code     0  startup_stm32f10x_md.o(.text)
    TIM1_BRK_IRQHandler                      0x08007f9b   Thumb Code     0  startup_stm32f10x_md.o(.text)
    TIM1_CC_IRQHandler                       0x08007f9b   Thumb Code     0  startup_stm32f10x_md.o(.text)
    TIM1_TRG_COM_IRQHandler                  0x08007f9b   Thumb Code     0  startup_stm32f10x_md.o(.text)
    TIM2_IRQHandler                          0x08007f9b   Thumb Code     0  startup_stm32f10x_md.o(.text)
    TIM3_IRQHandler                          0x08007f9b   Thumb Code     0  startup_stm32f10x_md.o(.text)
    TIM4_IRQHandler                          0x08007f9b   Thumb Code     0  startup_stm32f10x_md.o(.text)
    USART1_IRQHandler                        0x08007f9b   Thumb Code     0  startup_stm32f10x_md.o(.text)
    USART2_IRQHandler                        0x08007f9b   Thumb Code     0  startup_stm32f10x_md.o(.text)
    USART3_IRQHandler                        0x08007f9b   Thumb Code     0  startup_stm32f10x_md.o(.text)
    USB_HP_CAN1_TX_IRQHandler                0x08007f9b   Thumb Code     0  startup_stm32f10x_md.o(.text)
    WWDG_IRQHandler                          0x08007f9b   Thumb Code     0  startup_stm32f10x_md.o(.text)
    SystemInit                               0x08008083   Thumb Code    78  system_stm32f10x.o(.text)
    SystemCoreClockUpdate                    0x080080d1   Thumb Code   142  system_stm32f10x.o(.text)
    FLASH_SetLatency                         0x08008185   Thumb Code    18  stm32f10x_flash.o(.text)
    FLASH_HalfCycleAccessCmd                 0x08008197   Thumb Code    22  stm32f10x_flash.o(.text)
    FLASH_PrefetchBufferCmd                  0x080081ad   Thumb Code    22  stm32f10x_flash.o(.text)
    FLASH_Unlock                             0x080081c3   Thumb Code    12  stm32f10x_flash.o(.text)
    FLASH_UnlockBank1                        0x080081cf   Thumb Code    12  stm32f10x_flash.o(.text)
    FLASH_Lock                               0x080081db   Thumb Code    14  stm32f10x_flash.o(.text)
    FLASH_LockBank1                          0x080081e9   Thumb Code    14  stm32f10x_flash.o(.text)
    FLASH_GetBank1Status                     0x080081f7   Thumb Code    48  stm32f10x_flash.o(.text)
    FLASH_WaitForLastOperation               0x08008227   Thumb Code    38  stm32f10x_flash.o(.text)
    FLASH_ErasePage                          0x0800824d   Thumb Code    72  stm32f10x_flash.o(.text)
    FLASH_EraseAllPages                      0x08008295   Thumb Code    68  stm32f10x_flash.o(.text)
    FLASH_WaitForLastBank1Operation          0x080082d9   Thumb Code    38  stm32f10x_flash.o(.text)
    FLASH_EraseAllBank1Pages                 0x080082ff   Thumb Code    68  stm32f10x_flash.o(.text)
    FLASH_GetReadOutProtectionStatus         0x08008343   Thumb Code    20  stm32f10x_flash.o(.text)
    FLASH_EraseOptionBytes                   0x08008357   Thumb Code   150  stm32f10x_flash.o(.text)
    FLASH_ProgramWord                        0x080083ed   Thumb Code   102  stm32f10x_flash.o(.text)
    FLASH_ProgramHalfWord                    0x08008453   Thumb Code    60  stm32f10x_flash.o(.text)
    FLASH_ProgramOptionByteData              0x0800848f   Thumb Code    72  stm32f10x_flash.o(.text)
    FLASH_EnableWriteProtection              0x080084d7   Thumb Code   200  stm32f10x_flash.o(.text)
    FLASH_ReadOutProtection                  0x0800859f   Thumb Code   156  stm32f10x_flash.o(.text)
    FLASH_UserOptionByteConfig               0x0800863b   Thumb Code    88  stm32f10x_flash.o(.text)
    FLASH_GetUserOptionByte                  0x08008693   Thumb Code     8  stm32f10x_flash.o(.text)
    FLASH_GetWriteProtectionOptionByte       0x0800869b   Thumb Code     6  stm32f10x_flash.o(.text)
    FLASH_GetPrefetchBufferStatus            0x080086a1   Thumb Code    20  stm32f10x_flash.o(.text)
    FLASH_ITConfig                           0x080086b5   Thumb Code    26  stm32f10x_flash.o(.text)
    FLASH_GetFlagStatus                      0x080086cf   Thumb Code    42  stm32f10x_flash.o(.text)
    FLASH_ClearFlag                          0x080086f9   Thumb Code     6  stm32f10x_flash.o(.text)
    FLASH_GetStatus                          0x080086ff   Thumb Code    48  stm32f10x_flash.o(.text)
    EXTI_DeInit                              0x08008741   Thumb Code    28  stm32f10x_exti.o(.text)
    EXTI_Init                                0x0800875d   Thumb Code   142  stm32f10x_exti.o(.text)
    EXTI_StructInit                          0x080087eb   Thumb Code    16  stm32f10x_exti.o(.text)
    EXTI_GenerateSWInterrupt                 0x080087fb   Thumb Code    16  stm32f10x_exti.o(.text)
    EXTI_GetFlagStatus                       0x0800880b   Thumb Code    22  stm32f10x_exti.o(.text)
    EXTI_ClearFlag                           0x08008821   Thumb Code     8  stm32f10x_exti.o(.text)
    EXTI_GetITStatus                         0x08008829   Thumb Code    34  stm32f10x_exti.o(.text)
    EXTI_ClearITPendingBit                   0x0800884b   Thumb Code     8  stm32f10x_exti.o(.text)
    NVIC_PriorityGroupConfig                 0x0800885d   Thumb Code    10  misc.o(.text)
    NVIC_Init                                0x08008867   Thumb Code   100  misc.o(.text)
    NVIC_SetVectorTable                      0x080088cb   Thumb Code    14  misc.o(.text)
    NVIC_SystemLPConfig                      0x080088d9   Thumb Code    34  misc.o(.text)
    SysTick_CLKSourceConfig                  0x080088fb   Thumb Code    40  misc.o(.text)
    __aeabi_memcpy                           0x08008939   Thumb Code    36  memcpya.o(.text)
    __aeabi_memcpy4                          0x08008939   Thumb Code     0  memcpya.o(.text)
    __aeabi_memcpy8                          0x08008939   Thumb Code     0  memcpya.o(.text)
    __aeabi_memset                           0x0800895d   Thumb Code    14  memseta.o(.text)
    __aeabi_memset4                          0x0800895d   Thumb Code     0  memseta.o(.text)
    __aeabi_memset8                          0x0800895d   Thumb Code     0  memseta.o(.text)
    __aeabi_memclr                           0x0800896b   Thumb Code     4  memseta.o(.text)
    __aeabi_memclr4                          0x0800896b   Thumb Code     0  memseta.o(.text)
    __aeabi_memclr8                          0x0800896b   Thumb Code     0  memseta.o(.text)
    _memset$wrapper                          0x0800896f   Thumb Code    18  memseta.o(.text)
    __aeabi_fadd                             0x08008981   Thumb Code   164  fadd.o(.text)
    __aeabi_fsub                             0x08008a25   Thumb Code     6  fadd.o(.text)
    __aeabi_frsub                            0x08008a2b   Thumb Code     6  fadd.o(.text)
    __aeabi_fmul                             0x08008a31   Thumb Code   100  fmul.o(.text)
    __aeabi_fdiv                             0x08008a95   Thumb Code   124  fdiv.o(.text)
    __aeabi_dadd                             0x08008b11   Thumb Code   322  dadd.o(.text)
    __aeabi_dsub                             0x08008c53   Thumb Code     6  dadd.o(.text)
    __aeabi_drsub                            0x08008c59   Thumb Code     6  dadd.o(.text)
    __aeabi_dmul                             0x08008c5f   Thumb Code   228  dmul.o(.text)
    __aeabi_ddiv                             0x08008d43   Thumb Code   222  ddiv.o(.text)
    __aeabi_i2f                              0x08008e21   Thumb Code    18  fflti.o(.text)
    __aeabi_ui2f                             0x08008e33   Thumb Code    10  ffltui.o(.text)
    __aeabi_l2f                              0x08008e3d   Thumb Code    44  ffltl.o(.text)
    __aeabi_i2d                              0x08008e69   Thumb Code    34  dflti.o(.text)
    __aeabi_ui2d                             0x08008e8b   Thumb Code    26  dfltui.o(.text)
    __aeabi_f2uiz                            0x08008ea5   Thumb Code    40  ffixui.o(.text)
    __aeabi_d2uiz                            0x08008ecd   Thumb Code    50  dfixui.o(.text)
    __aeabi_f2d                              0x08008eff   Thumb Code    38  f2d.o(.text)
    __aeabi_cdcmpeq                          0x08008f25   Thumb Code     0  cdcmple.o(.text)
    __aeabi_cdcmple                          0x08008f25   Thumb Code    38  cdcmple.o(.text)
    __aeabi_cdrcmple                         0x08008f4d   Thumb Code    38  cdrcmple.o(.text)
    __aeabi_d2f                              0x08008f75   Thumb Code    56  d2f.o(.text)
    __aeabi_cfcmpeq                          0x08008fad   Thumb Code     0  cfcmple.o(.text)
    __aeabi_cfcmple                          0x08008fad   Thumb Code    20  cfcmple.o(.text)
    __aeabi_cfrcmple                         0x08008fc1   Thumb Code    20  cfrcmple.o(.text)
    __aeabi_llsl                             0x08008fd5   Thumb Code    30  llshl.o(.text)
    _ll_shift_l                              0x08008fd5   Thumb Code     0  llshl.o(.text)
    __aeabi_llsr                             0x08008ff3   Thumb Code    32  llushr.o(.text)
    _ll_ushift_r                             0x08008ff3   Thumb Code     0  llushr.o(.text)
    __aeabi_lasr                             0x08009013   Thumb Code    36  llsshr.o(.text)
    _ll_sshift_r                             0x08009013   Thumb Code     0  llsshr.o(.text)
    __I$use$fp                               0x08009037   Thumb Code     0  iusefp.o(.text)
    _float_round                             0x08009037   Thumb Code    18  fepilogue.o(.text)
    _float_epilogue                          0x08009049   Thumb Code    92  fepilogue.o(.text)
    __ARM_scalbnf                            0x080090a5   Thumb Code    24  fscalb.o(.text)
    scalbnf                                  0x080090a5   Thumb Code     0  fscalb.o(.text)
    _frnd                                    0x080090bd   Thumb Code    60  frnd.o(.text)
    _double_round                            0x080090f9   Thumb Code    26  depilogue.o(.text)
    _double_epilogue                         0x08009113   Thumb Code   156  depilogue.o(.text)
    _dsqrt                                   0x080091af   Thumb Code   162  dsqrt.o(.text)
    __aeabi_f2iz                             0x08009251   Thumb Code    50  ffixi.o(.text)
    __scatterload                            0x08009285   Thumb Code    28  init.o(.text)
    __scatterload_rt2                        0x08009285   Thumb Code     0  init.o(.text)
    _fsqrt                                   0x080092a9   Thumb Code    94  fsqrt.o(.text)
    __ARM_scalbn                             0x08009307   Thumb Code    46  dscalb.o(.text)
    scalbn                                   0x08009307   Thumb Code     0  dscalb.o(.text)
    __decompress                             0x08009335   Thumb Code     0  __dczerorl2.o(.text)
    __decompress1                            0x08009335   Thumb Code    86  __dczerorl2.o(.text)
    __ARM_fpclassify                         0x0800938b   Thumb Code    40  fpclassify.o(i.__ARM_fpclassify)
    __ARM_fpclassifyf                        0x080093b3   Thumb Code    38  fpclassifyf.o(i.__ARM_fpclassifyf)
    __ARM_isinff                             0x080093d9   Thumb Code    20  filter.o(i.__ARM_isinff)
    __ARM_isnanf                             0x080093ed   Thumb Code    14  filter.o(i.__ARM_isnanf)
    __kernel_poly                            0x080093fb   Thumb Code   170  poly.o(i.__kernel_poly)
    __mathlib_dbl_underflow                  0x080094a5   Thumb Code    10  dunder.o(i.__mathlib_dbl_underflow)
    __mathlib_flt_underflow                  0x080094b5   Thumb Code    10  funder.o(i.__mathlib_flt_underflow)
    __mathlib_rredf2                         0x080094c1   Thumb Code   326  rredf.o(i.__mathlib_rredf2)
    __scatterload_copy                       0x08009619   Thumb Code    14  handlers.o(i.__scatterload_copy)
    __scatterload_null                       0x08009627   Thumb Code     2  handlers.o(i.__scatterload_null)
    __scatterload_zeroinit                   0x08009629   Thumb Code    14  handlers.o(i.__scatterload_zeroinit)
    __set_errno                              0x08009639   Thumb Code     6  errno.o(i.__set_errno)
    asinf                                    0x08009645   Thumb Code   260  asinf.o(i.asinf)
    atan                                     0x0800976d   Thumb Code   478  atan.o(i.atan)
    atan2                                    0x08009991   Thumb Code   346  atan2.o(i.atan2)
    atan2f                                   0x08009b11   Thumb Code   528  atan2f.o(i.atan2f)
    cosf                                     0x08009d6d   Thumb Code   334  cosf.o(i.cosf)
    sinf                                     0x08009ef1   Thumb Code   344  sinf.o(i.sinf)
    sqrt                                     0x0800a07d   Thumb Code    76  sqrt.o(i.sqrt)
    sqrtf                                    0x0800a0c9   Thumb Code    44  sqrtf.o(i.sqrtf)
    tanf                                     0x0800a0f5   Thumb Code   320  tanf.o(i.tanf)
    Virtual_Com_Port_DeviceDescriptor        0x0800a320   Data          18  usb_desc.o(.constdata)
    Virtual_Com_Port_ConfigDescriptor        0x0800a332   Data          67  usb_desc.o(.constdata)
    Virtual_Com_Port_StringLangID            0x0800a375   Data           4  usb_desc.o(.constdata)
    Virtual_Com_Port_StringVendor            0x0800a379   Data          24  usb_desc.o(.constdata)
    Virtual_Com_Port_StringProduct           0x0800a391   Data          38  usb_desc.o(.constdata)
    __mathlib_zero                           0x0800a450   Data           8  qnan.o(.constdata)
    Region$$Table$$Base                      0x0800a478   Number         0  anon$$obj.o(Region$$Table)
    Region$$Table$$Limit                     0x0800a498   Number         0  anon$$obj.o(Region$$Table)
    txFailCount                              0x20000000   Data           1  main.o(.data)
    rxFailCount                              0x20000001   Data           1  main.o(.data)
    NrfState                                 0x20000002   Data           1  main.o(.data)
    RX_ADDRESS                               0x20000003   Data           5  main.o(.data)
    TX_ADDRESS                               0x20000008   Data           5  main.o(.data)
    lostControlFlag                          0x2000000d   Data           1  main.o(.data)
    timeOutMaxFlag                           0x2000000e   Data           1  main.o(.data)
    ACCELDATA                                0x20000010   Data           6  main.o(.data)
    GYRODATA                                 0x20000016   Data           6  main.o(.data)
    MAGDATA                                  0x2000001c   Data           6  main.o(.data)
    magStatus                                0x20000022   Data           1  main.o(.data)
    presStatus                               0x20000023   Data           1  main.o(.data)
    magReadCount                             0x20000024   Data           4  main.o(.data)
    presReadCount                            0x20000028   Data           4  main.o(.data)
    ms5611TempRaw                            0x2000002c   Data           4  main.o(.data)
    ms5611PresRaw                            0x20000030   Data           4  main.o(.data)
    ms5611FinalData                          0x20000034   Data           8  main.o(.data)
    radioFlag                                0x20000098   Data           1  system_loop.o(.data)
    attitudeUpdateFlag                       0x20000099   Data           1  system_loop.o(.data)
    rxTimeOutFlag                            0x2000009a   Data           1  system_loop.o(.data)
    batteryCheckFlag                         0x2000009b   Data           1  system_loop.o(.data)
    motorUpdateFlag                          0x2000009c   Data           1  system_loop.o(.data)
    radioPeriodCount                         0x2000009e   Data           2  system_loop.o(.data)
    attitudeUpdatePeriodCount                0x200000a0   Data           2  system_loop.o(.data)
    rxTimeOutCount                           0x200000a2   Data           2  system_loop.o(.data)
    batteryCheckCount                        0x200000a4   Data           2  system_loop.o(.data)
    motorUpdateCount                         0x200000a6   Data           2  system_loop.o(.data)
    BBCom                                    0x200000a8   Data          32  systeminit.o(.data)
    BBMess                                   0x200000c8   Data          32  systeminit.o(.data)
    TimingDelay                              0x200000e8   Data           4  delay.o(.data)
    sysTickUptime                            0x200000f0   Data           4  delay.o(.data)
    HSEStartUpStatus                         0x20000214   Data           1  hw_config.o(.data)
    EXTI_InitStructure                       0x20000218   Data           8  hw_config.o(.data)
    Virtual_Com_Port_StringSerial            0x20000220   Data          38  usb_desc.o(.data)
    wIstr                                    0x20000250   Data           2  usb_istr.o(.data)
    bIntPackSOF                              0x20000252   Data           1  usb_istr.o(.data)
    esof_counter                             0x20000254   Data           4  usb_istr.o(.data)
    wCNTR                                    0x20000258   Data           4  usb_istr.o(.data)
    pEpInt_IN                                0x2000025c   Data          28  usb_istr.o(.data)
    pEpInt_OUT                               0x20000278   Data          28  usb_istr.o(.data)
    Request                                  0x20000294   Data           1  usb_prop.o(.data)
    linecoding                               0x20000298   Data           8  usb_prop.o(.data)
    Device_Table                             0x200002a0   Data           2  usb_prop.o(.data)
    Device_Property                          0x200002a4   Data          48  usb_prop.o(.data)
    User_Standard_Requests                   0x200002d4   Data          36  usb_prop.o(.data)
    Device_Descriptor                        0x200002f8   Data           8  usb_prop.o(.data)
    Config_Descriptor                        0x20000300   Data           8  usb_prop.o(.data)
    String_Descriptor                        0x20000308   Data          32  usb_prop.o(.data)
    bDeviceState                             0x20000328   Data           4  usb_pwr.o(.data)
    fSuspendEnabled                          0x2000032c   Data           1  usb_pwr.o(.data)
    ResumeS                                  0x2000032d   Data           2  usb_pwr.o(.data)
    remotewakeupon                           0x20000330   Data           4  usb_pwr.o(.data)
    StatusInfo                               0x20000334   Data           2  usb_core.o(.data)
    Data_Mul_MaxPacketSize                   0x20000336   Data           1  usb_core.o(.data)
    EPindex                                  0x20000338   Data           1  usb_init.o(.data)
    pInformation                             0x2000033c   Data           4  usb_init.o(.data)
    pProperty                                0x20000340   Data           4  usb_init.o(.data)
    SaveState                                0x20000344   Data           2  usb_init.o(.data)
    wInterrupt_Mask                          0x20000346   Data           2  usb_init.o(.data)
    pUser_Standard_Requests                  0x20000348   Data           4  usb_init.o(.data)
    SaveRState                               0x2000034c   Data           2  usb_int.o(.data)
    SaveTState                               0x2000034e   Data           2  usb_int.o(.data)
    SystemCoreClock                          0x20000364   Data           4  system_stm32f10x.o(.data)
    AHBPrescTable                            0x20000368   Data          16  system_stm32f10x.o(.data)
    NRF_RXBUFFER                             0x2000037c   Data          32  main.o(.bss)
    NRF_TXBUFFER                             0x2000039c   Data          32  main.o(.bss)
    MS5611_PROM                              0x200003bc   Data          14  main.o(.bss)
    BBImu                                    0x200003d8   Data         236  systeminit.o(.bss)
    BBSystem                                 0x200004c4   Data          20  systeminit.o(.bss)
    BATTERY_0                                0x200004d8   Data          16  adc.o(.bss)
    CURRENT_0                                0x200004e8   Data          16  adc.o(.bss)
    USART_InitStructure                      0x200004f8   Data          16  hw_config.o(.bss)
    EP                                       0x20000fa8   Data          32  usb_pwr.o(.bss)
    Device_Info                              0x20000fc8   Data          28  usb_init.o(.bss)
    __initial_sp                             0x200013e8   Data           0  startup_stm32f10x_md.o(STACK)



==============================================================================

Memory Map of the image

  Image Entry point : 0x080000ed

  Load Region LR_IROM1 (Base: 0x08000000, Size: 0x0000a814, Max: 0x00010000, ABSOLUTE, COMPRESSED[0x0000a558])

    Execution Region ER_IROM1 (Base: 0x08000000, Size: 0x0000a498, Max: 0x00010000, ABSOLUTE)

    Base Addr    Size         Type   Attr      Idx    E Section Name        Object

    0x08000000   0x000000ec   Data   RO         1074    RESET               startup_stm32f10x_md.o
    0x080000ec   0x00000000   Code   RO         1241  * .ARM.Collect$$$$00000000  mc_w.l(entry.o)
    0x080000ec   0x00000004   Code   RO         1342    .ARM.Collect$$$$00000001  mc_w.l(entry2.o)
    0x080000f0   0x00000004   Code   RO         1345    .ARM.Collect$$$$00000004  mc_w.l(entry5.o)
    0x080000f4   0x00000000   Code   RO         1347    .ARM.Collect$$$$00000008  mc_w.l(entry7b.o)
    0x080000f4   0x00000000   Code   RO         1349    .ARM.Collect$$$$0000000A  mc_w.l(entry8b.o)
    0x080000f4   0x00000008   Code   RO         1350    .ARM.Collect$$$$0000000B  mc_w.l(entry9a.o)
    0x080000fc   0x00000000   Code   RO         1352    .ARM.Collect$$$$0000000D  mc_w.l(entry10a.o)
    0x080000fc   0x00000000   Code   RO         1354    .ARM.Collect$$$$0000000F  mc_w.l(entry11a.o)
    0x080000fc   0x00000004   Code   RO         1343    .ARM.Collect$$$$00002712  mc_w.l(entry2.o)
    0x08000100   0x0000075c   Code   RO            3    .text               main.o
    0x0800085c   0x0000033c   Code   RO          157    .text               control.o
    0x08000b98   0x00000e84   Code   RO          189    .text               imucal_px.o
    0x08001a1c   0x00000128   Code   RO          213    .text               system_loop.o
    0x08001b44   0x0000010c   Code   RO          242    .text               systeminit.o
    0x08001c50   0x0000019c   Code   RO          273    .text               adc.o
    0x08001dec   0x000000e8   Code   RO          302    .text               delay.o
    0x08001ed4   0x00001108   Code   RO          323    .text               filter.o
    0x08002fdc   0x0000033c   Code   RO          359    .text               i2c.o
    0x08003318   0x00000304   Code   RO          382    .text               mpu9250.o
    0x0800361c   0x00000384   Code   RO          402    .text               ms5611.o
    0x080039a0   0x00000140   Code   RO          425    .text               pwm.o
    0x08003ae0   0x0000028c   Code   RO          450    .text               spinrf.o
    0x08003d6c   0x000001dc   Code   RO          497    .text               hw_config.o
    0x08003f48   0x000000c8   Code   RO          590    .text               usb_endp.o
    0x08004010   0x000001d0   Code   RO          616    .text               usb_istr.o
    0x080041e0   0x0000023c   Code   RO          642    .text               usb_prop.o
    0x0800441c   0x00000240   Code   RO          673    .text               usb_pwr.o
    0x0800465c   0x00000014   Code   RO          700    .text               usb_it.o
    0x08004670   0x000004ea   Code   RO          742    .text               queue.o
    0x08004b5a   0x00000002   PAD
    0x08004b5c   0x00000b50   Code   RO          766    .text               usb_core.o
    0x080056ac   0x0000003c   Code   RO          789    .text               usb_init.o
    0x080056e8   0x0000033c   Code   RO          820    .text               usb_int.o
    0x08005a24   0x0000005c   Code   RO          852    .text               usb_mem.o
    0x08005a80   0x00000808   Code   RO          872    .text               usb_regs.o
    0x08006288   0x00000080   Code   RO          892    .text               usb_sil.o
    0x08006308   0x0000044e   Code   RO          912    .text               stm32f10x_adc.o
    0x08006756   0x00000002   PAD
    0x08006758   0x0000035c   Code   RO          932    .text               stm32f10x_gpio.o
    0x08006ab4   0x000003a4   Code   RO          992    .text               stm32f10x_rcc.o
    0x08006e58   0x0000030c   Code   RO         1014    .text               stm32f10x_spi.o
    0x08007164   0x00000e1a   Code   RO         1034    .text               stm32f10x_tim.o
    0x08007f7e   0x00000002   PAD
    0x08007f80   0x00000024   Code   RO         1075    .text               startup_stm32f10x_md.o
    0x08007fa4   0x000001e0   Code   RO         1081    .text               system_stm32f10x.o
    0x08008184   0x000005bc   Code   RO         1107    .text               stm32f10x_flash.o
    0x08008740   0x0000011c   Code   RO         1127    .text               stm32f10x_exti.o
    0x0800885c   0x000000dc   Code   RO         1147    .text               misc.o
    0x08008938   0x00000024   Code   RO         1244    .text               mc_w.l(memcpya.o)
    0x0800895c   0x00000024   Code   RO         1246    .text               mc_w.l(memseta.o)
    0x08008980   0x000000b0   Code   RO         1278    .text               mf_w.l(fadd.o)
    0x08008a30   0x00000064   Code   RO         1280    .text               mf_w.l(fmul.o)
    0x08008a94   0x0000007c   Code   RO         1282    .text               mf_w.l(fdiv.o)
    0x08008b10   0x0000014e   Code   RO         1284    .text               mf_w.l(dadd.o)
    0x08008c5e   0x000000e4   Code   RO         1286    .text               mf_w.l(dmul.o)
    0x08008d42   0x000000de   Code   RO         1288    .text               mf_w.l(ddiv.o)
    0x08008e20   0x00000012   Code   RO         1290    .text               mf_w.l(fflti.o)
    0x08008e32   0x0000000a   Code   RO         1292    .text               mf_w.l(ffltui.o)
    0x08008e3c   0x0000002c   Code   RO         1294    .text               mf_w.l(ffltl.o)
    0x08008e68   0x00000022   Code   RO         1296    .text               mf_w.l(dflti.o)
    0x08008e8a   0x0000001a   Code   RO         1298    .text               mf_w.l(dfltui.o)
    0x08008ea4   0x00000028   Code   RO         1300    .text               mf_w.l(ffixui.o)
    0x08008ecc   0x00000032   Code   RO         1302    .text               mf_w.l(dfixui.o)
    0x08008efe   0x00000026   Code   RO         1304    .text               mf_w.l(f2d.o)
    0x08008f24   0x00000028   Code   RO         1306    .text               mf_w.l(cdcmple.o)
    0x08008f4c   0x00000028   Code   RO         1308    .text               mf_w.l(cdrcmple.o)
    0x08008f74   0x00000038   Code   RO         1310    .text               mf_w.l(d2f.o)
    0x08008fac   0x00000014   Code   RO         1312    .text               mf_w.l(cfcmple.o)
    0x08008fc0   0x00000014   Code   RO         1314    .text               mf_w.l(cfrcmple.o)
    0x08008fd4   0x0000001e   Code   RO         1363    .text               mc_w.l(llshl.o)
    0x08008ff2   0x00000020   Code   RO         1365    .text               mc_w.l(llushr.o)
    0x08009012   0x00000024   Code   RO         1367    .text               mc_w.l(llsshr.o)
    0x08009036   0x00000000   Code   RO         1376    .text               mc_w.l(iusefp.o)
    0x08009036   0x0000006e   Code   RO         1377    .text               mf_w.l(fepilogue.o)
    0x080090a4   0x00000018   Code   RO         1379    .text               mf_w.l(fscalb.o)
    0x080090bc   0x0000003c   Code   RO         1381    .text               mf_w.l(frnd.o)
    0x080090f8   0x000000b6   Code   RO         1383    .text               mf_w.l(depilogue.o)
    0x080091ae   0x000000a2   Code   RO         1385    .text               mf_w.l(dsqrt.o)
    0x08009250   0x00000032   Code   RO         1387    .text               mf_w.l(ffixi.o)
    0x08009282   0x00000002   PAD
    0x08009284   0x00000024   Code   RO         1397    .text               mc_w.l(init.o)
    0x080092a8   0x0000005e   Code   RO         1401    .text               mf_w.l(fsqrt.o)
    0x08009306   0x0000002e   Code   RO         1403    .text               mf_w.l(dscalb.o)
    0x08009334   0x00000056   Code   RO         1413    .text               mc_w.l(__dczerorl2.o)
    0x0800938a   0x00000028   Code   RO         1393    i.__ARM_fpclassify  m_ws.l(fpclassify.o)
    0x080093b2   0x00000026   Code   RO         1326    i.__ARM_fpclassifyf  m_ws.l(fpclassifyf.o)
    0x080093d8   0x00000014   Code   RO          334    i.__ARM_isinff      filter.o
    0x080093ec   0x0000000e   Code   RO          339    i.__ARM_isnanf      filter.o
    0x080093fa   0x000000aa   Code   RO         1395    i.__kernel_poly     m_ws.l(poly.o)
    0x080094a4   0x00000010   Code   RO         1391    i.__mathlib_dbl_underflow  m_ws.l(dunder.o)
    0x080094b4   0x0000000a   Code   RO         1328    i.__mathlib_flt_underflow  m_ws.l(funder.o)
    0x080094be   0x00000002   PAD
    0x080094c0   0x00000158   Code   RO         1331    i.__mathlib_rredf2  m_ws.l(rredf.o)
    0x08009618   0x0000000e   Code   RO         1407    i.__scatterload_copy  mc_w.l(handlers.o)
    0x08009626   0x00000002   Code   RO         1408    i.__scatterload_null  mc_w.l(handlers.o)
    0x08009628   0x0000000e   Code   RO         1409    i.__scatterload_zeroinit  mc_w.l(handlers.o)
    0x08009636   0x00000002   PAD
    0x08009638   0x0000000c   Code   RO         1371    i.__set_errno       mc_w.l(errno.o)
    0x08009644   0x00000128   Code   RO         1186    i.asinf             m_ws.l(asinf.o)
    0x0800976c   0x00000224   Code   RO         1317    i.atan              m_ws.l(atan.o)
    0x08009990   0x00000180   Code   RO         1194    i.atan2             m_ws.l(atan2.o)
    0x08009b10   0x0000025c   Code   RO         1202    i.atan2f            m_ws.l(atan2f.o)
    0x08009d6c   0x00000184   Code   RO         1210    i.cosf              m_ws.l(cosf.o)
    0x08009ef0   0x0000018c   Code   RO         1218    i.sinf              m_ws.l(sinf.o)
    0x0800a07c   0x0000004c   Code   RO         1226    i.sqrt              m_ws.l(sqrt.o)
    0x0800a0c8   0x0000002c   Code   RO         1335    i.sqrtf             m_ws.l(sqrtf.o)
    0x0800a0f4   0x00000178   Code   RO         1234    i.tanf              m_ws.l(tanf.o)
    0x0800a26c   0x00000024   Data   RO          191    .constdata          imucal_px.o
    0x0800a290   0x00000090   Data   RO          426    .constdata          pwm.o
    0x0800a320   0x00000097   Data   RO          569    .constdata          usb_desc.o
    0x0800a3b7   0x00000001   PAD
    0x0800a3b8   0x00000098   Data   RO         1318    .constdata          m_ws.l(atan.o)
    0x0800a450   0x00000008   Data   RO         1330    .constdata          m_ws.l(qnan.o)
    0x0800a458   0x00000020   Data   RO         1332    .constdata          m_ws.l(rredf.o)
    0x0800a478   0x00000020   Data   RO         1405    Region$$Table       anon$$obj.o


    Execution Region RW_IRAM1 (Base: 0x20000000, Size: 0x000013e8, Max: 0x00005000, ABSOLUTE, COMPRESSED[0x000000c0])

    Base Addr    Size         Type   Attr      Idx    E Section Name        Object

    0x20000000   0x0000003c   Data   RW            5    .data               main.o
    0x2000003c   0x00000008   Data   RW          158    .data               control.o
    0x20000044   0x00000054   Data   RW          192    .data               imucal_px.o
    0x20000098   0x00000010   Data   RW          214    .data               system_loop.o
    0x200000a8   0x00000040   Data   RW          244    .data               systeminit.o
    0x200000e8   0x0000000c   Data   RW          303    .data               delay.o
    0x200000f4   0x00000120   Data   RW          324    .data               filter.o
    0x20000214   0x0000000c   Data   RW          499    .data               hw_config.o
    0x20000220   0x00000026   Data   RW          570    .data               usb_desc.o
    0x20000246   0x00000002   PAD
    0x20000248   0x00000008   Data   RW          592    .data               usb_endp.o
    0x20000250   0x00000044   Data   RW          617    .data               usb_istr.o
    0x20000294   0x00000094   Data   RW          643    .data               usb_prop.o
    0x20000328   0x0000000c   Data   RW          675    .data               usb_pwr.o
    0x20000334   0x00000003   Data   RW          767    .data               usb_core.o
    0x20000337   0x00000001   PAD
    0x20000338   0x00000014   Data   RW          791    .data               usb_init.o
    0x2000034c   0x00000004   Data   RW          821    .data               usb_int.o
    0x20000350   0x00000014   Data   RW          993    .data               stm32f10x_rcc.o
    0x20000364   0x00000014   Data   RW         1082    .data               system_stm32f10x.o
    0x20000378   0x00000004   Data   RW         1372    .data               mc_w.l(errno.o)
    0x2000037c   0x0000004e   Zero   RW            4    .bss                main.o
    0x200003ca   0x00000002   PAD
    0x200003cc   0x0000000c   Zero   RW          190    .bss                imucal_px.o
    0x200003d8   0x00000100   Zero   RW          243    .bss                systeminit.o
    0x200004d8   0x00000020   Zero   RW          274    .bss                adc.o
    0x200004f8   0x00000a30   Zero   RW          498    .bss                hw_config.o
    0x20000f28   0x00000080   Zero   RW          591    .bss                usb_endp.o
    0x20000fa8   0x00000020   Zero   RW          674    .bss                usb_pwr.o
    0x20000fc8   0x0000001c   Zero   RW          790    .bss                usb_init.o
    0x20000fe4   0x00000004   PAD
    0x20000fe8   0x00000400   Zero   RW         1072    STACK               startup_stm32f10x_md.o


==============================================================================

Image component sizes


      Code (inc. data)   RO Data    RW Data    ZI Data      Debug   Object Name

       412         20          0          0         32       2141   adc.o
       828         28          0          8          0       3719   control.o
       232         18          0         12          0       2198   delay.o
      4394        376          0        288          0       9890   filter.o
       476         42          0         12       2608      17421   hw_config.o
       828          4          0          0          0       3511   i2c.o
      3716        246         36         84         12       4167   imucal_px.o
      1884        206          0         60         78     280998   main.o
       220         22          0          0          0       2001   misc.o
       772         10          0          0          0       3227   mpu9250.o
       900         32          0          0          0       2309   ms5611.o
       320         26        144          0          0       2270   pwm.o
      1258          0          0          0          0       6419   queue.o
       652         20          0          0          0       2690   spinrf.o
        36          8        236          0       1024        800   startup_stm32f10x_md.o
      1102         26          0          0          0      11037   stm32f10x_adc.o
       284         10          0          0          0       2439   stm32f10x_exti.o
      1468         34          0          0          0       8230   stm32f10x_flash.o
       860         38          0          0          0       5845   stm32f10x_gpio.o
       932         36          0         20          0       9020   stm32f10x_rcc.o
       780         14          0          0          0       6730   stm32f10x_spi.o
      3610         88          0          0          0      22336   stm32f10x_tim.o
       296         44          0         16          0       1763   system_loop.o
       480         38          0         20          0       1859   system_stm32f10x.o
       268         14          0         64        256      25764   systeminit.o
      2896        114          0          3          0       8071   usb_core.o
         0          0        151         38          0       1035   usb_desc.o
       200         22          0          8        128       1544   usb_endp.o
        60         24          0         20         28       4110   usb_init.o
       828         34          0          4          0       1919   usb_int.o
       464         38          0         68          0       1547   usb_istr.o
        20          0          0          0          0        582   usb_it.o
        92          6          0          0          0       1410   usb_mem.o
       572         42          0        148          0       7219   usb_prop.o
       576         40          0         12         32       2827   usb_pwr.o
      2056         20          0          0          0      11721   usb_regs.o
       128          8          0          0          0       1430   usb_sil.o

    ----------------------------------------------------------------------
     34906       1748        600        888       4204     482199   Object Totals
         0          0         32          0          0          0   (incl. Generated)
         6          0          1          3          6          0   (incl. Padding)

    ----------------------------------------------------------------------

      Code (inc. data)   RO Data    RW Data    ZI Data      Debug   Library Member Name

       296         36          0          0          0        120   asinf.o
       548         70        152          0          0        124   atan.o
       384         38          0          0          0        144   atan2.o
       604         76          0          0          0        116   atan2f.o
       388         54          0          0          0        124   cosf.o
        16          6          0          0          0         68   dunder.o
        40          0          0          0          0         68   fpclassify.o
        38          0          0          0          0         68   fpclassifyf.o
        10          0          0          0          0         68   funder.o
       170          0          0          0          0         96   poly.o
         0          0          8          0          0          0   qnan.o
       344         18         32          0          0         88   rredf.o
       396         52          0          0          0        124   sinf.o
        76          0          0          0          0         84   sqrt.o
        44          0          0          0          0         80   sqrtf.o
       376         56          0          0          0        124   tanf.o
        86          0          0          0          0          0   __dczerorl2.o
         0          0          0          0          0          0   entry.o
         0          0          0          0          0          0   entry10a.o
         0          0          0          0          0          0   entry11a.o
         8          4          0          0          0          0   entry2.o
         4          0          0          0          0          0   entry5.o
         0          0          0          0          0          0   entry7b.o
         0          0          0          0          0          0   entry8b.o
         8          4          0          0          0          0   entry9a.o
        12          6          0          4          0         68   errno.o
        30          0          0          0          0          0   handlers.o
        36          8          0          0          0         68   init.o
         0          0          0          0          0          0   iusefp.o
        30          0          0          0          0         68   llshl.o
        36          0          0          0          0         68   llsshr.o
        32          0          0          0          0         68   llushr.o
        36          0          0          0          0         68   memcpya.o
        36          0          0          0          0        108   memseta.o
        40          2          0          0          0         68   cdcmple.o
        40          2          0          0          0         68   cdrcmple.o
        20          0          0          0          0         68   cfcmple.o
        20          0          0          0          0         68   cfrcmple.o
        56          0          0          0          0         88   d2f.o
       334          0          0          0          0        148   dadd.o
       222          0          0          0          0        100   ddiv.o
       182          0          0          0          0        176   depilogue.o
        50          0          0          0          0         76   dfixui.o
        34          0          0          0          0         76   dflti.o
        26          0          0          0          0         76   dfltui.o
       228          0          0          0          0         96   dmul.o
        46          0          0          0          0         80   dscalb.o
       162          0          0          0          0        100   dsqrt.o
        38          0          0          0          0         68   f2d.o
       176          0          0          0          0        140   fadd.o
       124          0          0          0          0         88   fdiv.o
       110          0          0          0          0        168   fepilogue.o
        50          0          0          0          0         68   ffixi.o
        40          0          0          0          0         68   ffixui.o
        18          0          0          0          0         68   fflti.o
        44          0          0          0          0         92   ffltl.o
        10          0          0          0          0         68   ffltui.o
       100          0          0          0          0         76   fmul.o
        60          0          0          0          0         76   frnd.o
        24          0          0          0          0         68   fscalb.o
        94          0          0          0          0         96   fsqrt.o

    ----------------------------------------------------------------------
      6438        432        192          4          0       4444   Library Totals
         6          0          0          0          0          0   (incl. Padding)

    ----------------------------------------------------------------------

      Code (inc. data)   RO Data    RW Data    ZI Data      Debug   Library Name

      3730        406        192          0          0       1496   m_ws.l
       354         22          0          4          0        516   mc_w.l
      2348          4          0          0          0       2432   mf_w.l

    ----------------------------------------------------------------------
      6438        432        192          4          0       4444   Library Totals

    ----------------------------------------------------------------------

==============================================================================


      Code (inc. data)   RO Data    RW Data    ZI Data      Debug   

     41344       2180        792        892       4204     481207   Grand Totals
     41344       2180        792        192       4204     481207   ELF Image Totals (compressed)
     41344       2180        792        192          0          0   ROM Totals

==============================================================================

    Total RO  Size (Code + RO Data)                42136 (  41.15kB)
    Total RW  Size (RW Data + ZI Data)              5096 (   4.98kB)
    Total ROM Size (Code + RO Data + RW Data)      42328 (  41.34kB)

==============================================================================

